Mono path[0] = 'C:/Program Files (x86)/Steam/steamapps/common/RimWorld/RimWorldWin64_Data/Managed'
Mono config path = 'C:/Program Files (x86)/Steam/steamapps/common/RimWorld/MonoBleedingEdge/etc'
[PhysX] Initialized MultithreadedTaskDispatcher with 12 workers.
Initialize engine version: 2022.3.35f1 (011206c7a712)
[Subsystems] Discovering subsystems at path C:/Program Files (x86)/Steam/steamapps/common/RimWorld/RimWorldWin64_Data/UnitySubsystems
GfxDevice: creating device client; threaded=1; jobified=0
Direct3D:
    Version:  Direct3D 11.0 [level 11.1]
    Renderer: NVIDIA GeForce RTX 3070 (ID=0x2484)
    Vendor:   NVIDIA
    VRAM:     8018 MB
    Driver:   32.0.15.9579
Begin MonoManager ReloadAssembly
- Loaded All Assemblies, in  0.156 seconds
- Finished resetting the current domain, in  0.002 seconds
<RI> Initializing input.
<RI> Input initialized.
<RI> Initialized touch support.
[PhysX] Initialized MultithreadedTaskDispatcher with 12 workers.
UnloadTime: 0.767300 ms
Command line arguments: -quicktest -savedatafolder=C:\Users\Public\Documents\ESTsoft\CreatorTemp\hd-tactical-analysis\planning-cold-low -hdRaidMovementAudit=C:\Users\Public\Documents\ESTsoft\CreatorTemp\hd-tactical-analysis\planning-cold-low\measurements.ndjson -hdRaidMovementAuditCases=16,18,19,15 -hdRaidMovementAuditSeed=hd-perf-20261007 -hdRaidMovementAuditLow=true -hdRaidMovementAuditWarmup=0 -hdRaidMovementAuditSample=1200 -hdRaidMovementAuditFunctionalDisabled=true -hdRaidSpawnAuditDisabled=true -hdMethodProfile=C:\Users\Public\Documents\ESTsoft\CreatorTemp\hd-tactical-analysis\planning-cold-low\profiles -hdMethodProfileCpu=true -hdMethodProfileAuto=true -hdMethodProfilePreset=coarse -hdMethodProfileTargets=Helodrace.RaidCqbLocalMap::Refresh;Helodrace.RaidCqbLocalMap::RefreshMeasured;Helodrace.RaidNodeRoute::PrepareSteps;Helodrace.RaidNodeRoute::CaptureConnection;Helodrace.RaidPhysicalMapCache::Read;Helodrace.RaidPhysicalMapCache::Nearby;Helodrace.RaidPhysicalMapCache::ClearLine;Helodrace.GameComponent_RaidPlanScheduler::Step;Helodrace.MapComponent_RaidPlanningService::Current;Helodrace.MapComponent_RaidPlanningService::Prune;Helodrace.MapComponent_RaidPlanningService::Request;Helodrace.RaidTacticalDecision::Rank;Helodrace.RaidTacticalDecision::Select;Helodrace.RaidTacticalDecision::EntrySupport;Helodrace.RaidTacticalPlanner::MakeCurrentRoomPlan;Helodrace.RaidTacticalPlanner::FindSniperCell;Helodrace.RaidTacticalPlanner::FindEntry;Helodrace.RaidTacticalPlanner::FindWallStackCell;Helodrace.RaidTacticalPlanner::SafeFromEntryGrenade;Helodrace.RaidTacticalPlanner::FindStagingCell;Helodrace.MapComponent_TacticalMapAnalysis::Pump;Helodrace.MapComponent_TacticalMapAnalysis::Capture;Helodrace.RaidTacticalPlanner+<AssignmentSteps>d__5::MoveNext;Helodrace.RaidTacticalPlanner+<BreachSteps>d__10::MoveNext;Helodrace.RaidTacticalPlanner+<Build>d__0::MoveNext;Helodrace.RaidTacticalPlanner+<CardinalNeighbors>d__18::MoveNext;Helodrace.RaidTacticalPlanner+<FlankSteps>d__15::MoveNext;Helodrace.RaidTacticalPlanner+<MakeDefensivePlanSteps>d__4::MoveNext;Helodrace.RaidTacticalPlanner+<MakePlanSteps>d__2::MoveNext;Helodrace.RaidTacticalPlanner+<Profile>d__1::MoveNext;Helodrace.RaidTacticalPlanner+<RouteCoreSteps>d__27::MoveNext;Helodrace.RaidTacticalPlanner+<RouteSteps>d__26::MoveNext;Helodrace.RaidNodeRoute+<PrepareSteps>d__0::MoveNext;Helodrace.RaidPhysicalMapCache+<Nearby>d__29::MoveNext -logFile C:\Users\Public\Documents\ESTsoft\CreatorTemp\hd-tactical-analysis\planning-cold-low\Player.log -screen-width 800 -screen-height 600 -screen-fullscreen 0
RimWorld 1.6.4871 rev591
Save data folder overridden to C:\Users\Public\Documents\ESTsoft\CreatorTemp\hd-tactical-analysis\planning-cold-low
Mod Helodrace - Combat Extended dependency (BlueBackedFish.Helodrace.Main) needs to have <downloadUrl> and/or <steamWorkshopUrl> specified.
Mod Helodrace - Facial Animation dependency (Nals.FacialAnimation) needs to have <downloadUrl> and/or <steamWorkshopUrl> specified.
Mod Helodrace - Facial Animation dependency (BlueBackedFish.Helodrace.Main) needs to have <downloadUrl> and/or <steamWorkshopUrl> specified.
Mod Helodrace - Lobos Arsenal dependency (bluebackedfish.helodrace.main) needs to have <downloadUrl> and/or <steamWorkshopUrl> specified.
Mod Helodrace - Lobos Arsenal dependency (smashphil.vehicleframework) needs to have <downloadUrl> and/or <steamWorkshopUrl> specified.
Mod Kilo's RJW retexture dependency (rim.job.world) needs to have <downloadUrl> and/or <steamWorkshopUrl> specified.
Mod RJW-SexSlaveCraft dependency (rim.job.world) needs to have <downloadUrl> and/or <steamWorkshopUrl> specified.
Mod RJW-SexSlaveCraft dependency (brrainz.harmony) needs to have <downloadUrl> and/or <steamWorkshopUrl> specified.
Mod Mechanoid Milk dependency (brrainz.harmony) needs to have <downloadUrl> and/or <steamWorkshopUrl> specified.
Mod RimTalk+The Forbbiden One dependency (rim.job.world) needs to have <downloadUrl> and/or <steamWorkshopUrl> specified.
Mod Maidnoid CE Patch dependency (silversol.consti) needs to have <downloadUrl> and/or <steamWorkshopUrl> specified.
Mod Maidnoid CE Patch dependency (CETeam.CombatExtended) needs to have <downloadUrl> and/or <steamWorkshopUrl> specified.
Mod RimThunder - Westline Green (CE Edition) dependency (CETeam.CombatExtended) needs to have <downloadUrl> and/or <steamWorkshopUrl> specified.
Mod RimThunder - Westline Green (CE Edition) dependency (SmashPhil.VehicleFramework) needs to have <downloadUrl> and/or <steamWorkshopUrl> specified.
Mod Wood's Muzzle Flash for Cinders of the Embergarden has a dependency (issaczhuang.muzzleflash) with empty display name.
Mod Wood's Muzzle Flash for Cinders of the Embergarden dependency (issaczhuang.muzzleflash) needs to have <downloadUrl> and/or <steamWorkshopUrl> specified.
Mod Wood's Muzzle Flash for Cinders of the Embergarden has a dependency (BreadMo.Cinders) with empty display name.
Mod Wood's Muzzle Flash for Cinders of the Embergarden dependency (BreadMo.Cinders) needs to have <downloadUrl> and/or <steamWorkshopUrl> specified.
Mod korossa CE patch dependency (gyun.0.6.3.1) needs to have <downloadUrl> and/or <steamWorkshopUrl> specified.
Fallback handler could not load library C:/Program Files (x86)/Steam/steamapps/common/RimWorld/RimWorldWin64_Data/MonoBleedingEdge/data-000001EFEE359A00.dll
Fallback handler could not load library C:/Program Files (x86)/Steam/steamapps/common/RimWorld/RimWorldWin64_Data/MonoBleedingEdge/data-000001EFEE0030D0.dll
Helodrace Mod loaded.
Tried to load duplicate UnityEngine.Texture2D with path: FilesystemFile [C:\Program Files (x86)\Steam\steamapps\common\RimWorld\Mods\HelodRace-Main\Textures\Helod\Bodies\Naked_Baby_east.psd], Length 285496 and internal path: Helod/Bodies/Naked_Baby_east
Tried to load duplicate UnityEngine.Texture2D with path: FilesystemFile [C:\Program Files (x86)\Steam\steamapps\common\RimWorld\Mods\HelodRace-Main\Textures\Helod\Bodies\Naked_Baby_north.psd], Length 226210 and internal path: Helod/Bodies/Naked_Baby_north
Tried to load duplicate UnityEngine.Texture2D with path: FilesystemFile [C:\Program Files (x86)\Steam\steamapps\common\RimWorld\Mods\HelodRace-Main\Textures\Helod\Bodies\Naked_Baby_south.psd], Length 294172 and internal path: Helod/Bodies/Naked_Baby_south
Tried to load duplicate UnityEngine.Texture2D with path: FilesystemFile [C:\Program Files (x86)\Steam\steamapps\common\RimWorld\Mods\HelodRace-Main\Textures\Helod\Bodies\Naked_Child_east.psd], Length 665302 and internal path: Helod/Bodies/Naked_Child_east
Tried to load duplicate UnityEngine.Texture2D with path: FilesystemFile [C:\Program Files (x86)\Steam\steamapps\common\RimWorld\Mods\HelodRace-Main\Textures\Helod\Bodies\Naked_Child_north.psd], Length 748750 and internal path: Helod/Bodies/Naked_Child_north
Tried to load duplicate UnityEngine.Texture2D with path: FilesystemFile [C:\Program Files (x86)\Steam\steamapps\common\RimWorld\Mods\HelodRace-Main\Textures\Helod\Bodies\Naked_Child_south.psd], Length 570863 and internal path: Helod/Bodies/Naked_Child_south
Tried to load duplicate UnityEngine.Texture2D with path: FilesystemFile [C:\Program Files (x86)\Steam\steamapps\common\RimWorld\Mods\HelodRace-Main\Textures\Helod\Bodies\Naked_Female_east.psd], Length 12273496 and internal path: Helod/Bodies/Naked_Female_east
Tried to load duplicate UnityEngine.Texture2D with path: FilesystemFile [C:\Program Files (x86)\Steam\steamapps\common\RimWorld\Mods\HelodRace-Main\Textures\Helod\Bodies\Naked_Female_north.psd], Length 11639899 and internal path: Helod/Bodies/Naked_Female_north
Tried to load duplicate UnityEngine.Texture2D with path: FilesystemFile [C:\Program Files (x86)\Steam\steamapps\common\RimWorld\Mods\HelodRace-Main\Textures\Helod\Bodies\Naked_Female_south.psd], Length 12147713 and internal path: Helod/Bodies/Naked_Female_south
Tried to load duplicate UnityEngine.Texture2D with path: FilesystemFile [C:\Program Files (x86)\Steam\steamapps\common\RimWorld\Mods\HelodRace-Main\Textures\Helod\Hair\헤롤드 헤어_east.psd], Length 8518682 and internal path: Helod/Hair/헤롤드 헤어_east
Tried to load duplicate UnityEngine.Texture2D with path: FilesystemFile [C:\Program Files (x86)\Steam\steamapps\common\RimWorld\Mods\HelodRace-Main\Textures\Helod\Tails\HelodTail_Baby_east.psd], Length 66566 and internal path: Helod/Tails/HelodTail_Baby_east
Tried to load duplicate UnityEngine.Texture2D with path: FilesystemFile [C:\Program Files (x86)\Steam\steamapps\common\RimWorld\Mods\HelodRace-Main\Textures\Helod\Tails\HelodTail_Baby_north.psd], Length 138604 and internal path: Helod/Tails/HelodTail_Baby_north
Tried to load duplicate UnityEngine.Texture2D with path: FilesystemFile [C:\Program Files (x86)\Steam\steamapps\common\RimWorld\Mods\HelodRace-Main\Textures\Helod\Tails\HelodTail_Baby_south.psd], Length 133706 and internal path: Helod/Tails/HelodTail_Baby_south
Tried to load duplicate UnityEngine.Texture2D with path: FilesystemFile [C:\Program Files (x86)\Steam\steamapps\common\RimWorld\Mods\HelodRace-Main\Textures\Helod\Tails\HelodTail_Child_east.psd], Length 307461 and internal path: Helod/Tails/HelodTail_Child_east
Tried to load duplicate UnityEngine.Texture2D with path: FilesystemFile [C:\Program Files (x86)\Steam\steamapps\common\RimWorld\Mods\HelodRace-Main\Textures\Helod\Tails\HelodTail_Child_north.psd], Length 248350 and internal path: Helod/Tails/HelodTail_Child_north
Tried to load duplicate UnityEngine.Texture2D with path: FilesystemFile [C:\Program Files (x86)\Steam\steamapps\common\RimWorld\Mods\HelodRace-Main\Textures\Helod\Tails\HelodTail_Child_south.psd], Length 218174 and internal path: Helod/Tails/HelodTail_Child_south
Tried to load duplicate UnityEngine.Texture2D with path: FilesystemFile [C:\Program Files (x86)\Steam\steamapps\common\RimWorld\Mods\HelodRace-Main\Textures\Helod\Tails\HelodTail_east.psd], Length 172600 and internal path: Helod/Tails/HelodTail_east
Tried to load duplicate UnityEngine.Texture2D with path: FilesystemFile [C:\Program Files (x86)\Steam\steamapps\common\RimWorld\Mods\HelodRace-Main\Textures\Helod\Tails\HelodTail_north.psd], Length 167307 and internal path: Helod/Tails/HelodTail_north
Tried to load duplicate UnityEngine.Texture2D with path: FilesystemFile [C:\Program Files (x86)\Steam\steamapps\common\RimWorld\Mods\HelodRace-Main\Textures\Helod\Tails\HelodTail_south.psd], Length 144266 and internal path: Helod/Tails/HelodTail_south
Tried to load duplicate UnityEngine.Texture2D with path: FilesystemFile [C:\Program Files (x86)\Steam\steamapps\common\RimWorld\Mods\HelodRace-Main\Textures\Helod\Ears\Left\Ear1Left_east.psd], Length 250880 and internal path: Helod/Ears/Left/Ear1Left_east
Tried to load duplicate UnityEngine.Texture2D with path: FilesystemFile [C:\Program Files (x86)\Steam\steamapps\common\RimWorld\Mods\HelodRace-Main\Textures\Helod\Ears\Left\Ear1Left_north.psd], Length 177974 and internal path: Helod/Ears/Left/Ear1Left_north
Tried to load duplicate UnityEngine.Texture2D with path: FilesystemFile [C:\Program Files (x86)\Steam\steamapps\common\RimWorld\Mods\HelodRace-Main\Textures\Helod\Ears\Left\Ear1Left_south.psd], Length 249351 and internal path: Helod/Ears/Left/Ear1Left_south
Tried to load duplicate UnityEngine.Texture2D with path: FilesystemFile [C:\Program Files (x86)\Steam\steamapps\common\RimWorld\Mods\HelodRace-Main\Textures\Helod\Ears\Right\Ear1Right_east.psd], Length 200309 and internal path: Helod/Ears/Right/Ear1Right_east
Tried to load duplicate UnityEngine.Texture2D with path: FilesystemFile [C:\Program Files (x86)\Steam\steamapps\common\RimWorld\Mods\HelodRace-Main\Textures\Helod\VanillaApparel\WarMask\WarMask_east.psd], Length 42343 and internal path: Helod/VanillaApparel/WarMask/WarMask_east
Tried to load duplicate UnityEngine.Texture2D with path: FilesystemFile [C:\Program Files (x86)\Steam\steamapps\common\RimWorld\Mods\HelodRace-Main\Textures\Helod\VanillaApparel\WarMask\WarMask_north.psd], Length 44570 and internal path: Helod/VanillaApparel/WarMask/WarMask_north
Tried to load duplicate UnityEngine.Texture2D with path: FilesystemFile [C:\Program Files (x86)\Steam\steamapps\common\RimWorld\Mods\HelodRace-Main\Textures\Helod\VanillaApparel\WarMask\WarMask_south.psd], Length 49701 and internal path: Helod/VanillaApparel/WarMask/WarMask_south
Tried to load duplicate UnityEngine.Texture2D with path: FilesystemFile [C:\Program Files (x86)\Steam\steamapps\common\RimWorld\Mods\HelodRace-Main\Textures\Helod\VanillaApparel\Royalty\BroadshieldPack\BroadshieldPack_east.psd], Length 107860 and internal path: Helod/VanillaApparel/Royalty/BroadshieldPack/BroadshieldPack_east
Tried to load duplicate UnityEngine.Texture2D with path: FilesystemFile [C:\Program Files (x86)\Steam\steamapps\common\RimWorld\Mods\HelodRace-Main\Textures\Helod\VanillaApparel\Royalty\CorsetRoyal\CorsetRoyal_Female_east.psd], Length 34097 and internal path: Helod/VanillaApparel/Royalty/CorsetRoyal/CorsetRoyal_Female_east
Tried to load duplicate UnityEngine.Texture2D with path: FilesystemFile [C:\Program Files (x86)\Steam\steamapps\common\RimWorld\Mods\HelodRace-Main\Textures\Helod\VanillaApparel\Royalty\CorsetRoyal\CorsetRoyal_Female_north.psd], Length 36637 and internal path: Helod/VanillaApparel/Royalty/CorsetRoyal/CorsetRoyal_Female_north
Tried to load duplicate UnityEngine.Texture2D with path: FilesystemFile [C:\Program Files (x86)\Steam\steamapps\common\RimWorld\Mods\HelodRace-Main\Textures\Helod\VanillaApparel\Royalty\CorsetRoyal\CorsetRoyal_Female_south.psd], Length 35355 and internal path: Helod/VanillaApparel/Royalty/CorsetRoyal/CorsetRoyal_Female_south
Tried to load duplicate UnityEngine.Texture2D with path: FilesystemFile [C:\Program Files (x86)\Steam\steamapps\common\RimWorld\Mods\HelodRace-Main\Textures\Helod\VanillaApparel\Royalty\Crown\Crown_east.psd], Length 41419 and internal path: Helod/VanillaApparel/Royalty/Crown/Crown_east
Tried to load duplicate UnityEngine.Texture2D with path: FilesystemFile [C:\Program Files (x86)\Steam\steamapps\common\RimWorld\Mods\HelodRace-Main\Textures\Helod\VanillaApparel\Royalty\Crown\Crown_north.psd], Length 41325 and internal path: Helod/VanillaApparel/Royalty/Crown/Crown_north
Tried to load duplicate UnityEngine.Texture2D with path: FilesystemFile [C:\Program Files (x86)\Steam\steamapps\common\RimWorld\Mods\HelodRace-Main\Textures\Helod\VanillaApparel\Royalty\Crown\Crown_south.psd], Length 40081 and internal path: Helod/VanillaApparel/Royalty/Crown/Crown_south
Tried to load duplicate UnityEngine.Texture2D with path: FilesystemFile [C:\Program Files (x86)\Steam\steamapps\common\RimWorld\Mods\HelodRace-Main\Textures\Helod\VanillaApparel\Royalty\CrownStellic\CrownStellic_east.psd], Length 46723 and internal path: Helod/VanillaApparel/Royalty/CrownStellic/CrownStellic_east
Tried to load duplicate UnityEngine.Texture2D with path: FilesystemFile [C:\Program Files (x86)\Steam\steamapps\common\RimWorld\Mods\HelodRace-Main\Textures\Helod\VanillaApparel\Royalty\CrownStellic\CrownStellic_north.psd], Length 67651 and internal path: Helod/VanillaApparel/Royalty/CrownStellic/CrownStellic_north
Tried to load duplicate UnityEngine.Texture2D with path: FilesystemFile [C:\Program Files (x86)\Steam\steamapps\common\RimWorld\Mods\HelodRace-Main\Textures\Helod\VanillaApparel\Royalty\CrownStellic\CrownStellic_south.psd], Length 62684 and internal path: Helod/VanillaApparel/Royalty/CrownStellic/CrownStellic_south
Could not load Texture2D at 'Weapons/Modular/Ammunition/HD_Ammunition_556M855A1_Ammo' for def 'HD_ModularPart_Ammunition_762M80_Part' in any active mod or in base resources.
MatFrom with null sourceTex.
Could not load Texture2D at 'Weapons/Modular/Ammunition/HD_Ammunition_919M882_Ammo' for def 'HD_ModularPart_Ammunition_919M882_P320_Part' in any active mod or in base resources.
MatFrom with null sourceTex.
Could not load Texture2D at 'Weapons/Modular/Ammunition/HD_Ammunition_556M855A1_Ammo' for def 'HD_Ammunition_556M855A1_Ammo' in any active mod or in base resources.
MatFrom with null sourceTex.
Could not load Texture2D at 'Weapons/Modular/Ammunition/HD_Ammunition_919M882_Ammo' for def 'HD_Ammunition_919M882_Ammo' in any active mod or in base resources.
MatFrom with null sourceTex.
Could not load Texture2D at 'Weapons/Modular/Ammunition/HD_Ammunition_76251M80A1_Ammo' for def 'HD_Ammunition_76251M80A1_Ammo' in any active mod or in base resources.
MatFrom with null sourceTex.
[Helodrace] Standalone race initialized: 9 heads, 41 apparel graphics, 133 operations.
[HD Cigarette] diagnostics enabled. DrawCarriedThing prefix active=True, assembly=C:\Program Files (x86)\Steam\steamapps\common\RimWorld\Mods\HelodRace-Main\Assemblies\Helodrace.dll
Helodrace initialized. Removed quality comp from 39 Helodrace guns.
Unloading 5 Unused Serialized files (Serialized files now loaded: 5)
Unloading 135 unused Assets to reduce memory usage. Loaded Objects now: 29115.
Total: 278.703400 ms (FindLiveObjects: 2.812500 ms CreateObjectMapping: 2.533600 ms MarkObjects: 272.901300 ms  DeleteObjects: 0.455900 ms)

Unloading 3 Unused Serialized files (Serialized files now loaded: 5)
[PhysX] Initialized MultithreadedTaskDispatcher with 12 workers.
UnloadTime: 0.946900 ms
Unloading 2 unused Assets to reduce memory usage. Loaded Objects now: 29139.
Total: 239.699000 ms (FindLiveObjects: 1.249100 ms CreateObjectMapping: 2.131100 ms MarkObjects: 236.252900 ms  DeleteObjects: 0.065800 ms)

Initializing new game with mods:
  - brrainz.harmony
  - Ludeon.RimWorld
  - Ludeon.RimWorld.Royalty
  - Ludeon.RimWorld.Ideology
  - Ludeon.RimWorld.Biotech
  - Ludeon.RimWorld.Anomaly
  - Ludeon.RimWorld.Odyssey
  - BlueBackedFish.Helodrace.Main
Unloading 1 Unused Serialized files (Serialized files now loaded: 5)
Unloading 1 unused Assets to reduce memory usage. Loaded Objects now: 35733.
Total: 232.982100 ms (FindLiveObjects: 1.820600 ms CreateObjectMapping: 3.048600 ms MarkObjects: 228.029100 ms  DeleteObjects: 0.083700 ms)

Raid audit case 16: count=50, tactical=True, speed=3
Agent method profiler ready: C:\Users\Public\Documents\ESTsoft\CreatorTemp\hd-tactical-analysis\planning-cold-low\profiles
Resolved path returned no nodes, request: ((126, 0, 137) -> (115, 0, 135), OnCell, for 프랭크)
Raid audit sample: {"faction":"HD_HelodCivilLowFaction","actualPopulation":50,"mapFingerprint":"2DCA10EF6A532BA820CA2CFA41B18D21E564655193AC63E429759ED9D0135787","startPhases":"","radioOperators":0,"scenario":16,"population":50,"tactical":true,"speed":3,"TPS":56.473,"FPS":56.049,"moved":50,"alive":50,"warmupTicks":0,"sampleTicks":1200,"phases":"Breach:1,Assemble:4","successfulPlans":5,"planningService":{"pending":0,"slices":488,"completed":5,"discarded":0,"budgetStops":16,"maxSliceMs":9.018},"executionService":{"pending":5,"updates":570,"urgent":0,"budgetStops":0,"maxDelayTicks":0,"oldestDelayTicks":0,"maxUnitMs":54.686},"orderReviews":{"count":1897,"maxDelayTicks":1},"unstartedMoves":"unstarted moves=1 max age=388 ticks reasons=None:1","unstartedMoveDetails":"38010:Approach#5 pos=(99, 0, 102) goal=(99, 0, 104) leg=Move/(99, 0, 104) job=Wait_MaintainPosture/null block=None age=388 pathGeneration=5 independent=False rejectedStep=(-1000, -1000, -1000)@-1 goalAllowed=True","passageTraffic":{"waiting":0},"queueMaintenance":{"cleanupPasses":9,"leasePrunePasses":34},"planningWork":{"maxBreachChecks":1,"maxRouteSteps":41,"limitedPlans":0},"failedPlans":"","nativeBytes":500000,"peakNativeBytes":500000,"cacheCumulative":{"created":4,"hits":205,"evictions":0,"memoryWaits":0,"peakPending":1,"notifications":13},"cancelledPreparations":0,"peakWaitFrames":1,"pending":0,"blocked":"None:11,OpeningQueue:39","preparationServicePasses":6,"cpuCumulative":"FPS=59.0 TPS=59.4 worst execution/frame=54.685 ms managed heap=508.0 MiB GC=1/1/1\r\n  CPU Planning: n=488 sum=75.3 p50/p95/p99=0.006/0.281/3.962 max=9.017 ms\r\n  CPU Observation: n=525 sum=38.6 p50/p95/p99=0.001/0.261/0.449 max=8.126 ms\r\n  CPU LocalMap: n=33 sum=25.2 p50/p95/p99=0.616/1.693/2.800 max=2.800 ms\r\n  CPU Formation: n=35 sum=14.1 p50/p95/p99=0.064/3.135/5.581 max=5.581 ms\r\n  CPU Orders: n=1468 sum=54.4 p50/p95/p99=0.009/0.179/0.253 max=5.146 ms\r\n  CPU Execution: n=570 sum=238.0 p50/p95/p99=0.020/1.164/7.875 max=54.685 ms\r\n  CPU Navigation: n=5 sum=2.7 p50/p95/p99=0.006/2.694/2.694 max=2.694 ms\r\n  CPU BreachSearch: n=300 sum=29.1 p50/p95/p99=0.004/0.140/2.999 max=8.832 ms\r\n  CPU RouteSearch: n=13 sum=8.2 p50/p95/p99=0.040/7.317/7.317 max=7.317 ms\r\n  CPU OpeningQueue: n=163 sum=39.5 p50/p95/p99=0.197/0.392/1.905 max=6.443 ms\r\n  CPU GameTick: n=1200 sum=3381.1 p50/p95/p99=2.252/4.582/12.768 max=76.084 ms\r\n  CPU ExecutionMaintenance: n=20 sum=6.7 p50/p95/p99=0.086/0.290/4.707 max=4.707 ms\r\n  Goto request/start ticks: n=104 p50/p95/p99=0/1/1 max=137\r\n"}
Raid audit case 18: count=200, tactical=True, speed=3
Raid audit sample: {"faction":"HD_HelodCivilLowFaction","actualPopulation":200,"mapFingerprint":"2DCA10EF6A532BA820CA2CFA41B18D21E564655193AC63E429759ED9D0135787","startPhases":"Assemble:4,NoState:1","radioOperators":0,"scenario":18,"population":200,"tactical":true,"speed":3,"TPS":59.907,"FPS":58.809,"moved":200,"alive":200,"warmupTicks":0,"sampleTicks":1200,"phases":"Assemble:18,Breach:1","successfulPlans":19,"planningService":{"pending":0,"slices":2362,"completed":24,"discarded":0,"budgetStops":32,"maxSliceMs":9.018},"executionService":{"pending":19,"updates":2746,"urgent":0,"budgetStops":40,"maxDelayTicks":9,"oldestDelayTicks":0,"maxUnitMs":54.686},"orderReviews":{"count":9456,"maxDelayTicks":1},"unstartedMoves":"unstarted moves=2 max age=444 ticks reasons=None:2","unstartedMoveDetails":"38956:Approach#5 pos=(99, 0, 104) goal=(99, 0, 106) leg=Move/(99, 0, 106) job=HD_RaidObserveOpening/(99, 0, 104) block=None age=435 pathGeneration=5 independent=False rejectedStep=(-1000, -1000, -1000)@-1 goalAllowed=True;38947:Approach#5 pos=(99, 0, 103) goal=(99, 0, 110) leg=Move/(99, 0, 110) job=Wait_MaintainPosture/null block=None age=444 pathGeneration=5 independent=False rejectedStep=(-1000, -1000, -1000)@-1 goalAllowed=True","passageTraffic":{"waiting":0},"queueMaintenance":{"cleanupPasses":18,"leasePrunePasses":68},"planningWork":{"maxBreachChecks":1,"maxRouteSteps":40,"limitedPlans":0},"failedPlans":"","nativeBytes":875000,"peakNativeBytes":875000,"cacheCumulative":{"created":7,"hits":803,"evictions":0,"memoryWaits":0,"peakPending":1,"notifications":28},"cancelledPreparations":0,"peakWaitFrames":1,"pending":0,"blocked":"OpeningQueue:189,None:11","preparationServicePasses":4,"cpuCumulative":"FPS=58.8 TPS=60.0 worst execution/frame=16.947 ms managed heap=553.4 MiB GC=2/2/2\r\n  CPU Planning: n=1874 sum=74.0 p50/p95/p99=0.007/0.085/2.242 max=2.481 ms\r\n  CPU Observation: n=1975 sum=135.8 p50/p95/p99=0.001/0.472/0.601 max=0.976 ms\r\n  CPU LocalMap: n=0 sum=0.0 p50/p95/p99=0.000/0.000/0.000 max=0.000 ms\r\n  CPU Formation: n=58 sum=12.5 p50/p95/p99=0.092/0.627/1.724 max=1.724 ms\r\n  CPU Orders: n=6552 sum=162.9 p50/p95/p99=0.009/0.012/0.015 max=0.877 ms\r\n  CPU Execution: n=2175 sum=490.8 p50/p95/p99=0.018/0.667/3.437 max=10.020 ms\r\n  CPU Navigation: n=19 sum=0.1 p50/p95/p99=0.005/0.016/0.016 max=0.016 ms\r\n  CPU BreachSearch: n=1144 sum=15.2 p50/p95/p99=0.005/0.058/0.182 max=0.226 ms\r\n  CPU RouteSearch: n=48 sum=3.6 p50/p95/p99=0.033/0.185/0.189 max=0.189 ms\r\n  CPU OpeningQueue: n=630 sum=145.6 p50/p95/p99=0.193/0.360/1.857 max=2.625 ms\r\n  CPU GameTick: n=1200 sum=9683.3 p50/p95/p99=7.486/12.672/16.624 max=21.764 ms\r\n  CPU ExecutionMaintenance: n=20 sum=4.9 p50/p95/p99=0.231/0.291/0.422 max=0.422 ms\r\n  Goto request/start ticks: n=341 p50/p95/p99=0/0/1 max=1\r\n"}
Could not get new name (first rule pack: HD_NamerPersonHelod)
Could not get new name (first rule pack: HD_NamerPersonHelod)
Could not get new name (first rule pack: HD_NamerPersonHelod)
Could not get new name (first rule pack: HD_NamerPersonHelod)
Could not get new name (first rule pack: HD_NamerPersonHelod)
Could not get new name (first rule pack: HD_NamerPersonHelod)
Could not get new name (first rule pack: HD_NamerPersonHelod)
Could not get new name (first rule pack: HD_NamerPersonHelod)
Could not get new name (first rule pack: HD_NamerPersonHelod)
Could not get new name (first rule pack: HD_NamerPersonHelod)
Could not get new name (first rule pack: HD_NamerPersonHelod)
Could not get new name (first rule pack: HD_NamerPersonHelod)
Could not get new name (first rule pack: HD_NamerPersonHelod)
Could not get new name (first rule pack: HD_NamerPersonHelod)
Could not get new name (first rule pack: HD_NamerPersonHelod)
Could not get new name (first rule pack: HD_NamerPersonHelod)
Could not get new name (first rule pack: HD_NamerPersonHelod)
Could not get new name (first rule pack: HD_NamerPersonHelod)
Could not get new name (first rule pack: HD_NamerPersonHelod)
Could not get new name (first rule pack: HD_NamerPersonHelod)
Could not get new name (first rule pack: HD_NamerPersonHelod)
Could not get new name (first rule pack: HD_NamerPersonHelod)
Could not get new name (first rule pack: HD_NamerPersonHelod)
Could not get new name (first rule pack: HD_NamerPersonHelod)
Could not get new name (first rule pack: HD_NamerPersonHelod)
Could not get new name (first rule pack: HD_NamerPersonHelod)
Could not get new name (first rule pack: HD_NamerPersonHelod)
Could not get new name (first rule pack: HD_NamerPersonHelod)
Could not get new name (first rule pack: HD_NamerPersonHelod)
Could not get new name (first rule pack: HD_NamerPersonHelod)
Could not get new name (first rule pack: HD_NamerPersonHelod)
Could not get new name (first rule pack: HD_NamerPersonHelod)
Could not get new name (first rule pack: HD_NamerPersonHelod)
Could not get new name (first rule pack: HD_NamerPersonHelod)
Could not get new name (first rule pack: HD_NamerPersonHelod)
Could not get new name (first rule pack: HD_NamerPersonHelod)
Could not get new name (first rule pack: HD_NamerPersonHelod)
Could not get new name (first rule pack: HD_NamerPersonHelod)
Could not get new name (first rule pack: HD_NamerPersonHelod)
Could not get new name (first rule pack: HD_NamerPersonHelod)
Raid audit case 19: count=400, tactical=True, speed=3
Raid audit sample: {"faction":"HD_HelodCivilLowFaction","actualPopulation":400,"mapFingerprint":"2DCA10EF6A532BA820CA2CFA41B18D21E564655193AC63E429759ED9D0135787","startPhases":"Assemble:18,Breach:1","radioOperators":0,"scenario":19,"population":400,"tactical":true,"speed":3,"TPS":45.885,"FPS":22.961,"moved":397,"alive":400,"warmupTicks":0,"sampleTicks":1200,"phases":"Assemble:36,Breach:1","successfulPlans":37,"planningService":{"pending":0,"slices":6002,"completed":61,"discarded":0,"budgetStops":63,"maxSliceMs":9.018},"executionService":{"pending":37,"updates":6831,"urgent":0,"budgetStops":257,"maxDelayTicks":27,"oldestDelayTicks":0,"maxUnitMs":54.686},"orderReviews":{"count":24585,"maxDelayTicks":1},"unstartedMoves":"unstarted moves=0 max age=0 ticks reasons=","unstartedMoveDetails":"","passageTraffic":{"waiting":0},"queueMaintenance":{"cleanupPasses":26,"leasePrunePasses":98},"planningWork":{"maxBreachChecks":1,"maxRouteSteps":41,"limitedPlans":0},"failedPlans":"","nativeBytes":1375000,"peakNativeBytes":1375000,"cacheCumulative":{"created":11,"hits":2012,"evictions":0,"memoryWaits":0,"peakPending":1,"notifications":42},"cancelledPreparations":0,"peakWaitFrames":1,"pending":0,"blocked":"OpeningQueue:389,None:11","preparationServicePasses":6,"cpuCumulative":"FPS=22.9 TPS=45.9 worst execution/frame=13.219 ms managed heap=554.3 MiB GC=5/5/5\r\n  CPU Planning: n=3640 sum=157.9 p50/p95/p99=0.011/0.109/2.374 max=3.204 ms\r\n  CPU Observation: n=3005 sum=373.7 p50/p95/p99=0.000/0.862/1.219 max=1.724 ms\r\n  CPU LocalMap: n=90 sum=56.6 p50/p95/p99=0.614/0.764/1.104 max=1.104 ms\r\n  CPU Formation: n=92 sum=24.0 p50/p95/p99=0.176/0.610/1.740 max=1.740 ms\r\n  CPU Orders: n=11341 sum=300.1 p50/p95/p99=0.006/0.010/0.014 max=0.906 ms\r\n  CPU Execution: n=4083 sum=1103.1 p50/p95/p99=0.017/1.017/1.521 max=6.986 ms\r\n  CPU Navigation: n=37 sum=0.2 p50/p95/p99=0.005/0.016/0.018 max=0.018 ms\r\n  CPU BreachSearch: n=2220 sum=34.7 p50/p95/p99=0.007/0.050/0.186 max=0.349 ms\r\n  CPU RouteSearch: n=79 sum=7.5 p50/p95/p99=0.045/0.232/0.329 max=0.329 ms\r\n  CPU OpeningQueue: n=980 sum=250.3 p50/p95/p99=0.182/0.503/2.054 max=2.610 ms\r\n  CPU GameTick: n=1201 sum=21440.2 p50/p95/p99=16.900/27.175/34.754 max=61.772 ms\r\n  CPU ExecutionMaintenance: n=20 sum=8.7 p50/p95/p99=0.428/0.517/0.574 max=0.574 ms\r\n  Goto request/start ticks: n=754 p50/p95/p99=0/0/1 max=1\r\n"}
Raid audit case 15: count=0, tactical=True, speed=3
Raid audit sample: {"faction":"HD_HelodCivilLowFaction","actualPopulation":0,"mapFingerprint":"2DCA10EF6A532BA820CA2CFA41B18D21E564655193AC63E429759ED9D0135787","startPhases":"Assemble:36,Breach:1","radioOperators":0,"scenario":15,"population":0,"tactical":true,"speed":3,"TPS":60.000,"FPS":59.900,"moved":0,"alive":0,"warmupTicks":0,"sampleTicks":1200,"phases":"","successfulPlans":0,"planningService":{"pending":0,"slices":6002,"completed":61,"discarded":0,"budgetStops":63,"maxSliceMs":9.018},"executionService":{"pending":0,"updates":7039,"urgent":0,"budgetStops":257,"maxDelayTicks":27,"oldestDelayTicks":0,"maxUnitMs":54.686},"orderReviews":{"count":24985,"maxDelayTicks":1},"unstartedMoves":"unstarted moves=0 max age=0 ticks reasons=","unstartedMoveDetails":"","passageTraffic":{"waiting":0},"queueMaintenance":{"cleanupPasses":26,"leasePrunePasses":98},"planningWork":{"maxBreachChecks":0,"maxRouteSteps":0,"limitedPlans":0},"failedPlans":"","nativeBytes":1375000,"peakNativeBytes":1375000,"cacheCumulative":{"created":11,"hits":2012,"evictions":0,"memoryWaits":0,"peakPending":1,"notifications":42},"cancelledPreparations":0,"peakWaitFrames":1,"pending":0,"blocked":"","preparationServicePasses":0,"cpuCumulative":"FPS=59.9 TPS=60.0 worst execution/frame=0.029 ms managed heap=596.8 MiB GC=2/2/2\r\n  CPU Planning: n=0 sum=0.0 p50/p95/p99=0.000/0.000/0.000 max=0.000 ms\r\n  CPU Observation: n=0 sum=0.0 p50/p95/p99=0.000/0.000/0.000 max=0.000 ms\r\n  CPU LocalMap: n=0 sum=0.0 p50/p95/p99=0.000/0.000/0.000 max=0.000 ms\r\n  CPU Formation: n=0 sum=0.0 p50/p95/p99=0.000/0.000/0.000 max=0.000 ms\r\n  CPU Orders: n=0 sum=0.0 p50/p95/p99=0.000/0.000/0.000 max=0.000 ms\r\n  CPU Execution: n=202 sum=0.4 p50/p95/p99=0.001/0.004/0.020 max=0.021 ms\r\n  CPU Navigation: n=0 sum=0.0 p50/p95/p99=0.000/0.000/0.000 max=0.000 ms\r\n  CPU BreachSearch: n=0 sum=0.0 p50/p95/p99=0.000/0.000/0.000 max=0.000 ms\r\n  CPU RouteSearch: n=0 sum=0.0 p50/p95/p99=0.000/0.000/0.000 max=0.000 ms\r\n  CPU OpeningQueue: n=0 sum=0.0 p50/p95/p99=0.000/0.000/0.000 max=0.000 ms\r\n  CPU GameTick: n=1200 sum=2250.4 p50/p95/p99=1.774/2.685/3.855 max=8.049 ms\r\n  CPU ExecutionMaintenance: n=20 sum=0.5 p50/p95/p99=0.021/0.034/0.096 max=0.096 ms\r\n  Goto request/start ticks: n=0 p50/p95/p99=0/0/0 max=0\r\n"}
Memory Statistics:
[ALLOC_TEMP_TLS] TLS Allocator
  StackAllocators : 
    [ALLOC_TEMP_MAIN]
      Peak usage frame count: [0-1.0 KB]: 3636 frames, [1.0 KB-2.0 KB]: 4 frames, [2.0 KB-4.0 KB]: 4115 frames, [4.0 KB-8.0 KB]: 52 frames, [8.0 KB-16.0 KB]: 3 frames, [64.0 KB-128.0 KB]: 4 frames, [128.0 KB-256.0 KB]: 1 frames, [2.0 MB-4.0 MB]: 3 frames, [4.0 MB-8.0 MB]: 1 frames
      Initial Block Size 4.0 MB
      Current Block Size 4.1 MB
      Peak Allocated Bytes 4.1 MB
      Overflow Count 1
    [ALLOC_TEMP_Loading.AsyncRead]
      Initial Block Size 64.0 KB
      Current Block Size 120.0 KB
      Peak Allocated Bytes 117.2 KB
      Overflow Count 0
    [ALLOC_TEMP_Loading.PreloadManager]
      Initial Block Size 256.0 KB
      Current Block Size 256.0 KB
      Peak Allocated Bytes 3.8 KB
      Overflow Count 8
    [ALLOC_TEMP_Background Job.Worker 8]
      Initial Block Size 32.0 KB
      Current Block Size 32.0 KB
      Peak Allocated Bytes 54 B
      Overflow Count 0
    [ALLOC_TEMP_Job.Worker 6]
      Initial Block Size 256.0 KB
      Current Block Size 256.0 KB
      Peak Allocated Bytes 160 B
      Overflow Count 0
    [ALLOC_TEMP_Job.Worker 0]
      Initial Block Size 256.0 KB
      Current Block Size 256.0 KB
      Peak Allocated Bytes 144 B
      Overflow Count 0
    [ALLOC_TEMP_Background Job.Worker 10]
      Initial Block Size 32.0 KB
      Current Block Size 32.0 KB
      Peak Allocated Bytes 54 B
      Overflow Count 0
    [ALLOC_TEMP_Background Job.Worker 9]
      Initial Block Size 32.0 KB
      Current Block Size 32.0 KB
      Peak Allocated Bytes 54 B
      Overflow Count 0
    [ALLOC_TEMP_Job.Worker 5]
      Initial Block Size 256.0 KB
      Current Block Size 256.0 KB
      Peak Allocated Bytes 176 B
      Overflow Count 0
    [ALLOC_TEMP_Background Job.Worker 14]
      Initial Block Size 32.0 KB
      Current Block Size 32.0 KB
      Peak Allocated Bytes 54 B
      Overflow Count 0
    [ALLOC_TEMP_Background Job.Worker 6]
      Initial Block Size 32.0 KB
      Current Block Size 32.0 KB
      Peak Allocated Bytes 54 B
      Overflow Count 0
    [ALLOC_TEMP_Job.Worker 4]
      Initial Block Size 256.0 KB
      Current Block Size 256.0 KB
      Peak Allocated Bytes 176 B
      Overflow Count 0
    [ALLOC_TEMP_Job.Worker 3]
      Initial Block Size 256.0 KB
      Current Block Size 256.0 KB
      Peak Allocated Bytes 144 B
      Overflow Count 0
    [ALLOC_TEMP_Background Job.Worker 12]
      Initial Block Size 32.0 KB
      Current Block Size 32.0 KB
      Peak Allocated Bytes 54 B
      Overflow Count 0
    [ALLOC_TEMP_EnlightenWorker] x 6
      Initial Block Size 64.0 KB
      Current Block Size 64.0 KB
      Peak Allocated Bytes 54 B
      Overflow Count 0
    [ALLOC_TEMP_Background Job.Worker 15]
      Initial Block Size 32.0 KB
      Current Block Size 32.0 KB
      Peak Allocated Bytes 54 B
      Overflow Count 0
    [ALLOC_TEMP_Background Job.Worker 1]
      Initial Block Size 32.0 KB
      Current Block Size 32.0 KB
      Peak Allocated Bytes 54 B
      Overflow Count 0
    [ALLOC_TEMP_Background Job.Worker 2]
      Initial Block Size 32.0 KB
      Current Block Size 32.0 KB
      Peak Allocated Bytes 54 B
      Overflow Count 0
    [ALLOC_TEMP_Background Job.Worker 7]
      Initial Block Size 32.0 KB
      Current Block Size 32.0 KB
      Peak Allocated Bytes 54 B
      Overflow Count 0
    [ALLOC_TEMP_UnityGfxDeviceWorker]
      Initial Block Size 256.0 KB
      Current Block Size 256.0 KB
      Peak Allocated Bytes 10.3 KB
      Overflow Count 0
    [ALLOC_TEMP_AssetGarbageCollectorHelper] x 11
      Initial Block Size 64.0 KB
      Current Block Size 64.0 KB
      Peak Allocated Bytes 138 B
      Overflow Count 0
    [ALLOC_TEMP_Background Job.Worker 5]
      Initial Block Size 32.0 KB
      Current Block Size 32.0 KB
      Peak Allocated Bytes 54 B
      Overflow Count 0
    [ALLOC_TEMP_Job.Worker 9]
      Initial Block Size 256.0 KB
      Current Block Size 256.0 KB
      Peak Allocated Bytes 144 B
      Overflow Count 0
    [ALLOC_TEMP_Background Job.Worker 13]
      Initial Block Size 32.0 KB
      Current Block Size 32.0 KB
      Peak Allocated Bytes 54 B
      Overflow Count 0
    [ALLOC_TEMP_Job.Worker 8]
      Initial Block Size 256.0 KB
      Current Block Size 256.0 KB
      Peak Allocated Bytes 160 B
      Overflow Count 0
    [ALLOC_TEMP_Job.Worker 7]
      Initial Block Size 256.0 KB
      Current Block Size 256.0 KB
      Peak Allocated Bytes 160 B
      Overflow Count 0
    [ALLOC_TEMP_Job.Worker 1]
      Initial Block Size 256.0 KB
      Current Block Size 256.0 KB
      Peak Allocated Bytes 507 B
      Overflow Count 0
    [ALLOC_TEMP_Job.Worker 2]
      Initial Block Size 256.0 KB
      Current Block Size 256.0 KB
      Peak Allocated Bytes 480 B
      Overflow Count 0
    [ALLOC_TEMP_Background Job.Worker 3]
      Initial Block Size 32.0 KB
      Current Block Size 32.0 KB
      Peak Allocated Bytes 54 B
      Overflow Count 0
    [ALLOC_TEMP_Background Job.Worker 11]
      Initial Block Size 32.0 KB
      Current Block Size 32.0 KB
      Peak Allocated Bytes 54 B
      Overflow Count 0
    [ALLOC_TEMP_Job.Worker 10]
      Initial Block Size 256.0 KB
      Current Block Size 256.0 KB
      Peak Allocated Bytes 160 B
      Overflow Count 0
    [ALLOC_TEMP_Background Job.Worker 0]
      Initial Block Size 32.0 KB
      Current Block Size 32.0 KB
      Peak Allocated Bytes 54 B
      Overflow Count 0
    [ALLOC_TEMP_Background Job.Worker 4]
      Initial Block Size 32.0 KB
      Current Block Size 32.0 KB
      Peak Allocated Bytes 54 B
      Overflow Count 0
    [ALLOC_TEMP_BatchDeleteObjects]
      Initial Block Size 64.0 KB
      Current Block Size 64.0 KB
      Peak Allocated Bytes 54 B
      Overflow Count 0
[ALLOC_DEFAULT] Dual Thread Allocator
  Peak main deferred allocation count 42597
    [ALLOC_BUCKET]
      Large Block size 4.0 MB
      Used Block count 1
      Peak Allocated bytes 4.0 MB
      Failed Allocations. Bucket layout:
        16B: 4 Subsections = 4096 buckets. Failed count: 47662
        32B: 34 Subsections = 17408 buckets. Failed count: 95938
        48B: 49 Subsections = 16725 buckets. Failed count: 130917
        64B: 40 Subsections = 10240 buckets. Failed count: 39595
        80B: 85 Subsections = 17408 buckets. Failed count: 37739
        96B: 28 Subsections = 4778 buckets. Failed count: 44729
        112B: 10 Subsections = 1462 buckets. Failed count: 12923
        128B: 6 Subsections = 768 buckets. Failed count: 17670
    [ALLOC_DEFAULT_MAIN]
      Peak usage frame count: [16.0 MB-32.0 MB]: 987 frames, [32.0 MB-64.0 MB]: 1 frames, [128.0 MB-256.0 MB]: 6831 frames
      Requested Block Size 16.0 MB
      Peak Block count 14
      Peak Allocated memory 241.5 MB
      Peak Large allocation bytes 31.2 MB
    [ALLOC_DEFAULT_THREAD]
      Peak usage frame count: [8.0 MB-16.0 MB]: 1077 frames, [16.0 MB-32.0 MB]: 23 frames, [32.0 MB-64.0 MB]: 2546 frames, [64.0 MB-128.0 MB]: 4173 frames
      Requested Block Size 16.0 MB
      Peak Block count 6
      Peak Allocated memory 79.6 MB
      Peak Large allocation bytes 10.0 MB
[ALLOC_TEMP_JOB_1_FRAME]
  Initial Block Size 2.0 MB
  Used Block Count 0
  Overflow Count (too large) 0
  Overflow Count (full) 0
[ALLOC_TEMP_JOB_2_FRAMES]
  Initial Block Size 2.0 MB
  Used Block Count 0
  Overflow Count (too large) 0
  Overflow Count (full) 0
[ALLOC_TEMP_JOB_4_FRAMES (JobTemp)]
  Initial Block Size 2.0 MB
  Used Block Count 1
  Overflow Count (too large) 0
  Overflow Count (full) 0
[ALLOC_TEMP_JOB_ASYNC (Background)]
  Initial Block Size 1.0 MB
  Used Block Count 1
  Overflow Count (too large) 0
  Overflow Count (full) 0
[ALLOC_GFX] Dual Thread Allocator
  Peak main deferred allocation count 30
    [ALLOC_BUCKET]
      Large Block size 4.0 MB
      Used Block count 1
      Peak Allocated bytes 4.0 MB
      Failed Allocations. Bucket layout:
        16B: 4 Subsections = 4096 buckets. Failed count: 47662
        32B: 34 Subsections = 17408 buckets. Failed count: 95938
        48B: 49 Subsections = 16725 buckets. Failed count: 130917
        64B: 40 Subsections = 10240 buckets. Failed count: 39595
        80B: 85 Subsections = 17408 buckets. Failed count: 37739
        96B: 28 Subsections = 4778 buckets. Failed count: 44729
        112B: 10 Subsections = 1462 buckets. Failed count: 12923
        128B: 6 Subsections = 768 buckets. Failed count: 17670
    [ALLOC_GFX_MAIN]
      Peak usage frame count: [64.0 KB-128.0 KB]: 1 frames, [2.0 MB-4.0 MB]: 3644 frames, [32.0 MB-64.0 MB]: 4173 frames, [256.0 MB-0.50 GB]: 1 frames
      Requested Block Size 16.0 MB
      Peak Block count 4
      Peak Allocated memory 387.1 MB
      Peak Large allocation bytes 383.6 MB
    [ALLOC_GFX_THREAD]
      Peak usage frame count: [0-1.0 KB]: 990 frames, [1.0 KB-2.0 KB]: 2656 frames, [8.0 KB-16.0 KB]: 1 frames, [32.0 KB-64.0 KB]: 4172 frames
      Requested Block Size 16.0 MB
      Peak Block count 1
      Peak Allocated memory 47.8 KB
      Peak Large allocation bytes 0 B
[ALLOC_CACHEOBJECTS] Dual Thread Allocator
  Peak main deferred allocation count 109
    [ALLOC_BUCKET]
      Large Block size 4.0 MB
      Used Block count 1
      Peak Allocated bytes 4.0 MB
      Failed Allocations. Bucket layout:
        16B: 4 Subsections = 4096 buckets. Failed count: 47662
        32B: 34 Subsections = 17408 buckets. Failed count: 95938
        48B: 49 Subsections = 16725 buckets. Failed count: 130917
        64B: 40 Subsections = 10240 buckets. Failed count: 39595
        80B: 85 Subsections = 17408 buckets. Failed count: 37739
        96B: 28 Subsections = 4778 buckets. Failed count: 44729
        112B: 10 Subsections = 1462 buckets. Failed count: 12923
        128B: 6 Subsections = 768 buckets. Failed count: 17670
    [ALLOC_CACHEOBJECTS_MAIN]
      Peak usage frame count: [4.0 MB-8.0 MB]: 1 frames, [8.0 MB-16.0 MB]: 987 frames, [16.0 MB-32.0 MB]: 6831 frames
      Requested Block Size 4.0 MB
      Peak Block count 5
      Peak Allocated memory 17.2 MB
      Peak Large allocation bytes 0 B
    [ALLOC_CACHEOBJECTS_THREAD]
      Peak usage frame count: [4.0 KB-8.0 KB]: 987 frames, [32.0 KB-64.0 KB]: 1 frames, [64.0 KB-128.0 KB]: 6829 frames, [256.0 KB-0.5 MB]: 1 frames, [0.5 MB-1.0 MB]: 1 frames
      Requested Block Size 4.0 MB
      Peak Block count 1
      Peak Allocated memory 0.6 MB
      Peak Large allocation bytes 0 B
[ALLOC_TYPETREE] Dual Thread Allocator
  Peak main deferred allocation count 0
    [ALLOC_BUCKET]
      Large Block size 4.0 MB
      Used Block count 1
      Peak Allocated bytes 4.0 MB
      Failed Allocations. Bucket layout:
        16B: 4 Subsections = 4096 buckets. Failed count: 47662
        32B: 34 Subsections = 17408 buckets. Failed count: 95938
        48B: 49 Subsections = 16725 buckets. Failed count: 130917
        64B: 40 Subsections = 10240 buckets. Failed count: 39595
        80B: 85 Subsections = 17408 buckets. Failed count: 37739
        96B: 28 Subsections = 4778 buckets. Failed count: 44729
        112B: 10 Subsections = 1462 buckets. Failed count: 12923
        128B: 6 Subsections = 768 buckets. Failed count: 17670
    [ALLOC_TYPETREE_MAIN]
      Peak usage frame count: [4.0 KB-8.0 KB]: 1 frames, [8.0 KB-16.0 KB]: 987 frames, [32.0 KB-64.0 KB]: 6831 frames
      Requested Block Size 2.0 MB
      Peak Block count 1
      Peak Allocated memory 49.8 KB
      Peak Large allocation bytes 0 B
    [ALLOC_TYPETREE_THREAD]
      Peak usage frame count: [0-1.0 KB]: 7819 frames
      Requested Block Size 2.0 MB
      Peak Block count 0
      Peak Allocated memory 0 B
      Peak Large allocation bytes 0 B
