Mono path[0] = 'C:/Program Files (x86)/Steam/steamapps/common/RimWorld/RimWorldWin64_Data/Managed'
Mono config path = 'C:/Program Files (x86)/Steam/steamapps/common/RimWorld/MonoBleedingEdge/etc'
[PhysX] Initialized MultithreadedTaskDispatcher with 12 workers.
Initialize engine version: 2022.3.35f1 (011206c7a712)
[Subsystems] Discovering subsystems at path C:/Program Files (x86)/Steam/steamapps/common/RimWorld/RimWorldWin64_Data/UnitySubsystems
GfxDevice: creating device client; threaded=1; jobified=0
Direct3D:
    Version:  Direct3D 11.0 [level 11.1]
    Renderer: NVIDIA GeForce RTX 3070 (ID=0x2484)
    Vendor:   NVIDIA
    VRAM:     8018 MB
    Driver:   32.0.15.9579
Begin MonoManager ReloadAssembly
- Loaded All Assemblies, in  0.159 seconds
- Finished resetting the current domain, in  0.002 seconds
<RI> Initializing input.
<RI> Input initialized.
<RI> Initialized touch support.
[PhysX] Initialized MultithreadedTaskDispatcher with 12 workers.
UnloadTime: 1.038000 ms
Command line arguments: -quicktest -savedatafolder=C:\Users\Public\Documents\ESTsoft\CreatorTemp\hd-tactical-analysis\execution-high -hdRaidMovementAudit=C:\Users\Public\Documents\ESTsoft\CreatorTemp\hd-tactical-analysis\execution-high\measurements.ndjson -hdRaidMovementAuditCases=16,18,19,15 -hdRaidMovementAuditSeed=hd-perf-20261007 -hdRaidMovementAuditHigh=true -hdRaidMovementAuditWarmup=600 -hdRaidMovementAuditSample=1200 -hdRaidMovementAuditFunctionalDisabled=true -hdRaidSpawnAuditDisabled=true -hdMethodProfile=C:\Users\Public\Documents\ESTsoft\CreatorTemp\hd-tactical-analysis\execution-high\profiles -hdMethodProfileCpu=true -hdMethodProfileAuto=true -hdMethodProfilePreset=coarse -hdMethodProfileTargets=Helodrace.MapComponent_RaidTacticalExecution::RunScheduledUnit;Helodrace.MapComponent_RaidTacticalExecution::ExecuteUnit;Helodrace.MapComponent_RaidTacticalExecution::Update;Helodrace.MapComponent_RaidTacticalExecution::UpdateStep;Helodrace.MapComponent_RaidTacticalExecution::RefreshContactsCore;Helodrace.MapComponent_RaidTacticalExecution::CaptureObserverPassages;Helodrace.MapComponent_RaidTacticalExecution::LinkedObservers;Helodrace.MapComponent_RaidTacticalExecution::ClearObservationLine;Helodrace.MapComponent_RaidTacticalExecution::CanObserveMapCell;Helodrace.MapComponent_RaidTacticalExecution::CanObserveContact;Helodrace.MapComponent_RaidTacticalExecution::RecordContact;Helodrace.MapComponent_RaidTacticalExecution::RespondToCqbContacts;Helodrace.MapComponent_RaidTacticalExecution::FindContactGuardPosition;Helodrace.MapComponent_RaidTacticalExecution::RecoverCqbIntent;Helodrace.MapComponent_RaidTacticalExecution::RefreshLocalCqb;Helodrace.MapComponent_RaidTacticalExecution::CheckRoomConcern;Helodrace.MapComponent_RaidTacticalExecution::TryPlanContactRecheck;Helodrace.MapComponent_RaidTacticalExecution::ObserveInterior;Helodrace.MapComponent_RaidTacticalExecution::UpdateOpeningObservation;Helodrace.MapComponent_RaidTacticalExecution::RoutineContactReactions;Helodrace.MapComponent_RaidTacticalExecution::RespondToFire;Helodrace.MapComponent_RaidTacticalExecution::EmergencyReactions;Helodrace.MapComponent_RaidTacticalExecution::FieldDefense;Helodrace.MapComponent_RaidTacticalExecution::VisibleArmedEnemies;Helodrace.MapComponent_RaidTacticalExecution::SmokeBetween;Helodrace.MapComponent_RaidTacticalExecution::ApplySniperRetreats;Helodrace.MapComponent_RaidTacticalExecution::FindReactivePosition;Helodrace.MapComponent_RaidTacticalExecution::ReconcileCasualties;Helodrace.MapComponent_RaidTacticalExecution::RefreshExecutionRoster;Helodrace.MapComponent_RaidTacticalExecution::WaitForSharedOpeningCore;Helodrace.MapComponent_RaidTacticalExecution::TryPlanNextRoom;Helodrace.MapComponent_RaidTacticalExecution::RoomSecured;Helodrace.MapComponent_RaidTacticalExecution::CurrentResponseTarget;Helodrace.MapComponent_RaidTacticalExecution::LiveMembers;Helodrace.MapComponent_RaidTacticalExecution::Commander;Helodrace.MapComponent_RaidTacticalExecution::PlanKey;Helodrace.MapComponent_RaidTacticalExecution::AssignLateMembers;Helodrace.MapComponent_RaidTacticalExecution::IssueResponse;Helodrace.MapComponent_RaidTacticalExecution::IndexFormations;Helodrace.MapComponent_RaidTacticalExecution::RetargetBlockedStackMembersCore -logFile C:\Users\Public\Documents\ESTsoft\CreatorTemp\hd-tactical-analysis\execution-high\Player.log -screen-width 800 -screen-height 600 -screen-fullscreen 0
RimWorld 1.6.4871 rev591
Save data folder overridden to C:\Users\Public\Documents\ESTsoft\CreatorTemp\hd-tactical-analysis\execution-high
Mod Helodrace - Combat Extended dependency (BlueBackedFish.Helodrace.Main) needs to have <downloadUrl> and/or <steamWorkshopUrl> specified.
Mod Helodrace - Facial Animation dependency (Nals.FacialAnimation) needs to have <downloadUrl> and/or <steamWorkshopUrl> specified.
Mod Helodrace - Facial Animation dependency (BlueBackedFish.Helodrace.Main) needs to have <downloadUrl> and/or <steamWorkshopUrl> specified.
Mod Helodrace - Lobos Arsenal dependency (bluebackedfish.helodrace.main) needs to have <downloadUrl> and/or <steamWorkshopUrl> specified.
Mod Helodrace - Lobos Arsenal dependency (smashphil.vehicleframework) needs to have <downloadUrl> and/or <steamWorkshopUrl> specified.
Mod Kilo's RJW retexture dependency (rim.job.world) needs to have <downloadUrl> and/or <steamWorkshopUrl> specified.
Mod RJW-SexSlaveCraft dependency (rim.job.world) needs to have <downloadUrl> and/or <steamWorkshopUrl> specified.
Mod RJW-SexSlaveCraft dependency (brrainz.harmony) needs to have <downloadUrl> and/or <steamWorkshopUrl> specified.
Mod Mechanoid Milk dependency (brrainz.harmony) needs to have <downloadUrl> and/or <steamWorkshopUrl> specified.
Mod RimTalk+The Forbbiden One dependency (rim.job.world) needs to have <downloadUrl> and/or <steamWorkshopUrl> specified.
Mod Maidnoid CE Patch dependency (silversol.consti) needs to have <downloadUrl> and/or <steamWorkshopUrl> specified.
Mod Maidnoid CE Patch dependency (CETeam.CombatExtended) needs to have <downloadUrl> and/or <steamWorkshopUrl> specified.
Mod RimThunder - Westline Green (CE Edition) dependency (CETeam.CombatExtended) needs to have <downloadUrl> and/or <steamWorkshopUrl> specified.
Mod RimThunder - Westline Green (CE Edition) dependency (SmashPhil.VehicleFramework) needs to have <downloadUrl> and/or <steamWorkshopUrl> specified.
Mod Wood's Muzzle Flash for Cinders of the Embergarden has a dependency (issaczhuang.muzzleflash) with empty display name.
Mod Wood's Muzzle Flash for Cinders of the Embergarden dependency (issaczhuang.muzzleflash) needs to have <downloadUrl> and/or <steamWorkshopUrl> specified.
Mod Wood's Muzzle Flash for Cinders of the Embergarden has a dependency (BreadMo.Cinders) with empty display name.
Mod Wood's Muzzle Flash for Cinders of the Embergarden dependency (BreadMo.Cinders) needs to have <downloadUrl> and/or <steamWorkshopUrl> specified.
Mod korossa CE patch dependency (gyun.0.6.3.1) needs to have <downloadUrl> and/or <steamWorkshopUrl> specified.
Fallback handler could not load library C:/Program Files (x86)/Steam/steamapps/common/RimWorld/RimWorldWin64_Data/MonoBleedingEdge/data-000001BD3898D040.dll
Fallback handler could not load library C:/Program Files (x86)/Steam/steamapps/common/RimWorld/RimWorldWin64_Data/MonoBleedingEdge/data-000001BD89B1C030.dll
Helodrace Mod loaded.
Tried to load duplicate UnityEngine.Texture2D with path: FilesystemFile [C:\Program Files (x86)\Steam\steamapps\common\RimWorld\Mods\HelodRace-Main\Textures\Helod\Bodies\Naked_Baby_east.psd], Length 285496 and internal path: Helod/Bodies/Naked_Baby_east
Tried to load duplicate UnityEngine.Texture2D with path: FilesystemFile [C:\Program Files (x86)\Steam\steamapps\common\RimWorld\Mods\HelodRace-Main\Textures\Helod\Bodies\Naked_Baby_north.psd], Length 226210 and internal path: Helod/Bodies/Naked_Baby_north
Tried to load duplicate UnityEngine.Texture2D with path: FilesystemFile [C:\Program Files (x86)\Steam\steamapps\common\RimWorld\Mods\HelodRace-Main\Textures\Helod\Bodies\Naked_Baby_south.psd], Length 294172 and internal path: Helod/Bodies/Naked_Baby_south
Tried to load duplicate UnityEngine.Texture2D with path: FilesystemFile [C:\Program Files (x86)\Steam\steamapps\common\RimWorld\Mods\HelodRace-Main\Textures\Helod\Bodies\Naked_Child_east.psd], Length 665302 and internal path: Helod/Bodies/Naked_Child_east
Tried to load duplicate UnityEngine.Texture2D with path: FilesystemFile [C:\Program Files (x86)\Steam\steamapps\common\RimWorld\Mods\HelodRace-Main\Textures\Helod\Bodies\Naked_Child_north.psd], Length 748750 and internal path: Helod/Bodies/Naked_Child_north
Tried to load duplicate UnityEngine.Texture2D with path: FilesystemFile [C:\Program Files (x86)\Steam\steamapps\common\RimWorld\Mods\HelodRace-Main\Textures\Helod\Bodies\Naked_Child_south.psd], Length 570863 and internal path: Helod/Bodies/Naked_Child_south
Tried to load duplicate UnityEngine.Texture2D with path: FilesystemFile [C:\Program Files (x86)\Steam\steamapps\common\RimWorld\Mods\HelodRace-Main\Textures\Helod\Bodies\Naked_Female_east.psd], Length 12273496 and internal path: Helod/Bodies/Naked_Female_east
Tried to load duplicate UnityEngine.Texture2D with path: FilesystemFile [C:\Program Files (x86)\Steam\steamapps\common\RimWorld\Mods\HelodRace-Main\Textures\Helod\Bodies\Naked_Female_north.psd], Length 11639899 and internal path: Helod/Bodies/Naked_Female_north
Tried to load duplicate UnityEngine.Texture2D with path: FilesystemFile [C:\Program Files (x86)\Steam\steamapps\common\RimWorld\Mods\HelodRace-Main\Textures\Helod\Bodies\Naked_Female_south.psd], Length 12147713 and internal path: Helod/Bodies/Naked_Female_south
Tried to load duplicate UnityEngine.Texture2D with path: FilesystemFile [C:\Program Files (x86)\Steam\steamapps\common\RimWorld\Mods\HelodRace-Main\Textures\Helod\Hair\헤롤드 헤어_east.psd], Length 8518682 and internal path: Helod/Hair/헤롤드 헤어_east
Tried to load duplicate UnityEngine.Texture2D with path: FilesystemFile [C:\Program Files (x86)\Steam\steamapps\common\RimWorld\Mods\HelodRace-Main\Textures\Helod\Tails\HelodTail_Baby_east.psd], Length 66566 and internal path: Helod/Tails/HelodTail_Baby_east
Tried to load duplicate UnityEngine.Texture2D with path: FilesystemFile [C:\Program Files (x86)\Steam\steamapps\common\RimWorld\Mods\HelodRace-Main\Textures\Helod\Tails\HelodTail_Baby_north.psd], Length 138604 and internal path: Helod/Tails/HelodTail_Baby_north
Tried to load duplicate UnityEngine.Texture2D with path: FilesystemFile [C:\Program Files (x86)\Steam\steamapps\common\RimWorld\Mods\HelodRace-Main\Textures\Helod\Tails\HelodTail_Baby_south.psd], Length 133706 and internal path: Helod/Tails/HelodTail_Baby_south
Tried to load duplicate UnityEngine.Texture2D with path: FilesystemFile [C:\Program Files (x86)\Steam\steamapps\common\RimWorld\Mods\HelodRace-Main\Textures\Helod\Tails\HelodTail_Child_east.psd], Length 307461 and internal path: Helod/Tails/HelodTail_Child_east
Tried to load duplicate UnityEngine.Texture2D with path: FilesystemFile [C:\Program Files (x86)\Steam\steamapps\common\RimWorld\Mods\HelodRace-Main\Textures\Helod\Tails\HelodTail_Child_north.psd], Length 248350 and internal path: Helod/Tails/HelodTail_Child_north
Tried to load duplicate UnityEngine.Texture2D with path: FilesystemFile [C:\Program Files (x86)\Steam\steamapps\common\RimWorld\Mods\HelodRace-Main\Textures\Helod\Tails\HelodTail_Child_south.psd], Length 218174 and internal path: Helod/Tails/HelodTail_Child_south
Tried to load duplicate UnityEngine.Texture2D with path: FilesystemFile [C:\Program Files (x86)\Steam\steamapps\common\RimWorld\Mods\HelodRace-Main\Textures\Helod\Tails\HelodTail_east.psd], Length 172600 and internal path: Helod/Tails/HelodTail_east
Tried to load duplicate UnityEngine.Texture2D with path: FilesystemFile [C:\Program Files (x86)\Steam\steamapps\common\RimWorld\Mods\HelodRace-Main\Textures\Helod\Tails\HelodTail_north.psd], Length 167307 and internal path: Helod/Tails/HelodTail_north
Tried to load duplicate UnityEngine.Texture2D with path: FilesystemFile [C:\Program Files (x86)\Steam\steamapps\common\RimWorld\Mods\HelodRace-Main\Textures\Helod\Tails\HelodTail_south.psd], Length 144266 and internal path: Helod/Tails/HelodTail_south
Tried to load duplicate UnityEngine.Texture2D with path: FilesystemFile [C:\Program Files (x86)\Steam\steamapps\common\RimWorld\Mods\HelodRace-Main\Textures\Helod\Ears\Left\Ear1Left_east.psd], Length 250880 and internal path: Helod/Ears/Left/Ear1Left_east
Tried to load duplicate UnityEngine.Texture2D with path: FilesystemFile [C:\Program Files (x86)\Steam\steamapps\common\RimWorld\Mods\HelodRace-Main\Textures\Helod\Ears\Left\Ear1Left_north.psd], Length 177974 and internal path: Helod/Ears/Left/Ear1Left_north
Tried to load duplicate UnityEngine.Texture2D with path: FilesystemFile [C:\Program Files (x86)\Steam\steamapps\common\RimWorld\Mods\HelodRace-Main\Textures\Helod\Ears\Left\Ear1Left_south.psd], Length 249351 and internal path: Helod/Ears/Left/Ear1Left_south
Tried to load duplicate UnityEngine.Texture2D with path: FilesystemFile [C:\Program Files (x86)\Steam\steamapps\common\RimWorld\Mods\HelodRace-Main\Textures\Helod\Ears\Right\Ear1Right_east.psd], Length 200309 and internal path: Helod/Ears/Right/Ear1Right_east
Tried to load duplicate UnityEngine.Texture2D with path: FilesystemFile [C:\Program Files (x86)\Steam\steamapps\common\RimWorld\Mods\HelodRace-Main\Textures\Helod\VanillaApparel\WarMask\WarMask_east.psd], Length 42343 and internal path: Helod/VanillaApparel/WarMask/WarMask_east
Tried to load duplicate UnityEngine.Texture2D with path: FilesystemFile [C:\Program Files (x86)\Steam\steamapps\common\RimWorld\Mods\HelodRace-Main\Textures\Helod\VanillaApparel\WarMask\WarMask_north.psd], Length 44570 and internal path: Helod/VanillaApparel/WarMask/WarMask_north
Tried to load duplicate UnityEngine.Texture2D with path: FilesystemFile [C:\Program Files (x86)\Steam\steamapps\common\RimWorld\Mods\HelodRace-Main\Textures\Helod\VanillaApparel\WarMask\WarMask_south.psd], Length 49701 and internal path: Helod/VanillaApparel/WarMask/WarMask_south
Tried to load duplicate UnityEngine.Texture2D with path: FilesystemFile [C:\Program Files (x86)\Steam\steamapps\common\RimWorld\Mods\HelodRace-Main\Textures\Helod\VanillaApparel\Royalty\BroadshieldPack\BroadshieldPack_east.psd], Length 107860 and internal path: Helod/VanillaApparel/Royalty/BroadshieldPack/BroadshieldPack_east
Tried to load duplicate UnityEngine.Texture2D with path: FilesystemFile [C:\Program Files (x86)\Steam\steamapps\common\RimWorld\Mods\HelodRace-Main\Textures\Helod\VanillaApparel\Royalty\CorsetRoyal\CorsetRoyal_Female_east.psd], Length 34097 and internal path: Helod/VanillaApparel/Royalty/CorsetRoyal/CorsetRoyal_Female_east
Tried to load duplicate UnityEngine.Texture2D with path: FilesystemFile [C:\Program Files (x86)\Steam\steamapps\common\RimWorld\Mods\HelodRace-Main\Textures\Helod\VanillaApparel\Royalty\CorsetRoyal\CorsetRoyal_Female_north.psd], Length 36637 and internal path: Helod/VanillaApparel/Royalty/CorsetRoyal/CorsetRoyal_Female_north
Tried to load duplicate UnityEngine.Texture2D with path: FilesystemFile [C:\Program Files (x86)\Steam\steamapps\common\RimWorld\Mods\HelodRace-Main\Textures\Helod\VanillaApparel\Royalty\CorsetRoyal\CorsetRoyal_Female_south.psd], Length 35355 and internal path: Helod/VanillaApparel/Royalty/CorsetRoyal/CorsetRoyal_Female_south
Tried to load duplicate UnityEngine.Texture2D with path: FilesystemFile [C:\Program Files (x86)\Steam\steamapps\common\RimWorld\Mods\HelodRace-Main\Textures\Helod\VanillaApparel\Royalty\Crown\Crown_east.psd], Length 41419 and internal path: Helod/VanillaApparel/Royalty/Crown/Crown_east
Tried to load duplicate UnityEngine.Texture2D with path: FilesystemFile [C:\Program Files (x86)\Steam\steamapps\common\RimWorld\Mods\HelodRace-Main\Textures\Helod\VanillaApparel\Royalty\Crown\Crown_north.psd], Length 41325 and internal path: Helod/VanillaApparel/Royalty/Crown/Crown_north
Tried to load duplicate UnityEngine.Texture2D with path: FilesystemFile [C:\Program Files (x86)\Steam\steamapps\common\RimWorld\Mods\HelodRace-Main\Textures\Helod\VanillaApparel\Royalty\Crown\Crown_south.psd], Length 40081 and internal path: Helod/VanillaApparel/Royalty/Crown/Crown_south
Tried to load duplicate UnityEngine.Texture2D with path: FilesystemFile [C:\Program Files (x86)\Steam\steamapps\common\RimWorld\Mods\HelodRace-Main\Textures\Helod\VanillaApparel\Royalty\CrownStellic\CrownStellic_east.psd], Length 46723 and internal path: Helod/VanillaApparel/Royalty/CrownStellic/CrownStellic_east
Tried to load duplicate UnityEngine.Texture2D with path: FilesystemFile [C:\Program Files (x86)\Steam\steamapps\common\RimWorld\Mods\HelodRace-Main\Textures\Helod\VanillaApparel\Royalty\CrownStellic\CrownStellic_north.psd], Length 67651 and internal path: Helod/VanillaApparel/Royalty/CrownStellic/CrownStellic_north
Tried to load duplicate UnityEngine.Texture2D with path: FilesystemFile [C:\Program Files (x86)\Steam\steamapps\common\RimWorld\Mods\HelodRace-Main\Textures\Helod\VanillaApparel\Royalty\CrownStellic\CrownStellic_south.psd], Length 62684 and internal path: Helod/VanillaApparel/Royalty/CrownStellic/CrownStellic_south
Could not load Texture2D at 'Weapons/Modular/Ammunition/HD_Ammunition_556M855A1_Ammo' for def 'HD_ModularPart_Ammunition_762M80_Part' in any active mod or in base resources.
MatFrom with null sourceTex.
Could not load Texture2D at 'Weapons/Modular/Ammunition/HD_Ammunition_919M882_Ammo' for def 'HD_ModularPart_Ammunition_919M882_P320_Part' in any active mod or in base resources.
MatFrom with null sourceTex.
Could not load Texture2D at 'Weapons/Modular/Ammunition/HD_Ammunition_556M855A1_Ammo' for def 'HD_Ammunition_556M855A1_Ammo' in any active mod or in base resources.
MatFrom with null sourceTex.
Could not load Texture2D at 'Weapons/Modular/Ammunition/HD_Ammunition_919M882_Ammo' for def 'HD_Ammunition_919M882_Ammo' in any active mod or in base resources.
MatFrom with null sourceTex.
Could not load Texture2D at 'Weapons/Modular/Ammunition/HD_Ammunition_76251M80A1_Ammo' for def 'HD_Ammunition_76251M80A1_Ammo' in any active mod or in base resources.
MatFrom with null sourceTex.
[Helodrace] Standalone race initialized: 9 heads, 41 apparel graphics, 133 operations.
[HD Cigarette] diagnostics enabled. DrawCarriedThing prefix active=True, assembly=C:\Program Files (x86)\Steam\steamapps\common\RimWorld\Mods\HelodRace-Main\Assemblies\Helodrace.dll
Helodrace initialized. Removed quality comp from 39 Helodrace guns.
Unloading 5 Unused Serialized files (Serialized files now loaded: 5)
Unloading 135 unused Assets to reduce memory usage. Loaded Objects now: 29115.
Total: 245.022300 ms (FindLiveObjects: 2.176000 ms CreateObjectMapping: 2.782600 ms MarkObjects: 239.448400 ms  DeleteObjects: 0.615200 ms)

Unloading 3 Unused Serialized files (Serialized files now loaded: 5)
[PhysX] Initialized MultithreadedTaskDispatcher with 12 workers.
UnloadTime: 0.876200 ms
Unloading 2 unused Assets to reduce memory usage. Loaded Objects now: 29139.
Total: 245.765000 ms (FindLiveObjects: 1.347500 ms CreateObjectMapping: 2.355100 ms MarkObjects: 242.003000 ms  DeleteObjects: 0.059200 ms)

Initializing new game with mods:
  - brrainz.harmony
  - Ludeon.RimWorld
  - Ludeon.RimWorld.Royalty
  - Ludeon.RimWorld.Ideology
  - Ludeon.RimWorld.Biotech
  - Ludeon.RimWorld.Anomaly
  - Ludeon.RimWorld.Odyssey
  - BlueBackedFish.Helodrace.Main
Unloading 1 Unused Serialized files (Serialized files now loaded: 5)
Unloading 1 unused Assets to reduce memory usage. Loaded Objects now: 35693.
Total: 260.639900 ms (FindLiveObjects: 1.704600 ms CreateObjectMapping: 2.848800 ms MarkObjects: 256.008900 ms  DeleteObjects: 0.077500 ms)

애들린 tried to wear HD_Apparel_ZaperX26_Device38088 but is not allowed to.
캐서린 tried to wear HD_Apparel_ZaperX26_Device38273 but is not allowed to.
애들린 tried to wear HD_Apparel_ZaperX26_Device38843 but is not allowed to.
노라 tried to wear HD_Apparel_ZaperX26_Device39404 but is not allowed to.
낸시 tried to wear HD_Apparel_ZaperX26_Device39903 but is not allowed to.
"스타" 바로우 tried to wear HD_Apparel_ZaperX26_Device40088 but is not allowed to.
테레사 tried to wear HD_Apparel_ZaperX26_Device40636 but is not allowed to.
콜 tried to wear HD_Apparel_ZaperX26_Device41182 but is not allowed to.
블랙우드 tried to wear HD_Apparel_ZaperX26_Device41686 but is not allowed to.
포터 tried to wear HD_Apparel_ZaperX26_Device41874 but is not allowed to.
캐롤 tried to wear HD_Apparel_ZaperX26_Device42444 but is not allowed to.
브룩 tried to wear HD_Apparel_ZaperX26_Device42991 but is not allowed to.
모리슨 tried to wear HD_Apparel_ZaperX26_Device43482 but is not allowed to.
모리슨 tried to wear HD_Apparel_ZaperX26_Device43657 but is not allowed to.
랜드리 tried to wear HD_Apparel_ZaperX26_Device44213 but is not allowed to.
비토 tried to wear HD_Apparel_ZaperX26_Device44762 but is not allowed to.
Raid audit case 16: count=52, tactical=True, speed=3
Agent method profiler ready: C:\Users\Public\Documents\ESTsoft\CreatorTemp\hd-tactical-analysis\execution-high\profiles
Raid audit sample: {"faction":"HD_HelodCivilHighFaction","actualPopulation":52,"mapFingerprint":"2DCA10EF6A532BA820CA2CFA41B18D21E564655193AC63E429759ED9D0135787","startPhases":"Assemble:4","radioOperators":52,"scenario":16,"population":50,"tactical":true,"speed":3,"TPS":59.918,"FPS":59.768,"moved":52,"alive":52,"warmupTicks":600,"sampleTicks":1200,"phases":"Hold:1,Assemble:3","successfulPlans":4,"planningService":{"pending":1,"slices":478,"completed":4,"discarded":0,"budgetStops":19,"maxSliceMs":10.328},"executionService":{"pending":4,"updates":697,"urgent":0,"budgetStops":3,"maxDelayTicks":3,"oldestDelayTicks":0,"maxUnitMs":45.600},"orderReviews":{"count":3015,"maxDelayTicks":1},"unstartedMoves":"unstarted moves=0 max age=0 ticks reasons=","unstartedMoveDetails":"","passageTraffic":{"waiting":0},"queueMaintenance":{"cleanupPasses":14,"leasePrunePasses":54},"planningWork":{"maxBreachChecks":1,"maxRouteSteps":39,"limitedPlans":0},"failedPlans":"","nativeBytes":750000,"peakNativeBytes":750000,"cacheCumulative":{"created":6,"hits":301,"evictions":0,"memoryWaits":0,"peakPending":1,"notifications":31},"cancelledPreparations":0,"peakWaitFrames":1,"pending":0,"blocked":"None:26,OpeningQueue:26","preparationServicePasses":6,"cpuCumulative":"FPS=59.8 TPS=60.0 worst execution/frame=11.499 ms managed heap=508.9 MiB GC=2/2/2\r\n  CPU Planning: n=64 sum=0.9 p50/p95/p99=0.004/0.055/0.185 max=0.185 ms\r\n  CPU Observation: n=481 sum=24.2 p50/p95/p99=0.003/0.237/0.298 max=0.397 ms\r\n  CPU LocalMap: n=40 sum=11.7 p50/p95/p99=0.253/0.378/0.582 max=0.582 ms\r\n  CPU Formation: n=19 sum=1.3 p50/p95/p99=0.067/0.077/0.077 max=0.077 ms\r\n  CPU Orders: n=1611 sum=22.6 p50/p95/p99=0.009/0.014/0.193 max=0.841 ms\r\n  CPU Execution: n=480 sum=119.9 p50/p95/p99=0.042/0.659/3.188 max=11.499 ms\r\n  CPU Navigation: n=1 sum=0.0 p50/p95/p99=0.013/0.013/0.013 max=0.013 ms\r\n  CPU BreachSearch: n=58 sum=0.5 p50/p95/p99=0.004/0.015/0.178 max=0.178 ms\r\n  CPU RouteSearch: n=0 sum=0.0 p50/p95/p99=0.000/0.000/0.000 max=0.000 ms\r\n  CPU OpeningQueue: n=158 sum=30.1 p50/p95/p99=0.233/0.288/0.418 max=0.753 ms\r\n  CPU GameTick: n=1200 sum=3297.8 p50/p95/p99=2.497/4.154/5.653 max=22.132 ms\r\n  CPU ExecutionMaintenance: n=20 sum=1.8 p50/p95/p99=0.089/0.097/0.107 max=0.107 ms\r\n  Goto request/start ticks: n=42 p50/p95/p99=0/1/232 max=232\r\n"}
클라라 tried to wear HD_Apparel_ZaperX26_Device45575 but is not allowed to.
애들러 tried to wear HD_Apparel_ZaperX26_Device45749 but is not allowed to.
샌더스 tried to wear HD_Apparel_ZaperX26_Device46528 but is not allowed to.
백스터 tried to wear HD_Apparel_ZaperX26_Device47085 but is not allowed to.
"콜드아이" 데이비스 tried to wear HD_Apparel_ZaperX26_Device47836 but is not allowed to.
앨리스 tried to wear HD_Apparel_ZaperX26_Device48021 but is not allowed to.
앨리샤 tried to wear HD_Apparel_ZaperX26_Device48608 but is not allowed to.
데이비드 tried to wear HD_Apparel_ZaperX26_Device49394 but is not allowed to.
캘럽 tried to wear HD_Apparel_ZaperX26_Device49912 but is not allowed to.
브라운 tried to wear HD_Apparel_ZaperX26_Device50090 but is not allowed to.
토마스 tried to wear HD_Apparel_ZaperX26_Device50884 but is not allowed to.
버튼 tried to wear HD_Apparel_ZaperX26_Device51436 but is not allowed to.
샌더스 tried to wear HD_Apparel_ZaperX26_Device51947 but is not allowed to.
워커 tried to wear HD_Apparel_ZaperX26_Device52125 but is not allowed to.
테일러 tried to wear HD_Apparel_ZaperX26_Device52692 but is not allowed to.
바로우 tried to wear HD_Apparel_ZaperX26_Device53245 but is not allowed to.
콜만 tried to wear HD_Apparel_ZaperX26_Device53767 but is not allowed to.
바로우 tried to wear HD_Apparel_ZaperX26_Device53952 but is not allowed to.
안드루 tried to wear HD_Apparel_ZaperX26_Device54498 but is not allowed to.
맥케이 tried to wear HD_Apparel_ZaperX26_Device55055 but is not allowed to.
브라이언 tried to wear HD_Apparel_ZaperX26_Device55570 but is not allowed to.
맥케이 tried to wear HD_Apparel_ZaperX26_Device55756 but is not allowed to.
백스터 tried to wear HD_Apparel_ZaperX26_Device56555 but is not allowed to.
스미스 tried to wear HD_Apparel_ZaperX26_Device57336 but is not allowed to.
피어스 tried to wear HD_Apparel_ZaperX26_Device57861 but is not allowed to.
"하운드" 해리스 tried to wear HD_Apparel_ZaperX26_Device58258 but is not allowed to.
케일 tried to wear HD_Apparel_ZaperX26_Device58832 but is not allowed to.
달튼 tried to wear HD_Apparel_ZaperX26_Device59392 but is not allowed to.
위트만 tried to wear HD_Apparel_ZaperX26_Device60126 but is not allowed to.
버튼 tried to wear HD_Apparel_ZaperX26_Device60527 but is not allowed to.
브라이언 tried to wear HD_Apparel_ZaperX26_Device61084 but is not allowed to.
에드워즈 tried to wear HD_Apparel_ZaperX26_Device61873 but is not allowed to.
브라이언 tried to wear HD_Apparel_ZaperX26_Device62391 but is not allowed to.
애비게일 tried to wear HD_Apparel_ZaperX26_Device62568 but is not allowed to.
올리버 tried to wear HD_Apparel_ZaperX26_Device63133 but is not allowed to.
캘럽 tried to wear HD_Apparel_ZaperX26_Device63709 but is not allowed to.
브랜드 tried to wear HD_Apparel_ZaperX26_Device64203 but is not allowed to.
"캐머" 플레처 tried to wear HD_Apparel_ZaperX26_Device64389 but is not allowed to.
드레이크 tried to wear HD_Apparel_ZaperX26_Device64946 but is not allowed to.
피터 tried to wear HD_Apparel_ZaperX26_Device65499 but is not allowed to.
"하운드" 피어스 tried to wear HD_Apparel_ZaperX26_Device66006 but is not allowed to.
브라이언 tried to wear HD_Apparel_ZaperX26_Device66181 but is not allowed to.
제인 tried to wear HD_Apparel_ZaperX26_Device66739 but is not allowed to.
안드루 tried to wear HD_Apparel_ZaperX26_Device67294 but is not allowed to.
캘럽 tried to wear HD_Apparel_ZaperX26_Device67805 but is not allowed to.
스미스 tried to wear HD_Apparel_ZaperX26_Device68200 but is not allowed to.
토마스 tried to wear HD_Apparel_ZaperX26_Device68754 but is not allowed to.
애비게일 tried to wear HD_Apparel_ZaperX26_Device69547 but is not allowed to.
피터 tried to wear HD_Apparel_ZaperX26_Device70282 but is not allowed to.
버튼 tried to wear HD_Apparel_ZaperX26_Device70471 but is not allowed to.
"럭키" 파커 tried to wear HD_Apparel_ZaperX26_Device71037 but is not allowed to.
샌더스 tried to wear HD_Apparel_ZaperX26_Device71829 but is not allowed to.
포스터 tried to wear HD_Apparel_ZaperX26_Device72320 but is not allowed to.
케일 tried to wear HD_Apparel_ZaperX26_Device72494 but is not allowed to.
샌더스 tried to wear HD_Apparel_ZaperX26_Device73067 but is not allowed to.
올리버 tried to wear HD_Apparel_ZaperX26_Device73608 but is not allowed to.
브라운 tried to wear HD_Apparel_ZaperX26_Device74111 but is not allowed to.
포스터 tried to wear HD_Apparel_ZaperX26_Device74300 but is not allowed to.
올리버 tried to wear HD_Apparel_ZaperX26_Device74852 but is not allowed to.
콜만 tried to wear HD_Apparel_ZaperX26_Device75618 but is not allowed to.
"럭키" 도슨 tried to wear HD_Apparel_ZaperX26_Device76125 but is not allowed to.
"피닉스" 에드워즈 tried to wear HD_Apparel_ZaperX26_Device76298 but is not allowed to.
에스터 tried to wear HD_Apparel_ZaperX26_Device76880 but is not allowed to.
브랜드 tried to wear HD_Apparel_ZaperX26_Device77433 but is not allowed to.
Raid audit case 18: count=208, tactical=True, speed=3
Raid audit sample: {"faction":"HD_HelodCivilHighFaction","actualPopulation":208,"mapFingerprint":"2DCA10EF6A532BA820CA2CFA41B18D21E564655193AC63E429759ED9D0135787","startPhases":"Assemble:16","radioOperators":208,"scenario":18,"population":200,"tactical":true,"speed":3,"TPS":85.194,"FPS":27.596,"moved":208,"alive":208,"warmupTicks":600,"sampleTicks":1200,"phases":"Hold:1,Assemble:15","successfulPlans":16,"planningService":{"pending":1,"slices":2150,"completed":20,"discarded":1,"budgetStops":26,"maxSliceMs":10.328},"executionService":{"pending":16,"updates":3490,"urgent":0,"budgetStops":49,"maxDelayTicks":7,"oldestDelayTicks":0,"maxUnitMs":45.600},"orderReviews":{"count":14986,"maxDelayTicks":1},"unstartedMoves":"unstarted moves=0 max age=0 ticks reasons=","unstartedMoveDetails":"","passageTraffic":{"waiting":0},"queueMaintenance":{"cleanupPasses":28,"leasePrunePasses":109},"planningWork":{"maxBreachChecks":1,"maxRouteSteps":39,"limitedPlans":0},"failedPlans":"","nativeBytes":1750000,"peakNativeBytes":1750000,"cacheCumulative":{"created":14,"hits":934,"evictions":0,"memoryWaits":0,"peakPending":5,"notifications":50},"cancelledPreparations":0,"peakWaitFrames":3,"pending":0,"blocked":"None:26,OpeningQueue:182","preparationServicePasses":4,"cpuCumulative":"FPS=27.5 TPS=85.3 worst execution/frame=16.785 ms managed heap=609.8 MiB GC=3/3/3\r\n  CPU Planning: n=5 sum=4.4 p50/p95/p99=0.046/4.198/4.198 max=4.198 ms\r\n  CPU Observation: n=1926 sum=144.9 p50/p95/p99=0.002/0.501/0.672 max=15.397 ms\r\n  CPU LocalMap: n=0 sum=0.0 p50/p95/p99=0.000/0.000/0.000 max=0.000 ms\r\n  CPU Formation: n=19 sum=1.8 p50/p95/p99=0.071/0.549/0.549 max=0.549 ms\r\n  CPU Orders: n=7841 sum=80.8 p50/p95/p99=0.009/0.012/0.193 max=0.436 ms\r\n  CPU Execution: n=1926 sum=367.4 p50/p95/p99=0.026/0.652/0.951 max=15.422 ms\r\n  CPU Navigation: n=1 sum=0.0 p50/p95/p99=0.020/0.020/0.020 max=0.020 ms\r\n  CPU BreachSearch: n=0 sum=0.0 p50/p95/p99=0.000/0.000/0.000 max=0.000 ms\r\n  CPU RouteSearch: n=0 sum=0.0 p50/p95/p99=0.000/0.000/0.000 max=0.000 ms\r\n  CPU OpeningQueue: n=636 sum=144.4 p50/p95/p99=0.233/0.275/0.375 max=0.512 ms\r\n  CPU GameTick: n=1204 sum=11068.6 p50/p95/p99=8.426/14.308/17.794 max=23.752 ms\r\n  CPU ExecutionMaintenance: n=20 sum=5.3 p50/p95/p99=0.247/0.344/0.463 max=0.463 ms\r\n  Goto request/start ticks: n=44 p50/p95/p99=0/0/229 max=229\r\n"}
"샤프" 백스터 tried to wear HD_Apparel_ZaperX26_Device79767 but is not allowed to.
"벅" 웰스 tried to wear HD_Apparel_ZaperX26_Device79940 but is not allowed to.
웨스트 tried to wear HD_Apparel_ZaperX26_Device80714 but is not allowed to.
프레드 tried to wear HD_Apparel_ZaperX26_Device81512 but is not allowed to.
"벅" 웰스 tried to wear HD_Apparel_ZaperX26_Device82006 but is not allowed to.
애먼다 tried to wear HD_Apparel_ZaperX26_Device82180 but is not allowed to.
"더스티" 웨스트 tried to wear HD_Apparel_ZaperX26_Device82963 but is not allowed to.
"스톰" 부스 tried to wear HD_Apparel_ZaperX26_Device83971 but is not allowed to.
"스톰" 백스터 tried to wear HD_Apparel_ZaperX26_Device84700 but is not allowed to.
애먼다 tried to wear HD_Apparel_ZaperX26_Device84873 but is not allowed to.
"블루" 브라운 tried to wear HD_Apparel_ZaperX26_Device85440 but is not allowed to.
"콜드아이" 에드워즈 tried to wear HD_Apparel_ZaperX26_Device86249 but is not allowed to.
"블루" 랜드리 tried to wear HD_Apparel_ZaperX26_Device86757 but is not allowed to.
"피닉스" 애덤스 tried to wear HD_Apparel_ZaperX26_Device86933 but is not allowed to.
아이삭 tried to wear HD_Apparel_ZaperX26_Device87725 but is not allowed to.
"블루" 드레이크 tried to wear HD_Apparel_ZaperX26_Device88739 but is not allowed to.
"더스티" 애들러 tried to wear HD_Apparel_ZaperX26_Device89711 but is not allowed to.
"블루" 워커 tried to wear HD_Apparel_ZaperX26_Device89896 but is not allowed to.
아이삭 tried to wear HD_Apparel_ZaperX26_Device90660 but is not allowed to.
"피닉스" 애덤스 tried to wear HD_Apparel_ZaperX26_Device91441 but is not allowed to.
"더스티" 랜드리 tried to wear HD_Apparel_ZaperX26_Device91943 but is not allowed to.
"스타" 맥케이 tried to wear HD_Apparel_ZaperX26_Device92117 but is not allowed to.
"로스트" 포터 tried to wear HD_Apparel_ZaperX26_Device92684 but is not allowed to.
"캐머" 엘리엇 tried to wear HD_Apparel_ZaperX26_Device93257 but is not allowed to.
"피닉스" 달튼 tried to wear HD_Apparel_ZaperX26_Device93746 but is not allowed to.
아이삭 tried to wear HD_Apparel_ZaperX26_Device93931 but is not allowed to.
"콜드아이" 셔만 tried to wear HD_Apparel_ZaperX26_Device94490 but is not allowed to.
"피닉스" 포드 tried to wear HD_Apparel_ZaperX26_Device95275 but is not allowed to.
"콜드아이" 스미스 tried to wear HD_Apparel_ZaperX26_Device95764 but is not allowed to.
"더스티" 블랙우드 tried to wear HD_Apparel_ZaperX26_Device95941 but is not allowed to.
"캐머" 포터 tried to wear HD_Apparel_ZaperX26_Device96954 but is not allowed to.
"캐머" 포드 tried to wear HD_Apparel_ZaperX26_Device97518 but is not allowed to.
"벅" 모리슨 tried to wear HD_Apparel_ZaperX26_Device98039 but is not allowed to.
"벅" 브랜드 tried to wear HD_Apparel_ZaperX26_Device98216 but is not allowed to.
"피닉스" 백스터 tried to wear HD_Apparel_ZaperX26_Device98776 but is not allowed to.
"피닉스" 콜만 tried to wear HD_Apparel_ZaperX26_Device99795 but is not allowed to.
프레드 tried to wear HD_Apparel_ZaperX26_Device100568 but is not allowed to.
"콜드아이" 테일러 tried to wear HD_Apparel_ZaperX26_Device100984 but is not allowed to.
"레드" 크로포드 tried to wear HD_Apparel_ZaperX26_Device101765 but is not allowed to.
"실버" 챔드윙 tried to wear HD_Apparel_ZaperX26_Device102319 but is not allowed to.
"블루" 브라운 tried to wear HD_Apparel_ZaperX26_Device103043 but is not allowed to.
Could not get new name (first rule pack: HD_NamerPersonHelod)
"더스티" 카터 tried to wear HD_Apparel_ZaperX26_Device103442 but is not allowed to.
"콜드아이" 챔드윙 tried to wear HD_Apparel_ZaperX26_Device103998 but is not allowed to.
"로스트" 플레처 tried to wear HD_Apparel_ZaperX26_Device104787 but is not allowed to.
"피닉스" 호프만 tried to wear HD_Apparel_ZaperX26_Device105308 but is not allowed to.
"럭키" 달튼 tried to wear HD_Apparel_ZaperX26_Device105482 but is not allowed to.
"하운드" 부스 tried to wear HD_Apparel_ZaperX26_Device106058 but is not allowed to.
"로스트" 에드워즈 tried to wear HD_Apparel_ZaperX26_Device106604 but is not allowed to.
"실버" 달튼 tried to wear HD_Apparel_ZaperX26_Device107338 but is not allowed to.
"캐머" 맥케이 tried to wear HD_Apparel_ZaperX26_Device107512 but is not allowed to.
"더스티" 웨스트 tried to wear HD_Apparel_ZaperX26_Device108341 but is not allowed to.
"벅" 호프만 tried to wear HD_Apparel_ZaperX26_Device109125 but is not allowed to.
"럭키" 플레처 tried to wear HD_Apparel_ZaperX26_Device110080 but is not allowed to.
"캐머" 달튼 tried to wear HD_Apparel_ZaperX26_Device110474 but is not allowed to.
"부츠" 피어스 tried to wear HD_Apparel_ZaperX26_Device111500 but is not allowed to.
"하운드" 호프만 tried to wear HD_Apparel_ZaperX26_Device112279 but is not allowed to.
"샤프" 크로포드 tried to wear HD_Apparel_ZaperX26_Device113267 but is not allowed to.
"레드" 애덤스 tried to wear HD_Apparel_ZaperX26_Device113444 but is not allowed to.
"하운드" 포드 tried to wear HD_Apparel_ZaperX26_Device114007 but is not allowed to.
"캐머" 웰스 tried to wear HD_Apparel_ZaperX26_Device114578 but is not allowed to.
"레드" 엘리엇 tried to wear HD_Apparel_ZaperX26_Device115317 but is not allowed to.
"피닉스" 웰스 tried to wear HD_Apparel_ZaperX26_Device115494 but is not allowed to.
"부츠" 블랙우드 tried to wear HD_Apparel_ZaperX26_Device116283 but is not allowed to.
"하운드" 파튼 tried to wear HD_Apparel_ZaperX26_Device117075 but is not allowed to.
"레드" 맥케이 tried to wear HD_Apparel_ZaperX26_Device117585 but is not allowed to.
"로스트" 피어스 tried to wear HD_Apparel_ZaperX26_Device117759 but is not allowed to.
"벅" 에드워즈 tried to wear HD_Apparel_ZaperX26_Device118327 but is not allowed to.
"럭키" 브라운 tried to wear HD_Apparel_ZaperX26_Device118899 but is not allowed to.
"럭키" 피어스 tried to wear HD_Apparel_ZaperX26_Device119402 but is not allowed to.
"피닉스" 애들러 tried to wear HD_Apparel_ZaperX26_Device119576 but is not allowed to.
"실버" 데이비스 tried to wear HD_Apparel_ZaperX26_Device120120 but is not allowed to.
"샤프" 챔드윙 tried to wear HD_Apparel_ZaperX26_Device120900 but is not allowed to.
"벅" 브랜드 tried to wear HD_Apparel_ZaperX26_Device121414 but is not allowed to.
"하운드" 파튼 tried to wear HD_Apparel_ZaperX26_Device121588 but is not allowed to.
"스톰" 웰스 tried to wear HD_Apparel_ZaperX26_Device122624 but is not allowed to.
"피닉스" 포드 tried to wear HD_Apparel_ZaperX26_Device123425 but is not allowed to.
Could not get new name (first rule pack: HD_NamerPersonHelod)
"하운드" 헌터 tried to wear HD_Apparel_ZaperX26_Device124612 but is not allowed to.
"캐머" 그린 tried to wear HD_Apparel_ZaperX26_Device124786 but is not allowed to.
"실버" 에드워즈 tried to wear HD_Apparel_ZaperX26_Device125341 but is not allowed to.
"블루" 위트만 tried to wear HD_Apparel_ZaperX26_Device126105 but is not allowed to.
"피닉스" 터너 tried to wear HD_Apparel_ZaperX26_Device126856 but is not allowed to.
"벅" 포드 tried to wear HD_Apparel_ZaperX26_Device127033 but is not allowed to.
"블루" 피셔 tried to wear HD_Apparel_ZaperX26_Device127587 but is not allowed to.
"부츠" 스미스 tried to wear HD_Apparel_ZaperX26_Device128363 but is not allowed to.
"블루" 브룩스 tried to wear HD_Apparel_ZaperX26_Device128879 but is not allowed to.
"피닉스" 로슨 tried to wear HD_Apparel_ZaperX26_Device129056 but is not allowed to.
"스타" 포터 tried to wear HD_Apparel_ZaperX26_Device129827 but is not allowed to.
"벅" 레이노즈 tried to wear HD_Apparel_ZaperX26_Device131067 but is not allowed to.
"더스티" 잭슨 tried to wear HD_Apparel_ZaperX26_Device131560 but is not allowed to.
"스타" 헌터 tried to wear HD_Apparel_ZaperX26_Device131745 but is not allowed to.
"콜드아이" 웰스 tried to wear HD_Apparel_ZaperX26_Device132319 but is not allowed to.
"샤프" 호프만 tried to wear HD_Apparel_ZaperX26_Device133096 but is not allowed to.
Could not get new name (first rule pack: HD_NamerPersonHelod)
모리슨 tried to wear HD_Apparel_ZaperX26_Device133597 but is not allowed to.
"피닉스" 케일 tried to wear HD_Apparel_ZaperX26_Device133772 but is not allowed to.
"스타" 바이네스 tried to wear HD_Apparel_ZaperX26_Device135031 but is not allowed to.
"샤프" 카터 tried to wear HD_Apparel_ZaperX26_Device135834 but is not allowed to.
"레드" 위트만 tried to wear HD_Apparel_ZaperX26_Device136829 but is not allowed to.
"로스트" 터너 tried to wear HD_Apparel_ZaperX26_Device137230 but is not allowed to.
"레드" 에드워즈 tried to wear HD_Apparel_ZaperX26_Device138007 but is not allowed to.
"스톰" 달튼 tried to wear HD_Apparel_ZaperX26_Device139019 but is not allowed to.
Could not get new name (first rule pack: HD_NamerPersonHelod)
"콜드아이" 부스 tried to wear HD_Apparel_ZaperX26_Device139541 but is not allowed to.
"더스티" 호프만 tried to wear HD_Apparel_ZaperX26_Device139718 but is not allowed to.
"럭키" 샌더스 tried to wear HD_Apparel_ZaperX26_Device140735 but is not allowed to.
"스톰" 포스터 tried to wear HD_Apparel_ZaperX26_Device141521 but is not allowed to.
"피닉스" 헌터 tried to wear HD_Apparel_ZaperX26_Device142263 but is not allowed to.
"샤프" 플레처 tried to wear HD_Apparel_ZaperX26_Device142448 but is not allowed to.
"블루" 엘리엇 tried to wear HD_Apparel_ZaperX26_Device143240 but is not allowed to.
"벅" 웰스 tried to wear HD_Apparel_ZaperX26_Device144020 but is not allowed to.
"레드" 로즈 tried to wear HD_Apparel_ZaperX26_Device144514 but is not allowed to.
"럭키" 웰스 tried to wear HD_Apparel_ZaperX26_Device144689 but is not allowed to.
"레드" 피어스 tried to wear HD_Apparel_ZaperX26_Device145245 but is not allowed to.
"벅" 브랜드 tried to wear HD_Apparel_ZaperX26_Device145798 but is not allowed to.
"로스트" 랜드리 tried to wear HD_Apparel_ZaperX26_Device146519 but is not allowed to.
"콜드아이" 부스 tried to wear HD_Apparel_ZaperX26_Device146696 but is not allowed to.
"스톰" 웰스 tried to wear HD_Apparel_ZaperX26_Device147721 but is not allowed to.
"더스티" 로즈 tried to wear HD_Apparel_ZaperX26_Device148265 but is not allowed to.
"로스트" 셔만 tried to wear HD_Apparel_ZaperX26_Device148996 but is not allowed to.
"피닉스" 레이노즈 tried to wear HD_Apparel_ZaperX26_Device149173 but is not allowed to.
"캐머" 로즈 tried to wear HD_Apparel_ZaperX26_Device149740 but is not allowed to.
"더스티" 애덤스 tried to wear HD_Apparel_ZaperX26_Device150518 but is not allowed to.
"부츠" 달튼 tried to wear HD_Apparel_ZaperX26_Device151257 but is not allowed to.
Could not get new name (first rule pack: HD_NamerPersonHelod)
"샤프" 애들러 tried to wear HD_Apparel_ZaperX26_Device151655 but is not allowed to.
"블루" 피셔 tried to wear HD_Apparel_ZaperX26_Device152207 but is not allowed to.
"레드" 잭슨 tried to wear HD_Apparel_ZaperX26_Device152773 but is not allowed to.
Raid audit case 19: count=403, tactical=True, speed=3
Raid audit sample: {"faction":"HD_HelodCivilHighFaction","actualPopulation":403,"mapFingerprint":"2DCA10EF6A532BA820CA2CFA41B18D21E564655193AC63E429759ED9D0135787","startPhases":"Assemble:31","radioOperators":403,"scenario":19,"population":400,"tactical":true,"speed":3,"TPS":27.694,"FPS":13.881,"moved":402,"alive":403,"warmupTicks":600,"sampleTicks":1200,"phases":"Assemble:30,WithdrawFromCharge:1","successfulPlans":31,"planningService":{"pending":0,"slices":5306,"completed":51,"discarded":2,"budgetStops":53,"maxSliceMs":10.328},"executionService":{"pending":31,"updates":8852,"urgent":0,"budgetStops":192,"maxDelayTicks":22,"oldestDelayTicks":0,"maxUnitMs":45.600},"orderReviews":{"count":38444,"maxDelayTicks":1},"unstartedMoves":"unstarted moves=10 max age=640 ticks reasons=DestinationReserved:8,RetryDelay:2","unstartedMoveDetails":"133246:Security#5 pos=(96, 0, 116) goal=(85, 0, 109) leg=Move/(85, 0, 109) job=Wait_Combat/null block=DestinationReserved age=640 pathGeneration=2 independent=False rejectedStep=(-1000, -1000, -1000)@-1 goalAllowed=True;131746:Approach#3 pos=(99, 0, 113) goal=(84, 0, 110) leg=Move/(84, 0, 110) job=Wait_Combat/null block=DestinationReserved age=640 pathGeneration=2 independent=False rejectedStep=(-1000, -1000, -1000)@-1 goalAllowed=True;131444:Approach#4 pos=(99, 0, 112) goal=(84, 0, 109) leg=Move/(84, 0, 109) job=Wait_Combat/null block=DestinationReserved age=640 pathGeneration=2 independent=False rejectedStep=(-1000, -1000, -1000)@-1 goalAllowed=True;131903:Approach#3 pos=(99, 0, 119) goal=(85, 0, 111) leg=Move/(85, 0, 111) job=Wait_Combat/null block=DestinationReserved age=640 pathGeneration=2 independent=False rejectedStep=(-1000, -1000, -1000)@-1 goalAllowed=True;132465:Approach#3 pos=(99, 0, 120) goal=(85, 0, 107) leg=Move/(85, 0, 107) job=Wait_Combat/null block=RetryDelay age=640 pathGeneration=2 independent=False rejectedStep=(-1000, -1000, -1000)@-1 goalAllowed=True;132320:Approach#3 pos=(99, 0, 117) goal=(84, 0, 111) leg=Move/(84, 0, 111) job=Wait_Combat/null block=DestinationReserved age=640 pathGeneration=2 independent=False rejectedStep=(-1000, -1000, -1000)@-1 goalAllowed=True;132688:Security#4 pos=(96, 0, 108) goal=(84, 0, 107) leg=Move/(84, 0, 107) job=Wait_Combat/null block=DestinationReserved age=640 pathGeneration=2 independent=False rejectedStep=(-1000, -1000, -1000)@-1 goalAllowed=True;132017:Approach#3 pos=(99, 0, 116) goal=(84, 0, 108) leg=Move/(84, 0, 108) job=Wait_Combat/null block=RetryDelay age=640 pathGeneration=2 independent=False rejectedStep=(-1000, -1000, -1000)@-1 goalAllowed=True;133358:Security#5 pos=(97, 0, 117) goal=(84, 0, 112) leg=Move/(84, 0, 112) job=Wait_Combat/null block=DestinationReserved age=640 pathGeneration=2 independent=False rejectedStep=(-1000, -1000, -1000)@-1 goalAllowed=True;132577:Security#4 pos=(97, 0, 116) goal=(83, 0, 112) leg=Move/(83, 0, 112) job=Wait_Combat/null block=DestinationReserved age=640 pathGeneration=2 independent=False rejectedStep=(-1000, -1000, -1000)@-1 goalAllowed=True","passageTraffic":{"waiting":0},"queueMaintenance":{"cleanupPasses":42,"leasePrunePasses":164},"planningWork":{"maxBreachChecks":1,"maxRouteSteps":37,"limitedPlans":0},"failedPlans":"","nativeBytes":2250000,"peakNativeBytes":2250000,"cacheCumulative":{"created":18,"hits":1693,"evictions":0,"memoryWaits":0,"peakPending":5,"notifications":65},"cancelledPreparations":0,"peakWaitFrames":3,"pending":0,"blocked":"OpeningQueue:390,DestinationReserved:8,None:3,RetryDelay:2","preparationServicePasses":2,"cpuCumulative":"FPS=13.9 TPS=27.7 worst execution/frame=8.108 ms managed heap=818.2 MiB GC=10/10/10\r\n  CPU Planning: n=0 sum=0.0 p50/p95/p99=0.000/0.000/0.000 max=0.000 ms\r\n  CPU Observation: n=3720 sum=381.5 p50/p95/p99=0.001/0.897/1.032 max=1.767 ms\r\n  CPU LocalMap: n=40 sum=11.6 p50/p95/p99=0.257/0.387/0.396 max=0.396 ms\r\n  CPU Formation: n=20 sum=1.9 p50/p95/p99=0.077/0.190/0.195 max=0.195 ms\r\n  CPU Orders: n=15630 sum=131.6 p50/p95/p99=0.009/0.011/0.015 max=0.303 ms\r\n  CPU Execution: n=3720 sum=794.6 p50/p95/p99=0.027/1.012/1.336 max=6.825 ms\r\n  CPU Navigation: n=0 sum=0.0 p50/p95/p99=0.000/0.000/0.000 max=0.000 ms\r\n  CPU BreachSearch: n=0 sum=0.0 p50/p95/p99=0.000/0.000/0.000 max=0.000 ms\r\n  CPU RouteSearch: n=0 sum=0.0 p50/p95/p99=0.000/0.000/0.000 max=0.000 ms\r\n  CPU OpeningQueue: n=1240 sum=278.5 p50/p95/p99=0.223/0.273/0.388 max=0.618 ms\r\n  CPU GameTick: n=1201 sum=27744.9 p50/p95/p99=21.260/34.669/41.195 max=58.978 ms\r\n  CPU ExecutionMaintenance: n=20 sum=10.6 p50/p95/p99=0.491/0.728/0.976 max=0.976 ms\r\n  Goto request/start ticks: n=3 p50/p95/p99=0/0/0 max=0\r\n"}
Raid audit case 15: count=0, tactical=True, speed=3
Raid audit sample: {"faction":"HD_HelodCivilHighFaction","actualPopulation":0,"mapFingerprint":"2DCA10EF6A532BA820CA2CFA41B18D21E564655193AC63E429759ED9D0135787","startPhases":"","radioOperators":0,"scenario":15,"population":0,"tactical":true,"speed":3,"TPS":134.883,"FPS":56.491,"moved":0,"alive":0,"warmupTicks":600,"sampleTicks":1200,"phases":"","successfulPlans":0,"planningService":{"pending":0,"slices":5306,"completed":51,"discarded":2,"budgetStops":53,"maxSliceMs":10.328},"executionService":{"pending":0,"updates":9021,"urgent":0,"budgetStops":192,"maxDelayTicks":22,"oldestDelayTicks":0,"maxUnitMs":45.600},"orderReviews":{"count":38847,"maxDelayTicks":1},"unstartedMoves":"unstarted moves=0 max age=0 ticks reasons=","unstartedMoveDetails":"","passageTraffic":{"waiting":0},"queueMaintenance":{"cleanupPasses":42,"leasePrunePasses":164},"planningWork":{"maxBreachChecks":0,"maxRouteSteps":0,"limitedPlans":0},"failedPlans":"","nativeBytes":2250000,"peakNativeBytes":2250000,"cacheCumulative":{"created":18,"hits":1693,"evictions":0,"memoryWaits":0,"peakPending":5,"notifications":65},"cancelledPreparations":0,"peakWaitFrames":3,"pending":0,"blocked":"","preparationServicePasses":0,"cpuCumulative":"FPS=56.5 TPS=135.1 worst execution/frame=0.000 ms managed heap=750.1 MiB GC=1/1/1\r\n  CPU Planning: n=0 sum=0.0 p50/p95/p99=0.000/0.000/0.000 max=0.000 ms\r\n  CPU Observation: n=0 sum=0.0 p50/p95/p99=0.000/0.000/0.000 max=0.000 ms\r\n  CPU LocalMap: n=0 sum=0.0 p50/p95/p99=0.000/0.000/0.000 max=0.000 ms\r\n  CPU Formation: n=0 sum=0.0 p50/p95/p99=0.000/0.000/0.000 max=0.000 ms\r\n  CPU Orders: n=0 sum=0.0 p50/p95/p99=0.000/0.000/0.000 max=0.000 ms\r\n  CPU Execution: n=0 sum=0.0 p50/p95/p99=0.000/0.000/0.000 max=0.000 ms\r\n  CPU Navigation: n=0 sum=0.0 p50/p95/p99=0.000/0.000/0.000 max=0.000 ms\r\n  CPU BreachSearch: n=0 sum=0.0 p50/p95/p99=0.000/0.000/0.000 max=0.000 ms\r\n  CPU RouteSearch: n=0 sum=0.0 p50/p95/p99=0.000/0.000/0.000 max=0.000 ms\r\n  CPU OpeningQueue: n=0 sum=0.0 p50/p95/p99=0.000/0.000/0.000 max=0.000 ms\r\n  CPU GameTick: n=1201 sum=3479.9 p50/p95/p99=2.867/3.769/4.296 max=11.813 ms\r\n  CPU ExecutionMaintenance: n=20 sum=0.4 p50/p95/p99=0.021/0.024/0.027 max=0.027 ms\r\n  Goto request/start ticks: n=0 p50/p95/p99=0/0/0 max=0\r\n"}
Memory Statistics:
[ALLOC_TEMP_TLS] TLS Allocator
  StackAllocators : 
    [ALLOC_TEMP_MAIN]
      Peak usage frame count: [0-1.0 KB]: 3610 frames, [1.0 KB-2.0 KB]: 4 frames, [2.0 KB-4.0 KB]: 4612 frames, [4.0 KB-8.0 KB]: 47 frames, [8.0 KB-16.0 KB]: 48 frames, [64.0 KB-128.0 KB]: 4 frames, [128.0 KB-256.0 KB]: 1 frames, [2.0 MB-4.0 MB]: 3 frames, [4.0 MB-8.0 MB]: 1 frames
      Initial Block Size 4.0 MB
      Current Block Size 4.1 MB
      Peak Allocated Bytes 4.1 MB
      Overflow Count 1
    [ALLOC_TEMP_Loading.AsyncRead]
      Initial Block Size 64.0 KB
      Current Block Size 120.0 KB
      Peak Allocated Bytes 117.2 KB
      Overflow Count 0
    [ALLOC_TEMP_Loading.PreloadManager]
      Initial Block Size 256.0 KB
      Current Block Size 256.0 KB
      Peak Allocated Bytes 3.8 KB
      Overflow Count 8
    [ALLOC_TEMP_Background Job.Worker 8]
      Initial Block Size 32.0 KB
      Current Block Size 32.0 KB
      Peak Allocated Bytes 54 B
      Overflow Count 0
    [ALLOC_TEMP_Job.Worker 6]
      Initial Block Size 256.0 KB
      Current Block Size 256.0 KB
      Peak Allocated Bytes 160 B
      Overflow Count 0
    [ALLOC_TEMP_Job.Worker 0]
      Initial Block Size 256.0 KB
      Current Block Size 256.0 KB
      Peak Allocated Bytes 160 B
      Overflow Count 0
    [ALLOC_TEMP_Background Job.Worker 10]
      Initial Block Size 32.0 KB
      Current Block Size 32.0 KB
      Peak Allocated Bytes 54 B
      Overflow Count 0
    [ALLOC_TEMP_Background Job.Worker 9]
      Initial Block Size 32.0 KB
      Current Block Size 32.0 KB
      Peak Allocated Bytes 54 B
      Overflow Count 0
    [ALLOC_TEMP_Job.Worker 5]
      Initial Block Size 256.0 KB
      Current Block Size 256.0 KB
      Peak Allocated Bytes 176 B
      Overflow Count 0
    [ALLOC_TEMP_Background Job.Worker 14]
      Initial Block Size 32.0 KB
      Current Block Size 32.0 KB
      Peak Allocated Bytes 54 B
      Overflow Count 0
    [ALLOC_TEMP_Background Job.Worker 6]
      Initial Block Size 32.0 KB
      Current Block Size 32.0 KB
      Peak Allocated Bytes 54 B
      Overflow Count 0
    [ALLOC_TEMP_Job.Worker 4]
      Initial Block Size 256.0 KB
      Current Block Size 256.0 KB
      Peak Allocated Bytes 160 B
      Overflow Count 0
    [ALLOC_TEMP_Job.Worker 3]
      Initial Block Size 256.0 KB
      Current Block Size 256.0 KB
      Peak Allocated Bytes 160 B
      Overflow Count 0
    [ALLOC_TEMP_Background Job.Worker 12]
      Initial Block Size 32.0 KB
      Current Block Size 32.0 KB
      Peak Allocated Bytes 54 B
      Overflow Count 0
    [ALLOC_TEMP_EnlightenWorker] x 6
      Initial Block Size 64.0 KB
      Current Block Size 64.0 KB
      Peak Allocated Bytes 54 B
      Overflow Count 0
    [ALLOC_TEMP_Background Job.Worker 15]
      Initial Block Size 32.0 KB
      Current Block Size 32.0 KB
      Peak Allocated Bytes 54 B
      Overflow Count 0
    [ALLOC_TEMP_Background Job.Worker 1]
      Initial Block Size 32.0 KB
      Current Block Size 32.0 KB
      Peak Allocated Bytes 54 B
      Overflow Count 0
    [ALLOC_TEMP_Background Job.Worker 2]
      Initial Block Size 32.0 KB
      Current Block Size 32.0 KB
      Peak Allocated Bytes 54 B
      Overflow Count 0
    [ALLOC_TEMP_Background Job.Worker 7]
      Initial Block Size 32.0 KB
      Current Block Size 32.0 KB
      Peak Allocated Bytes 54 B
      Overflow Count 0
    [ALLOC_TEMP_UnityGfxDeviceWorker]
      Initial Block Size 256.0 KB
      Current Block Size 256.0 KB
      Peak Allocated Bytes 10.3 KB
      Overflow Count 0
    [ALLOC_TEMP_AssetGarbageCollectorHelper] x 11
      Initial Block Size 64.0 KB
      Current Block Size 64.0 KB
      Peak Allocated Bytes 138 B
      Overflow Count 0
    [ALLOC_TEMP_Background Job.Worker 5]
      Initial Block Size 32.0 KB
      Current Block Size 32.0 KB
      Peak Allocated Bytes 54 B
      Overflow Count 0
    [ALLOC_TEMP_Job.Worker 9]
      Initial Block Size 256.0 KB
      Current Block Size 256.0 KB
      Peak Allocated Bytes 160 B
      Overflow Count 0
    [ALLOC_TEMP_Background Job.Worker 13]
      Initial Block Size 32.0 KB
      Current Block Size 32.0 KB
      Peak Allocated Bytes 54 B
      Overflow Count 0
    [ALLOC_TEMP_Job.Worker 8]
      Initial Block Size 256.0 KB
      Current Block Size 256.0 KB
      Peak Allocated Bytes 160 B
      Overflow Count 0
    [ALLOC_TEMP_Job.Worker 7]
      Initial Block Size 256.0 KB
      Current Block Size 256.0 KB
      Peak Allocated Bytes 176 B
      Overflow Count 0
    [ALLOC_TEMP_Job.Worker 1]
      Initial Block Size 256.0 KB
      Current Block Size 256.0 KB
      Peak Allocated Bytes 507 B
      Overflow Count 0
    [ALLOC_TEMP_Job.Worker 2]
      Initial Block Size 256.0 KB
      Current Block Size 256.0 KB
      Peak Allocated Bytes 480 B
      Overflow Count 0
    [ALLOC_TEMP_Background Job.Worker 3]
      Initial Block Size 32.0 KB
      Current Block Size 32.0 KB
      Peak Allocated Bytes 54 B
      Overflow Count 0
    [ALLOC_TEMP_Background Job.Worker 11]
      Initial Block Size 32.0 KB
      Current Block Size 32.0 KB
      Peak Allocated Bytes 54 B
      Overflow Count 0
    [ALLOC_TEMP_Job.Worker 10]
      Initial Block Size 256.0 KB
      Current Block Size 256.0 KB
      Peak Allocated Bytes 144 B
      Overflow Count 0
    [ALLOC_TEMP_Background Job.Worker 0]
      Initial Block Size 32.0 KB
      Current Block Size 32.0 KB
      Peak Allocated Bytes 54 B
      Overflow Count 0
    [ALLOC_TEMP_Background Job.Worker 4]
      Initial Block Size 32.0 KB
      Current Block Size 32.0 KB
      Peak Allocated Bytes 54 B
      Overflow Count 0
    [ALLOC_TEMP_BatchDeleteObjects]
      Initial Block Size 64.0 KB
      Current Block Size 64.0 KB
      Peak Allocated Bytes 54 B
      Overflow Count 0
[ALLOC_DEFAULT] Dual Thread Allocator
  Peak main deferred allocation count 42595
    [ALLOC_BUCKET]
      Large Block size 4.0 MB
      Used Block count 1
      Peak Allocated bytes 4.0 MB
      Failed Allocations. Bucket layout:
        16B: 4 Subsections = 4096 buckets. Failed count: 51693
        32B: 34 Subsections = 17408 buckets. Failed count: 97671
        48B: 49 Subsections = 16725 buckets. Failed count: 142172
        64B: 40 Subsections = 10240 buckets. Failed count: 44388
        80B: 85 Subsections = 17408 buckets. Failed count: 39025
        96B: 28 Subsections = 4778 buckets. Failed count: 45576
        112B: 10 Subsections = 1462 buckets. Failed count: 14347
        128B: 6 Subsections = 768 buckets. Failed count: 17689
    [ALLOC_DEFAULT_MAIN]
      Peak usage frame count: [16.0 MB-32.0 MB]: 1026 frames, [32.0 MB-64.0 MB]: 1 frames, [128.0 MB-256.0 MB]: 7303 frames
      Requested Block Size 16.0 MB
      Peak Block count 15
      Peak Allocated memory 246.6 MB
      Peak Large allocation bytes 31.2 MB
    [ALLOC_DEFAULT_THREAD]
      Peak usage frame count: [8.0 MB-16.0 MB]: 1135 frames, [16.0 MB-32.0 MB]: 24 frames, [32.0 MB-64.0 MB]: 2461 frames, [64.0 MB-128.0 MB]: 4710 frames
      Requested Block Size 16.0 MB
      Peak Block count 6
      Peak Allocated memory 79.5 MB
      Peak Large allocation bytes 10.0 MB
[ALLOC_TEMP_JOB_1_FRAME]
  Initial Block Size 2.0 MB
  Used Block Count 0
  Overflow Count (too large) 0
  Overflow Count (full) 0
[ALLOC_TEMP_JOB_2_FRAMES]
  Initial Block Size 2.0 MB
  Used Block Count 0
  Overflow Count (too large) 0
  Overflow Count (full) 0
[ALLOC_TEMP_JOB_4_FRAMES (JobTemp)]
  Initial Block Size 2.0 MB
  Used Block Count 1
  Overflow Count (too large) 0
  Overflow Count (full) 0
[ALLOC_TEMP_JOB_ASYNC (Background)]
  Initial Block Size 1.0 MB
  Used Block Count 1
  Overflow Count (too large) 0
  Overflow Count (full) 0
[ALLOC_GFX] Dual Thread Allocator
  Peak main deferred allocation count 44
    [ALLOC_BUCKET]
      Large Block size 4.0 MB
      Used Block count 1
      Peak Allocated bytes 4.0 MB
      Failed Allocations. Bucket layout:
        16B: 4 Subsections = 4096 buckets. Failed count: 51693
        32B: 34 Subsections = 17408 buckets. Failed count: 97671
        48B: 49 Subsections = 16725 buckets. Failed count: 142172
        64B: 40 Subsections = 10240 buckets. Failed count: 44388
        80B: 85 Subsections = 17408 buckets. Failed count: 39025
        96B: 28 Subsections = 4778 buckets. Failed count: 45576
        112B: 10 Subsections = 1462 buckets. Failed count: 14347
        128B: 6 Subsections = 768 buckets. Failed count: 17689
    [ALLOC_GFX_MAIN]
      Peak usage frame count: [64.0 KB-128.0 KB]: 1 frames, [2.0 MB-4.0 MB]: 3618 frames, [32.0 MB-64.0 MB]: 4710 frames, [256.0 MB-0.50 GB]: 1 frames
      Requested Block Size 16.0 MB
      Peak Block count 4
      Peak Allocated memory 387.1 MB
      Peak Large allocation bytes 383.6 MB
    [ALLOC_GFX_THREAD]
      Peak usage frame count: [0-1.0 KB]: 1029 frames, [1.0 KB-2.0 KB]: 2591 frames, [8.0 KB-16.0 KB]: 1 frames, [32.0 KB-64.0 KB]: 3966 frames, [64.0 KB-128.0 KB]: 743 frames
      Requested Block Size 16.0 MB
      Peak Block count 1
      Peak Allocated memory 65.8 KB
      Peak Large allocation bytes 0 B
[ALLOC_CACHEOBJECTS] Dual Thread Allocator
  Peak main deferred allocation count 109
    [ALLOC_BUCKET]
      Large Block size 4.0 MB
      Used Block count 1
      Peak Allocated bytes 4.0 MB
      Failed Allocations. Bucket layout:
        16B: 4 Subsections = 4096 buckets. Failed count: 51693
        32B: 34 Subsections = 17408 buckets. Failed count: 97671
        48B: 49 Subsections = 16725 buckets. Failed count: 142172
        64B: 40 Subsections = 10240 buckets. Failed count: 44388
        80B: 85 Subsections = 17408 buckets. Failed count: 39025
        96B: 28 Subsections = 4778 buckets. Failed count: 45576
        112B: 10 Subsections = 1462 buckets. Failed count: 14347
        128B: 6 Subsections = 768 buckets. Failed count: 17689
    [ALLOC_CACHEOBJECTS_MAIN]
      Peak usage frame count: [4.0 MB-8.0 MB]: 1 frames, [8.0 MB-16.0 MB]: 1026 frames, [16.0 MB-32.0 MB]: 7303 frames
      Requested Block Size 4.0 MB
      Peak Block count 5
      Peak Allocated memory 17.2 MB
      Peak Large allocation bytes 0 B
    [ALLOC_CACHEOBJECTS_THREAD]
      Peak usage frame count: [4.0 KB-8.0 KB]: 1026 frames, [32.0 KB-64.0 KB]: 1 frames, [64.0 KB-128.0 KB]: 7301 frames, [256.0 KB-0.5 MB]: 1 frames, [0.5 MB-1.0 MB]: 1 frames
      Requested Block Size 4.0 MB
      Peak Block count 1
      Peak Allocated memory 0.6 MB
      Peak Large allocation bytes 0 B
[ALLOC_TYPETREE] Dual Thread Allocator
  Peak main deferred allocation count 0
    [ALLOC_BUCKET]
      Large Block size 4.0 MB
      Used Block count 1
      Peak Allocated bytes 4.0 MB
      Failed Allocations. Bucket layout:
        16B: 4 Subsections = 4096 buckets. Failed count: 51693
        32B: 34 Subsections = 17408 buckets. Failed count: 97671
        48B: 49 Subsections = 16725 buckets. Failed count: 142172
        64B: 40 Subsections = 10240 buckets. Failed count: 44388
        80B: 85 Subsections = 17408 buckets. Failed count: 39025
        96B: 28 Subsections = 4778 buckets. Failed count: 45576
        112B: 10 Subsections = 1462 buckets. Failed count: 14347
        128B: 6 Subsections = 768 buckets. Failed count: 17689
    [ALLOC_TYPETREE_MAIN]
      Peak usage frame count: [4.0 KB-8.0 KB]: 1 frames, [8.0 KB-16.0 KB]: 1026 frames, [32.0 KB-64.0 KB]: 7303 frames
      Requested Block Size 2.0 MB
      Peak Block count 1
      Peak Allocated memory 49.8 KB
      Peak Large allocation bytes 0 B
    [ALLOC_TYPETREE_THREAD]
      Peak usage frame count: [0-1.0 KB]: 8330 frames
      Requested Block Size 2.0 MB
      Peak Block count 0
      Peak Allocated memory 0 B
      Peak Large allocation bytes 0 B
