Mono path[0] = 'C:/Program Files (x86)/Steam/steamapps/common/RimWorld/RimWorldWin64_Data/Managed'
Mono config path = 'C:/Program Files (x86)/Steam/steamapps/common/RimWorld/MonoBleedingEdge/etc'
[PhysX] Initialized MultithreadedTaskDispatcher with 12 workers.
Initialize engine version: 2022.3.35f1 (011206c7a712)
[Subsystems] Discovering subsystems at path C:/Program Files (x86)/Steam/steamapps/common/RimWorld/RimWorldWin64_Data/UnitySubsystems
GfxDevice: creating device client; threaded=1; jobified=0
Direct3D:
    Version:  Direct3D 11.0 [level 11.1]
    Renderer: NVIDIA GeForce RTX 3070 (ID=0x2484)
    Vendor:   NVIDIA
    VRAM:     8018 MB
    Driver:   32.0.15.9579
Begin MonoManager ReloadAssembly
- Loaded All Assemblies, in  0.141 seconds
- Finished resetting the current domain, in  0.001 seconds
<RI> Initializing input.
<RI> Input initialized.
<RI> Initialized touch support.
[PhysX] Initialized MultithreadedTaskDispatcher with 12 workers.
UnloadTime: 0.746100 ms
Command line arguments: -quicktest -savedatafolder=C:\Users\Public\Documents\ESTsoft\CreatorTemp\hd-tactical-analysis\support-low -hdRaidMovementAudit=C:\Users\Public\Documents\ESTsoft\CreatorTemp\hd-tactical-analysis\support-low\measurements.ndjson -hdRaidMovementAuditCases=16,19,15 -hdRaidMovementAuditSeed=hd-perf-20261007 -hdRaidMovementAuditLow=true -hdRaidMovementAuditWarmup=600 -hdRaidMovementAuditSample=1200 -hdRaidMovementAuditFunctionalDisabled=true -hdRaidSpawnAuditDisabled=true -hdMethodProfile=C:\Users\Public\Documents\ESTsoft\CreatorTemp\hd-tactical-analysis\support-low\profiles -hdMethodProfileCpu=true -hdMethodProfileAuto=true -hdMethodProfilePreset=coarse -hdMethodProfileTargets=Helodrace.MapComponent_RaidTacticalExecution::RecentRoomContact;Helodrace.MapComponent_RaidTacticalExecution::EnsureOpeningObserver;Helodrace.MapComponent_RaidTacticalExecution::CancelOpeningObservation;Helodrace.MapComponent_RaidTacticalExecution::IsOpeningDoorCell;Helodrace.MapComponent_RaidTacticalExecution::OpeningRoomContains;Helodrace.MapComponent_RaidTacticalExecution::CurrentTicket;Helodrace.MapComponent_RaidTacticalExecution::RegisterUnit;Helodrace.MapComponent_RaidTacticalExecution::ConnectedIngressCells;Helodrace.MapComponent_RaidTacticalExecution::RememberExteriorIngress;Helodrace.MapComponent_RaidTacticalExecution::ActiveExteriorIngress;Helodrace.MapComponent_RaidTacticalExecution::IngressOpeningAvailable;Helodrace.MapComponent_RaidTacticalExecution::OtherFormationCells;Helodrace.MapComponent_RaidTacticalExecution::RetargetBlockedStackMembers;Helodrace.MapComponent_RaidTacticalExecution::ConnectionRoom;Helodrace.MapComponent_RaidTacticalExecution::TransitMouth;Helodrace.MapComponent_RaidTacticalExecution::FreeIngressClaim;Helodrace.MapComponent_RaidTacticalExecution::ReleaseIngressTraffic;Helodrace.MapComponent_RaidTacticalExecution::RememberTransitMouth;Helodrace.MapComponent_RaidTacticalExecution::PrunePassageTraffic;Helodrace.MapComponent_RaidTacticalExecution::TryEmergencyFleeDestination;Helodrace.MapComponent_RaidTacticalExecution::NotifySupportRequested;Helodrace.MapComponent_RaidTacticalExecution::GunRange;Helodrace.MapComponent_RaidTacticalExecution::CoverReactiveTeam;Helodrace.MapComponent_RaidTacticalExecution::PauseReaction;Helodrace.MapComponent_RaidTacticalExecution::ValidReactiveCell;Helodrace.MapComponent_RaidTacticalExecution::ExplosionAim;Helodrace.MapComponent_RaidTacticalExecution::ExplosionRadius;Helodrace.MapComponent_RaidTacticalExecution::ExposedToExplosion;Helodrace.MapComponent_RaidTacticalExecution::WaitForSharedOpening;Helodrace.MapComponent_RaidTacticalExecution::ReleaseOpeningQueue;Helodrace.MapComponent_RaidTacticalExecution::PlanSmokeFormation;Helodrace.MapComponent_RaidTacticalExecution::CanStageSmokeThrow;Helodrace.MapComponent_RaidTacticalExecution::PreparePlannedSmoke;Helodrace.MapComponent_RaidTacticalExecution::SmokeTeam;Helodrace.MapComponent_RaidTacticalExecution::Status;Helodrace.MapComponent_RaidTacticalExecution::ActivePlanFor;Helodrace.MapComponent_RaidTacticalExecution::StructureFor;Helodrace.MapComponent_RaidTacticalExecution::ControlsPawn;Helodrace.MapComponent_RaidTacticalExecution::OwnsAssignment;Helodrace.MapComponent_RaidTacticalExecution::SupportStatusFor;Helodrace.MapComponent_RaidTacticalExecution::StateFor;Helodrace.MapComponent_RaidTacticalExecution::NotifySupportLaunched;Helodrace.MapComponent_RaidTacticalExecution::ReturnSupportThrower;Helodrace.MapComponent_RaidTacticalExecution::TrySupportFleeDestination;Helodrace.MapComponent_RaidTacticalExecution::SupportEffectsPending;Helodrace.MapComponent_RaidTacticalExecution::SafeSupportThrow;Helodrace.RaidCqbKnowledge::KnownPassablePortals;Helodrace.RaidCqbKnowledge::Read;Helodrace.RaidCqbKnowledge::ReplaceEntry;Helodrace.RaidCqbKnowledge::RememberDirect;Helodrace.RaidCqbKnowledge::Receive;Helodrace.RaidPawnCommand::Assign;Helodrace.MapComponent_RaidTacticalPlans::InvalidateDecision;Helodrace.MapComponent_RaidTacticalPlans::GetPlan;Helodrace.MapComponent_RaidTacticalPlans::Signature -logFile C:\Users\Public\Documents\ESTsoft\CreatorTemp\hd-tactical-analysis\support-low\Player.log -screen-width 800 -screen-height 600 -screen-fullscreen 0
RimWorld 1.6.4871 rev591
Save data folder overridden to C:\Users\Public\Documents\ESTsoft\CreatorTemp\hd-tactical-analysis\support-low
Mod Helodrace - Combat Extended dependency (BlueBackedFish.Helodrace.Main) needs to have <downloadUrl> and/or <steamWorkshopUrl> specified.
Mod Helodrace - Facial Animation dependency (Nals.FacialAnimation) needs to have <downloadUrl> and/or <steamWorkshopUrl> specified.
Mod Helodrace - Facial Animation dependency (BlueBackedFish.Helodrace.Main) needs to have <downloadUrl> and/or <steamWorkshopUrl> specified.
Mod Helodrace - Lobos Arsenal dependency (bluebackedfish.helodrace.main) needs to have <downloadUrl> and/or <steamWorkshopUrl> specified.
Mod Helodrace - Lobos Arsenal dependency (smashphil.vehicleframework) needs to have <downloadUrl> and/or <steamWorkshopUrl> specified.
Mod Kilo's RJW retexture dependency (rim.job.world) needs to have <downloadUrl> and/or <steamWorkshopUrl> specified.
Mod RJW-SexSlaveCraft dependency (rim.job.world) needs to have <downloadUrl> and/or <steamWorkshopUrl> specified.
Mod RJW-SexSlaveCraft dependency (brrainz.harmony) needs to have <downloadUrl> and/or <steamWorkshopUrl> specified.
Mod Mechanoid Milk dependency (brrainz.harmony) needs to have <downloadUrl> and/or <steamWorkshopUrl> specified.
Mod RimTalk+The Forbbiden One dependency (rim.job.world) needs to have <downloadUrl> and/or <steamWorkshopUrl> specified.
Mod Maidnoid CE Patch dependency (silversol.consti) needs to have <downloadUrl> and/or <steamWorkshopUrl> specified.
Mod Maidnoid CE Patch dependency (CETeam.CombatExtended) needs to have <downloadUrl> and/or <steamWorkshopUrl> specified.
Mod RimThunder - Westline Green (CE Edition) dependency (CETeam.CombatExtended) needs to have <downloadUrl> and/or <steamWorkshopUrl> specified.
Mod RimThunder - Westline Green (CE Edition) dependency (SmashPhil.VehicleFramework) needs to have <downloadUrl> and/or <steamWorkshopUrl> specified.
Mod Wood's Muzzle Flash for Cinders of the Embergarden has a dependency (issaczhuang.muzzleflash) with empty display name.
Mod Wood's Muzzle Flash for Cinders of the Embergarden dependency (issaczhuang.muzzleflash) needs to have <downloadUrl> and/or <steamWorkshopUrl> specified.
Mod Wood's Muzzle Flash for Cinders of the Embergarden has a dependency (BreadMo.Cinders) with empty display name.
Mod Wood's Muzzle Flash for Cinders of the Embergarden dependency (BreadMo.Cinders) needs to have <downloadUrl> and/or <steamWorkshopUrl> specified.
Mod korossa CE patch dependency (gyun.0.6.3.1) needs to have <downloadUrl> and/or <steamWorkshopUrl> specified.
Fallback handler could not load library C:/Program Files (x86)/Steam/steamapps/common/RimWorld/RimWorldWin64_Data/MonoBleedingEdge/data-0000017124913A80.dll
Fallback handler could not load library C:/Program Files (x86)/Steam/steamapps/common/RimWorld/RimWorldWin64_Data/MonoBleedingEdge/data-0000017124B931B0.dll
Helodrace Mod loaded.
Tried to load duplicate UnityEngine.Texture2D with path: FilesystemFile [C:\Program Files (x86)\Steam\steamapps\common\RimWorld\Mods\HelodRace-Main\Textures\Helod\Bodies\Naked_Baby_east.psd], Length 285496 and internal path: Helod/Bodies/Naked_Baby_east
Tried to load duplicate UnityEngine.Texture2D with path: FilesystemFile [C:\Program Files (x86)\Steam\steamapps\common\RimWorld\Mods\HelodRace-Main\Textures\Helod\Bodies\Naked_Baby_north.psd], Length 226210 and internal path: Helod/Bodies/Naked_Baby_north
Tried to load duplicate UnityEngine.Texture2D with path: FilesystemFile [C:\Program Files (x86)\Steam\steamapps\common\RimWorld\Mods\HelodRace-Main\Textures\Helod\Bodies\Naked_Baby_south.psd], Length 294172 and internal path: Helod/Bodies/Naked_Baby_south
Tried to load duplicate UnityEngine.Texture2D with path: FilesystemFile [C:\Program Files (x86)\Steam\steamapps\common\RimWorld\Mods\HelodRace-Main\Textures\Helod\Bodies\Naked_Child_east.psd], Length 665302 and internal path: Helod/Bodies/Naked_Child_east
Tried to load duplicate UnityEngine.Texture2D with path: FilesystemFile [C:\Program Files (x86)\Steam\steamapps\common\RimWorld\Mods\HelodRace-Main\Textures\Helod\Bodies\Naked_Child_north.psd], Length 748750 and internal path: Helod/Bodies/Naked_Child_north
Tried to load duplicate UnityEngine.Texture2D with path: FilesystemFile [C:\Program Files (x86)\Steam\steamapps\common\RimWorld\Mods\HelodRace-Main\Textures\Helod\Bodies\Naked_Child_south.psd], Length 570863 and internal path: Helod/Bodies/Naked_Child_south
Tried to load duplicate UnityEngine.Texture2D with path: FilesystemFile [C:\Program Files (x86)\Steam\steamapps\common\RimWorld\Mods\HelodRace-Main\Textures\Helod\Bodies\Naked_Female_east.psd], Length 12273496 and internal path: Helod/Bodies/Naked_Female_east
Tried to load duplicate UnityEngine.Texture2D with path: FilesystemFile [C:\Program Files (x86)\Steam\steamapps\common\RimWorld\Mods\HelodRace-Main\Textures\Helod\Bodies\Naked_Female_north.psd], Length 11639899 and internal path: Helod/Bodies/Naked_Female_north
Tried to load duplicate UnityEngine.Texture2D with path: FilesystemFile [C:\Program Files (x86)\Steam\steamapps\common\RimWorld\Mods\HelodRace-Main\Textures\Helod\Bodies\Naked_Female_south.psd], Length 12147713 and internal path: Helod/Bodies/Naked_Female_south
Tried to load duplicate UnityEngine.Texture2D with path: FilesystemFile [C:\Program Files (x86)\Steam\steamapps\common\RimWorld\Mods\HelodRace-Main\Textures\Helod\Hair\헤롤드 헤어_east.psd], Length 8518682 and internal path: Helod/Hair/헤롤드 헤어_east
Tried to load duplicate UnityEngine.Texture2D with path: FilesystemFile [C:\Program Files (x86)\Steam\steamapps\common\RimWorld\Mods\HelodRace-Main\Textures\Helod\Tails\HelodTail_Baby_east.psd], Length 66566 and internal path: Helod/Tails/HelodTail_Baby_east
Tried to load duplicate UnityEngine.Texture2D with path: FilesystemFile [C:\Program Files (x86)\Steam\steamapps\common\RimWorld\Mods\HelodRace-Main\Textures\Helod\Tails\HelodTail_Baby_north.psd], Length 138604 and internal path: Helod/Tails/HelodTail_Baby_north
Tried to load duplicate UnityEngine.Texture2D with path: FilesystemFile [C:\Program Files (x86)\Steam\steamapps\common\RimWorld\Mods\HelodRace-Main\Textures\Helod\Tails\HelodTail_Baby_south.psd], Length 133706 and internal path: Helod/Tails/HelodTail_Baby_south
Tried to load duplicate UnityEngine.Texture2D with path: FilesystemFile [C:\Program Files (x86)\Steam\steamapps\common\RimWorld\Mods\HelodRace-Main\Textures\Helod\Tails\HelodTail_Child_east.psd], Length 307461 and internal path: Helod/Tails/HelodTail_Child_east
Tried to load duplicate UnityEngine.Texture2D with path: FilesystemFile [C:\Program Files (x86)\Steam\steamapps\common\RimWorld\Mods\HelodRace-Main\Textures\Helod\Tails\HelodTail_Child_north.psd], Length 248350 and internal path: Helod/Tails/HelodTail_Child_north
Tried to load duplicate UnityEngine.Texture2D with path: FilesystemFile [C:\Program Files (x86)\Steam\steamapps\common\RimWorld\Mods\HelodRace-Main\Textures\Helod\Tails\HelodTail_Child_south.psd], Length 218174 and internal path: Helod/Tails/HelodTail_Child_south
Tried to load duplicate UnityEngine.Texture2D with path: FilesystemFile [C:\Program Files (x86)\Steam\steamapps\common\RimWorld\Mods\HelodRace-Main\Textures\Helod\Tails\HelodTail_east.psd], Length 172600 and internal path: Helod/Tails/HelodTail_east
Tried to load duplicate UnityEngine.Texture2D with path: FilesystemFile [C:\Program Files (x86)\Steam\steamapps\common\RimWorld\Mods\HelodRace-Main\Textures\Helod\Tails\HelodTail_north.psd], Length 167307 and internal path: Helod/Tails/HelodTail_north
Tried to load duplicate UnityEngine.Texture2D with path: FilesystemFile [C:\Program Files (x86)\Steam\steamapps\common\RimWorld\Mods\HelodRace-Main\Textures\Helod\Tails\HelodTail_south.psd], Length 144266 and internal path: Helod/Tails/HelodTail_south
Tried to load duplicate UnityEngine.Texture2D with path: FilesystemFile [C:\Program Files (x86)\Steam\steamapps\common\RimWorld\Mods\HelodRace-Main\Textures\Helod\Ears\Left\Ear1Left_east.psd], Length 250880 and internal path: Helod/Ears/Left/Ear1Left_east
Tried to load duplicate UnityEngine.Texture2D with path: FilesystemFile [C:\Program Files (x86)\Steam\steamapps\common\RimWorld\Mods\HelodRace-Main\Textures\Helod\Ears\Left\Ear1Left_north.psd], Length 177974 and internal path: Helod/Ears/Left/Ear1Left_north
Tried to load duplicate UnityEngine.Texture2D with path: FilesystemFile [C:\Program Files (x86)\Steam\steamapps\common\RimWorld\Mods\HelodRace-Main\Textures\Helod\Ears\Left\Ear1Left_south.psd], Length 249351 and internal path: Helod/Ears/Left/Ear1Left_south
Tried to load duplicate UnityEngine.Texture2D with path: FilesystemFile [C:\Program Files (x86)\Steam\steamapps\common\RimWorld\Mods\HelodRace-Main\Textures\Helod\Ears\Right\Ear1Right_east.psd], Length 200309 and internal path: Helod/Ears/Right/Ear1Right_east
Tried to load duplicate UnityEngine.Texture2D with path: FilesystemFile [C:\Program Files (x86)\Steam\steamapps\common\RimWorld\Mods\HelodRace-Main\Textures\Helod\VanillaApparel\WarMask\WarMask_east.psd], Length 42343 and internal path: Helod/VanillaApparel/WarMask/WarMask_east
Tried to load duplicate UnityEngine.Texture2D with path: FilesystemFile [C:\Program Files (x86)\Steam\steamapps\common\RimWorld\Mods\HelodRace-Main\Textures\Helod\VanillaApparel\WarMask\WarMask_north.psd], Length 44570 and internal path: Helod/VanillaApparel/WarMask/WarMask_north
Tried to load duplicate UnityEngine.Texture2D with path: FilesystemFile [C:\Program Files (x86)\Steam\steamapps\common\RimWorld\Mods\HelodRace-Main\Textures\Helod\VanillaApparel\WarMask\WarMask_south.psd], Length 49701 and internal path: Helod/VanillaApparel/WarMask/WarMask_south
Tried to load duplicate UnityEngine.Texture2D with path: FilesystemFile [C:\Program Files (x86)\Steam\steamapps\common\RimWorld\Mods\HelodRace-Main\Textures\Helod\VanillaApparel\Royalty\BroadshieldPack\BroadshieldPack_east.psd], Length 107860 and internal path: Helod/VanillaApparel/Royalty/BroadshieldPack/BroadshieldPack_east
Tried to load duplicate UnityEngine.Texture2D with path: FilesystemFile [C:\Program Files (x86)\Steam\steamapps\common\RimWorld\Mods\HelodRace-Main\Textures\Helod\VanillaApparel\Royalty\CorsetRoyal\CorsetRoyal_Female_east.psd], Length 34097 and internal path: Helod/VanillaApparel/Royalty/CorsetRoyal/CorsetRoyal_Female_east
Tried to load duplicate UnityEngine.Texture2D with path: FilesystemFile [C:\Program Files (x86)\Steam\steamapps\common\RimWorld\Mods\HelodRace-Main\Textures\Helod\VanillaApparel\Royalty\CorsetRoyal\CorsetRoyal_Female_north.psd], Length 36637 and internal path: Helod/VanillaApparel/Royalty/CorsetRoyal/CorsetRoyal_Female_north
Tried to load duplicate UnityEngine.Texture2D with path: FilesystemFile [C:\Program Files (x86)\Steam\steamapps\common\RimWorld\Mods\HelodRace-Main\Textures\Helod\VanillaApparel\Royalty\CorsetRoyal\CorsetRoyal_Female_south.psd], Length 35355 and internal path: Helod/VanillaApparel/Royalty/CorsetRoyal/CorsetRoyal_Female_south
Tried to load duplicate UnityEngine.Texture2D with path: FilesystemFile [C:\Program Files (x86)\Steam\steamapps\common\RimWorld\Mods\HelodRace-Main\Textures\Helod\VanillaApparel\Royalty\Crown\Crown_east.psd], Length 41419 and internal path: Helod/VanillaApparel/Royalty/Crown/Crown_east
Tried to load duplicate UnityEngine.Texture2D with path: FilesystemFile [C:\Program Files (x86)\Steam\steamapps\common\RimWorld\Mods\HelodRace-Main\Textures\Helod\VanillaApparel\Royalty\Crown\Crown_north.psd], Length 41325 and internal path: Helod/VanillaApparel/Royalty/Crown/Crown_north
Tried to load duplicate UnityEngine.Texture2D with path: FilesystemFile [C:\Program Files (x86)\Steam\steamapps\common\RimWorld\Mods\HelodRace-Main\Textures\Helod\VanillaApparel\Royalty\Crown\Crown_south.psd], Length 40081 and internal path: Helod/VanillaApparel/Royalty/Crown/Crown_south
Tried to load duplicate UnityEngine.Texture2D with path: FilesystemFile [C:\Program Files (x86)\Steam\steamapps\common\RimWorld\Mods\HelodRace-Main\Textures\Helod\VanillaApparel\Royalty\CrownStellic\CrownStellic_east.psd], Length 46723 and internal path: Helod/VanillaApparel/Royalty/CrownStellic/CrownStellic_east
Tried to load duplicate UnityEngine.Texture2D with path: FilesystemFile [C:\Program Files (x86)\Steam\steamapps\common\RimWorld\Mods\HelodRace-Main\Textures\Helod\VanillaApparel\Royalty\CrownStellic\CrownStellic_north.psd], Length 67651 and internal path: Helod/VanillaApparel/Royalty/CrownStellic/CrownStellic_north
Tried to load duplicate UnityEngine.Texture2D with path: FilesystemFile [C:\Program Files (x86)\Steam\steamapps\common\RimWorld\Mods\HelodRace-Main\Textures\Helod\VanillaApparel\Royalty\CrownStellic\CrownStellic_south.psd], Length 62684 and internal path: Helod/VanillaApparel/Royalty/CrownStellic/CrownStellic_south
Could not load Texture2D at 'Weapons/Modular/Ammunition/HD_Ammunition_556M855A1_Ammo' for def 'HD_ModularPart_Ammunition_762M80_Part' in any active mod or in base resources.
MatFrom with null sourceTex.
Could not load Texture2D at 'Weapons/Modular/Ammunition/HD_Ammunition_919M882_Ammo' for def 'HD_ModularPart_Ammunition_919M882_P320_Part' in any active mod or in base resources.
MatFrom with null sourceTex.
Could not load Texture2D at 'Weapons/Modular/Ammunition/HD_Ammunition_556M855A1_Ammo' for def 'HD_Ammunition_556M855A1_Ammo' in any active mod or in base resources.
MatFrom with null sourceTex.
Could not load Texture2D at 'Weapons/Modular/Ammunition/HD_Ammunition_919M882_Ammo' for def 'HD_Ammunition_919M882_Ammo' in any active mod or in base resources.
MatFrom with null sourceTex.
Could not load Texture2D at 'Weapons/Modular/Ammunition/HD_Ammunition_76251M80A1_Ammo' for def 'HD_Ammunition_76251M80A1_Ammo' in any active mod or in base resources.
MatFrom with null sourceTex.
[Helodrace] Standalone race initialized: 9 heads, 41 apparel graphics, 133 operations.
[HD Cigarette] diagnostics enabled. DrawCarriedThing prefix active=True, assembly=C:\Program Files (x86)\Steam\steamapps\common\RimWorld\Mods\HelodRace-Main\Assemblies\Helodrace.dll
Helodrace initialized. Removed quality comp from 39 Helodrace guns.
Unloading 5 Unused Serialized files (Serialized files now loaded: 5)
Unloading 135 unused Assets to reduce memory usage. Loaded Objects now: 29115.
Total: 238.417600 ms (FindLiveObjects: 1.213700 ms CreateObjectMapping: 2.163700 ms MarkObjects: 234.615200 ms  DeleteObjects: 0.424900 ms)

Unloading 3 Unused Serialized files (Serialized files now loaded: 5)
[PhysX] Initialized MultithreadedTaskDispatcher with 12 workers.
UnloadTime: 0.933200 ms
Unloading 2 unused Assets to reduce memory usage. Loaded Objects now: 29139.
Total: 240.553200 ms (FindLiveObjects: 1.222900 ms CreateObjectMapping: 2.115300 ms MarkObjects: 237.158200 ms  DeleteObjects: 0.056400 ms)

Initializing new game with mods:
  - brrainz.harmony
  - Ludeon.RimWorld
  - Ludeon.RimWorld.Royalty
  - Ludeon.RimWorld.Ideology
  - Ludeon.RimWorld.Biotech
  - Ludeon.RimWorld.Anomaly
  - Ludeon.RimWorld.Odyssey
  - BlueBackedFish.Helodrace.Main
Unloading 1 Unused Serialized files (Serialized files now loaded: 5)
Unloading 1 unused Assets to reduce memory usage. Loaded Objects now: 35703.
Total: 233.596300 ms (FindLiveObjects: 1.480500 ms CreateObjectMapping: 2.767700 ms MarkObjects: 229.269600 ms  DeleteObjects: 0.078200 ms)

Raid audit case 16: count=50, tactical=True, speed=3
Agent method profiler ready: C:\Users\Public\Documents\ESTsoft\CreatorTemp\hd-tactical-analysis\support-low\profiles
Resolved path returned no nodes, request: ((142, 0, 128) -> (112, 0, 101), OnCell, for 프랭크)
Raid audit sample: {"faction":"HD_HelodCivilLowFaction","actualPopulation":50,"mapFingerprint":"2DCA10EF6A532BA820CA2CFA41B18D21E564655193AC63E429759ED9D0135787","startPhases":"Assemble:5","radioOperators":0,"scenario":16,"population":50,"tactical":true,"speed":3,"TPS":59.930,"FPS":59.780,"moved":50,"alive":50,"warmupTicks":600,"sampleTicks":1200,"phases":"CrossBreach:1,Assemble:4","successfulPlans":5,"planningService":{"pending":0,"slices":481,"completed":5,"discarded":0,"budgetStops":16,"maxSliceMs":11.014},"executionService":{"pending":5,"updates":870,"urgent":0,"budgetStops":0,"maxDelayTicks":0,"oldestDelayTicks":0,"maxUnitMs":56.649},"orderReviews":{"count":2896,"maxDelayTicks":0},"unstartedMoves":"unstarted moves=6 max age=89 ticks reasons=None:1,OpeningWait:5","unstartedMoveDetails":"37784:Breach#6 pos=(98, 0, 102) goal=(101, 0, 103) leg=Move/(99, 0, 104) job=Wait_Combat/null block=None age=29 pathGeneration=6 independent=False rejectedStep=(-1000, -1000, -1000)@-1 goalAllowed=True;37810:Breach#6 pos=(98, 0, 101) goal=(101, 0, 105) leg=Hold/(98, 0, 101) job=Wait_Combat/null block=OpeningWait age=78 pathGeneration=6 independent=False rejectedStep=(-1000, -1000, -1000)@-1 goalAllowed=True;37820:Breach#6 pos=(97, 0, 102) goal=(101, 0, 106) leg=Hold/(97, 0, 102) job=Wait_Combat/null block=OpeningWait age=43 pathGeneration=6 independent=False rejectedStep=(-1000, -1000, -1000)@-1 goalAllowed=True;37828:Breach#8 pos=(97, 0, 103) goal=(101, 0, 107) leg=Hold/(97, 0, 103) job=Wait_Combat/null block=OpeningWait age=43 pathGeneration=8 independent=False rejectedStep=(-1000, -1000, -1000)@-1 goalAllowed=True;37836:Breach#13 pos=(98, 0, 104) goal=(101, 0, 108) leg=Hold/(98, 0, 104) job=Wait_Combat/null block=OpeningWait age=89 pathGeneration=9 independent=False rejectedStep=(-1000, -1000, -1000)@-1 goalAllowed=True;37845:Breach#6 pos=(97, 0, 101) goal=(101, 0, 109) leg=Hold/(97, 0, 101) job=Wait_Combat/null block=OpeningWait age=16 pathGeneration=6 independent=False rejectedStep=(-1000, -1000, -1000)@-1 goalAllowed=True","passageTraffic":{"waiting":5},"queueMaintenance":{"cleanupPasses":14,"leasePrunePasses":54},"planningWork":{"maxBreachChecks":1,"maxRouteSteps":41,"limitedPlans":0},"failedPlans":"","nativeBytes":750000,"peakNativeBytes":750000,"cacheCumulative":{"created":6,"hits":266,"evictions":0,"memoryWaits":0,"peakPending":2,"notifications":20},"cancelledPreparations":0,"peakWaitFrames":1,"pending":0,"blocked":"None:6,OpeningWait:5,OpeningQueue:39","preparationServicePasses":4,"cpuCumulative":"FPS=59.8 TPS=60.0 worst execution/frame=18.350 ms managed heap=519.6 MiB GC=1/1/1\r\n  CPU Planning: n=0 sum=0.0 p50/p95/p99=0.000/0.000/0.000 max=0.000 ms\r\n  CPU Observation: n=606 sum=29.5 p50/p95/p99=0.001/0.202/0.258 max=6.655 ms\r\n  CPU LocalMap: n=46 sum=27.9 p50/p95/p99=0.636/0.752/1.980 max=1.980 ms\r\n  CPU Formation: n=51 sum=3.3 p50/p95/p99=0.066/0.079/0.083 max=0.083 ms\r\n  CPU Orders: n=1646 sum=31.2 p50/p95/p99=0.010/0.016/0.099 max=5.488 ms\r\n  CPU Execution: n=600 sum=172.3 p50/p95/p99=0.066/1.115/2.502 max=18.350 ms\r\n  CPU Navigation: n=0 sum=0.0 p50/p95/p99=0.000/0.000/0.000 max=0.000 ms\r\n  CPU BreachSearch: n=0 sum=0.0 p50/p95/p99=0.000/0.000/0.000 max=0.000 ms\r\n  CPU RouteSearch: n=0 sum=0.0 p50/p95/p99=0.000/0.000/0.000 max=0.000 ms\r\n  CPU OpeningQueue: n=206 sum=34.8 p50/p95/p99=0.227/0.246/0.330 max=0.494 ms\r\n  CPU GameTick: n=1200 sum=3201.7 p50/p95/p99=2.387/4.095/6.448 max=20.545 ms\r\n  CPU ExecutionMaintenance: n=20 sum=2.1 p50/p95/p99=0.088/0.160/0.349 max=0.349 ms\r\n  Goto request/start ticks: n=16 p50/p95/p99=1/397/397 max=397\r\n"}
Could not get new name (first rule pack: HD_NamerPersonHelod)
Could not get new name (first rule pack: HD_NamerPersonHelod)
Could not get new name (first rule pack: HD_NamerPersonHelod)
Could not get new name (first rule pack: HD_NamerPersonHelod)
Could not get new name (first rule pack: HD_NamerPersonHelod)
Could not get new name (first rule pack: HD_NamerPersonHelod)
Could not get new name (first rule pack: HD_NamerPersonHelod)
Could not get new name (first rule pack: HD_NamerPersonHelod)
Could not get new name (first rule pack: HD_NamerPersonHelod)
Could not get new name (first rule pack: HD_NamerPersonHelod)
Raid audit case 19: count=400, tactical=True, speed=3
Raid audit sample: {"faction":"HD_HelodCivilLowFaction","actualPopulation":400,"mapFingerprint":"2DCA10EF6A532BA820CA2CFA41B18D21E564655193AC63E429759ED9D0135787","startPhases":"Assemble:37","radioOperators":0,"scenario":19,"population":400,"tactical":true,"speed":3,"TPS":45.408,"FPS":15.817,"moved":393,"alive":394,"warmupTicks":600,"sampleTicks":1200,"phases":"Assemble:36,CrossBreach:1","successfulPlans":37,"planningService":{"pending":0,"slices":4121,"completed":42,"discarded":0,"budgetStops":29,"maxSliceMs":11.014},"executionService":{"pending":37,"updates":7082,"urgent":6,"budgetStops":227,"maxDelayTicks":22,"oldestDelayTicks":0,"maxUnitMs":56.649},"orderReviews":{"count":25912,"maxDelayTicks":1},"unstartedMoves":"unstarted moves=0 max age=0 ticks reasons=","unstartedMoveDetails":"","passageTraffic":{"waiting":0},"queueMaintenance":{"cleanupPasses":28,"leasePrunePasses":108},"planningWork":{"maxBreachChecks":1,"maxRouteSteps":41,"limitedPlans":0},"failedPlans":"","nativeBytes":1250000,"peakNativeBytes":1250000,"cacheCumulative":{"created":10,"hits":1485,"evictions":0,"memoryWaits":0,"peakPending":2,"notifications":46},"cancelledPreparations":0,"peakWaitFrames":1,"pending":0,"blocked":"OpeningQueue:382,None:8,Busy:4","preparationServicePasses":2,"cpuCumulative":"FPS=15.8 TPS=45.4 worst execution/frame=7.344 ms managed heap=546.8 MiB GC=5/5/5\r\n  CPU Planning: n=0 sum=0.0 p50/p95/p99=0.000/0.000/0.000 max=0.000 ms\r\n  CPU Observation: n=4450 sum=340.4 p50/p95/p99=0.001/0.668/0.888 max=2.166 ms\r\n  CPU LocalMap: n=0 sum=0.0 p50/p95/p99=0.000/0.000/0.000 max=0.000 ms\r\n  CPU Formation: n=60 sum=4.5 p50/p95/p99=0.067/0.159/0.247 max=0.247 ms\r\n  CPU Orders: n=15584 sum=157.7 p50/p95/p99=0.010/0.014/0.034 max=0.364 ms\r\n  CPU Execution: n=4436 sum=770.2 p50/p95/p99=0.019/0.832/1.230 max=4.538 ms\r\n  CPU Navigation: n=0 sum=0.0 p50/p95/p99=0.000/0.000/0.000 max=0.000 ms\r\n  CPU BreachSearch: n=0 sum=0.0 p50/p95/p99=0.000/0.000/0.000 max=0.000 ms\r\n  CPU RouteSearch: n=0 sum=0.0 p50/p95/p99=0.000/0.000/0.000 max=0.000 ms\r\n  CPU OpeningQueue: n=1489 sum=314.2 p50/p95/p99=0.215/0.272/0.391 max=1.376 ms\r\n  CPU GameTick: n=1200 sum=23219.5 p50/p95/p99=17.978/30.881/40.252 max=105.337 ms\r\n  CPU ExecutionMaintenance: n=26 sum=20.2 p50/p95/p99=0.447/2.461/4.667 max=4.667 ms\r\n  Goto request/start ticks: n=24 p50/p95/p99=1/132/397 max=397\r\n"}
Raid audit case 15: count=0, tactical=True, speed=3
Raid audit sample: {"faction":"HD_HelodCivilLowFaction","actualPopulation":0,"mapFingerprint":"2DCA10EF6A532BA820CA2CFA41B18D21E564655193AC63E429759ED9D0135787","startPhases":"","radioOperators":0,"scenario":15,"population":0,"tactical":true,"speed":3,"TPS":179.650,"FPS":59.784,"moved":0,"alive":0,"warmupTicks":600,"sampleTicks":1200,"phases":"","successfulPlans":0,"planningService":{"pending":0,"slices":4121,"completed":42,"discarded":0,"budgetStops":29,"maxSliceMs":11.014},"executionService":{"pending":0,"updates":7292,"urgent":6,"budgetStops":227,"maxDelayTicks":22,"oldestDelayTicks":0,"maxUnitMs":56.649},"orderReviews":{"count":26306,"maxDelayTicks":1},"unstartedMoves":"unstarted moves=0 max age=0 ticks reasons=","unstartedMoveDetails":"","passageTraffic":{"waiting":0},"queueMaintenance":{"cleanupPasses":28,"leasePrunePasses":108},"planningWork":{"maxBreachChecks":0,"maxRouteSteps":0,"limitedPlans":0},"failedPlans":"","nativeBytes":1250000,"peakNativeBytes":1250000,"cacheCumulative":{"created":10,"hits":1485,"evictions":0,"memoryWaits":0,"peakPending":2,"notifications":46},"cancelledPreparations":0,"peakWaitFrames":1,"pending":0,"blocked":"","preparationServicePasses":0,"cpuCumulative":"FPS=59.8 TPS=180.1 worst execution/frame=0.000 ms managed heap=592.5 MiB GC=1/1/1\r\n  CPU Planning: n=0 sum=0.0 p50/p95/p99=0.000/0.000/0.000 max=0.000 ms\r\n  CPU Observation: n=0 sum=0.0 p50/p95/p99=0.000/0.000/0.000 max=0.000 ms\r\n  CPU LocalMap: n=0 sum=0.0 p50/p95/p99=0.000/0.000/0.000 max=0.000 ms\r\n  CPU Formation: n=0 sum=0.0 p50/p95/p99=0.000/0.000/0.000 max=0.000 ms\r\n  CPU Orders: n=0 sum=0.0 p50/p95/p99=0.000/0.000/0.000 max=0.000 ms\r\n  CPU Execution: n=0 sum=0.0 p50/p95/p99=0.000/0.000/0.000 max=0.000 ms\r\n  CPU Navigation: n=0 sum=0.0 p50/p95/p99=0.000/0.000/0.000 max=0.000 ms\r\n  CPU BreachSearch: n=0 sum=0.0 p50/p95/p99=0.000/0.000/0.000 max=0.000 ms\r\n  CPU RouteSearch: n=0 sum=0.0 p50/p95/p99=0.000/0.000/0.000 max=0.000 ms\r\n  CPU OpeningQueue: n=0 sum=0.0 p50/p95/p99=0.000/0.000/0.000 max=0.000 ms\r\n  CPU GameTick: n=1202 sum=1354.2 p50/p95/p99=1.134/1.722/2.297 max=2.957 ms\r\n  CPU ExecutionMaintenance: n=20 sum=0.4 p50/p95/p99=0.019/0.031/0.035 max=0.035 ms\r\n  Goto request/start ticks: n=0 p50/p95/p99=0/0/0 max=0\r\n"}
Memory Statistics:
[ALLOC_TEMP_TLS] TLS Allocator
  StackAllocators : 
    [ALLOC_TEMP_MAIN]
      Peak usage frame count: [0-1.0 KB]: 3638 frames, [1.0 KB-2.0 KB]: 4 frames, [2.0 KB-4.0 KB]: 3068 frames, [4.0 KB-8.0 KB]: 37 frames, [8.0 KB-16.0 KB]: 1 frames, [64.0 KB-128.0 KB]: 4 frames, [128.0 KB-256.0 KB]: 1 frames, [2.0 MB-4.0 MB]: 3 frames, [4.0 MB-8.0 MB]: 1 frames
      Initial Block Size 4.0 MB
      Current Block Size 4.1 MB
      Peak Allocated Bytes 4.1 MB
      Overflow Count 1
    [ALLOC_TEMP_Loading.AsyncRead]
      Initial Block Size 64.0 KB
      Current Block Size 120.0 KB
      Peak Allocated Bytes 117.2 KB
      Overflow Count 0
    [ALLOC_TEMP_Loading.PreloadManager]
      Initial Block Size 256.0 KB
      Current Block Size 256.0 KB
      Peak Allocated Bytes 3.8 KB
      Overflow Count 8
    [ALLOC_TEMP_Background Job.Worker 8]
      Initial Block Size 32.0 KB
      Current Block Size 32.0 KB
      Peak Allocated Bytes 54 B
      Overflow Count 0
    [ALLOC_TEMP_Job.Worker 6]
      Initial Block Size 256.0 KB
      Current Block Size 256.0 KB
      Peak Allocated Bytes 160 B
      Overflow Count 0
    [ALLOC_TEMP_Job.Worker 0]
      Initial Block Size 256.0 KB
      Current Block Size 256.0 KB
      Peak Allocated Bytes 160 B
      Overflow Count 0
    [ALLOC_TEMP_Background Job.Worker 10]
      Initial Block Size 32.0 KB
      Current Block Size 32.0 KB
      Peak Allocated Bytes 54 B
      Overflow Count 0
    [ALLOC_TEMP_Background Job.Worker 9]
      Initial Block Size 32.0 KB
      Current Block Size 32.0 KB
      Peak Allocated Bytes 54 B
      Overflow Count 0
    [ALLOC_TEMP_Job.Worker 5]
      Initial Block Size 256.0 KB
      Current Block Size 256.0 KB
      Peak Allocated Bytes 176 B
      Overflow Count 0
    [ALLOC_TEMP_Background Job.Worker 14]
      Initial Block Size 32.0 KB
      Current Block Size 32.0 KB
      Peak Allocated Bytes 54 B
      Overflow Count 0
    [ALLOC_TEMP_Background Job.Worker 6]
      Initial Block Size 32.0 KB
      Current Block Size 32.0 KB
      Peak Allocated Bytes 54 B
      Overflow Count 0
    [ALLOC_TEMP_Job.Worker 4]
      Initial Block Size 256.0 KB
      Current Block Size 256.0 KB
      Peak Allocated Bytes 160 B
      Overflow Count 0
    [ALLOC_TEMP_Job.Worker 3]
      Initial Block Size 256.0 KB
      Current Block Size 256.0 KB
      Peak Allocated Bytes 160 B
      Overflow Count 0
    [ALLOC_TEMP_Background Job.Worker 12]
      Initial Block Size 32.0 KB
      Current Block Size 32.0 KB
      Peak Allocated Bytes 54 B
      Overflow Count 0
    [ALLOC_TEMP_EnlightenWorker] x 6
      Initial Block Size 64.0 KB
      Current Block Size 64.0 KB
      Peak Allocated Bytes 54 B
      Overflow Count 0
    [ALLOC_TEMP_Background Job.Worker 15]
      Initial Block Size 32.0 KB
      Current Block Size 32.0 KB
      Peak Allocated Bytes 54 B
      Overflow Count 0
    [ALLOC_TEMP_Background Job.Worker 1]
      Initial Block Size 32.0 KB
      Current Block Size 32.0 KB
      Peak Allocated Bytes 54 B
      Overflow Count 0
    [ALLOC_TEMP_Background Job.Worker 2]
      Initial Block Size 32.0 KB
      Current Block Size 32.0 KB
      Peak Allocated Bytes 54 B
      Overflow Count 0
    [ALLOC_TEMP_Background Job.Worker 7]
      Initial Block Size 32.0 KB
      Current Block Size 32.0 KB
      Peak Allocated Bytes 54 B
      Overflow Count 0
    [ALLOC_TEMP_UnityGfxDeviceWorker]
      Initial Block Size 256.0 KB
      Current Block Size 256.0 KB
      Peak Allocated Bytes 10.3 KB
      Overflow Count 0
    [ALLOC_TEMP_AssetGarbageCollectorHelper] x 11
      Initial Block Size 64.0 KB
      Current Block Size 64.0 KB
      Peak Allocated Bytes 138 B
      Overflow Count 0
    [ALLOC_TEMP_Background Job.Worker 5]
      Initial Block Size 32.0 KB
      Current Block Size 32.0 KB
      Peak Allocated Bytes 54 B
      Overflow Count 0
    [ALLOC_TEMP_Job.Worker 9]
      Initial Block Size 256.0 KB
      Current Block Size 256.0 KB
      Peak Allocated Bytes 176 B
      Overflow Count 0
    [ALLOC_TEMP_Background Job.Worker 13]
      Initial Block Size 32.0 KB
      Current Block Size 32.0 KB
      Peak Allocated Bytes 54 B
      Overflow Count 0
    [ALLOC_TEMP_Job.Worker 8]
      Initial Block Size 256.0 KB
      Current Block Size 256.0 KB
      Peak Allocated Bytes 160 B
      Overflow Count 0
    [ALLOC_TEMP_Job.Worker 7]
      Initial Block Size 256.0 KB
      Current Block Size 256.0 KB
      Peak Allocated Bytes 160 B
      Overflow Count 0
    [ALLOC_TEMP_Job.Worker 1]
      Initial Block Size 256.0 KB
      Current Block Size 256.0 KB
      Peak Allocated Bytes 507 B
      Overflow Count 0
    [ALLOC_TEMP_Job.Worker 2]
      Initial Block Size 256.0 KB
      Current Block Size 256.0 KB
      Peak Allocated Bytes 192 B
      Overflow Count 0
    [ALLOC_TEMP_Background Job.Worker 3]
      Initial Block Size 32.0 KB
      Current Block Size 32.0 KB
      Peak Allocated Bytes 54 B
      Overflow Count 0
    [ALLOC_TEMP_Background Job.Worker 11]
      Initial Block Size 32.0 KB
      Current Block Size 32.0 KB
      Peak Allocated Bytes 54 B
      Overflow Count 0
    [ALLOC_TEMP_Job.Worker 10]
      Initial Block Size 256.0 KB
      Current Block Size 256.0 KB
      Peak Allocated Bytes 144 B
      Overflow Count 0
    [ALLOC_TEMP_Background Job.Worker 0]
      Initial Block Size 32.0 KB
      Current Block Size 32.0 KB
      Peak Allocated Bytes 54 B
      Overflow Count 0
    [ALLOC_TEMP_Background Job.Worker 4]
      Initial Block Size 32.0 KB
      Current Block Size 32.0 KB
      Peak Allocated Bytes 54 B
      Overflow Count 0
    [ALLOC_TEMP_BatchDeleteObjects]
      Initial Block Size 64.0 KB
      Current Block Size 64.0 KB
      Peak Allocated Bytes 54 B
      Overflow Count 0
[ALLOC_DEFAULT] Dual Thread Allocator
  Peak main deferred allocation count 42596
    [ALLOC_BUCKET]
      Large Block size 4.0 MB
      Used Block count 1
      Peak Allocated bytes 4.0 MB
      Failed Allocations. Bucket layout:
        16B: 4 Subsections = 4096 buckets. Failed count: 47712
        32B: 34 Subsections = 17408 buckets. Failed count: 93598
        48B: 49 Subsections = 16725 buckets. Failed count: 129209
        64B: 40 Subsections = 10240 buckets. Failed count: 38899
        80B: 85 Subsections = 17408 buckets. Failed count: 35830
        96B: 28 Subsections = 4778 buckets. Failed count: 45063
        112B: 10 Subsections = 1462 buckets. Failed count: 13630
        128B: 6 Subsections = 768 buckets. Failed count: 17636
    [ALLOC_DEFAULT_MAIN]
      Peak usage frame count: [16.0 MB-32.0 MB]: 1024 frames, [32.0 MB-64.0 MB]: 1 frames, [128.0 MB-256.0 MB]: 5732 frames
      Requested Block Size 16.0 MB
      Peak Block count 15
      Peak Allocated memory 248.0 MB
      Peak Large allocation bytes 31.2 MB
    [ALLOC_DEFAULT_THREAD]
      Peak usage frame count: [8.0 MB-16.0 MB]: 1119 frames, [16.0 MB-32.0 MB]: 23 frames, [32.0 MB-64.0 MB]: 2506 frames, [64.0 MB-128.0 MB]: 3109 frames
      Requested Block Size 16.0 MB
      Peak Block count 6
      Peak Allocated memory 79.6 MB
      Peak Large allocation bytes 10.0 MB
[ALLOC_TEMP_JOB_1_FRAME]
  Initial Block Size 2.0 MB
  Used Block Count 0
  Overflow Count (too large) 0
  Overflow Count (full) 0
[ALLOC_TEMP_JOB_2_FRAMES]
  Initial Block Size 2.0 MB
  Used Block Count 0
  Overflow Count (too large) 0
  Overflow Count (full) 0
[ALLOC_TEMP_JOB_4_FRAMES (JobTemp)]
  Initial Block Size 2.0 MB
  Used Block Count 1
  Overflow Count (too large) 0
  Overflow Count (full) 0
[ALLOC_TEMP_JOB_ASYNC (Background)]
  Initial Block Size 1.0 MB
  Used Block Count 1
  Overflow Count (too large) 0
  Overflow Count (full) 0
[ALLOC_GFX] Dual Thread Allocator
  Peak main deferred allocation count 44
    [ALLOC_BUCKET]
      Large Block size 4.0 MB
      Used Block count 1
      Peak Allocated bytes 4.0 MB
      Failed Allocations. Bucket layout:
        16B: 4 Subsections = 4096 buckets. Failed count: 47712
        32B: 34 Subsections = 17408 buckets. Failed count: 93598
        48B: 49 Subsections = 16725 buckets. Failed count: 129209
        64B: 40 Subsections = 10240 buckets. Failed count: 38899
        80B: 85 Subsections = 17408 buckets. Failed count: 35830
        96B: 28 Subsections = 4778 buckets. Failed count: 45063
        112B: 10 Subsections = 1462 buckets. Failed count: 13630
        128B: 6 Subsections = 768 buckets. Failed count: 17636
    [ALLOC_GFX_MAIN]
      Peak usage frame count: [64.0 KB-128.0 KB]: 1 frames, [2.0 MB-4.0 MB]: 3646 frames, [32.0 MB-64.0 MB]: 3109 frames, [256.0 MB-0.50 GB]: 1 frames
      Requested Block Size 16.0 MB
      Peak Block count 4
      Peak Allocated memory 387.1 MB
      Peak Large allocation bytes 383.6 MB
    [ALLOC_GFX_THREAD]
      Peak usage frame count: [0-1.0 KB]: 1027 frames, [1.0 KB-2.0 KB]: 2621 frames, [8.0 KB-16.0 KB]: 1 frames, [32.0 KB-64.0 KB]: 3108 frames
      Requested Block Size 16.0 MB
      Peak Block count 1
      Peak Allocated memory 52.0 KB
      Peak Large allocation bytes 0 B
[ALLOC_CACHEOBJECTS] Dual Thread Allocator
  Peak main deferred allocation count 109
    [ALLOC_BUCKET]
      Large Block size 4.0 MB
      Used Block count 1
      Peak Allocated bytes 4.0 MB
      Failed Allocations. Bucket layout:
        16B: 4 Subsections = 4096 buckets. Failed count: 47712
        32B: 34 Subsections = 17408 buckets. Failed count: 93598
        48B: 49 Subsections = 16725 buckets. Failed count: 129209
        64B: 40 Subsections = 10240 buckets. Failed count: 38899
        80B: 85 Subsections = 17408 buckets. Failed count: 35830
        96B: 28 Subsections = 4778 buckets. Failed count: 45063
        112B: 10 Subsections = 1462 buckets. Failed count: 13630
        128B: 6 Subsections = 768 buckets. Failed count: 17636
    [ALLOC_CACHEOBJECTS_MAIN]
      Peak usage frame count: [4.0 MB-8.0 MB]: 1 frames, [8.0 MB-16.0 MB]: 1024 frames, [16.0 MB-32.0 MB]: 5732 frames
      Requested Block Size 4.0 MB
      Peak Block count 5
      Peak Allocated memory 17.2 MB
      Peak Large allocation bytes 0 B
    [ALLOC_CACHEOBJECTS_THREAD]
      Peak usage frame count: [4.0 KB-8.0 KB]: 1024 frames, [32.0 KB-64.0 KB]: 1 frames, [64.0 KB-128.0 KB]: 5730 frames, [256.0 KB-0.5 MB]: 1 frames, [0.5 MB-1.0 MB]: 1 frames
      Requested Block Size 4.0 MB
      Peak Block count 1
      Peak Allocated memory 0.6 MB
      Peak Large allocation bytes 0 B
[ALLOC_TYPETREE] Dual Thread Allocator
  Peak main deferred allocation count 0
    [ALLOC_BUCKET]
      Large Block size 4.0 MB
      Used Block count 1
      Peak Allocated bytes 4.0 MB
      Failed Allocations. Bucket layout:
        16B: 4 Subsections = 4096 buckets. Failed count: 47712
        32B: 34 Subsections = 17408 buckets. Failed count: 93598
        48B: 49 Subsections = 16725 buckets. Failed count: 129209
        64B: 40 Subsections = 10240 buckets. Failed count: 38899
        80B: 85 Subsections = 17408 buckets. Failed count: 35830
        96B: 28 Subsections = 4778 buckets. Failed count: 45063
        112B: 10 Subsections = 1462 buckets. Failed count: 13630
        128B: 6 Subsections = 768 buckets. Failed count: 17636
    [ALLOC_TYPETREE_MAIN]
      Peak usage frame count: [4.0 KB-8.0 KB]: 1 frames, [8.0 KB-16.0 KB]: 1024 frames, [32.0 KB-64.0 KB]: 5732 frames
      Requested Block Size 2.0 MB
      Peak Block count 1
      Peak Allocated memory 49.8 KB
      Peak Large allocation bytes 0 B
    [ALLOC_TYPETREE_THREAD]
      Peak usage frame count: [0-1.0 KB]: 6757 frames
      Requested Block Size 2.0 MB
      Peak Block count 0
      Peak Allocated memory 0 B
      Peak Large allocation bytes 0 B
