Mono path[0] = 'C:/Program Files (x86)/Steam/steamapps/common/RimWorld/RimWorldWin64_Data/Managed'
Mono config path = 'C:/Program Files (x86)/Steam/steamapps/common/RimWorld/MonoBleedingEdge/etc'
[PhysX] Initialized MultithreadedTaskDispatcher with 12 workers.
Initialize engine version: 2022.3.35f1 (011206c7a712)
[Subsystems] Discovering subsystems at path C:/Program Files (x86)/Steam/steamapps/common/RimWorld/RimWorldWin64_Data/UnitySubsystems
GfxDevice: creating device client; threaded=1; jobified=0
Direct3D:
    Version:  Direct3D 11.0 [level 11.1]
    Renderer: NVIDIA GeForce RTX 3070 (ID=0x2484)
    Vendor:   NVIDIA
    VRAM:     8018 MB
    Driver:   32.0.15.9579
Begin MonoManager ReloadAssembly
- Loaded All Assemblies, in  0.140 seconds
- Finished resetting the current domain, in  0.002 seconds
<RI> Initializing input.
<RI> Input initialized.
<RI> Initialized touch support.
[PhysX] Initialized MultithreadedTaskDispatcher with 12 workers.
UnloadTime: 1.223300 ms
Command line arguments: -quicktest -savedatafolder=C:\Users\Public\Documents\ESTsoft\CreatorTemp\hd-tactical-analysis\communications-high -hdRaidMovementAudit=C:\Users\Public\Documents\ESTsoft\CreatorTemp\hd-tactical-analysis\communications-high\measurements.ndjson -hdRaidMovementAuditCases=16,18,19,15 -hdRaidMovementAuditSeed=hd-perf-20261007 -hdRaidMovementAuditHigh=true -hdRaidMovementAuditWarmup=600 -hdRaidMovementAuditSample=1200 -hdRaidMovementAuditFunctionalDisabled=true -hdRaidSpawnAuditDisabled=true -hdMethodProfile=C:\Users\Public\Documents\ESTsoft\CreatorTemp\hd-tactical-analysis\communications-high\profiles -hdMethodProfileCpu=true -hdMethodProfileAuto=true -hdMethodProfilePreset=coarse -hdMethodProfileTargets=Helodrace.RaidTacticalRadioUtility::OperatorAvailable;Helodrace.RaidTacticalRadioUtility::Radios;Helodrace.RaidTacticalRadioUtility::InstalledRadios;Helodrace.MapComponent_RaidTacticalExecution::ConfigureCommunicationKnowledge;Helodrace.MapComponent_RaidTacticalExecution::PublishPassage;Helodrace.MapComponent_RaidTacticalExecution::PublishRoomCheck;Helodrace.MapComponent_RaidTacticalExecution::AcceptReport;Helodrace.MapComponent_RaidTacticalExecution::CaptureObserverPassages;Helodrace.MapComponent_RaidTacticalExecution::RefreshContactsCore;Helodrace.MapComponent_RaidTacticalExecution::LiveMembers;Helodrace.MapComponent_RaidTacticalExecution::RefreshExecutionRoster;Helodrace.MapComponent_RaidTacticalExecution::RunScheduledUnit;Helodrace.RaidCommunicationPolicy::Fresh;Helodrace.RaidCommunicationPolicy::ScanOffset;Helodrace.RaidCommunicationPolicy::Transmission;Helodrace.RaidCommunicationPolicy::Newer;Helodrace.RaidCommunicationPolicy::CanRelay;Helodrace.RaidCommunicationPolicy::RadioCompatible;Helodrace.RaidCommunicationPolicy::Delays;Helodrace.RaidContactMemory::Observe;Helodrace.RaidContactMemory::Receive;Helodrace.RaidContactMemory::FinishScan;Helodrace.RaidContactMemory::ExposeData;Helodrace.RaidContactMemory::CanTarget;Helodrace.RaidContactMemory::Report;Helodrace.RaidCommunicationFrame::Reusable;Helodrace.RaidCommunicationFrame::RadioTo;Helodrace.RaidCommunicationFrame::VoiceTo;Helodrace.RaidCommunicationFrame::Edge;Helodrace.RaidReportLedger::Knows;Helodrace.RaidReportLedger::Receive;Helodrace.RaidReportLedger::Publish;Helodrace.RaidReportLedger::Store;Helodrace.RaidReportLedger::Prune;Helodrace.RaidCommunicationState::For;Helodrace.RaidCommunicationState::Receipt -logFile C:\Users\Public\Documents\ESTsoft\CreatorTemp\hd-tactical-analysis\communications-high\Player.log -screen-width 800 -screen-height 600 -screen-fullscreen 0
RimWorld 1.6.4871 rev591
Save data folder overridden to C:\Users\Public\Documents\ESTsoft\CreatorTemp\hd-tactical-analysis\communications-high
Mod Helodrace - Combat Extended dependency (BlueBackedFish.Helodrace.Main) needs to have <downloadUrl> and/or <steamWorkshopUrl> specified.
Mod Helodrace - Facial Animation dependency (Nals.FacialAnimation) needs to have <downloadUrl> and/or <steamWorkshopUrl> specified.
Mod Helodrace - Facial Animation dependency (BlueBackedFish.Helodrace.Main) needs to have <downloadUrl> and/or <steamWorkshopUrl> specified.
Mod Helodrace - Lobos Arsenal dependency (bluebackedfish.helodrace.main) needs to have <downloadUrl> and/or <steamWorkshopUrl> specified.
Mod Helodrace - Lobos Arsenal dependency (smashphil.vehicleframework) needs to have <downloadUrl> and/or <steamWorkshopUrl> specified.
Mod Kilo's RJW retexture dependency (rim.job.world) needs to have <downloadUrl> and/or <steamWorkshopUrl> specified.
Mod RJW-SexSlaveCraft dependency (rim.job.world) needs to have <downloadUrl> and/or <steamWorkshopUrl> specified.
Mod RJW-SexSlaveCraft dependency (brrainz.harmony) needs to have <downloadUrl> and/or <steamWorkshopUrl> specified.
Mod Mechanoid Milk dependency (brrainz.harmony) needs to have <downloadUrl> and/or <steamWorkshopUrl> specified.
Mod RimTalk+The Forbbiden One dependency (rim.job.world) needs to have <downloadUrl> and/or <steamWorkshopUrl> specified.
Mod Maidnoid CE Patch dependency (silversol.consti) needs to have <downloadUrl> and/or <steamWorkshopUrl> specified.
Mod Maidnoid CE Patch dependency (CETeam.CombatExtended) needs to have <downloadUrl> and/or <steamWorkshopUrl> specified.
Mod RimThunder - Westline Green (CE Edition) dependency (CETeam.CombatExtended) needs to have <downloadUrl> and/or <steamWorkshopUrl> specified.
Mod RimThunder - Westline Green (CE Edition) dependency (SmashPhil.VehicleFramework) needs to have <downloadUrl> and/or <steamWorkshopUrl> specified.
Mod Wood's Muzzle Flash for Cinders of the Embergarden has a dependency (issaczhuang.muzzleflash) with empty display name.
Mod Wood's Muzzle Flash for Cinders of the Embergarden dependency (issaczhuang.muzzleflash) needs to have <downloadUrl> and/or <steamWorkshopUrl> specified.
Mod Wood's Muzzle Flash for Cinders of the Embergarden has a dependency (BreadMo.Cinders) with empty display name.
Mod Wood's Muzzle Flash for Cinders of the Embergarden dependency (BreadMo.Cinders) needs to have <downloadUrl> and/or <steamWorkshopUrl> specified.
Mod korossa CE patch dependency (gyun.0.6.3.1) needs to have <downloadUrl> and/or <steamWorkshopUrl> specified.
Fallback handler could not load library C:/Program Files (x86)/Steam/steamapps/common/RimWorld/RimWorldWin64_Data/MonoBleedingEdge/data-000002567E53D8D0.dll
Fallback handler could not load library C:/Program Files (x86)/Steam/steamapps/common/RimWorld/RimWorldWin64_Data/MonoBleedingEdge/data-000002567E96C710.dll
Helodrace Mod loaded.
Tried to load duplicate UnityEngine.Texture2D with path: FilesystemFile [C:\Program Files (x86)\Steam\steamapps\common\RimWorld\Mods\HelodRace-Main\Textures\Helod\Bodies\Naked_Baby_east.psd], Length 285496 and internal path: Helod/Bodies/Naked_Baby_east
Tried to load duplicate UnityEngine.Texture2D with path: FilesystemFile [C:\Program Files (x86)\Steam\steamapps\common\RimWorld\Mods\HelodRace-Main\Textures\Helod\Bodies\Naked_Baby_north.psd], Length 226210 and internal path: Helod/Bodies/Naked_Baby_north
Tried to load duplicate UnityEngine.Texture2D with path: FilesystemFile [C:\Program Files (x86)\Steam\steamapps\common\RimWorld\Mods\HelodRace-Main\Textures\Helod\Bodies\Naked_Baby_south.psd], Length 294172 and internal path: Helod/Bodies/Naked_Baby_south
Tried to load duplicate UnityEngine.Texture2D with path: FilesystemFile [C:\Program Files (x86)\Steam\steamapps\common\RimWorld\Mods\HelodRace-Main\Textures\Helod\Bodies\Naked_Child_east.psd], Length 665302 and internal path: Helod/Bodies/Naked_Child_east
Tried to load duplicate UnityEngine.Texture2D with path: FilesystemFile [C:\Program Files (x86)\Steam\steamapps\common\RimWorld\Mods\HelodRace-Main\Textures\Helod\Bodies\Naked_Child_north.psd], Length 748750 and internal path: Helod/Bodies/Naked_Child_north
Tried to load duplicate UnityEngine.Texture2D with path: FilesystemFile [C:\Program Files (x86)\Steam\steamapps\common\RimWorld\Mods\HelodRace-Main\Textures\Helod\Bodies\Naked_Child_south.psd], Length 570863 and internal path: Helod/Bodies/Naked_Child_south
Tried to load duplicate UnityEngine.Texture2D with path: FilesystemFile [C:\Program Files (x86)\Steam\steamapps\common\RimWorld\Mods\HelodRace-Main\Textures\Helod\Bodies\Naked_Female_east.psd], Length 12273496 and internal path: Helod/Bodies/Naked_Female_east
Tried to load duplicate UnityEngine.Texture2D with path: FilesystemFile [C:\Program Files (x86)\Steam\steamapps\common\RimWorld\Mods\HelodRace-Main\Textures\Helod\Bodies\Naked_Female_north.psd], Length 11639899 and internal path: Helod/Bodies/Naked_Female_north
Tried to load duplicate UnityEngine.Texture2D with path: FilesystemFile [C:\Program Files (x86)\Steam\steamapps\common\RimWorld\Mods\HelodRace-Main\Textures\Helod\Bodies\Naked_Female_south.psd], Length 12147713 and internal path: Helod/Bodies/Naked_Female_south
Tried to load duplicate UnityEngine.Texture2D with path: FilesystemFile [C:\Program Files (x86)\Steam\steamapps\common\RimWorld\Mods\HelodRace-Main\Textures\Helod\Hair\헤롤드 헤어_east.psd], Length 8518682 and internal path: Helod/Hair/헤롤드 헤어_east
Tried to load duplicate UnityEngine.Texture2D with path: FilesystemFile [C:\Program Files (x86)\Steam\steamapps\common\RimWorld\Mods\HelodRace-Main\Textures\Helod\Tails\HelodTail_Baby_east.psd], Length 66566 and internal path: Helod/Tails/HelodTail_Baby_east
Tried to load duplicate UnityEngine.Texture2D with path: FilesystemFile [C:\Program Files (x86)\Steam\steamapps\common\RimWorld\Mods\HelodRace-Main\Textures\Helod\Tails\HelodTail_Baby_north.psd], Length 138604 and internal path: Helod/Tails/HelodTail_Baby_north
Tried to load duplicate UnityEngine.Texture2D with path: FilesystemFile [C:\Program Files (x86)\Steam\steamapps\common\RimWorld\Mods\HelodRace-Main\Textures\Helod\Tails\HelodTail_Baby_south.psd], Length 133706 and internal path: Helod/Tails/HelodTail_Baby_south
Tried to load duplicate UnityEngine.Texture2D with path: FilesystemFile [C:\Program Files (x86)\Steam\steamapps\common\RimWorld\Mods\HelodRace-Main\Textures\Helod\Tails\HelodTail_Child_east.psd], Length 307461 and internal path: Helod/Tails/HelodTail_Child_east
Tried to load duplicate UnityEngine.Texture2D with path: FilesystemFile [C:\Program Files (x86)\Steam\steamapps\common\RimWorld\Mods\HelodRace-Main\Textures\Helod\Tails\HelodTail_Child_north.psd], Length 248350 and internal path: Helod/Tails/HelodTail_Child_north
Tried to load duplicate UnityEngine.Texture2D with path: FilesystemFile [C:\Program Files (x86)\Steam\steamapps\common\RimWorld\Mods\HelodRace-Main\Textures\Helod\Tails\HelodTail_Child_south.psd], Length 218174 and internal path: Helod/Tails/HelodTail_Child_south
Tried to load duplicate UnityEngine.Texture2D with path: FilesystemFile [C:\Program Files (x86)\Steam\steamapps\common\RimWorld\Mods\HelodRace-Main\Textures\Helod\Tails\HelodTail_east.psd], Length 172600 and internal path: Helod/Tails/HelodTail_east
Tried to load duplicate UnityEngine.Texture2D with path: FilesystemFile [C:\Program Files (x86)\Steam\steamapps\common\RimWorld\Mods\HelodRace-Main\Textures\Helod\Tails\HelodTail_north.psd], Length 167307 and internal path: Helod/Tails/HelodTail_north
Tried to load duplicate UnityEngine.Texture2D with path: FilesystemFile [C:\Program Files (x86)\Steam\steamapps\common\RimWorld\Mods\HelodRace-Main\Textures\Helod\Tails\HelodTail_south.psd], Length 144266 and internal path: Helod/Tails/HelodTail_south
Tried to load duplicate UnityEngine.Texture2D with path: FilesystemFile [C:\Program Files (x86)\Steam\steamapps\common\RimWorld\Mods\HelodRace-Main\Textures\Helod\Ears\Left\Ear1Left_east.psd], Length 250880 and internal path: Helod/Ears/Left/Ear1Left_east
Tried to load duplicate UnityEngine.Texture2D with path: FilesystemFile [C:\Program Files (x86)\Steam\steamapps\common\RimWorld\Mods\HelodRace-Main\Textures\Helod\Ears\Left\Ear1Left_north.psd], Length 177974 and internal path: Helod/Ears/Left/Ear1Left_north
Tried to load duplicate UnityEngine.Texture2D with path: FilesystemFile [C:\Program Files (x86)\Steam\steamapps\common\RimWorld\Mods\HelodRace-Main\Textures\Helod\Ears\Left\Ear1Left_south.psd], Length 249351 and internal path: Helod/Ears/Left/Ear1Left_south
Tried to load duplicate UnityEngine.Texture2D with path: FilesystemFile [C:\Program Files (x86)\Steam\steamapps\common\RimWorld\Mods\HelodRace-Main\Textures\Helod\Ears\Right\Ear1Right_east.psd], Length 200309 and internal path: Helod/Ears/Right/Ear1Right_east
Tried to load duplicate UnityEngine.Texture2D with path: FilesystemFile [C:\Program Files (x86)\Steam\steamapps\common\RimWorld\Mods\HelodRace-Main\Textures\Helod\VanillaApparel\WarMask\WarMask_east.psd], Length 42343 and internal path: Helod/VanillaApparel/WarMask/WarMask_east
Tried to load duplicate UnityEngine.Texture2D with path: FilesystemFile [C:\Program Files (x86)\Steam\steamapps\common\RimWorld\Mods\HelodRace-Main\Textures\Helod\VanillaApparel\WarMask\WarMask_north.psd], Length 44570 and internal path: Helod/VanillaApparel/WarMask/WarMask_north
Tried to load duplicate UnityEngine.Texture2D with path: FilesystemFile [C:\Program Files (x86)\Steam\steamapps\common\RimWorld\Mods\HelodRace-Main\Textures\Helod\VanillaApparel\WarMask\WarMask_south.psd], Length 49701 and internal path: Helod/VanillaApparel/WarMask/WarMask_south
Tried to load duplicate UnityEngine.Texture2D with path: FilesystemFile [C:\Program Files (x86)\Steam\steamapps\common\RimWorld\Mods\HelodRace-Main\Textures\Helod\VanillaApparel\Royalty\BroadshieldPack\BroadshieldPack_east.psd], Length 107860 and internal path: Helod/VanillaApparel/Royalty/BroadshieldPack/BroadshieldPack_east
Tried to load duplicate UnityEngine.Texture2D with path: FilesystemFile [C:\Program Files (x86)\Steam\steamapps\common\RimWorld\Mods\HelodRace-Main\Textures\Helod\VanillaApparel\Royalty\CorsetRoyal\CorsetRoyal_Female_east.psd], Length 34097 and internal path: Helod/VanillaApparel/Royalty/CorsetRoyal/CorsetRoyal_Female_east
Tried to load duplicate UnityEngine.Texture2D with path: FilesystemFile [C:\Program Files (x86)\Steam\steamapps\common\RimWorld\Mods\HelodRace-Main\Textures\Helod\VanillaApparel\Royalty\CorsetRoyal\CorsetRoyal_Female_north.psd], Length 36637 and internal path: Helod/VanillaApparel/Royalty/CorsetRoyal/CorsetRoyal_Female_north
Tried to load duplicate UnityEngine.Texture2D with path: FilesystemFile [C:\Program Files (x86)\Steam\steamapps\common\RimWorld\Mods\HelodRace-Main\Textures\Helod\VanillaApparel\Royalty\CorsetRoyal\CorsetRoyal_Female_south.psd], Length 35355 and internal path: Helod/VanillaApparel/Royalty/CorsetRoyal/CorsetRoyal_Female_south
Tried to load duplicate UnityEngine.Texture2D with path: FilesystemFile [C:\Program Files (x86)\Steam\steamapps\common\RimWorld\Mods\HelodRace-Main\Textures\Helod\VanillaApparel\Royalty\Crown\Crown_east.psd], Length 41419 and internal path: Helod/VanillaApparel/Royalty/Crown/Crown_east
Tried to load duplicate UnityEngine.Texture2D with path: FilesystemFile [C:\Program Files (x86)\Steam\steamapps\common\RimWorld\Mods\HelodRace-Main\Textures\Helod\VanillaApparel\Royalty\Crown\Crown_north.psd], Length 41325 and internal path: Helod/VanillaApparel/Royalty/Crown/Crown_north
Tried to load duplicate UnityEngine.Texture2D with path: FilesystemFile [C:\Program Files (x86)\Steam\steamapps\common\RimWorld\Mods\HelodRace-Main\Textures\Helod\VanillaApparel\Royalty\Crown\Crown_south.psd], Length 40081 and internal path: Helod/VanillaApparel/Royalty/Crown/Crown_south
Tried to load duplicate UnityEngine.Texture2D with path: FilesystemFile [C:\Program Files (x86)\Steam\steamapps\common\RimWorld\Mods\HelodRace-Main\Textures\Helod\VanillaApparel\Royalty\CrownStellic\CrownStellic_east.psd], Length 46723 and internal path: Helod/VanillaApparel/Royalty/CrownStellic/CrownStellic_east
Tried to load duplicate UnityEngine.Texture2D with path: FilesystemFile [C:\Program Files (x86)\Steam\steamapps\common\RimWorld\Mods\HelodRace-Main\Textures\Helod\VanillaApparel\Royalty\CrownStellic\CrownStellic_north.psd], Length 67651 and internal path: Helod/VanillaApparel/Royalty/CrownStellic/CrownStellic_north
Tried to load duplicate UnityEngine.Texture2D with path: FilesystemFile [C:\Program Files (x86)\Steam\steamapps\common\RimWorld\Mods\HelodRace-Main\Textures\Helod\VanillaApparel\Royalty\CrownStellic\CrownStellic_south.psd], Length 62684 and internal path: Helod/VanillaApparel/Royalty/CrownStellic/CrownStellic_south
Could not load Texture2D at 'Weapons/Modular/Ammunition/HD_Ammunition_556M855A1_Ammo' for def 'HD_ModularPart_Ammunition_762M80_Part' in any active mod or in base resources.
MatFrom with null sourceTex.
Could not load Texture2D at 'Weapons/Modular/Ammunition/HD_Ammunition_919M882_Ammo' for def 'HD_ModularPart_Ammunition_919M882_P320_Part' in any active mod or in base resources.
MatFrom with null sourceTex.
Could not load Texture2D at 'Weapons/Modular/Ammunition/HD_Ammunition_556M855A1_Ammo' for def 'HD_Ammunition_556M855A1_Ammo' in any active mod or in base resources.
MatFrom with null sourceTex.
Could not load Texture2D at 'Weapons/Modular/Ammunition/HD_Ammunition_919M882_Ammo' for def 'HD_Ammunition_919M882_Ammo' in any active mod or in base resources.
MatFrom with null sourceTex.
Could not load Texture2D at 'Weapons/Modular/Ammunition/HD_Ammunition_76251M80A1_Ammo' for def 'HD_Ammunition_76251M80A1_Ammo' in any active mod or in base resources.
MatFrom with null sourceTex.
[Helodrace] Standalone race initialized: 9 heads, 41 apparel graphics, 133 operations.
[HD Cigarette] diagnostics enabled. DrawCarriedThing prefix active=True, assembly=C:\Program Files (x86)\Steam\steamapps\common\RimWorld\Mods\HelodRace-Main\Assemblies\Helodrace.dll
Helodrace initialized. Removed quality comp from 39 Helodrace guns.
Unloading 5 Unused Serialized files (Serialized files now loaded: 5)
Unloading 135 unused Assets to reduce memory usage. Loaded Objects now: 29115.
Total: 258.306200 ms (FindLiveObjects: 1.590900 ms CreateObjectMapping: 2.203400 ms MarkObjects: 254.077500 ms  DeleteObjects: 0.433900 ms)

Unloading 3 Unused Serialized files (Serialized files now loaded: 5)
[PhysX] Initialized MultithreadedTaskDispatcher with 12 workers.
UnloadTime: 0.853100 ms
Unloading 2 unused Assets to reduce memory usage. Loaded Objects now: 29139.
Total: 245.467500 ms (FindLiveObjects: 1.229300 ms CreateObjectMapping: 2.191800 ms MarkObjects: 241.987000 ms  DeleteObjects: 0.059300 ms)

Initializing new game with mods:
  - brrainz.harmony
  - Ludeon.RimWorld
  - Ludeon.RimWorld.Royalty
  - Ludeon.RimWorld.Ideology
  - Ludeon.RimWorld.Biotech
  - Ludeon.RimWorld.Anomaly
  - Ludeon.RimWorld.Odyssey
  - BlueBackedFish.Helodrace.Main
Unloading 1 Unused Serialized files (Serialized files now loaded: 5)
Unloading 1 unused Assets to reduce memory usage. Loaded Objects now: 35682.
Total: 234.458400 ms (FindLiveObjects: 2.046600 ms CreateObjectMapping: 3.147300 ms MarkObjects: 229.188400 ms  DeleteObjects: 0.075800 ms)

애들린 tried to wear HD_Apparel_ZaperX26_Device37692 but is not allowed to.
캐서린 tried to wear HD_Apparel_ZaperX26_Device37877 but is not allowed to.
애들린 tried to wear HD_Apparel_ZaperX26_Device38447 but is not allowed to.
바이올라 tried to wear HD_Apparel_ZaperX26_Device39008 but is not allowed to.
낸시 tried to wear HD_Apparel_ZaperX26_Device39509 but is not allowed to.
"스타" 바로우 tried to wear HD_Apparel_ZaperX26_Device39694 but is not allowed to.
테레사 tried to wear HD_Apparel_ZaperX26_Device40242 but is not allowed to.
콜 tried to wear HD_Apparel_ZaperX26_Device40788 but is not allowed to.
블랙우드 tried to wear HD_Apparel_ZaperX26_Device41292 but is not allowed to.
포터 tried to wear HD_Apparel_ZaperX26_Device41480 but is not allowed to.
캐롤 tried to wear HD_Apparel_ZaperX26_Device42050 but is not allowed to.
브룩 tried to wear HD_Apparel_ZaperX26_Device42597 but is not allowed to.
모리슨 tried to wear HD_Apparel_ZaperX26_Device43088 but is not allowed to.
모리슨 tried to wear HD_Apparel_ZaperX26_Device43263 but is not allowed to.
랜드리 tried to wear HD_Apparel_ZaperX26_Device43819 but is not allowed to.
비토 tried to wear HD_Apparel_ZaperX26_Device44368 but is not allowed to.
Raid audit case 16: count=52, tactical=True, speed=3
Agent method profiler ready: C:\Users\Public\Documents\ESTsoft\CreatorTemp\hd-tactical-analysis\communications-high\profiles
Resolved path returned no nodes, request: ((126, 0, 137) -> (119, 0, 101), OnCell, for 프랭크)
Raid audit sample: {"faction":"HD_HelodCivilHighFaction","actualPopulation":52,"mapFingerprint":"2DCA10EF6A532BA820CA2CFA41B18D21E564655193AC63E429759ED9D0135787","startPhases":"Assemble:4","radioOperators":52,"scenario":16,"population":50,"tactical":true,"speed":3,"TPS":59.914,"FPS":59.864,"moved":52,"alive":52,"warmupTicks":600,"sampleTicks":1200,"phases":"Hold:1,Assemble:3","successfulPlans":4,"planningService":{"pending":1,"slices":478,"completed":4,"discarded":0,"budgetStops":16,"maxSliceMs":7.880},"executionService":{"pending":4,"updates":697,"urgent":0,"budgetStops":3,"maxDelayTicks":3,"oldestDelayTicks":0,"maxUnitMs":57.626},"orderReviews":{"count":3015,"maxDelayTicks":1},"unstartedMoves":"unstarted moves=0 max age=0 ticks reasons=","unstartedMoveDetails":"","passageTraffic":{"waiting":0},"queueMaintenance":{"cleanupPasses":14,"leasePrunePasses":54},"planningWork":{"maxBreachChecks":1,"maxRouteSteps":38,"limitedPlans":0},"failedPlans":"","nativeBytes":1500000,"peakNativeBytes":1500000,"cacheCumulative":{"created":12,"hits":397,"evictions":0,"memoryWaits":0,"peakPending":7,"notifications":35},"cancelledPreparations":0,"peakWaitFrames":4,"pending":0,"blocked":"None:26,OpeningQueue:26","preparationServicePasses":9,"cpuCumulative":"FPS=59.9 TPS=60.0 worst execution/frame=11.090 ms managed heap=542.9 MiB GC=1/1/1\r\n  CPU Planning: n=64 sum=0.8 p50/p95/p99=0.004/0.056/0.179 max=0.179 ms\r\n  CPU Observation: n=481 sum=22.1 p50/p95/p99=0.003/0.221/0.258 max=0.357 ms\r\n  CPU LocalMap: n=39 sum=11.4 p50/p95/p99=0.264/0.382/0.389 max=0.389 ms\r\n  CPU Formation: n=19 sum=1.2 p50/p95/p99=0.064/0.093/0.093 max=0.093 ms\r\n  CPU Orders: n=1616 sum=21.2 p50/p95/p99=0.009/0.014/0.183 max=0.653 ms\r\n  CPU Execution: n=480 sum=109.3 p50/p95/p99=0.038/0.597/2.692 max=11.090 ms\r\n  CPU Navigation: n=1 sum=0.0 p50/p95/p99=0.013/0.013/0.013 max=0.013 ms\r\n  CPU BreachSearch: n=58 sum=0.5 p50/p95/p99=0.004/0.013/0.173 max=0.173 ms\r\n  CPU RouteSearch: n=0 sum=0.0 p50/p95/p99=0.000/0.000/0.000 max=0.000 ms\r\n  CPU OpeningQueue: n=159 sum=29.6 p50/p95/p99=0.231/0.259/0.388 max=0.638 ms\r\n  CPU GameTick: n=1200 sum=3212.9 p50/p95/p99=2.446/4.249/5.254 max=17.876 ms\r\n  CPU ExecutionMaintenance: n=20 sum=1.9 p50/p95/p99=0.088/0.121/0.131 max=0.131 ms\r\n  Goto request/start ticks: n=27 p50/p95/p99=0/1/255 max=255\r\n"}
클라라 tried to wear HD_Apparel_ZaperX26_Device45164 but is not allowed to.
애들러 tried to wear HD_Apparel_ZaperX26_Device45338 but is not allowed to.
캘럽 tried to wear HD_Apparel_ZaperX26_Device46117 but is not allowed to.
콜만 tried to wear HD_Apparel_ZaperX26_Device46686 but is not allowed to.
"콜드아이" 데이비스 tried to wear HD_Apparel_ZaperX26_Device47449 but is not allowed to.
앨리스 tried to wear HD_Apparel_ZaperX26_Device47634 but is not allowed to.
앨리샤 tried to wear HD_Apparel_ZaperX26_Device48221 but is not allowed to.
드레이크 tried to wear HD_Apparel_ZaperX26_Device48989 but is not allowed to.
캘럽 tried to wear HD_Apparel_ZaperX26_Device49489 but is not allowed to.
브라운 tried to wear HD_Apparel_ZaperX26_Device49667 but is not allowed to.
모라 tried to wear HD_Apparel_ZaperX26_Device50461 but is not allowed to.
제인 tried to wear HD_Apparel_ZaperX26_Device51005 but is not allowed to.
샌더스 tried to wear HD_Apparel_ZaperX26_Device51748 but is not allowed to.
워커 tried to wear HD_Apparel_ZaperX26_Device51926 but is not allowed to.
테일러 tried to wear HD_Apparel_ZaperX26_Device52493 but is not allowed to.
바로우 tried to wear HD_Apparel_ZaperX26_Device53059 but is not allowed to.
테일러 tried to wear HD_Apparel_ZaperX26_Device53569 but is not allowed to.
바로우 tried to wear HD_Apparel_ZaperX26_Device53754 but is not allowed to.
마샬 tried to wear HD_Apparel_ZaperX26_Device54560 but is not allowed to.
샌더스 tried to wear HD_Apparel_ZaperX26_Device55138 but is not allowed to.
엘라 tried to wear HD_Apparel_ZaperX26_Device55630 but is not allowed to.
워커 tried to wear HD_Apparel_ZaperX26_Device55814 but is not allowed to.
레이노즈 tried to wear HD_Apparel_ZaperX26_Device56585 but is not allowed to.
마샬 tried to wear HD_Apparel_ZaperX26_Device57378 but is not allowed to.
피어스 tried to wear HD_Apparel_ZaperX26_Device58124 but is not allowed to.
"하운드" 해리스 tried to wear HD_Apparel_ZaperX26_Device58521 but is not allowed to.
호프만 tried to wear HD_Apparel_ZaperX26_Device59090 but is not allowed to.
"피닉스" 버튼 tried to wear HD_Apparel_ZaperX26_Device59636 but is not allowed to.
위트만 tried to wear HD_Apparel_ZaperX26_Device60139 but is not allowed to.
버튼 tried to wear HD_Apparel_ZaperX26_Device60542 but is not allowed to.
애시 tried to wear HD_Apparel_ZaperX26_Device61085 but is not allowed to.
아이삭 tried to wear HD_Apparel_ZaperX26_Device61633 but is not allowed to.
디에고 tried to wear HD_Apparel_ZaperX26_Device62137 but is not allowed to.
애비게일 tried to wear HD_Apparel_ZaperX26_Device62314 but is not allowed to.
엘라 tried to wear HD_Apparel_ZaperX26_Device62882 but is not allowed to.
아다 tried to wear HD_Apparel_ZaperX26_Device63438 but is not allowed to.
프레드 tried to wear HD_Apparel_ZaperX26_Device63941 but is not allowed to.
호프만 tried to wear HD_Apparel_ZaperX26_Device64358 but is not allowed to.
"블루" 브룩스 tried to wear HD_Apparel_ZaperX26_Device64911 but is not allowed to.
안드루 tried to wear HD_Apparel_ZaperX26_Device65690 but is not allowed to.
부스 tried to wear HD_Apparel_ZaperX26_Device66433 but is not allowed to.
애비게일 tried to wear HD_Apparel_ZaperX26_Device66618 but is not allowed to.
엠마 tried to wear HD_Apparel_ZaperX26_Device67174 but is not allowed to.
바이네스 tried to wear HD_Apparel_ZaperX26_Device67751 but is not allowed to.
캘럽 tried to wear HD_Apparel_ZaperX26_Device68259 but is not allowed to.
스미스 tried to wear HD_Apparel_ZaperX26_Device68447 but is not allowed to.
엠마 tried to wear HD_Apparel_ZaperX26_Device68990 but is not allowed to.
스미스 tried to wear HD_Apparel_ZaperX26_Device69539 but is not allowed to.
부스 tried to wear HD_Apparel_ZaperX26_Device70044 but is not allowed to.
브라운 tried to wear HD_Apparel_ZaperX26_Device70222 but is not allowed to.
클레이 tried to wear HD_Apparel_ZaperX26_Device70782 but is not allowed to.
엠마 tried to wear HD_Apparel_ZaperX26_Device71363 but is not allowed to.
포스터 tried to wear HD_Apparel_ZaperX26_Device71877 but is not allowed to.
에스터 tried to wear HD_Apparel_ZaperX26_Device72052 but is not allowed to.
애시 tried to wear HD_Apparel_ZaperX26_Device72598 but is not allowed to.
캘럽 tried to wear HD_Apparel_ZaperX26_Device73173 but is not allowed to.
브라운 tried to wear HD_Apparel_ZaperX26_Device73672 but is not allowed to.
포스터 tried to wear HD_Apparel_ZaperX26_Device73861 but is not allowed to.
애시 tried to wear HD_Apparel_ZaperX26_Device74436 but is not allowed to.
브라운 tried to wear HD_Apparel_ZaperX26_Device74992 but is not allowed to.
"럭키" 도슨 tried to wear HD_Apparel_ZaperX26_Device75498 but is not allowed to.
디에고 tried to wear HD_Apparel_ZaperX26_Device75674 but is not allowed to.
호프만 tried to wear HD_Apparel_ZaperX26_Device76229 but is not allowed to.
에스터 tried to wear HD_Apparel_ZaperX26_Device76795 but is not allowed to.
Raid audit case 18: count=208, tactical=True, speed=3
Raid audit sample: {"faction":"HD_HelodCivilHighFaction","actualPopulation":208,"mapFingerprint":"2DCA10EF6A532BA820CA2CFA41B18D21E564655193AC63E429759ED9D0135787","startPhases":"Assemble:16","radioOperators":208,"scenario":18,"population":200,"tactical":true,"speed":3,"TPS":91.218,"FPS":22.520,"moved":208,"alive":208,"warmupTicks":600,"sampleTicks":1200,"phases":"Hold:1,Assemble:15","successfulPlans":16,"planningService":{"pending":0,"slices":2227,"completed":21,"discarded":1,"budgetStops":21,"maxSliceMs":7.880},"executionService":{"pending":16,"updates":3486,"urgent":0,"budgetStops":52,"maxDelayTicks":7,"oldestDelayTicks":0,"maxUnitMs":57.626},"orderReviews":{"count":14864,"maxDelayTicks":1},"unstartedMoves":"unstarted moves=0 max age=0 ticks reasons=","unstartedMoveDetails":"","passageTraffic":{"waiting":0},"queueMaintenance":{"cleanupPasses":28,"leasePrunePasses":109},"planningWork":{"maxBreachChecks":1,"maxRouteSteps":36,"limitedPlans":0},"failedPlans":"","nativeBytes":2500000,"peakNativeBytes":2500000,"cacheCumulative":{"created":20,"hits":1080,"evictions":0,"memoryWaits":0,"peakPending":7,"notifications":57},"cancelledPreparations":0,"peakWaitFrames":4,"pending":0,"blocked":"None:26,OpeningQueue:182","preparationServicePasses":4,"cpuCumulative":"FPS=22.5 TPS=91.3 worst execution/frame=8.959 ms managed heap=584.7 MiB GC=2/2/2\r\n  CPU Planning: n=97 sum=4.4 p50/p95/p99=0.005/0.148/1.986 max=1.986 ms\r\n  CPU Observation: n=1925 sum=118.3 p50/p95/p99=0.002/0.450/0.602 max=7.545 ms\r\n  CPU LocalMap: n=0 sum=0.0 p50/p95/p99=0.000/0.000/0.000 max=0.000 ms\r\n  CPU Formation: n=18 sum=2.6 p50/p95/p99=0.115/0.683/0.683 max=0.683 ms\r\n  CPU Orders: n=7839 sum=78.3 p50/p95/p99=0.009/0.014/0.144 max=0.279 ms\r\n  CPU Execution: n=1924 sum=336.1 p50/p95/p99=0.024/0.599/0.958 max=7.565 ms\r\n  CPU Navigation: n=1 sum=0.0 p50/p95/p99=0.015/0.015/0.015 max=0.015 ms\r\n  CPU BreachSearch: n=59 sum=0.6 p50/p95/p99=0.004/0.055/0.198 max=0.198 ms\r\n  CPU RouteSearch: n=1 sum=0.0 p50/p95/p99=0.017/0.017/0.017 max=0.017 ms\r\n  CPU OpeningQueue: n=636 sum=144.0 p50/p95/p99=0.229/0.296/0.382 max=0.426 ms\r\n  CPU GameTick: n=1203 sum=11355.6 p50/p95/p99=8.543/14.857/18.523 max=31.523 ms\r\n  CPU ExecutionMaintenance: n=20 sum=6.4 p50/p95/p99=0.254/0.518/0.910 max=0.910 ms\r\n  Goto request/start ticks: n=21 p50/p95/p99=0/0/225 max=225\r\n"}
"샤프" 백스터 tried to wear HD_Apparel_ZaperX26_Device79135 but is not allowed to.
에이브 tried to wear HD_Apparel_ZaperX26_Device79534 but is not allowed to.
"로스트" 백스터 tried to wear HD_Apparel_ZaperX26_Device80548 but is not allowed to.
버니스 tried to wear HD_Apparel_ZaperX26_Device81101 but is not allowed to.
"벅" 웰스 tried to wear HD_Apparel_ZaperX26_Device81834 but is not allowed to.
"로스트" 스미스 tried to wear HD_Apparel_ZaperX26_Device82008 but is not allowed to.
"더스티" 웨스트 tried to wear HD_Apparel_ZaperX26_Device82780 but is not allowed to.
"실버" 워커 tried to wear HD_Apparel_ZaperX26_Device83780 but is not allowed to.
"스톰" 백스터 tried to wear HD_Apparel_ZaperX26_Device84278 but is not allowed to.
"블루" 스탠튼 tried to wear HD_Apparel_ZaperX26_Device84698 but is not allowed to.
"하운드" 브룩스 tried to wear HD_Apparel_ZaperX26_Device85251 but is not allowed to.
"부츠" 엘리엇 tried to wear HD_Apparel_ZaperX26_Device85840 but is not allowed to.
"블루" 랜드리 tried to wear HD_Apparel_ZaperX26_Device86348 but is not allowed to.
"피닉스" 애덤스 tried to wear HD_Apparel_ZaperX26_Device86524 but is not allowed to.
"피닉스" 해리스 tried to wear HD_Apparel_ZaperX26_Device87095 but is not allowed to.
"샤프" 해리스 tried to wear HD_Apparel_ZaperX26_Device88115 but is not allowed to.
플로렌스 tried to wear HD_Apparel_ZaperX26_Device88619 but is not allowed to.
"블루" 워커 tried to wear HD_Apparel_ZaperX26_Device88793 but is not allowed to.
"실버" 브랜드 tried to wear HD_Apparel_ZaperX26_Device89784 but is not allowed to.
"샤프" 잭슨 tried to wear HD_Apparel_ZaperX26_Device90802 but is not allowed to.
"더스티" 랜드리 tried to wear HD_Apparel_ZaperX26_Device91541 but is not allowed to.
"스타" 맥케이 tried to wear HD_Apparel_ZaperX26_Device91715 but is not allowed to.
"로스트" 포터 tried to wear HD_Apparel_ZaperX26_Device92282 but is not allowed to.
"벅" 위트만 tried to wear HD_Apparel_ZaperX26_Device93063 but is not allowed to.
"피닉스" 달튼 tried to wear HD_Apparel_ZaperX26_Device93557 but is not allowed to.
"피닉스" 애덤스 tried to wear HD_Apparel_ZaperX26_Device93731 but is not allowed to.
"콜드아이" 셔만 tried to wear HD_Apparel_ZaperX26_Device94530 but is not allowed to.
"피닉스" 웨스트 tried to wear HD_Apparel_ZaperX26_Device95098 but is not allowed to.
"콜드아이" 스미스 tried to wear HD_Apparel_ZaperX26_Device96065 but is not allowed to.
"캐머" 브라운 tried to wear HD_Apparel_ZaperX26_Device96472 but is not allowed to.
Could not get new name (first rule pack: HD_NamerPersonHelod)
"로스트" 데이비스 tried to wear HD_Apparel_ZaperX26_Device97251 but is not allowed to.
"더스티" 잭슨 tried to wear HD_Apparel_ZaperX26_Device97805 but is not allowed to.
"벅" 모리슨 tried to wear HD_Apparel_ZaperX26_Device98304 but is not allowed to.
"벅" 브랜드 tried to wear HD_Apparel_ZaperX26_Device98481 but is not allowed to.
"피닉스" 백스터 tried to wear HD_Apparel_ZaperX26_Device99041 but is not allowed to.
"블루" 로즈 tried to wear HD_Apparel_ZaperX26_Device100063 but is not allowed to.
"더스티" 터너 tried to wear HD_Apparel_ZaperX26_Device100798 but is not allowed to.
"캐머" 플레처 tried to wear HD_Apparel_ZaperX26_Device100972 but is not allowed to.
"콜드아이" 샌더스 tried to wear HD_Apparel_ZaperX26_Device101514 but is not allowed to.
"피닉스" 워커 tried to wear HD_Apparel_ZaperX26_Device102061 but is not allowed to.
"하운드" 피어스 tried to wear HD_Apparel_ZaperX26_Device102794 but is not allowed to.
"하운드" 부스 tried to wear HD_Apparel_ZaperX26_Device103191 but is not allowed to.
"블루" 도슨 tried to wear HD_Apparel_ZaperX26_Device103993 but is not allowed to.
"벅" 스탠튼 tried to wear HD_Apparel_ZaperX26_Device104571 but is not allowed to.
Could not get new name (first rule pack: HD_NamerPersonHelod)
"피닉스" 호프만 tried to wear HD_Apparel_ZaperX26_Device105080 but is not allowed to.
"럭키" 달튼 tried to wear HD_Apparel_ZaperX26_Device105254 but is not allowed to.
"더스티" 케일 tried to wear HD_Apparel_ZaperX26_Device106278 but is not allowed to.
"콜드아이" 블랙우드 tried to wear HD_Apparel_ZaperX26_Device107081 but is not allowed to.
Could not get new name (first rule pack: HD_NamerPersonHelod)
"실버" 달튼 tried to wear HD_Apparel_ZaperX26_Device107826 but is not allowed to.
"캐머" 맥케이 tried to wear HD_Apparel_ZaperX26_Device108000 but is not allowed to.
"더스티" 웨스트 tried to wear HD_Apparel_ZaperX26_Device108829 but is not allowed to.
"벅" 도슨 tried to wear HD_Apparel_ZaperX26_Device109403 but is not allowed to.
"스타" 잭슨 tried to wear HD_Apparel_ZaperX26_Device110119 but is not allowed to.
"레드" 로즈 tried to wear HD_Apparel_ZaperX26_Device110293 but is not allowed to.
"스타" 피셔 tried to wear HD_Apparel_ZaperX26_Device111087 but is not allowed to.
Could not get new name (first rule pack: HD_NamerPersonHelod)
"벅" 셔만 tried to wear HD_Apparel_ZaperX26_Device111876 but is not allowed to.
"샤프" 크로포드 tried to wear HD_Apparel_ZaperX26_Device112846 but is not allowed to.
"레드" 애덤스 tried to wear HD_Apparel_ZaperX26_Device113245 but is not allowed to.
"실버" 챔드윙 tried to wear HD_Apparel_ZaperX26_Device114020 but is not allowed to.
"피닉스" 로즈 tried to wear HD_Apparel_ZaperX26_Device115068 but is not allowed to.
"레드" 엘리엇 tried to wear HD_Apparel_ZaperX26_Device115802 but is not allowed to.
"피닉스" 웰스 tried to wear HD_Apparel_ZaperX26_Device115979 but is not allowed to.
"부츠" 블랙우드 tried to wear HD_Apparel_ZaperX26_Device116768 but is not allowed to.
"하운드" 위트만 tried to wear HD_Apparel_ZaperX26_Device117559 but is not allowed to.
Could not get new name (first rule pack: HD_NamerPersonHelod)
"레드" 맥케이 tried to wear HD_Apparel_ZaperX26_Device118740 but is not allowed to.
"더스티" 달튼 tried to wear HD_Apparel_ZaperX26_Device119151 but is not allowed to.
"부츠" 도슨 tried to wear HD_Apparel_ZaperX26_Device120160 but is not allowed to.
"벅" 그레이 tried to wear HD_Apparel_ZaperX26_Device120952 but is not allowed to.
"럭키" 피어스 tried to wear HD_Apparel_ZaperX26_Device121690 but is not allowed to.
"콜드아이" 브룩스 tried to wear HD_Apparel_ZaperX26_Device121867 but is not allowed to.
"하운드" 잭슨 tried to wear HD_Apparel_ZaperX26_Device122852 but is not allowed to.
"피닉스" 베넷 tried to wear HD_Apparel_ZaperX26_Device123637 but is not allowed to.
"벅" 브랜드 tried to wear HD_Apparel_ZaperX26_Device124374 but is not allowed to.
"하운드" 파튼 tried to wear HD_Apparel_ZaperX26_Device124548 but is not allowed to.
"럭키" 셔만 tried to wear HD_Apparel_ZaperX26_Device125351 but is not allowed to.
"벅" 크로포드 tried to wear HD_Apparel_ZaperX26_Device126366 but is not allowed to.
"피닉스" 브라운 tried to wear HD_Apparel_ZaperX26_Device127089 but is not allowed to.
"콜드아이" 애덤스 tried to wear HD_Apparel_ZaperX26_Device127505 but is not allowed to.
"캐머" 워커 tried to wear HD_Apparel_ZaperX26_Device128292 but is not allowed to.
"콜드아이" 도슨 tried to wear HD_Apparel_ZaperX26_Device129069 but is not allowed to.
"피닉스" 터너 tried to wear HD_Apparel_ZaperX26_Device130060 but is not allowed to.
"벅" 포드 tried to wear HD_Apparel_ZaperX26_Device130237 but is not allowed to.
"블루" 피셔 tried to wear HD_Apparel_ZaperX26_Device130791 but is not allowed to.
"부츠" 스미스 tried to wear HD_Apparel_ZaperX26_Device131567 but is not allowed to.
"하운드" 브룩스 tried to wear HD_Apparel_ZaperX26_Device132072 but is not allowed to.
"피닉스" 브라운 tried to wear HD_Apparel_ZaperX26_Device132246 but is not allowed to.
"럭키" 레이노즈 tried to wear HD_Apparel_ZaperX26_Device133256 but is not allowed to.
Could not get new name (first rule pack: HD_NamerPersonHelod)
"벅" 레이노즈 tried to wear HD_Apparel_ZaperX26_Device133816 but is not allowed to.
"더스티" 잭슨 tried to wear HD_Apparel_ZaperX26_Device134539 but is not allowed to.
"스타" 헌터 tried to wear HD_Apparel_ZaperX26_Device134724 but is not allowed to.
"콜드아이" 웰스 tried to wear HD_Apparel_ZaperX26_Device135298 but is not allowed to.
"스타" 백스터 tried to wear HD_Apparel_ZaperX26_Device135840 but is not allowed to.
Could not get new name (first rule pack: HD_NamerPersonHelod)
Could not get new name (first rule pack: HD_NamerPersonHelod)
모리슨 tried to wear HD_Apparel_ZaperX26_Device136815 but is not allowed to.
"피닉스" 케일 tried to wear HD_Apparel_ZaperX26_Device137220 but is not allowed to.
"스타" 바이네스 tried to wear HD_Apparel_ZaperX26_Device138007 but is not allowed to.
"샤프" 엘리엇 tried to wear HD_Apparel_ZaperX26_Device138566 but is not allowed to.
"레드" 위트만 tried to wear HD_Apparel_ZaperX26_Device139302 but is not allowed to.
"샤프" 브랜드 tried to wear HD_Apparel_ZaperX26_Device139479 but is not allowed to.
"레드" 부스 tried to wear HD_Apparel_ZaperX26_Device140496 but is not allowed to.
"피닉스" 카터 tried to wear HD_Apparel_ZaperX26_Device141513 but is not allowed to.
"콜드아이" 부스 tried to wear HD_Apparel_ZaperX26_Device142030 but is not allowed to.
"더스티" 호프만 tried to wear HD_Apparel_ZaperX26_Device142207 but is not allowed to.
"럭키" 엘리엇 tried to wear HD_Apparel_ZaperX26_Device142774 but is not allowed to.
"캐머" 버튼 tried to wear HD_Apparel_ZaperX26_Device143576 but is not allowed to.
"피닉스" 헌터 tried to wear HD_Apparel_ZaperX26_Device144066 but is not allowed to.
"럭키" 랜드리 tried to wear HD_Apparel_ZaperX26_Device144240 but is not allowed to.
"스톰" 피셔 tried to wear HD_Apparel_ZaperX26_Device145252 but is not allowed to.
"피닉스" 그린 tried to wear HD_Apparel_ZaperX26_Device145794 but is not allowed to.
"레드" 로즈 tried to wear HD_Apparel_ZaperX26_Device146288 but is not allowed to.
"럭키" 웰스 tried to wear HD_Apparel_ZaperX26_Device146691 but is not allowed to.
"더스티" 피셔 tried to wear HD_Apparel_ZaperX26_Device147253 but is not allowed to.
"피닉스" 데이비스 tried to wear HD_Apparel_ZaperX26_Device148042 but is not allowed to.
"레드" 잭슨 tried to wear HD_Apparel_ZaperX26_Device148785 but is not allowed to.
"콜드아이" 부스 tried to wear HD_Apparel_ZaperX26_Device148962 but is not allowed to.
"실버" 브룩스 tried to wear HD_Apparel_ZaperX26_Device150006 but is not allowed to.
"로스트" 그린 tried to wear HD_Apparel_ZaperX26_Device150556 but is not allowed to.
"로스트" 셔만 tried to wear HD_Apparel_ZaperX26_Device151082 but is not allowed to.
Could not get new name (first rule pack: HD_NamerPersonHelod)
샌더스 tried to wear HD_Apparel_ZaperX26_Device151258 but is not allowed to.
"캐머" 로즈 tried to wear HD_Apparel_ZaperX26_Device152037 but is not allowed to.
"더스티" 애덤스 tried to wear HD_Apparel_ZaperX26_Device152832 but is not allowed to.
"벅" 도슨 tried to wear HD_Apparel_ZaperX26_Device153802 but is not allowed to.
"벅" 부스 tried to wear HD_Apparel_ZaperX26_Device153980 but is not allowed to.
"샤프" 챔드윙 tried to wear HD_Apparel_ZaperX26_Device154557 but is not allowed to.
"피닉스" 파튼 tried to wear HD_Apparel_ZaperX26_Device155583 but is not allowed to.
Raid audit case 19: count=403, tactical=True, speed=3
Raid audit sample: {"faction":"HD_HelodCivilHighFaction","actualPopulation":403,"mapFingerprint":"2DCA10EF6A532BA820CA2CFA41B18D21E564655193AC63E429759ED9D0135787","startPhases":"Assemble:31","radioOperators":401,"scenario":19,"population":400,"tactical":true,"speed":3,"TPS":34.579,"FPS":13.428,"moved":403,"alive":403,"warmupTicks":600,"sampleTicks":1200,"phases":"Assemble:30,Hold:1","successfulPlans":31,"planningService":{"pending":0,"slices":5382,"completed":52,"discarded":1,"budgetStops":36,"maxSliceMs":7.880},"executionService":{"pending":31,"updates":8840,"urgent":0,"budgetStops":182,"maxDelayTicks":22,"oldestDelayTicks":0,"maxUnitMs":57.626},"orderReviews":{"count":38318,"maxDelayTicks":2},"unstartedMoves":"unstarted moves=0 max age=0 ticks reasons=","unstartedMoveDetails":"","passageTraffic":{"waiting":0},"queueMaintenance":{"cleanupPasses":42,"leasePrunePasses":164},"planningWork":{"maxBreachChecks":1,"maxRouteSteps":39,"limitedPlans":0},"failedPlans":"","nativeBytes":3500000,"peakNativeBytes":3500000,"cacheCumulative":{"created":33,"hits":1846,"evictions":0,"memoryWaits":0,"peakPending":9,"notifications":77},"cancelledPreparations":0,"peakWaitFrames":4,"pending":5,"blocked":"None:13,OpeningQueue:388","preparationServicePasses":5,"cpuCumulative":"FPS=13.4 TPS=34.6 worst execution/frame=9.714 ms managed heap=750.5 MiB GC=5/5/5\r\n  CPU Planning: n=0 sum=0.0 p50/p95/p99=0.000/0.000/0.000 max=0.000 ms\r\n  CPU Observation: n=3712 sum=347.3 p50/p95/p99=0.001/0.803/0.969 max=1.599 ms\r\n  CPU LocalMap: n=40 sum=11.6 p50/p95/p99=0.255/0.384/0.385 max=0.385 ms\r\n  CPU Formation: n=19 sum=1.3 p50/p95/p99=0.070/0.095/0.095 max=0.095 ms\r\n  CPU Orders: n=15569 sum=135.0 p50/p95/p99=0.009/0.012/0.030 max=0.353 ms\r\n  CPU Execution: n=3712 sum=740.8 p50/p95/p99=0.024/0.913/1.269 max=6.950 ms\r\n  CPU Navigation: n=0 sum=0.0 p50/p95/p99=0.000/0.000/0.000 max=0.000 ms\r\n  CPU BreachSearch: n=0 sum=0.0 p50/p95/p99=0.000/0.000/0.000 max=0.000 ms\r\n  CPU RouteSearch: n=0 sum=0.0 p50/p95/p99=0.000/0.000/0.000 max=0.000 ms\r\n  CPU OpeningQueue: n=1235 sum=276.7 p50/p95/p99=0.223/0.293/0.446 max=0.622 ms\r\n  CPU GameTick: n=1200 sum=27011.4 p50/p95/p99=20.917/34.072/41.304 max=49.573 ms\r\n  CPU ExecutionMaintenance: n=20 sum=9.9 p50/p95/p99=0.454/0.740/0.959 max=0.959 ms\r\n  Goto request/start ticks: n=1 p50/p95/p99=390/390/390 max=390\r\n"}
Raid audit case 15: count=0, tactical=True, speed=3
Raid audit sample: {"faction":"HD_HelodCivilHighFaction","actualPopulation":0,"mapFingerprint":"2DCA10EF6A532BA820CA2CFA41B18D21E564655193AC63E429759ED9D0135787","startPhases":"","radioOperators":0,"scenario":15,"population":0,"tactical":true,"speed":3,"TPS":177.782,"FPS":52.254,"moved":0,"alive":0,"warmupTicks":600,"sampleTicks":1200,"phases":"","successfulPlans":0,"planningService":{"pending":0,"slices":5382,"completed":52,"discarded":1,"budgetStops":36,"maxSliceMs":7.880},"executionService":{"pending":0,"updates":9015,"urgent":0,"budgetStops":182,"maxDelayTicks":22,"oldestDelayTicks":0,"maxUnitMs":57.626},"orderReviews":{"count":38719,"maxDelayTicks":2},"unstartedMoves":"unstarted moves=0 max age=0 ticks reasons=","unstartedMoveDetails":"","passageTraffic":{"waiting":0},"queueMaintenance":{"cleanupPasses":42,"leasePrunePasses":164},"planningWork":{"maxBreachChecks":0,"maxRouteSteps":0,"limitedPlans":0},"failedPlans":"","nativeBytes":4125000,"peakNativeBytes":4125000,"cacheCumulative":{"created":33,"hits":1846,"evictions":0,"memoryWaits":0,"peakPending":9,"notifications":77},"cancelledPreparations":0,"peakWaitFrames":5,"pending":0,"blocked":"","preparationServicePasses":0,"cpuCumulative":"FPS=52.2 TPS=178.2 worst execution/frame=0.000 ms managed heap=778.1 MiB GC=1/1/1\r\n  CPU Planning: n=0 sum=0.0 p50/p95/p99=0.000/0.000/0.000 max=0.000 ms\r\n  CPU Observation: n=0 sum=0.0 p50/p95/p99=0.000/0.000/0.000 max=0.000 ms\r\n  CPU LocalMap: n=0 sum=0.0 p50/p95/p99=0.000/0.000/0.000 max=0.000 ms\r\n  CPU Formation: n=0 sum=0.0 p50/p95/p99=0.000/0.000/0.000 max=0.000 ms\r\n  CPU Orders: n=0 sum=0.0 p50/p95/p99=0.000/0.000/0.000 max=0.000 ms\r\n  CPU Execution: n=0 sum=0.0 p50/p95/p99=0.000/0.000/0.000 max=0.000 ms\r\n  CPU Navigation: n=0 sum=0.0 p50/p95/p99=0.000/0.000/0.000 max=0.000 ms\r\n  CPU BreachSearch: n=0 sum=0.0 p50/p95/p99=0.000/0.000/0.000 max=0.000 ms\r\n  CPU RouteSearch: n=0 sum=0.0 p50/p95/p99=0.000/0.000/0.000 max=0.000 ms\r\n  CPU OpeningQueue: n=0 sum=0.0 p50/p95/p99=0.000/0.000/0.000 max=0.000 ms\r\n  CPU GameTick: n=1201 sum=3614.5 p50/p95/p99=2.904/4.275/5.461 max=9.424 ms\r\n  CPU ExecutionMaintenance: n=20 sum=0.5 p50/p95/p99=0.023/0.032/0.042 max=0.042 ms\r\n  Goto request/start ticks: n=0 p50/p95/p99=0/0/0 max=0\r\n"}
Memory Statistics:
[ALLOC_TEMP_TLS] TLS Allocator
  StackAllocators : 
    [ALLOC_TEMP_MAIN]
      Peak usage frame count: [0-1.0 KB]: 3541 frames, [1.0 KB-2.0 KB]: 4 frames, [2.0 KB-4.0 KB]: 3775 frames, [4.0 KB-8.0 KB]: 48 frames, [8.0 KB-16.0 KB]: 16 frames, [64.0 KB-128.0 KB]: 4 frames, [128.0 KB-256.0 KB]: 1 frames, [2.0 MB-4.0 MB]: 3 frames, [4.0 MB-8.0 MB]: 1 frames
      Initial Block Size 4.0 MB
      Current Block Size 4.1 MB
      Peak Allocated Bytes 4.1 MB
      Overflow Count 1
    [ALLOC_TEMP_Loading.AsyncRead]
      Initial Block Size 64.0 KB
      Current Block Size 120.0 KB
      Peak Allocated Bytes 117.2 KB
      Overflow Count 0
    [ALLOC_TEMP_Loading.PreloadManager]
      Initial Block Size 256.0 KB
      Current Block Size 256.0 KB
      Peak Allocated Bytes 3.8 KB
      Overflow Count 8
    [ALLOC_TEMP_Background Job.Worker 8]
      Initial Block Size 32.0 KB
      Current Block Size 32.0 KB
      Peak Allocated Bytes 54 B
      Overflow Count 0
    [ALLOC_TEMP_Job.Worker 6]
      Initial Block Size 256.0 KB
      Current Block Size 256.0 KB
      Peak Allocated Bytes 160 B
      Overflow Count 0
    [ALLOC_TEMP_Job.Worker 0]
      Initial Block Size 256.0 KB
      Current Block Size 256.0 KB
      Peak Allocated Bytes 160 B
      Overflow Count 0
    [ALLOC_TEMP_Background Job.Worker 10]
      Initial Block Size 32.0 KB
      Current Block Size 32.0 KB
      Peak Allocated Bytes 54 B
      Overflow Count 0
    [ALLOC_TEMP_Background Job.Worker 9]
      Initial Block Size 32.0 KB
      Current Block Size 32.0 KB
      Peak Allocated Bytes 54 B
      Overflow Count 0
    [ALLOC_TEMP_Job.Worker 5]
      Initial Block Size 256.0 KB
      Current Block Size 256.0 KB
      Peak Allocated Bytes 176 B
      Overflow Count 0
    [ALLOC_TEMP_Background Job.Worker 14]
      Initial Block Size 32.0 KB
      Current Block Size 32.0 KB
      Peak Allocated Bytes 54 B
      Overflow Count 0
    [ALLOC_TEMP_Background Job.Worker 6]
      Initial Block Size 32.0 KB
      Current Block Size 32.0 KB
      Peak Allocated Bytes 54 B
      Overflow Count 0
    [ALLOC_TEMP_Job.Worker 4]
      Initial Block Size 256.0 KB
      Current Block Size 256.0 KB
      Peak Allocated Bytes 160 B
      Overflow Count 0
    [ALLOC_TEMP_Job.Worker 3]
      Initial Block Size 256.0 KB
      Current Block Size 256.0 KB
      Peak Allocated Bytes 160 B
      Overflow Count 0
    [ALLOC_TEMP_Background Job.Worker 12]
      Initial Block Size 32.0 KB
      Current Block Size 32.0 KB
      Peak Allocated Bytes 54 B
      Overflow Count 0
    [ALLOC_TEMP_EnlightenWorker] x 6
      Initial Block Size 64.0 KB
      Current Block Size 64.0 KB
      Peak Allocated Bytes 54 B
      Overflow Count 0
    [ALLOC_TEMP_Background Job.Worker 15]
      Initial Block Size 32.0 KB
      Current Block Size 32.0 KB
      Peak Allocated Bytes 54 B
      Overflow Count 0
    [ALLOC_TEMP_Background Job.Worker 1]
      Initial Block Size 32.0 KB
      Current Block Size 32.0 KB
      Peak Allocated Bytes 54 B
      Overflow Count 0
    [ALLOC_TEMP_Background Job.Worker 2]
      Initial Block Size 32.0 KB
      Current Block Size 32.0 KB
      Peak Allocated Bytes 54 B
      Overflow Count 0
    [ALLOC_TEMP_Background Job.Worker 7]
      Initial Block Size 32.0 KB
      Current Block Size 32.0 KB
      Peak Allocated Bytes 54 B
      Overflow Count 0
    [ALLOC_TEMP_UnityGfxDeviceWorker]
      Initial Block Size 256.0 KB
      Current Block Size 256.0 KB
      Peak Allocated Bytes 10.3 KB
      Overflow Count 0
    [ALLOC_TEMP_AssetGarbageCollectorHelper] x 11
      Initial Block Size 64.0 KB
      Current Block Size 64.0 KB
      Peak Allocated Bytes 138 B
      Overflow Count 0
    [ALLOC_TEMP_Background Job.Worker 5]
      Initial Block Size 32.0 KB
      Current Block Size 32.0 KB
      Peak Allocated Bytes 54 B
      Overflow Count 0
    [ALLOC_TEMP_Job.Worker 9]
      Initial Block Size 256.0 KB
      Current Block Size 256.0 KB
      Peak Allocated Bytes 160 B
      Overflow Count 0
    [ALLOC_TEMP_Background Job.Worker 13]
      Initial Block Size 32.0 KB
      Current Block Size 32.0 KB
      Peak Allocated Bytes 54 B
      Overflow Count 0
    [ALLOC_TEMP_Job.Worker 8]
      Initial Block Size 256.0 KB
      Current Block Size 256.0 KB
      Peak Allocated Bytes 160 B
      Overflow Count 0
    [ALLOC_TEMP_Job.Worker 7]
      Initial Block Size 256.0 KB
      Current Block Size 256.0 KB
      Peak Allocated Bytes 160 B
      Overflow Count 0
    [ALLOC_TEMP_Job.Worker 1]
      Initial Block Size 256.0 KB
      Current Block Size 256.0 KB
      Peak Allocated Bytes 507 B
      Overflow Count 0
    [ALLOC_TEMP_Job.Worker 2]
      Initial Block Size 256.0 KB
      Current Block Size 256.0 KB
      Peak Allocated Bytes 480 B
      Overflow Count 0
    [ALLOC_TEMP_Background Job.Worker 3]
      Initial Block Size 32.0 KB
      Current Block Size 32.0 KB
      Peak Allocated Bytes 54 B
      Overflow Count 0
    [ALLOC_TEMP_Background Job.Worker 11]
      Initial Block Size 32.0 KB
      Current Block Size 32.0 KB
      Peak Allocated Bytes 54 B
      Overflow Count 0
    [ALLOC_TEMP_Job.Worker 10]
      Initial Block Size 256.0 KB
      Current Block Size 256.0 KB
      Peak Allocated Bytes 160 B
      Overflow Count 0
    [ALLOC_TEMP_Background Job.Worker 0]
      Initial Block Size 32.0 KB
      Current Block Size 32.0 KB
      Peak Allocated Bytes 54 B
      Overflow Count 0
    [ALLOC_TEMP_Background Job.Worker 4]
      Initial Block Size 32.0 KB
      Current Block Size 32.0 KB
      Peak Allocated Bytes 54 B
      Overflow Count 0
    [ALLOC_TEMP_BatchDeleteObjects]
      Initial Block Size 64.0 KB
      Current Block Size 64.0 KB
      Peak Allocated Bytes 54 B
      Overflow Count 0
[ALLOC_DEFAULT] Dual Thread Allocator
  Peak main deferred allocation count 42585
    [ALLOC_BUCKET]
      Large Block size 4.0 MB
      Used Block count 1
      Peak Allocated bytes 4.0 MB
      Failed Allocations. Bucket layout:
        16B: 4 Subsections = 4096 buckets. Failed count: 48477
        32B: 34 Subsections = 17408 buckets. Failed count: 94934
        48B: 49 Subsections = 16725 buckets. Failed count: 131241
        64B: 40 Subsections = 10240 buckets. Failed count: 39784
        80B: 85 Subsections = 17408 buckets. Failed count: 37207
        96B: 28 Subsections = 4778 buckets. Failed count: 44477
        112B: 10 Subsections = 1462 buckets. Failed count: 13179
        128B: 6 Subsections = 768 buckets. Failed count: 17640
    [ALLOC_DEFAULT_MAIN]
      Peak usage frame count: [16.0 MB-32.0 MB]: 994 frames, [32.0 MB-64.0 MB]: 1 frames, [128.0 MB-256.0 MB]: 6398 frames
      Requested Block Size 16.0 MB
      Peak Block count 15
      Peak Allocated memory 244.7 MB
      Peak Large allocation bytes 31.2 MB
    [ALLOC_DEFAULT_THREAD]
      Peak usage frame count: [8.0 MB-16.0 MB]: 1095 frames, [16.0 MB-32.0 MB]: 22 frames, [32.0 MB-64.0 MB]: 2434 frames, [64.0 MB-128.0 MB]: 3842 frames
      Requested Block Size 16.0 MB
      Peak Block count 6
      Peak Allocated memory 79.5 MB
      Peak Large allocation bytes 10.0 MB
[ALLOC_TEMP_JOB_1_FRAME]
  Initial Block Size 2.0 MB
  Used Block Count 0
  Overflow Count (too large) 0
  Overflow Count (full) 0
[ALLOC_TEMP_JOB_2_FRAMES]
  Initial Block Size 2.0 MB
  Used Block Count 0
  Overflow Count (too large) 0
  Overflow Count (full) 0
[ALLOC_TEMP_JOB_4_FRAMES (JobTemp)]
  Initial Block Size 2.0 MB
  Used Block Count 1
  Overflow Count (too large) 0
  Overflow Count (full) 0
[ALLOC_TEMP_JOB_ASYNC (Background)]
  Initial Block Size 1.0 MB
  Used Block Count 1
  Overflow Count (too large) 0
  Overflow Count (full) 0
[ALLOC_GFX] Dual Thread Allocator
  Peak main deferred allocation count 44
    [ALLOC_BUCKET]
      Large Block size 4.0 MB
      Used Block count 1
      Peak Allocated bytes 4.0 MB
      Failed Allocations. Bucket layout:
        16B: 4 Subsections = 4096 buckets. Failed count: 48477
        32B: 34 Subsections = 17408 buckets. Failed count: 94934
        48B: 49 Subsections = 16725 buckets. Failed count: 131241
        64B: 40 Subsections = 10240 buckets. Failed count: 39784
        80B: 85 Subsections = 17408 buckets. Failed count: 37207
        96B: 28 Subsections = 4778 buckets. Failed count: 44477
        112B: 10 Subsections = 1462 buckets. Failed count: 13179
        128B: 6 Subsections = 768 buckets. Failed count: 17640
    [ALLOC_GFX_MAIN]
      Peak usage frame count: [64.0 KB-128.0 KB]: 1 frames, [2.0 MB-4.0 MB]: 3549 frames, [32.0 MB-64.0 MB]: 3842 frames, [256.0 MB-0.50 GB]: 1 frames
      Requested Block Size 16.0 MB
      Peak Block count 4
      Peak Allocated memory 387.1 MB
      Peak Large allocation bytes 383.6 MB
    [ALLOC_GFX_THREAD]
      Peak usage frame count: [0-1.0 KB]: 997 frames, [1.0 KB-2.0 KB]: 2554 frames, [8.0 KB-16.0 KB]: 1 frames, [32.0 KB-64.0 KB]: 3841 frames
      Requested Block Size 16.0 MB
      Peak Block count 1
      Peak Allocated memory 57.2 KB
      Peak Large allocation bytes 0 B
[ALLOC_CACHEOBJECTS] Dual Thread Allocator
  Peak main deferred allocation count 109
    [ALLOC_BUCKET]
      Large Block size 4.0 MB
      Used Block count 1
      Peak Allocated bytes 4.0 MB
      Failed Allocations. Bucket layout:
        16B: 4 Subsections = 4096 buckets. Failed count: 48477
        32B: 34 Subsections = 17408 buckets. Failed count: 94934
        48B: 49 Subsections = 16725 buckets. Failed count: 131241
        64B: 40 Subsections = 10240 buckets. Failed count: 39784
        80B: 85 Subsections = 17408 buckets. Failed count: 37207
        96B: 28 Subsections = 4778 buckets. Failed count: 44477
        112B: 10 Subsections = 1462 buckets. Failed count: 13179
        128B: 6 Subsections = 768 buckets. Failed count: 17640
    [ALLOC_CACHEOBJECTS_MAIN]
      Peak usage frame count: [4.0 MB-8.0 MB]: 1 frames, [8.0 MB-16.0 MB]: 994 frames, [16.0 MB-32.0 MB]: 6398 frames
      Requested Block Size 4.0 MB
      Peak Block count 5
      Peak Allocated memory 17.2 MB
      Peak Large allocation bytes 0 B
    [ALLOC_CACHEOBJECTS_THREAD]
      Peak usage frame count: [4.0 KB-8.0 KB]: 994 frames, [32.0 KB-64.0 KB]: 1 frames, [64.0 KB-128.0 KB]: 6396 frames, [256.0 KB-0.5 MB]: 1 frames, [0.5 MB-1.0 MB]: 1 frames
      Requested Block Size 4.0 MB
      Peak Block count 1
      Peak Allocated memory 0.6 MB
      Peak Large allocation bytes 0 B
[ALLOC_TYPETREE] Dual Thread Allocator
  Peak main deferred allocation count 0
    [ALLOC_BUCKET]
      Large Block size 4.0 MB
      Used Block count 1
      Peak Allocated bytes 4.0 MB
      Failed Allocations. Bucket layout:
        16B: 4 Subsections = 4096 buckets. Failed count: 48477
        32B: 34 Subsections = 17408 buckets. Failed count: 94934
        48B: 49 Subsections = 16725 buckets. Failed count: 131241
        64B: 40 Subsections = 10240 buckets. Failed count: 39784
        80B: 85 Subsections = 17408 buckets. Failed count: 37207
        96B: 28 Subsections = 4778 buckets. Failed count: 44477
        112B: 10 Subsections = 1462 buckets. Failed count: 13179
        128B: 6 Subsections = 768 buckets. Failed count: 17640
    [ALLOC_TYPETREE_MAIN]
      Peak usage frame count: [4.0 KB-8.0 KB]: 1 frames, [8.0 KB-16.0 KB]: 994 frames, [32.0 KB-64.0 KB]: 6398 frames
      Requested Block Size 2.0 MB
      Peak Block count 1
      Peak Allocated memory 49.8 KB
      Peak Large allocation bytes 0 B
    [ALLOC_TYPETREE_THREAD]
      Peak usage frame count: [0-1.0 KB]: 7393 frames
      Requested Block Size 2.0 MB
      Peak Block count 0
      Peak Allocated memory 0 B
      Peak Large allocation bytes 0 B
