Mono path[0] = 'C:/Program Files (x86)/Steam/steamapps/common/RimWorld/RimWorldWin64_Data/Managed'
Mono config path = 'C:/Program Files (x86)/Steam/steamapps/common/RimWorld/MonoBleedingEdge/etc'
[PhysX] Initialized MultithreadedTaskDispatcher with 12 workers.
Initialize engine version: 2022.3.35f1 (011206c7a712)
[Subsystems] Discovering subsystems at path C:/Program Files (x86)/Steam/steamapps/common/RimWorld/RimWorldWin64_Data/UnitySubsystems
GfxDevice: creating device client; threaded=1; jobified=0
Direct3D:
    Version:  Direct3D 11.0 [level 11.1]
    Renderer: NVIDIA GeForce RTX 3070 (ID=0x2484)
    Vendor:   NVIDIA
    VRAM:     8018 MB
    Driver:   32.0.15.9579
Begin MonoManager ReloadAssembly
- Loaded All Assemblies, in  0.139 seconds
- Finished resetting the current domain, in  0.003 seconds
<RI> Initializing input.
<RI> Input initialized.
<RI> Initialized touch support.
[PhysX] Initialized MultithreadedTaskDispatcher with 12 workers.
UnloadTime: 1.246900 ms
Command line arguments: -quicktest -savedatafolder=C:\Users\Public\Documents\ESTsoft\CreatorTemp\hd-tactical-analysis\vanilla-high -hdRaidMovementAudit=C:\Users\Public\Documents\ESTsoft\CreatorTemp\hd-tactical-analysis\vanilla-high\measurements.ndjson -hdRaidMovementAuditCases=16,18,19,15 -hdRaidMovementAuditSeed=hd-perf-20261007 -hdRaidMovementAuditHigh=true -hdRaidMovementAuditWarmup=600 -hdRaidMovementAuditSample=1200 -hdRaidMovementAuditFunctionalDisabled=true -hdRaidSpawnAuditDisabled=true -hdMethodProfile=C:\Users\Public\Documents\ESTsoft\CreatorTemp\hd-tactical-analysis\vanilla-high\profiles -hdMethodProfileCpu=true -hdMethodProfileAuto=true -hdMethodProfilePreset=coarse -hdMethodProfileTargets=Verse.Pawn::Tick;Verse.Pawn::TickInterval;Verse.AI.Pawn_PathFollower::PatherTick;Verse.AI.Pawn_PathFollower::TryEnterNextPathCell;Verse.AI.Pawn_PathFollower::GenerateNewPathRequest;Verse.AI.Pawn_JobTracker::JobTrackerTick;Verse.AI.Pawn_JobTracker::JobTrackerTickInterval;Verse.AI.Pawn_JobTracker::StartJob;Verse.AI.Pawn_JobTracker::CheckForJobOverride;Verse.AI.Pawn_JobTracker::TryFindAndStartJob;Verse.AI.JobDriver::DriverTick;Verse.AI.JobDriver::DriverTickInterval;Verse.AI.CastPositionFinder::TryFindCastPosition;Helodrace.MapComponent_RaidTacticalExecution::RunScheduledUnit;Helodrace.MapComponent_RaidTacticalExecution::ControlsPawn;Helodrace.Patch_RaidTacticalTickCpu::Prefix;Helodrace.Patch_RaidTacticalTickCpu::Postfix;Helodrace.Patch_RaidMovementArea_Request::Postfix;Helodrace.Patch_RaidMovementArea_Request::Prefix;Helodrace.Patch_RaidMovementArea_RequestResolved::Postfix;Helodrace.Patch_RaidMovementArea_RequestCancelled::Postfix;Helodrace.Patch_RaidMovementArea_ReadersCompleted::Postfix;Helodrace.Patch_RaidMovementArea_Dispose::Postfix;Helodrace.Patch_RaidNodeMovement_AllowedStep::Postfix;Helodrace.Patch_RaidNodeMovement_AllowedStep::Prefix;Helodrace.MapComponent_RaidTacticalOrders::For;Helodrace.MapComponent_RaidTacticalOrders::MovingOrder;Helodrace.MapComponent_RaidTacticalOrders::Get;Helodrace.MapComponent_RaidTacticalOrders::Allowed;Helodrace.Patch_RaidTacticalSupportFlee::Postfix;Helodrace.Patch_RaidTacticalDuty::Prefix;Helodrace.Patch_RaidTacticalContinuation::Postfix;Helodrace.Patch_RaidTacticalDutyConstant::Prefix;Helodrace.Patch_RaidTacticalHoldFacing::Postfix;Helodrace.Patch_RaidTacticalPendingAttack::Prefix;Helodrace.Patch_RaidTacticalTrace_StartJob::Postfix;Helodrace.Patch_RaidTacticalTrace_StartJob::Prefix;Helodrace.Patch_RaidTacticalTrace_EndJob::Prefix;Helodrace.Squads.OrganizationAPI::GetGroup;Helodrace.Squads.RaidTacticalUnit::ForGroup;Helodrace.Squads.RaidTacticalUnit::ForPawn;Helodrace.MapComponent_RaidTacticalExecution::IsAssaultRaider;Helodrace.MapComponent_RaidTacticalExecution::IsDefendingRaider;Helodrace.MapComponent_RaidTacticalExecution::IsTacticalRaider;Helodrace.MapComponent_RaidTacticalExecution::OwnsAssignment;Helodrace.RaidPawnOrder::OwnedBy;Helodrace.JobGiver_RaidTacticalFight::Give;Helodrace.JobGiver_RaidTacticalFight::ExtraTargetValidator;Helodrace.JobGiver_RaidTacticalFight::ShouldLoseTarget;Helodrace.JobGiver_RaidTacticalFight::TryFindShootingPosition -logFile C:\Users\Public\Documents\ESTsoft\CreatorTemp\hd-tactical-analysis\vanilla-high\Player.log -screen-width 800 -screen-height 600 -screen-fullscreen 0
RimWorld 1.6.4871 rev591
Save data folder overridden to C:\Users\Public\Documents\ESTsoft\CreatorTemp\hd-tactical-analysis\vanilla-high
Mod Helodrace - Combat Extended dependency (BlueBackedFish.Helodrace.Main) needs to have <downloadUrl> and/or <steamWorkshopUrl> specified.
Mod Helodrace - Facial Animation dependency (Nals.FacialAnimation) needs to have <downloadUrl> and/or <steamWorkshopUrl> specified.
Mod Helodrace - Facial Animation dependency (BlueBackedFish.Helodrace.Main) needs to have <downloadUrl> and/or <steamWorkshopUrl> specified.
Mod Helodrace - Lobos Arsenal dependency (bluebackedfish.helodrace.main) needs to have <downloadUrl> and/or <steamWorkshopUrl> specified.
Mod Helodrace - Lobos Arsenal dependency (smashphil.vehicleframework) needs to have <downloadUrl> and/or <steamWorkshopUrl> specified.
Mod Kilo's RJW retexture dependency (rim.job.world) needs to have <downloadUrl> and/or <steamWorkshopUrl> specified.
Mod RJW-SexSlaveCraft dependency (rim.job.world) needs to have <downloadUrl> and/or <steamWorkshopUrl> specified.
Mod RJW-SexSlaveCraft dependency (brrainz.harmony) needs to have <downloadUrl> and/or <steamWorkshopUrl> specified.
Mod Mechanoid Milk dependency (brrainz.harmony) needs to have <downloadUrl> and/or <steamWorkshopUrl> specified.
Mod RimTalk+The Forbbiden One dependency (rim.job.world) needs to have <downloadUrl> and/or <steamWorkshopUrl> specified.
Mod Maidnoid CE Patch dependency (silversol.consti) needs to have <downloadUrl> and/or <steamWorkshopUrl> specified.
Mod Maidnoid CE Patch dependency (CETeam.CombatExtended) needs to have <downloadUrl> and/or <steamWorkshopUrl> specified.
Mod RimThunder - Westline Green (CE Edition) dependency (CETeam.CombatExtended) needs to have <downloadUrl> and/or <steamWorkshopUrl> specified.
Mod RimThunder - Westline Green (CE Edition) dependency (SmashPhil.VehicleFramework) needs to have <downloadUrl> and/or <steamWorkshopUrl> specified.
Mod Wood's Muzzle Flash for Cinders of the Embergarden has a dependency (issaczhuang.muzzleflash) with empty display name.
Mod Wood's Muzzle Flash for Cinders of the Embergarden dependency (issaczhuang.muzzleflash) needs to have <downloadUrl> and/or <steamWorkshopUrl> specified.
Mod Wood's Muzzle Flash for Cinders of the Embergarden has a dependency (BreadMo.Cinders) with empty display name.
Mod Wood's Muzzle Flash for Cinders of the Embergarden dependency (BreadMo.Cinders) needs to have <downloadUrl> and/or <steamWorkshopUrl> specified.
Mod korossa CE patch dependency (gyun.0.6.3.1) needs to have <downloadUrl> and/or <steamWorkshopUrl> specified.
Fallback handler could not load library C:/Program Files (x86)/Steam/steamapps/common/RimWorld/RimWorldWin64_Data/MonoBleedingEdge/data-000002540F634490.dll
Fallback handler could not load library C:/Program Files (x86)/Steam/steamapps/common/RimWorld/RimWorldWin64_Data/MonoBleedingEdge/data-000002540FAC8900.dll
Helodrace Mod loaded.
Tried to load duplicate UnityEngine.Texture2D with path: FilesystemFile [C:\Program Files (x86)\Steam\steamapps\common\RimWorld\Mods\HelodRace-Main\Textures\Helod\Bodies\Naked_Baby_east.psd], Length 285496 and internal path: Helod/Bodies/Naked_Baby_east
Tried to load duplicate UnityEngine.Texture2D with path: FilesystemFile [C:\Program Files (x86)\Steam\steamapps\common\RimWorld\Mods\HelodRace-Main\Textures\Helod\Bodies\Naked_Baby_north.psd], Length 226210 and internal path: Helod/Bodies/Naked_Baby_north
Tried to load duplicate UnityEngine.Texture2D with path: FilesystemFile [C:\Program Files (x86)\Steam\steamapps\common\RimWorld\Mods\HelodRace-Main\Textures\Helod\Bodies\Naked_Baby_south.psd], Length 294172 and internal path: Helod/Bodies/Naked_Baby_south
Tried to load duplicate UnityEngine.Texture2D with path: FilesystemFile [C:\Program Files (x86)\Steam\steamapps\common\RimWorld\Mods\HelodRace-Main\Textures\Helod\Bodies\Naked_Child_east.psd], Length 665302 and internal path: Helod/Bodies/Naked_Child_east
Tried to load duplicate UnityEngine.Texture2D with path: FilesystemFile [C:\Program Files (x86)\Steam\steamapps\common\RimWorld\Mods\HelodRace-Main\Textures\Helod\Bodies\Naked_Child_north.psd], Length 748750 and internal path: Helod/Bodies/Naked_Child_north
Tried to load duplicate UnityEngine.Texture2D with path: FilesystemFile [C:\Program Files (x86)\Steam\steamapps\common\RimWorld\Mods\HelodRace-Main\Textures\Helod\Bodies\Naked_Child_south.psd], Length 570863 and internal path: Helod/Bodies/Naked_Child_south
Tried to load duplicate UnityEngine.Texture2D with path: FilesystemFile [C:\Program Files (x86)\Steam\steamapps\common\RimWorld\Mods\HelodRace-Main\Textures\Helod\Bodies\Naked_Female_east.psd], Length 12273496 and internal path: Helod/Bodies/Naked_Female_east
Tried to load duplicate UnityEngine.Texture2D with path: FilesystemFile [C:\Program Files (x86)\Steam\steamapps\common\RimWorld\Mods\HelodRace-Main\Textures\Helod\Bodies\Naked_Female_north.psd], Length 11639899 and internal path: Helod/Bodies/Naked_Female_north
Tried to load duplicate UnityEngine.Texture2D with path: FilesystemFile [C:\Program Files (x86)\Steam\steamapps\common\RimWorld\Mods\HelodRace-Main\Textures\Helod\Bodies\Naked_Female_south.psd], Length 12147713 and internal path: Helod/Bodies/Naked_Female_south
Tried to load duplicate UnityEngine.Texture2D with path: FilesystemFile [C:\Program Files (x86)\Steam\steamapps\common\RimWorld\Mods\HelodRace-Main\Textures\Helod\Hair\헤롤드 헤어_east.psd], Length 8518682 and internal path: Helod/Hair/헤롤드 헤어_east
Tried to load duplicate UnityEngine.Texture2D with path: FilesystemFile [C:\Program Files (x86)\Steam\steamapps\common\RimWorld\Mods\HelodRace-Main\Textures\Helod\Tails\HelodTail_Baby_east.psd], Length 66566 and internal path: Helod/Tails/HelodTail_Baby_east
Tried to load duplicate UnityEngine.Texture2D with path: FilesystemFile [C:\Program Files (x86)\Steam\steamapps\common\RimWorld\Mods\HelodRace-Main\Textures\Helod\Tails\HelodTail_Baby_north.psd], Length 138604 and internal path: Helod/Tails/HelodTail_Baby_north
Tried to load duplicate UnityEngine.Texture2D with path: FilesystemFile [C:\Program Files (x86)\Steam\steamapps\common\RimWorld\Mods\HelodRace-Main\Textures\Helod\Tails\HelodTail_Baby_south.psd], Length 133706 and internal path: Helod/Tails/HelodTail_Baby_south
Tried to load duplicate UnityEngine.Texture2D with path: FilesystemFile [C:\Program Files (x86)\Steam\steamapps\common\RimWorld\Mods\HelodRace-Main\Textures\Helod\Tails\HelodTail_Child_east.psd], Length 307461 and internal path: Helod/Tails/HelodTail_Child_east
Tried to load duplicate UnityEngine.Texture2D with path: FilesystemFile [C:\Program Files (x86)\Steam\steamapps\common\RimWorld\Mods\HelodRace-Main\Textures\Helod\Tails\HelodTail_Child_north.psd], Length 248350 and internal path: Helod/Tails/HelodTail_Child_north
Tried to load duplicate UnityEngine.Texture2D with path: FilesystemFile [C:\Program Files (x86)\Steam\steamapps\common\RimWorld\Mods\HelodRace-Main\Textures\Helod\Tails\HelodTail_Child_south.psd], Length 218174 and internal path: Helod/Tails/HelodTail_Child_south
Tried to load duplicate UnityEngine.Texture2D with path: FilesystemFile [C:\Program Files (x86)\Steam\steamapps\common\RimWorld\Mods\HelodRace-Main\Textures\Helod\Tails\HelodTail_east.psd], Length 172600 and internal path: Helod/Tails/HelodTail_east
Tried to load duplicate UnityEngine.Texture2D with path: FilesystemFile [C:\Program Files (x86)\Steam\steamapps\common\RimWorld\Mods\HelodRace-Main\Textures\Helod\Tails\HelodTail_north.psd], Length 167307 and internal path: Helod/Tails/HelodTail_north
Tried to load duplicate UnityEngine.Texture2D with path: FilesystemFile [C:\Program Files (x86)\Steam\steamapps\common\RimWorld\Mods\HelodRace-Main\Textures\Helod\Tails\HelodTail_south.psd], Length 144266 and internal path: Helod/Tails/HelodTail_south
Tried to load duplicate UnityEngine.Texture2D with path: FilesystemFile [C:\Program Files (x86)\Steam\steamapps\common\RimWorld\Mods\HelodRace-Main\Textures\Helod\Ears\Left\Ear1Left_east.psd], Length 250880 and internal path: Helod/Ears/Left/Ear1Left_east
Tried to load duplicate UnityEngine.Texture2D with path: FilesystemFile [C:\Program Files (x86)\Steam\steamapps\common\RimWorld\Mods\HelodRace-Main\Textures\Helod\Ears\Left\Ear1Left_north.psd], Length 177974 and internal path: Helod/Ears/Left/Ear1Left_north
Tried to load duplicate UnityEngine.Texture2D with path: FilesystemFile [C:\Program Files (x86)\Steam\steamapps\common\RimWorld\Mods\HelodRace-Main\Textures\Helod\Ears\Left\Ear1Left_south.psd], Length 249351 and internal path: Helod/Ears/Left/Ear1Left_south
Tried to load duplicate UnityEngine.Texture2D with path: FilesystemFile [C:\Program Files (x86)\Steam\steamapps\common\RimWorld\Mods\HelodRace-Main\Textures\Helod\Ears\Right\Ear1Right_east.psd], Length 200309 and internal path: Helod/Ears/Right/Ear1Right_east
Tried to load duplicate UnityEngine.Texture2D with path: FilesystemFile [C:\Program Files (x86)\Steam\steamapps\common\RimWorld\Mods\HelodRace-Main\Textures\Helod\VanillaApparel\WarMask\WarMask_east.psd], Length 42343 and internal path: Helod/VanillaApparel/WarMask/WarMask_east
Tried to load duplicate UnityEngine.Texture2D with path: FilesystemFile [C:\Program Files (x86)\Steam\steamapps\common\RimWorld\Mods\HelodRace-Main\Textures\Helod\VanillaApparel\WarMask\WarMask_north.psd], Length 44570 and internal path: Helod/VanillaApparel/WarMask/WarMask_north
Tried to load duplicate UnityEngine.Texture2D with path: FilesystemFile [C:\Program Files (x86)\Steam\steamapps\common\RimWorld\Mods\HelodRace-Main\Textures\Helod\VanillaApparel\WarMask\WarMask_south.psd], Length 49701 and internal path: Helod/VanillaApparel/WarMask/WarMask_south
Tried to load duplicate UnityEngine.Texture2D with path: FilesystemFile [C:\Program Files (x86)\Steam\steamapps\common\RimWorld\Mods\HelodRace-Main\Textures\Helod\VanillaApparel\Royalty\BroadshieldPack\BroadshieldPack_east.psd], Length 107860 and internal path: Helod/VanillaApparel/Royalty/BroadshieldPack/BroadshieldPack_east
Tried to load duplicate UnityEngine.Texture2D with path: FilesystemFile [C:\Program Files (x86)\Steam\steamapps\common\RimWorld\Mods\HelodRace-Main\Textures\Helod\VanillaApparel\Royalty\CorsetRoyal\CorsetRoyal_Female_east.psd], Length 34097 and internal path: Helod/VanillaApparel/Royalty/CorsetRoyal/CorsetRoyal_Female_east
Tried to load duplicate UnityEngine.Texture2D with path: FilesystemFile [C:\Program Files (x86)\Steam\steamapps\common\RimWorld\Mods\HelodRace-Main\Textures\Helod\VanillaApparel\Royalty\CorsetRoyal\CorsetRoyal_Female_north.psd], Length 36637 and internal path: Helod/VanillaApparel/Royalty/CorsetRoyal/CorsetRoyal_Female_north
Tried to load duplicate UnityEngine.Texture2D with path: FilesystemFile [C:\Program Files (x86)\Steam\steamapps\common\RimWorld\Mods\HelodRace-Main\Textures\Helod\VanillaApparel\Royalty\CorsetRoyal\CorsetRoyal_Female_south.psd], Length 35355 and internal path: Helod/VanillaApparel/Royalty/CorsetRoyal/CorsetRoyal_Female_south
Tried to load duplicate UnityEngine.Texture2D with path: FilesystemFile [C:\Program Files (x86)\Steam\steamapps\common\RimWorld\Mods\HelodRace-Main\Textures\Helod\VanillaApparel\Royalty\Crown\Crown_east.psd], Length 41419 and internal path: Helod/VanillaApparel/Royalty/Crown/Crown_east
Tried to load duplicate UnityEngine.Texture2D with path: FilesystemFile [C:\Program Files (x86)\Steam\steamapps\common\RimWorld\Mods\HelodRace-Main\Textures\Helod\VanillaApparel\Royalty\Crown\Crown_north.psd], Length 41325 and internal path: Helod/VanillaApparel/Royalty/Crown/Crown_north
Tried to load duplicate UnityEngine.Texture2D with path: FilesystemFile [C:\Program Files (x86)\Steam\steamapps\common\RimWorld\Mods\HelodRace-Main\Textures\Helod\VanillaApparel\Royalty\Crown\Crown_south.psd], Length 40081 and internal path: Helod/VanillaApparel/Royalty/Crown/Crown_south
Tried to load duplicate UnityEngine.Texture2D with path: FilesystemFile [C:\Program Files (x86)\Steam\steamapps\common\RimWorld\Mods\HelodRace-Main\Textures\Helod\VanillaApparel\Royalty\CrownStellic\CrownStellic_east.psd], Length 46723 and internal path: Helod/VanillaApparel/Royalty/CrownStellic/CrownStellic_east
Tried to load duplicate UnityEngine.Texture2D with path: FilesystemFile [C:\Program Files (x86)\Steam\steamapps\common\RimWorld\Mods\HelodRace-Main\Textures\Helod\VanillaApparel\Royalty\CrownStellic\CrownStellic_north.psd], Length 67651 and internal path: Helod/VanillaApparel/Royalty/CrownStellic/CrownStellic_north
Tried to load duplicate UnityEngine.Texture2D with path: FilesystemFile [C:\Program Files (x86)\Steam\steamapps\common\RimWorld\Mods\HelodRace-Main\Textures\Helod\VanillaApparel\Royalty\CrownStellic\CrownStellic_south.psd], Length 62684 and internal path: Helod/VanillaApparel/Royalty/CrownStellic/CrownStellic_south
Could not load Texture2D at 'Weapons/Modular/Ammunition/HD_Ammunition_556M855A1_Ammo' for def 'HD_ModularPart_Ammunition_762M80_Part' in any active mod or in base resources.
MatFrom with null sourceTex.
Could not load Texture2D at 'Weapons/Modular/Ammunition/HD_Ammunition_919M882_Ammo' for def 'HD_ModularPart_Ammunition_919M882_P320_Part' in any active mod or in base resources.
MatFrom with null sourceTex.
Could not load Texture2D at 'Weapons/Modular/Ammunition/HD_Ammunition_556M855A1_Ammo' for def 'HD_Ammunition_556M855A1_Ammo' in any active mod or in base resources.
MatFrom with null sourceTex.
Could not load Texture2D at 'Weapons/Modular/Ammunition/HD_Ammunition_919M882_Ammo' for def 'HD_Ammunition_919M882_Ammo' in any active mod or in base resources.
MatFrom with null sourceTex.
Could not load Texture2D at 'Weapons/Modular/Ammunition/HD_Ammunition_76251M80A1_Ammo' for def 'HD_Ammunition_76251M80A1_Ammo' in any active mod or in base resources.
MatFrom with null sourceTex.
[Helodrace] Standalone race initialized: 9 heads, 41 apparel graphics, 133 operations.
[HD Cigarette] diagnostics enabled. DrawCarriedThing prefix active=True, assembly=C:\Program Files (x86)\Steam\steamapps\common\RimWorld\Mods\HelodRace-Main\Assemblies\Helodrace.dll
Helodrace initialized. Removed quality comp from 39 Helodrace guns.
Unloading 5 Unused Serialized files (Serialized files now loaded: 5)
Unloading 135 unused Assets to reduce memory usage. Loaded Objects now: 29115.
Total: 243.512200 ms (FindLiveObjects: 2.210100 ms CreateObjectMapping: 2.501500 ms MarkObjects: 238.354900 ms  DeleteObjects: 0.445600 ms)

Unloading 3 Unused Serialized files (Serialized files now loaded: 5)
[PhysX] Initialized MultithreadedTaskDispatcher with 12 workers.
UnloadTime: 0.869100 ms
Unloading 2 unused Assets to reduce memory usage. Loaded Objects now: 29139.
Total: 243.275600 ms (FindLiveObjects: 1.261800 ms CreateObjectMapping: 2.388900 ms MarkObjects: 239.563500 ms  DeleteObjects: 0.061100 ms)

Initializing new game with mods:
  - brrainz.harmony
  - Ludeon.RimWorld
  - Ludeon.RimWorld.Royalty
  - Ludeon.RimWorld.Ideology
  - Ludeon.RimWorld.Biotech
  - Ludeon.RimWorld.Anomaly
  - Ludeon.RimWorld.Odyssey
  - BlueBackedFish.Helodrace.Main
Unloading 1 Unused Serialized files (Serialized files now loaded: 5)
Unloading 1 unused Assets to reduce memory usage. Loaded Objects now: 35684.
Total: 286.083000 ms (FindLiveObjects: 2.376000 ms CreateObjectMapping: 2.890200 ms MarkObjects: 280.636000 ms  DeleteObjects: 0.180400 ms)

애들린 tried to wear HD_Apparel_ZaperX26_Device37918 but is not allowed to.
캐서린 tried to wear HD_Apparel_ZaperX26_Device38103 but is not allowed to.
애들린 tried to wear HD_Apparel_ZaperX26_Device38673 but is not allowed to.
노라 tried to wear HD_Apparel_ZaperX26_Device39234 but is not allowed to.
낸시 tried to wear HD_Apparel_ZaperX26_Device39733 but is not allowed to.
"스타" 바로우 tried to wear HD_Apparel_ZaperX26_Device39918 but is not allowed to.
테레사 tried to wear HD_Apparel_ZaperX26_Device40466 but is not allowed to.
콜 tried to wear HD_Apparel_ZaperX26_Device41012 but is not allowed to.
블랙우드 tried to wear HD_Apparel_ZaperX26_Device41516 but is not allowed to.
포터 tried to wear HD_Apparel_ZaperX26_Device41704 but is not allowed to.
캐롤 tried to wear HD_Apparel_ZaperX26_Device42274 but is not allowed to.
브룩 tried to wear HD_Apparel_ZaperX26_Device42821 but is not allowed to.
모리슨 tried to wear HD_Apparel_ZaperX26_Device43312 but is not allowed to.
모리슨 tried to wear HD_Apparel_ZaperX26_Device43487 but is not allowed to.
랜드리 tried to wear HD_Apparel_ZaperX26_Device44043 but is not allowed to.
비토 tried to wear HD_Apparel_ZaperX26_Device44592 but is not allowed to.
Raid audit case 16: count=52, tactical=True, speed=3
Agent method profiler ready: C:\Users\Public\Documents\ESTsoft\CreatorTemp\hd-tactical-analysis\vanilla-high\profiles
Raid audit sample: {"faction":"HD_HelodCivilHighFaction","actualPopulation":52,"mapFingerprint":"2DCA10EF6A532BA820CA2CFA41B18D21E564655193AC63E429759ED9D0135787","startPhases":"Assemble:4","radioOperators":52,"scenario":16,"population":50,"tactical":true,"speed":3,"TPS":59.909,"FPS":59.809,"moved":52,"alive":52,"warmupTicks":600,"sampleTicks":1200,"phases":"Hold:1,Assemble:3","successfulPlans":4,"planningService":{"pending":1,"slices":479,"completed":4,"discarded":0,"budgetStops":17,"maxSliceMs":10.129},"executionService":{"pending":4,"updates":697,"urgent":0,"budgetStops":3,"maxDelayTicks":3,"oldestDelayTicks":0,"maxUnitMs":63.669},"orderReviews":{"count":3015,"maxDelayTicks":0},"unstartedMoves":"unstarted moves=0 max age=0 ticks reasons=","unstartedMoveDetails":"","passageTraffic":{"waiting":0},"queueMaintenance":{"cleanupPasses":14,"leasePrunePasses":54},"planningWork":{"maxBreachChecks":1,"maxRouteSteps":38,"limitedPlans":0},"failedPlans":"","nativeBytes":1000000,"peakNativeBytes":1000000,"cacheCumulative":{"created":8,"hits":319,"evictions":0,"memoryWaits":0,"peakPending":3,"notifications":34},"cancelledPreparations":0,"peakWaitFrames":2,"pending":0,"blocked":"None:26,OpeningQueue:26","preparationServicePasses":7,"cpuCumulative":"FPS=59.8 TPS=59.9 worst execution/frame=12.117 ms managed heap=545.3 MiB GC=0/0/0\r\n  CPU Planning: n=64 sum=1.0 p50/p95/p99=0.004/0.061/0.222 max=0.222 ms\r\n  CPU Observation: n=481 sum=24.4 p50/p95/p99=0.001/0.244/0.350 max=0.442 ms\r\n  CPU LocalMap: n=40 sum=11.8 p50/p95/p99=0.262/0.397/0.422 max=0.422 ms\r\n  CPU Formation: n=19 sum=1.3 p50/p95/p99=0.066/0.109/0.109 max=0.109 ms\r\n  CPU Orders: n=1614 sum=31.3 p50/p95/p99=0.013/0.021/0.266 max=0.424 ms\r\n  CPU Execution: n=480 sum=142.3 p50/p95/p99=0.081/0.657/3.519 max=12.117 ms\r\n  CPU Navigation: n=1 sum=0.0 p50/p95/p99=0.025/0.025/0.025 max=0.025 ms\r\n  CPU BreachSearch: n=58 sum=0.6 p50/p95/p99=0.004/0.018/0.221 max=0.221 ms\r\n  CPU RouteSearch: n=0 sum=0.0 p50/p95/p99=0.000/0.000/0.000 max=0.000 ms\r\n  CPU OpeningQueue: n=158 sum=43.7 p50/p95/p99=0.336/0.552/0.593 max=0.638 ms\r\n  CPU GameTick: n=1200 sum=4014.8 p50/p95/p99=3.029/5.229/6.817 max=19.864 ms\r\n  CPU ExecutionMaintenance: n=20 sum=2.6 p50/p95/p99=0.127/0.142/0.197 max=0.197 ms\r\n  Goto request/start ticks: n=37 p50/p95/p99=0/1/257 max=257\r\n"}
클라라 tried to wear HD_Apparel_ZaperX26_Device45392 but is not allowed to.
애들러 tried to wear HD_Apparel_ZaperX26_Device45566 but is not allowed to.
샌더스 tried to wear HD_Apparel_ZaperX26_Device46345 but is not allowed to.
백스터 tried to wear HD_Apparel_ZaperX26_Device46902 but is not allowed to.
"콜드아이" 데이비스 tried to wear HD_Apparel_ZaperX26_Device47653 but is not allowed to.
앨리스 tried to wear HD_Apparel_ZaperX26_Device47838 but is not allowed to.
앨리샤 tried to wear HD_Apparel_ZaperX26_Device48425 but is not allowed to.
데이비드 tried to wear HD_Apparel_ZaperX26_Device49211 but is not allowed to.
캘럽 tried to wear HD_Apparel_ZaperX26_Device49729 but is not allowed to.
브라운 tried to wear HD_Apparel_ZaperX26_Device49907 but is not allowed to.
토마스 tried to wear HD_Apparel_ZaperX26_Device50701 but is not allowed to.
버튼 tried to wear HD_Apparel_ZaperX26_Device51253 but is not allowed to.
샌더스 tried to wear HD_Apparel_ZaperX26_Device51764 but is not allowed to.
워커 tried to wear HD_Apparel_ZaperX26_Device51942 but is not allowed to.
테일러 tried to wear HD_Apparel_ZaperX26_Device52509 but is not allowed to.
바로우 tried to wear HD_Apparel_ZaperX26_Device53062 but is not allowed to.
콜만 tried to wear HD_Apparel_ZaperX26_Device53584 but is not allowed to.
바로우 tried to wear HD_Apparel_ZaperX26_Device53769 but is not allowed to.
안드루 tried to wear HD_Apparel_ZaperX26_Device54315 but is not allowed to.
맥케이 tried to wear HD_Apparel_ZaperX26_Device54872 but is not allowed to.
브라이언 tried to wear HD_Apparel_ZaperX26_Device55387 but is not allowed to.
맥케이 tried to wear HD_Apparel_ZaperX26_Device55573 but is not allowed to.
백스터 tried to wear HD_Apparel_ZaperX26_Device56372 but is not allowed to.
스미스 tried to wear HD_Apparel_ZaperX26_Device57153 but is not allowed to.
피어스 tried to wear HD_Apparel_ZaperX26_Device57678 but is not allowed to.
"하운드" 해리스 tried to wear HD_Apparel_ZaperX26_Device58075 but is not allowed to.
케일 tried to wear HD_Apparel_ZaperX26_Device58649 but is not allowed to.
달튼 tried to wear HD_Apparel_ZaperX26_Device59209 but is not allowed to.
위트만 tried to wear HD_Apparel_ZaperX26_Device59943 but is not allowed to.
버튼 tried to wear HD_Apparel_ZaperX26_Device60344 but is not allowed to.
브라이언 tried to wear HD_Apparel_ZaperX26_Device60901 but is not allowed to.
에드워즈 tried to wear HD_Apparel_ZaperX26_Device61690 but is not allowed to.
브라이언 tried to wear HD_Apparel_ZaperX26_Device62208 but is not allowed to.
애비게일 tried to wear HD_Apparel_ZaperX26_Device62385 but is not allowed to.
올리버 tried to wear HD_Apparel_ZaperX26_Device62950 but is not allowed to.
캘럽 tried to wear HD_Apparel_ZaperX26_Device63526 but is not allowed to.
브랜드 tried to wear HD_Apparel_ZaperX26_Device64020 but is not allowed to.
"캐머" 플레처 tried to wear HD_Apparel_ZaperX26_Device64206 but is not allowed to.
드레이크 tried to wear HD_Apparel_ZaperX26_Device64763 but is not allowed to.
피터 tried to wear HD_Apparel_ZaperX26_Device65316 but is not allowed to.
"하운드" 피어스 tried to wear HD_Apparel_ZaperX26_Device65823 but is not allowed to.
브라이언 tried to wear HD_Apparel_ZaperX26_Device65998 but is not allowed to.
제인 tried to wear HD_Apparel_ZaperX26_Device66556 but is not allowed to.
안드루 tried to wear HD_Apparel_ZaperX26_Device67111 but is not allowed to.
캘럽 tried to wear HD_Apparel_ZaperX26_Device67622 but is not allowed to.
스미스 tried to wear HD_Apparel_ZaperX26_Device67810 but is not allowed to.
엠마 tried to wear HD_Apparel_ZaperX26_Device68356 but is not allowed to.
"하운드" 하퍼 tried to wear HD_Apparel_ZaperX26_Device68920 but is not allowed to.
피터 tried to wear HD_Apparel_ZaperX26_Device69662 but is not allowed to.
버튼 tried to wear HD_Apparel_ZaperX26_Device69851 but is not allowed to.
"럭키" 파커 tried to wear HD_Apparel_ZaperX26_Device70417 but is not allowed to.
테일러 tried to wear HD_Apparel_ZaperX26_Device70979 but is not allowed to.
포스터 tried to wear HD_Apparel_ZaperX26_Device71703 but is not allowed to.
케일 tried to wear HD_Apparel_ZaperX26_Device71877 but is not allowed to.
샌더스 tried to wear HD_Apparel_ZaperX26_Device72684 but is not allowed to.
"벅" 백스터 tried to wear HD_Apparel_ZaperX26_Device73227 but is not allowed to.
브라운 tried to wear HD_Apparel_ZaperX26_Device73714 but is not allowed to.
포스터 tried to wear HD_Apparel_ZaperX26_Device73903 but is not allowed to.
사무엘 tried to wear HD_Apparel_ZaperX26_Device74690 but is not allowed to.
드레이크 tried to wear HD_Apparel_ZaperX26_Device75266 but is not allowed to.
"럭키" 도슨 tried to wear HD_Apparel_ZaperX26_Device75773 but is not allowed to.
"피닉스" 에드워즈 tried to wear HD_Apparel_ZaperX26_Device75946 but is not allowed to.
달튼 tried to wear HD_Apparel_ZaperX26_Device76515 but is not allowed to.
브랜드 tried to wear HD_Apparel_ZaperX26_Device77068 but is not allowed to.
Raid audit case 18: count=208, tactical=True, speed=3
Raid audit sample: {"faction":"HD_HelodCivilHighFaction","actualPopulation":208,"mapFingerprint":"2DCA10EF6A532BA820CA2CFA41B18D21E564655193AC63E429759ED9D0135787","startPhases":"Assemble:16","radioOperators":208,"scenario":18,"population":200,"tactical":true,"speed":3,"TPS":75.119,"FPS":24.395,"moved":208,"alive":208,"warmupTicks":600,"sampleTicks":1200,"phases":"Hold:1,Assemble:15","successfulPlans":15,"planningService":{"pending":0,"slices":2199,"completed":21,"discarded":1,"budgetStops":25,"maxSliceMs":10.129},"executionService":{"pending":16,"updates":3491,"urgent":0,"budgetStops":49,"maxDelayTicks":7,"oldestDelayTicks":0,"maxUnitMs":63.669},"orderReviews":{"count":14893,"maxDelayTicks":1},"unstartedMoves":"unstarted moves=0 max age=0 ticks reasons=","unstartedMoveDetails":"","passageTraffic":{"waiting":0},"queueMaintenance":{"cleanupPasses":28,"leasePrunePasses":109},"planningWork":{"maxBreachChecks":1,"maxRouteSteps":39,"limitedPlans":1},"failedPlans":"Breach search allowance exhausted; keep position and retry later. | No wall breach: 48 nearby structures, 48 with tools, 0 exterior routes. Search allowance exhausted.","nativeBytes":2625000,"peakNativeBytes":2625000,"cacheCumulative":{"created":21,"hits":973,"evictions":0,"memoryWaits":0,"peakPending":10,"notifications":62},"cancelledPreparations":0,"peakWaitFrames":5,"pending":0,"blocked":"None:26,OpeningQueue:182","preparationServicePasses":6,"cpuCumulative":"FPS=24.3 TPS=75.2 worst execution/frame=7.642 ms managed heap=617.2 MiB GC=2/2/2\r\n  CPU Planning: n=56 sum=5.1 p50/p95/p99=0.005/0.204/4.276 max=4.276 ms\r\n  CPU Observation: n=1928 sum=118.4 p50/p95/p99=0.001/0.467/0.642 max=1.118 ms\r\n  CPU LocalMap: n=0 sum=0.0 p50/p95/p99=0.000/0.000/0.000 max=0.000 ms\r\n  CPU Formation: n=18 sum=1.8 p50/p95/p99=0.069/0.246/0.246 max=0.246 ms\r\n  CPU Orders: n=7838 sum=112.1 p50/p95/p99=0.013/0.021/0.140 max=0.356 ms\r\n  CPU Execution: n=1927 sum=431.5 p50/p95/p99=0.036/0.712/1.096 max=7.071 ms\r\n  CPU Navigation: n=1 sum=0.0 p50/p95/p99=0.014/0.014/0.014 max=0.014 ms\r\n  CPU BreachSearch: n=50 sum=0.6 p50/p95/p99=0.004/0.013/0.209 max=0.209 ms\r\n  CPU RouteSearch: n=0 sum=0.0 p50/p95/p99=0.000/0.000/0.000 max=0.000 ms\r\n  CPU OpeningQueue: n=636 sum=211.5 p50/p95/p99=0.338/0.442/0.591 max=0.705 ms\r\n  CPU GameTick: n=1204 sum=13738.7 p50/p95/p99=10.439/16.984/21.122 max=54.599 ms\r\n  CPU ExecutionMaintenance: n=20 sum=8.8 p50/p95/p99=0.393/0.523/1.057 max=1.057 ms\r\n  Goto request/start ticks: n=19 p50/p95/p99=0/0/0 max=0\r\n"}
"샤프" 백스터 tried to wear HD_Apparel_ZaperX26_Device79411 but is not allowed to.
"더스티" 맥케이 tried to wear HD_Apparel_ZaperX26_Device79588 but is not allowed to.
"더스티" 샌더스 tried to wear HD_Apparel_ZaperX26_Device80136 but is not allowed to.
웨스트 tried to wear HD_Apparel_ZaperX26_Device81148 but is not allowed to.
"벅" 웰스 tried to wear HD_Apparel_ZaperX26_Device81675 but is not allowed to.
"로스트" 스미스 tried to wear HD_Apparel_ZaperX26_Device81849 but is not allowed to.
"샤프" 하퍼 tried to wear HD_Apparel_ZaperX26_Device82635 but is not allowed to.
"스톰" 부스 tried to wear HD_Apparel_ZaperX26_Device83647 but is not allowed to.
"스톰" 백스터 tried to wear HD_Apparel_ZaperX26_Device84390 but is not allowed to.
"블루" 스탠튼 tried to wear HD_Apparel_ZaperX26_Device84810 but is not allowed to.
"블루" 로슨 tried to wear HD_Apparel_ZaperX26_Device86036 but is not allowed to.
"벅" 바로우 tried to wear HD_Apparel_ZaperX26_Device86582 but is not allowed to.
"블루" 랜드리 tried to wear HD_Apparel_ZaperX26_Device87096 but is not allowed to.
"피닉스" 애덤스 tried to wear HD_Apparel_ZaperX26_Device87272 but is not allowed to.
"캐머" 테일러 tried to wear HD_Apparel_ZaperX26_Device88280 but is not allowed to.
"콜드아이" 파튼 tried to wear HD_Apparel_ZaperX26_Device89062 but is not allowed to.
"더스티" 애들러 tried to wear HD_Apparel_ZaperX26_Device89815 but is not allowed to.
"블루" 워커 tried to wear HD_Apparel_ZaperX26_Device90000 but is not allowed to.
"벅" 그레이 tried to wear HD_Apparel_ZaperX26_Device90793 but is not allowed to.
"블루" 엘리엇 tried to wear HD_Apparel_ZaperX26_Device91580 but is not allowed to.
"더스티" 랜드리 tried to wear HD_Apparel_ZaperX26_Device92066 but is not allowed to.
"스타" 맥케이 tried to wear HD_Apparel_ZaperX26_Device92240 but is not allowed to.
"실버" 블랙우드 tried to wear HD_Apparel_ZaperX26_Device93257 but is not allowed to.
"더스티" 잭슨 tried to wear HD_Apparel_ZaperX26_Device93816 but is not allowed to.
"피닉스" 버튼 tried to wear HD_Apparel_ZaperX26_Device94307 but is not allowed to.
"더스티" 케인 tried to wear HD_Apparel_ZaperX26_Device94481 but is not allowed to.
"콜드아이" 셔만 tried to wear HD_Apparel_ZaperX26_Device95038 but is not allowed to.
"벅" 플레처 tried to wear HD_Apparel_ZaperX26_Device95829 but is not allowed to.
"콜드아이" 스미스 tried to wear HD_Apparel_ZaperX26_Device96317 but is not allowed to.
"더스티" 블랙우드 tried to wear HD_Apparel_ZaperX26_Device96494 but is not allowed to.
"스타" 케인 tried to wear HD_Apparel_ZaperX26_Device97061 but is not allowed to.
Could not get new name (first rule pack: HD_NamerPersonHelod)
"하운드" 베넷 tried to wear HD_Apparel_ZaperX26_Device97846 but is not allowed to.
"벅" 모리슨 tried to wear HD_Apparel_ZaperX26_Device98564 but is not allowed to.
"벅" 브랜드 tried to wear HD_Apparel_ZaperX26_Device98741 but is not allowed to.
"피닉스" 백스터 tried to wear HD_Apparel_ZaperX26_Device99301 but is not allowed to.
"콜드아이" 콜만 tried to wear HD_Apparel_ZaperX26_Device99867 but is not allowed to.
"더스티" 터너 tried to wear HD_Apparel_ZaperX26_Device100611 but is not allowed to.
"콜드아이" 테일러 tried to wear HD_Apparel_ZaperX26_Device101008 but is not allowed to.
"벅" 플레처 tried to wear HD_Apparel_ZaperX26_Device101588 but is not allowed to.
"캐머" 엘리엇 tried to wear HD_Apparel_ZaperX26_Device102147 but is not allowed to.
"블루" 브라운 tried to wear HD_Apparel_ZaperX26_Device102651 but is not allowed to.
"부츠" 애들러 tried to wear HD_Apparel_ZaperX26_Device102840 but is not allowed to.
"실버" 호프만 tried to wear HD_Apparel_ZaperX26_Device103386 but is not allowed to.
"럭키" 웰스 tried to wear HD_Apparel_ZaperX26_Device104174 but is not allowed to.
"피닉스" 호프만 tried to wear HD_Apparel_ZaperX26_Device104672 but is not allowed to.
"럭키" 달튼 tried to wear HD_Apparel_ZaperX26_Device105076 but is not allowed to.
"피닉스" 카터 tried to wear HD_Apparel_ZaperX26_Device105867 but is not allowed to.
"콜드아이" 블랙우드 tried to wear HD_Apparel_ZaperX26_Device106660 but is not allowed to.
"실버" 달튼 tried to wear HD_Apparel_ZaperX26_Device107158 but is not allowed to.
"피닉스" 드레이크 tried to wear HD_Apparel_ZaperX26_Device107567 but is not allowed to.
"벅" 카터 tried to wear HD_Apparel_ZaperX26_Device108349 but is not allowed to.
"실버" 버튼 tried to wear HD_Apparel_ZaperX26_Device108906 but is not allowed to.
"럭키" 플레처 tried to wear HD_Apparel_ZaperX26_Device109648 but is not allowed to.
"럭키" 브랜드 tried to wear HD_Apparel_ZaperX26_Device109825 but is not allowed to.
"피닉스" 워커 tried to wear HD_Apparel_ZaperX26_Device110389 but is not allowed to.
"실버" 플레처 tried to wear HD_Apparel_ZaperX26_Device111425 but is not allowed to.
"샤프" 크로포드 tried to wear HD_Apparel_ZaperX26_Device112171 but is not allowed to.
"레드" 애덤스 tried to wear HD_Apparel_ZaperX26_Device112348 but is not allowed to.
"럭키" 맥케이 tried to wear HD_Apparel_ZaperX26_Device112934 but is not allowed to.
"캐머" 웰스 tried to wear HD_Apparel_ZaperX26_Device113494 but is not allowed to.
"블루" 챔드윙 tried to wear HD_Apparel_ZaperX26_Device114226 but is not allowed to.
"피닉스" 웰스 tried to wear HD_Apparel_ZaperX26_Device114403 but is not allowed to.
"벅" 모리슨 tried to wear HD_Apparel_ZaperX26_Device115196 but is not allowed to.
"피닉스" 랜드리 tried to wear HD_Apparel_ZaperX26_Device116184 but is not allowed to.
Could not get new name (first rule pack: HD_NamerPersonHelod)
"레드" 맥케이 tried to wear HD_Apparel_ZaperX26_Device117151 but is not allowed to.
"더스티" 달튼 tried to wear HD_Apparel_ZaperX26_Device117567 but is not allowed to.
"캐머" 잭슨 tried to wear HD_Apparel_ZaperX26_Device118371 but is not allowed to.
"콜드아이" 바이네스 tried to wear HD_Apparel_ZaperX26_Device119411 but is not allowed to.
"럭키" 피어스 tried to wear HD_Apparel_ZaperX26_Device119925 but is not allowed to.
"피닉스" 애들러 tried to wear HD_Apparel_ZaperX26_Device120099 but is not allowed to.
"샤프" 워커 tried to wear HD_Apparel_ZaperX26_Device120891 but is not allowed to.
Could not get new name (first rule pack: HD_NamerPersonHelod)
"부츠" 달튼 tried to wear HD_Apparel_ZaperX26_Device121892 but is not allowed to.
Could not get new name (first rule pack: HD_NamerPersonHelod)
"벅" 브랜드 tried to wear HD_Apparel_ZaperX26_Device122612 but is not allowed to.
"하운드" 포드 tried to wear HD_Apparel_ZaperX26_Device122788 but is not allowed to.
"부츠" 에드워즈 tried to wear HD_Apparel_ZaperX26_Device123346 but is not allowed to.
"스톰" 그레이 tried to wear HD_Apparel_ZaperX26_Device124370 but is not allowed to.
Could not get new name (first rule pack: HD_NamerPersonHelod)
"하운드" 헌터 tried to wear HD_Apparel_ZaperX26_Device125329 but is not allowed to.
"캐머" 그린 tried to wear HD_Apparel_ZaperX26_Device125506 but is not allowed to.
"벅" 셔만 tried to wear HD_Apparel_ZaperX26_Device126048 but is not allowed to.
"스타" 드레이크 tried to wear HD_Apparel_ZaperX26_Device126590 but is not allowed to.
"피닉스" 터너 tried to wear HD_Apparel_ZaperX26_Device127347 but is not allowed to.
"벅" 포드 tried to wear HD_Apparel_ZaperX26_Device127524 but is not allowed to.
"벅" 로슨 tried to wear HD_Apparel_ZaperX26_Device128333 but is not allowed to.
Could not get new name (first rule pack: HD_NamerPersonHelod)
"캐머" 맥케이 tried to wear HD_Apparel_ZaperX26_Device129110 but is not allowed to.
"하운드" 브룩스 tried to wear HD_Apparel_ZaperX26_Device129838 but is not allowed to.
"피닉스" 브라운 tried to wear HD_Apparel_ZaperX26_Device130012 but is not allowed to.
"피닉스" 케인 tried to wear HD_Apparel_ZaperX26_Device130795 but is not allowed to.
"실버" 헌터 tried to wear HD_Apparel_ZaperX26_Device131356 but is not allowed to.
"부츠" 애들러 tried to wear HD_Apparel_ZaperX26_Device132077 but is not allowed to.
"캐머" 로즈 tried to wear HD_Apparel_ZaperX26_Device132254 but is not allowed to.
"캐머" 스미스 tried to wear HD_Apparel_ZaperX26_Device132806 but is not allowed to.
"레드" 호프만 tried to wear HD_Apparel_ZaperX26_Device133354 but is not allowed to.
Could not get new name (first rule pack: HD_NamerPersonHelod)
모리슨 tried to wear HD_Apparel_ZaperX26_Device133859 but is not allowed to.
"피닉스" 케일 tried to wear HD_Apparel_ZaperX26_Device134034 but is not allowed to.
"벅" 달튼 tried to wear HD_Apparel_ZaperX26_Device134849 but is not allowed to.
"럭키" 드레이크 tried to wear HD_Apparel_ZaperX26_Device135638 but is not allowed to.
"레드" 위트만 tried to wear HD_Apparel_ZaperX26_Device136637 but is not allowed to.
"실버" 셔만 tried to wear HD_Apparel_ZaperX26_Device136810 but is not allowed to.
"실버" 모리슨 tried to wear HD_Apparel_ZaperX26_Device137605 but is not allowed to.
"스타" 달튼 tried to wear HD_Apparel_ZaperX26_Device138376 but is not allowed to.
Could not get new name (first rule pack: HD_NamerPersonHelod)
"콜드아이" 부스 tried to wear HD_Apparel_ZaperX26_Device139572 but is not allowed to.
"피닉스" 애덤스 tried to wear HD_Apparel_ZaperX26_Device139757 but is not allowed to.
"벅" 스탠튼 tried to wear HD_Apparel_ZaperX26_Device140304 but is not allowed to.
"로스트" 바이네스 tried to wear HD_Apparel_ZaperX26_Device140868 but is not allowed to.
"피닉스" 헌터 tried to wear HD_Apparel_ZaperX26_Device141609 but is not allowed to.
"럭키" 랜드리 tried to wear HD_Apparel_ZaperX26_Device141783 but is not allowed to.
Could not get new name (first rule pack: HD_NamerPersonHelod)
"샤프" 로즈 tried to wear HD_Apparel_ZaperX26_Device143255 but is not allowed to.
"스타" 피어스 tried to wear HD_Apparel_ZaperX26_Device143805 but is not allowed to.
"레드" 로즈 tried to wear HD_Apparel_ZaperX26_Device144293 but is not allowed to.
"럭키" 웰스 tried to wear HD_Apparel_ZaperX26_Device144467 but is not allowed to.
"레드" 피어스 tried to wear HD_Apparel_ZaperX26_Device145245 but is not allowed to.
"벅" 도슨 tried to wear HD_Apparel_ZaperX26_Device146044 but is not allowed to.
"로스트" 랜드리 tried to wear HD_Apparel_ZaperX26_Device146554 but is not allowed to.
"콜드아이" 부스 tried to wear HD_Apparel_ZaperX26_Device146731 but is not allowed to.
"럭키" 그레이 tried to wear HD_Apparel_ZaperX26_Device147307 but is not allowed to.
"럭키" 워커 tried to wear HD_Apparel_ZaperX26_Device148304 but is not allowed to.
"로스트" 셔만 tried to wear HD_Apparel_ZaperX26_Device148830 but is not allowed to.
"벅" 해리스 tried to wear HD_Apparel_ZaperX26_Device149015 but is not allowed to.
"캐머" 그레이 tried to wear HD_Apparel_ZaperX26_Device149593 but is not allowed to.
"로스트" 그레이 tried to wear HD_Apparel_ZaperX26_Device150380 but is not allowed to.
"벅" 도슨 tried to wear HD_Apparel_ZaperX26_Device151128 but is not allowed to.
"콜드아이" 포스터 tried to wear HD_Apparel_ZaperX26_Device151306 but is not allowed to.
"스타" 레이노즈 tried to wear HD_Apparel_ZaperX26_Device151873 but is not allowed to.
"벅" 웰스 tried to wear HD_Apparel_ZaperX26_Device152437 but is not allowed to.
Raid audit case 19: count=403, tactical=True, speed=3
Raid audit sample: {"faction":"HD_HelodCivilHighFaction","actualPopulation":403,"mapFingerprint":"2DCA10EF6A532BA820CA2CFA41B18D21E564655193AC63E429759ED9D0135787","startPhases":"Assemble:31","radioOperators":403,"scenario":19,"population":400,"tactical":true,"speed":3,"TPS":31.205,"FPS":13.782,"moved":401,"alive":403,"warmupTicks":600,"sampleTicks":1200,"phases":"Assemble:30,Hold:1","successfulPlans":30,"planningService":{"pending":0,"slices":5408,"completed":53,"discarded":1,"budgetStops":44,"maxSliceMs":10.129},"executionService":{"pending":31,"updates":8839,"urgent":0,"budgetStops":215,"maxDelayTicks":22,"oldestDelayTicks":0,"maxUnitMs":63.669},"orderReviews":{"count":38339,"maxDelayTicks":1},"unstartedMoves":"unstarted moves=0 max age=0 ticks reasons=","unstartedMoveDetails":"","passageTraffic":{"waiting":0},"queueMaintenance":{"cleanupPasses":42,"leasePrunePasses":164},"planningWork":{"maxBreachChecks":1,"maxRouteSteps":38,"limitedPlans":1},"failedPlans":"Breach search allowance exhausted; keep position and retry later. | No wall breach: 48 nearby structures, 48 with tools, 0 exterior routes. Search allowance exhausted.","nativeBytes":4375000,"peakNativeBytes":4375000,"cacheCumulative":{"created":35,"hits":1826,"evictions":0,"memoryWaits":0,"peakPending":10,"notifications":86},"cancelledPreparations":0,"peakWaitFrames":5,"pending":0,"blocked":"OpeningQueue:378,None:25","preparationServicePasses":8,"cpuCumulative":"FPS=13.8 TPS=31.2 worst execution/frame=9.256 ms managed heap=788.3 MiB GC=4/4/4\r\n  CPU Planning: n=56 sum=3.5 p50/p95/p99=0.004/0.167/2.698 max=2.698 ms\r\n  CPU Observation: n=3713 sum=343.5 p50/p95/p99=0.001/0.792/0.952 max=1.704 ms\r\n  CPU LocalMap: n=38 sum=11.1 p50/p95/p99=0.256/0.388/0.393 max=0.393 ms\r\n  CPU Formation: n=17 sum=1.3 p50/p95/p99=0.071/0.170/0.170 max=0.170 ms\r\n  CPU Orders: n=15539 sum=192.8 p50/p95/p99=0.013/0.016/0.136 max=0.396 ms\r\n  CPU Execution: n=3713 sum=924.5 p50/p95/p99=0.036/1.063/1.377 max=9.158 ms\r\n  CPU Navigation: n=1 sum=0.0 p50/p95/p99=0.016/0.016/0.016 max=0.016 ms\r\n  CPU BreachSearch: n=50 sum=0.5 p50/p95/p99=0.004/0.015/0.257 max=0.257 ms\r\n  CPU RouteSearch: n=0 sum=0.0 p50/p95/p99=0.000/0.000/0.000 max=0.000 ms\r\n  CPU OpeningQueue: n=1230 sum=398.2 p50/p95/p99=0.323/0.439/0.569 max=0.734 ms\r\n  CPU GameTick: n=1200 sum=30507.0 p50/p95/p99=23.920/36.083/43.927 max=56.708 ms\r\n  CPU ExecutionMaintenance: n=20 sum=16.4 p50/p95/p99=0.792/0.960/0.984 max=0.984 ms\r\n  Goto request/start ticks: n=16 p50/p95/p99=0/0/0 max=0\r\n"}
Raid audit case 15: count=0, tactical=True, speed=3
Raid audit sample: {"faction":"HD_HelodCivilHighFaction","actualPopulation":0,"mapFingerprint":"2DCA10EF6A532BA820CA2CFA41B18D21E564655193AC63E429759ED9D0135787","startPhases":"","radioOperators":0,"scenario":15,"population":0,"tactical":true,"speed":3,"TPS":134.550,"FPS":55.745,"moved":0,"alive":0,"warmupTicks":600,"sampleTicks":1200,"phases":"","successfulPlans":0,"planningService":{"pending":0,"slices":5408,"completed":53,"discarded":1,"budgetStops":44,"maxSliceMs":10.129},"executionService":{"pending":0,"updates":9008,"urgent":0,"budgetStops":215,"maxDelayTicks":22,"oldestDelayTicks":0,"maxUnitMs":63.669},"orderReviews":{"count":38742,"maxDelayTicks":1},"unstartedMoves":"unstarted moves=0 max age=0 ticks reasons=","unstartedMoveDetails":"","passageTraffic":{"waiting":0},"queueMaintenance":{"cleanupPasses":42,"leasePrunePasses":164},"planningWork":{"maxBreachChecks":0,"maxRouteSteps":0,"limitedPlans":0},"failedPlans":"","nativeBytes":4375000,"peakNativeBytes":4375000,"cacheCumulative":{"created":35,"hits":1826,"evictions":0,"memoryWaits":0,"peakPending":10,"notifications":86},"cancelledPreparations":0,"peakWaitFrames":5,"pending":0,"blocked":"","preparationServicePasses":0,"cpuCumulative":"FPS=55.7 TPS=134.8 worst execution/frame=0.000 ms managed heap=843.6 MiB GC=1/1/1\r\n  CPU Planning: n=0 sum=0.0 p50/p95/p99=0.000/0.000/0.000 max=0.000 ms\r\n  CPU Observation: n=0 sum=0.0 p50/p95/p99=0.000/0.000/0.000 max=0.000 ms\r\n  CPU LocalMap: n=0 sum=0.0 p50/p95/p99=0.000/0.000/0.000 max=0.000 ms\r\n  CPU Formation: n=0 sum=0.0 p50/p95/p99=0.000/0.000/0.000 max=0.000 ms\r\n  CPU Orders: n=0 sum=0.0 p50/p95/p99=0.000/0.000/0.000 max=0.000 ms\r\n  CPU Execution: n=0 sum=0.0 p50/p95/p99=0.000/0.000/0.000 max=0.000 ms\r\n  CPU Navigation: n=0 sum=0.0 p50/p95/p99=0.000/0.000/0.000 max=0.000 ms\r\n  CPU BreachSearch: n=0 sum=0.0 p50/p95/p99=0.000/0.000/0.000 max=0.000 ms\r\n  CPU RouteSearch: n=0 sum=0.0 p50/p95/p99=0.000/0.000/0.000 max=0.000 ms\r\n  CPU OpeningQueue: n=0 sum=0.0 p50/p95/p99=0.000/0.000/0.000 max=0.000 ms\r\n  CPU GameTick: n=1202 sum=3590.5 p50/p95/p99=2.920/4.022/4.704 max=5.946 ms\r\n  CPU ExecutionMaintenance: n=20 sum=0.4 p50/p95/p99=0.021/0.024/0.028 max=0.028 ms\r\n  Goto request/start ticks: n=0 p50/p95/p99=0/0/0 max=0\r\n"}
Memory Statistics:
[ALLOC_TEMP_TLS] TLS Allocator
  StackAllocators : 
    [ALLOC_TEMP_MAIN]
      Peak usage frame count: [0-1.0 KB]: 3635 frames, [1.0 KB-2.0 KB]: 3 frames, [2.0 KB-4.0 KB]: 4524 frames, [4.0 KB-8.0 KB]: 38 frames, [8.0 KB-16.0 KB]: 49 frames, [64.0 KB-128.0 KB]: 4 frames, [128.0 KB-256.0 KB]: 1 frames, [2.0 MB-4.0 MB]: 3 frames, [4.0 MB-8.0 MB]: 1 frames
      Initial Block Size 4.0 MB
      Current Block Size 4.1 MB
      Peak Allocated Bytes 4.1 MB
      Overflow Count 1
    [ALLOC_TEMP_Loading.AsyncRead]
      Initial Block Size 64.0 KB
      Current Block Size 120.0 KB
      Peak Allocated Bytes 117.2 KB
      Overflow Count 0
    [ALLOC_TEMP_Loading.PreloadManager]
      Initial Block Size 256.0 KB
      Current Block Size 256.0 KB
      Peak Allocated Bytes 3.8 KB
      Overflow Count 8
    [ALLOC_TEMP_Background Job.Worker 8]
      Initial Block Size 32.0 KB
      Current Block Size 32.0 KB
      Peak Allocated Bytes 54 B
      Overflow Count 0
    [ALLOC_TEMP_Job.Worker 6]
      Initial Block Size 256.0 KB
      Current Block Size 256.0 KB
      Peak Allocated Bytes 176 B
      Overflow Count 0
    [ALLOC_TEMP_Job.Worker 0]
      Initial Block Size 256.0 KB
      Current Block Size 256.0 KB
      Peak Allocated Bytes 160 B
      Overflow Count 0
    [ALLOC_TEMP_Background Job.Worker 10]
      Initial Block Size 32.0 KB
      Current Block Size 32.0 KB
      Peak Allocated Bytes 54 B
      Overflow Count 0
    [ALLOC_TEMP_Background Job.Worker 9]
      Initial Block Size 32.0 KB
      Current Block Size 32.0 KB
      Peak Allocated Bytes 54 B
      Overflow Count 0
    [ALLOC_TEMP_Job.Worker 5]
      Initial Block Size 256.0 KB
      Current Block Size 256.0 KB
      Peak Allocated Bytes 176 B
      Overflow Count 0
    [ALLOC_TEMP_Background Job.Worker 14]
      Initial Block Size 32.0 KB
      Current Block Size 32.0 KB
      Peak Allocated Bytes 54 B
      Overflow Count 0
    [ALLOC_TEMP_Background Job.Worker 6]
      Initial Block Size 32.0 KB
      Current Block Size 32.0 KB
      Peak Allocated Bytes 54 B
      Overflow Count 0
    [ALLOC_TEMP_Job.Worker 4]
      Initial Block Size 256.0 KB
      Current Block Size 256.0 KB
      Peak Allocated Bytes 176 B
      Overflow Count 0
    [ALLOC_TEMP_Job.Worker 3]
      Initial Block Size 256.0 KB
      Current Block Size 256.0 KB
      Peak Allocated Bytes 144 B
      Overflow Count 0
    [ALLOC_TEMP_Background Job.Worker 12]
      Initial Block Size 32.0 KB
      Current Block Size 32.0 KB
      Peak Allocated Bytes 54 B
      Overflow Count 0
    [ALLOC_TEMP_EnlightenWorker] x 6
      Initial Block Size 64.0 KB
      Current Block Size 64.0 KB
      Peak Allocated Bytes 54 B
      Overflow Count 0
    [ALLOC_TEMP_Background Job.Worker 15]
      Initial Block Size 32.0 KB
      Current Block Size 32.0 KB
      Peak Allocated Bytes 54 B
      Overflow Count 0
    [ALLOC_TEMP_Background Job.Worker 1]
      Initial Block Size 32.0 KB
      Current Block Size 32.0 KB
      Peak Allocated Bytes 54 B
      Overflow Count 0
    [ALLOC_TEMP_Background Job.Worker 2]
      Initial Block Size 32.0 KB
      Current Block Size 32.0 KB
      Peak Allocated Bytes 54 B
      Overflow Count 0
    [ALLOC_TEMP_Background Job.Worker 7]
      Initial Block Size 32.0 KB
      Current Block Size 32.0 KB
      Peak Allocated Bytes 54 B
      Overflow Count 0
    [ALLOC_TEMP_UnityGfxDeviceWorker]
      Initial Block Size 256.0 KB
      Current Block Size 256.0 KB
      Peak Allocated Bytes 10.3 KB
      Overflow Count 0
    [ALLOC_TEMP_AssetGarbageCollectorHelper] x 11
      Initial Block Size 64.0 KB
      Current Block Size 64.0 KB
      Peak Allocated Bytes 138 B
      Overflow Count 0
    [ALLOC_TEMP_Background Job.Worker 5]
      Initial Block Size 32.0 KB
      Current Block Size 32.0 KB
      Peak Allocated Bytes 54 B
      Overflow Count 0
    [ALLOC_TEMP_Job.Worker 9]
      Initial Block Size 256.0 KB
      Current Block Size 256.0 KB
      Peak Allocated Bytes 160 B
      Overflow Count 0
    [ALLOC_TEMP_Background Job.Worker 13]
      Initial Block Size 32.0 KB
      Current Block Size 32.0 KB
      Peak Allocated Bytes 54 B
      Overflow Count 0
    [ALLOC_TEMP_Job.Worker 8]
      Initial Block Size 256.0 KB
      Current Block Size 256.0 KB
      Peak Allocated Bytes 176 B
      Overflow Count 0
    [ALLOC_TEMP_Job.Worker 7]
      Initial Block Size 256.0 KB
      Current Block Size 256.0 KB
      Peak Allocated Bytes 160 B
      Overflow Count 0
    [ALLOC_TEMP_Job.Worker 1]
      Initial Block Size 256.0 KB
      Current Block Size 256.0 KB
      Peak Allocated Bytes 507 B
      Overflow Count 0
    [ALLOC_TEMP_Job.Worker 2]
      Initial Block Size 256.0 KB
      Current Block Size 256.0 KB
      Peak Allocated Bytes 480 B
      Overflow Count 0
    [ALLOC_TEMP_Background Job.Worker 3]
      Initial Block Size 32.0 KB
      Current Block Size 32.0 KB
      Peak Allocated Bytes 54 B
      Overflow Count 0
    [ALLOC_TEMP_Background Job.Worker 11]
      Initial Block Size 32.0 KB
      Current Block Size 32.0 KB
      Peak Allocated Bytes 54 B
      Overflow Count 0
    [ALLOC_TEMP_Job.Worker 10]
      Initial Block Size 256.0 KB
      Current Block Size 256.0 KB
      Peak Allocated Bytes 160 B
      Overflow Count 0
    [ALLOC_TEMP_Background Job.Worker 0]
      Initial Block Size 32.0 KB
      Current Block Size 32.0 KB
      Peak Allocated Bytes 54 B
      Overflow Count 0
    [ALLOC_TEMP_Background Job.Worker 4]
      Initial Block Size 32.0 KB
      Current Block Size 32.0 KB
      Peak Allocated Bytes 54 B
      Overflow Count 0
    [ALLOC_TEMP_BatchDeleteObjects]
      Initial Block Size 64.0 KB
      Current Block Size 64.0 KB
      Peak Allocated Bytes 54 B
      Overflow Count 0
[ALLOC_DEFAULT] Dual Thread Allocator
  Peak main deferred allocation count 42600
    [ALLOC_BUCKET]
      Large Block size 4.0 MB
      Used Block count 1
      Peak Allocated bytes 4.0 MB
      Failed Allocations. Bucket layout:
        16B: 4 Subsections = 4096 buckets. Failed count: 45505
        32B: 34 Subsections = 17408 buckets. Failed count: 96348
        48B: 49 Subsections = 16725 buckets. Failed count: 128699
        64B: 40 Subsections = 10240 buckets. Failed count: 38651
        80B: 85 Subsections = 17408 buckets. Failed count: 37986
        96B: 28 Subsections = 4778 buckets. Failed count: 45499
        112B: 10 Subsections = 1462 buckets. Failed count: 13233
        128B: 6 Subsections = 768 buckets. Failed count: 17650
    [ALLOC_DEFAULT_MAIN]
      Peak usage frame count: [16.0 MB-32.0 MB]: 999 frames, [32.0 MB-64.0 MB]: 1 frames, [128.0 MB-256.0 MB]: 7258 frames
      Requested Block Size 16.0 MB
      Peak Block count 15
      Peak Allocated memory 245.0 MB
      Peak Large allocation bytes 31.2 MB
    [ALLOC_DEFAULT_THREAD]
      Peak usage frame count: [8.0 MB-16.0 MB]: 1091 frames, [16.0 MB-32.0 MB]: 23 frames, [32.0 MB-64.0 MB]: 2530 frames, [64.0 MB-128.0 MB]: 4614 frames
      Requested Block Size 16.0 MB
      Peak Block count 6
      Peak Allocated memory 79.5 MB
      Peak Large allocation bytes 10.0 MB
[ALLOC_TEMP_JOB_1_FRAME]
  Initial Block Size 2.0 MB
  Used Block Count 0
  Overflow Count (too large) 0
  Overflow Count (full) 0
[ALLOC_TEMP_JOB_2_FRAMES]
  Initial Block Size 2.0 MB
  Used Block Count 0
  Overflow Count (too large) 0
  Overflow Count (full) 0
[ALLOC_TEMP_JOB_4_FRAMES (JobTemp)]
  Initial Block Size 2.0 MB
  Used Block Count 1
  Overflow Count (too large) 0
  Overflow Count (full) 0
[ALLOC_TEMP_JOB_ASYNC (Background)]
  Initial Block Size 1.0 MB
  Used Block Count 1
  Overflow Count (too large) 0
  Overflow Count (full) 0
[ALLOC_GFX] Dual Thread Allocator
  Peak main deferred allocation count 44
    [ALLOC_BUCKET]
      Large Block size 4.0 MB
      Used Block count 1
      Peak Allocated bytes 4.0 MB
      Failed Allocations. Bucket layout:
        16B: 4 Subsections = 4096 buckets. Failed count: 45505
        32B: 34 Subsections = 17408 buckets. Failed count: 96348
        48B: 49 Subsections = 16725 buckets. Failed count: 128699
        64B: 40 Subsections = 10240 buckets. Failed count: 38651
        80B: 85 Subsections = 17408 buckets. Failed count: 37986
        96B: 28 Subsections = 4778 buckets. Failed count: 45499
        112B: 10 Subsections = 1462 buckets. Failed count: 13233
        128B: 6 Subsections = 768 buckets. Failed count: 17650
    [ALLOC_GFX_MAIN]
      Peak usage frame count: [64.0 KB-128.0 KB]: 1 frames, [2.0 MB-4.0 MB]: 3642 frames, [32.0 MB-64.0 MB]: 4614 frames, [256.0 MB-0.50 GB]: 1 frames
      Requested Block Size 16.0 MB
      Peak Block count 4
      Peak Allocated memory 387.1 MB
      Peak Large allocation bytes 383.6 MB
    [ALLOC_GFX_THREAD]
      Peak usage frame count: [0-1.0 KB]: 1002 frames, [1.0 KB-2.0 KB]: 2642 frames, [8.0 KB-16.0 KB]: 1 frames, [32.0 KB-64.0 KB]: 4613 frames
      Requested Block Size 16.0 MB
      Peak Block count 1
      Peak Allocated memory 55.9 KB
      Peak Large allocation bytes 0 B
[ALLOC_CACHEOBJECTS] Dual Thread Allocator
  Peak main deferred allocation count 109
    [ALLOC_BUCKET]
      Large Block size 4.0 MB
      Used Block count 1
      Peak Allocated bytes 4.0 MB
      Failed Allocations. Bucket layout:
        16B: 4 Subsections = 4096 buckets. Failed count: 45505
        32B: 34 Subsections = 17408 buckets. Failed count: 96348
        48B: 49 Subsections = 16725 buckets. Failed count: 128699
        64B: 40 Subsections = 10240 buckets. Failed count: 38651
        80B: 85 Subsections = 17408 buckets. Failed count: 37986
        96B: 28 Subsections = 4778 buckets. Failed count: 45499
        112B: 10 Subsections = 1462 buckets. Failed count: 13233
        128B: 6 Subsections = 768 buckets. Failed count: 17650
    [ALLOC_CACHEOBJECTS_MAIN]
      Peak usage frame count: [4.0 MB-8.0 MB]: 1 frames, [8.0 MB-16.0 MB]: 999 frames, [16.0 MB-32.0 MB]: 7258 frames
      Requested Block Size 4.0 MB
      Peak Block count 5
      Peak Allocated memory 17.2 MB
      Peak Large allocation bytes 0 B
    [ALLOC_CACHEOBJECTS_THREAD]
      Peak usage frame count: [4.0 KB-8.0 KB]: 999 frames, [32.0 KB-64.0 KB]: 1 frames, [64.0 KB-128.0 KB]: 7256 frames, [256.0 KB-0.5 MB]: 1 frames, [0.5 MB-1.0 MB]: 1 frames
      Requested Block Size 4.0 MB
      Peak Block count 1
      Peak Allocated memory 0.6 MB
      Peak Large allocation bytes 0 B
[ALLOC_TYPETREE] Dual Thread Allocator
  Peak main deferred allocation count 0
    [ALLOC_BUCKET]
      Large Block size 4.0 MB
      Used Block count 1
      Peak Allocated bytes 4.0 MB
      Failed Allocations. Bucket layout:
        16B: 4 Subsections = 4096 buckets. Failed count: 45505
        32B: 34 Subsections = 17408 buckets. Failed count: 96348
        48B: 49 Subsections = 16725 buckets. Failed count: 128699
        64B: 40 Subsections = 10240 buckets. Failed count: 38651
        80B: 85 Subsections = 17408 buckets. Failed count: 37986
        96B: 28 Subsections = 4778 buckets. Failed count: 45499
        112B: 10 Subsections = 1462 buckets. Failed count: 13233
        128B: 6 Subsections = 768 buckets. Failed count: 17650
    [ALLOC_TYPETREE_MAIN]
      Peak usage frame count: [4.0 KB-8.0 KB]: 1 frames, [8.0 KB-16.0 KB]: 999 frames, [32.0 KB-64.0 KB]: 7258 frames
      Requested Block Size 2.0 MB
      Peak Block count 1
      Peak Allocated memory 49.8 KB
      Peak Large allocation bytes 0 B
    [ALLOC_TYPETREE_THREAD]
      Peak usage frame count: [0-1.0 KB]: 8258 frames
      Requested Block Size 2.0 MB
      Peak Block count 0
      Peak Allocated memory 0 B
      Peak Large allocation bytes 0 B
