Mono path[0] = 'C:/Program Files (x86)/Steam/steamapps/common/RimWorld/RimWorldWin64_Data/Managed'
Mono config path = 'C:/Program Files (x86)/Steam/steamapps/common/RimWorld/MonoBleedingEdge/etc'
[PhysX] Initialized MultithreadedTaskDispatcher with 12 workers.
Initialize engine version: 2022.3.35f1 (011206c7a712)
[Subsystems] Discovering subsystems at path C:/Program Files (x86)/Steam/steamapps/common/RimWorld/RimWorldWin64_Data/UnitySubsystems
GfxDevice: creating device client; threaded=1; jobified=0
Direct3D:
    Version:  Direct3D 11.0 [level 11.1]
    Renderer: NVIDIA GeForce RTX 3070 (ID=0x2484)
    Vendor:   NVIDIA
    VRAM:     8018 MB
    Driver:   32.0.15.9579
Begin MonoManager ReloadAssembly
- Loaded All Assemblies, in  0.132 seconds
- Finished resetting the current domain, in  0.001 seconds
<RI> Initializing input.
<RI> Input initialized.
<RI> Initialized touch support.
[PhysX] Initialized MultithreadedTaskDispatcher with 12 workers.
UnloadTime: 0.847400 ms
Command line arguments: -quicktest -savedatafolder=C:\Users\Public\Documents\ESTsoft\CreatorTemp\hd-tactical-analysis\verify-high -hdRaidMovementAudit=C:\Users\Public\Documents\ESTsoft\CreatorTemp\hd-tactical-analysis\verify-high\measurements.ndjson -hdRaidMovementAuditCases=16,18,19,15 -hdRaidMovementAuditSeed=hd-perf-20261007 -hdRaidMovementAuditHigh=true -hdRaidMovementAuditWarmup=600 -hdRaidMovementAuditSample=1200 -hdRaidMovementAuditFunctionalDisabled=true -hdRaidSpawnAuditDisabled=true -hdMethodProfile=C:\Users\Public\Documents\ESTsoft\CreatorTemp\hd-tactical-analysis\verify-high\profiles -hdMethodProfileCpu=true -hdMethodProfileAuto=true -hdMethodProfilePreset=coarse -hdMethodProfileTargets=Helodrace.MapComponent_RaidTacticalOrders::For;Helodrace.MapComponent_RaidTacticalExecution::RunScheduledUnit;Helodrace.MapComponent_RaidTacticalExecution::RefreshContactsCore;Helodrace.MapComponent_RaidTacticalExecution::KnownIndoorJoin;Helodrace.MapComponent_RaidTacticalExecution::FollowNodes;Helodrace.RaidGrenadePreparation::IsThrowJob;Helodrace.RaidGrenadePreparation::Active;Helodrace.RaidGrenadePreparation::BlocksGun;Helodrace.RaidGrenadePreparation::Start;Helodrace.MapComponent_RaidTacticalExecution::RequestCasualtyReevaluation;Helodrace.MapComponent_RaidTacticalExecution::ReconcileCasualties;Helodrace.MapComponent_RaidTacticalExecution::ResetLostBreacher;Helodrace.MapComponent_RaidTacticalExecution::ResetLostSupport;Helodrace.MapComponent_RaidTacticalExecution::ReplaceLostEntryTeam -logFile C:\Users\Public\Documents\ESTsoft\CreatorTemp\hd-tactical-analysis\verify-high\Player.log -screen-width 800 -screen-height 600 -screen-fullscreen 0
RimWorld 1.6.4871 rev591
Save data folder overridden to C:\Users\Public\Documents\ESTsoft\CreatorTemp\hd-tactical-analysis\verify-high
Mod Helodrace - Combat Extended dependency (BlueBackedFish.Helodrace.Main) needs to have <downloadUrl> and/or <steamWorkshopUrl> specified.
Mod Helodrace - Facial Animation dependency (Nals.FacialAnimation) needs to have <downloadUrl> and/or <steamWorkshopUrl> specified.
Mod Helodrace - Facial Animation dependency (BlueBackedFish.Helodrace.Main) needs to have <downloadUrl> and/or <steamWorkshopUrl> specified.
Mod Helodrace - Lobos Arsenal dependency (bluebackedfish.helodrace.main) needs to have <downloadUrl> and/or <steamWorkshopUrl> specified.
Mod Helodrace - Lobos Arsenal dependency (smashphil.vehicleframework) needs to have <downloadUrl> and/or <steamWorkshopUrl> specified.
Mod Kilo's RJW retexture dependency (rim.job.world) needs to have <downloadUrl> and/or <steamWorkshopUrl> specified.
Mod RJW-SexSlaveCraft dependency (rim.job.world) needs to have <downloadUrl> and/or <steamWorkshopUrl> specified.
Mod RJW-SexSlaveCraft dependency (brrainz.harmony) needs to have <downloadUrl> and/or <steamWorkshopUrl> specified.
Mod Mechanoid Milk dependency (brrainz.harmony) needs to have <downloadUrl> and/or <steamWorkshopUrl> specified.
Mod RimTalk+The Forbbiden One dependency (rim.job.world) needs to have <downloadUrl> and/or <steamWorkshopUrl> specified.
Mod Maidnoid CE Patch dependency (silversol.consti) needs to have <downloadUrl> and/or <steamWorkshopUrl> specified.
Mod Maidnoid CE Patch dependency (CETeam.CombatExtended) needs to have <downloadUrl> and/or <steamWorkshopUrl> specified.
Mod RimThunder - Westline Green (CE Edition) dependency (CETeam.CombatExtended) needs to have <downloadUrl> and/or <steamWorkshopUrl> specified.
Mod RimThunder - Westline Green (CE Edition) dependency (SmashPhil.VehicleFramework) needs to have <downloadUrl> and/or <steamWorkshopUrl> specified.
Mod Wood's Muzzle Flash for Cinders of the Embergarden has a dependency (issaczhuang.muzzleflash) with empty display name.
Mod Wood's Muzzle Flash for Cinders of the Embergarden dependency (issaczhuang.muzzleflash) needs to have <downloadUrl> and/or <steamWorkshopUrl> specified.
Mod Wood's Muzzle Flash for Cinders of the Embergarden has a dependency (BreadMo.Cinders) with empty display name.
Mod Wood's Muzzle Flash for Cinders of the Embergarden dependency (BreadMo.Cinders) needs to have <downloadUrl> and/or <steamWorkshopUrl> specified.
Mod korossa CE patch dependency (gyun.0.6.3.1) needs to have <downloadUrl> and/or <steamWorkshopUrl> specified.
Fallback handler could not load library C:/Program Files (x86)/Steam/steamapps/common/RimWorld/RimWorldWin64_Data/MonoBleedingEdge/data-000002489260E050.dll
Fallback handler could not load library C:/Program Files (x86)/Steam/steamapps/common/RimWorld/RimWorldWin64_Data/MonoBleedingEdge/data-00000248928E70A0.dll
Helodrace Mod loaded.
Tried to load duplicate UnityEngine.Texture2D with path: FilesystemFile [C:\Program Files (x86)\Steam\steamapps\common\RimWorld\Mods\HelodRace-Main\Textures\Helod\Bodies\Naked_Baby_east.psd], Length 285496 and internal path: Helod/Bodies/Naked_Baby_east
Tried to load duplicate UnityEngine.Texture2D with path: FilesystemFile [C:\Program Files (x86)\Steam\steamapps\common\RimWorld\Mods\HelodRace-Main\Textures\Helod\Bodies\Naked_Baby_north.psd], Length 226210 and internal path: Helod/Bodies/Naked_Baby_north
Tried to load duplicate UnityEngine.Texture2D with path: FilesystemFile [C:\Program Files (x86)\Steam\steamapps\common\RimWorld\Mods\HelodRace-Main\Textures\Helod\Bodies\Naked_Baby_south.psd], Length 294172 and internal path: Helod/Bodies/Naked_Baby_south
Tried to load duplicate UnityEngine.Texture2D with path: FilesystemFile [C:\Program Files (x86)\Steam\steamapps\common\RimWorld\Mods\HelodRace-Main\Textures\Helod\Bodies\Naked_Child_east.psd], Length 665302 and internal path: Helod/Bodies/Naked_Child_east
Tried to load duplicate UnityEngine.Texture2D with path: FilesystemFile [C:\Program Files (x86)\Steam\steamapps\common\RimWorld\Mods\HelodRace-Main\Textures\Helod\Bodies\Naked_Child_north.psd], Length 748750 and internal path: Helod/Bodies/Naked_Child_north
Tried to load duplicate UnityEngine.Texture2D with path: FilesystemFile [C:\Program Files (x86)\Steam\steamapps\common\RimWorld\Mods\HelodRace-Main\Textures\Helod\Bodies\Naked_Child_south.psd], Length 570863 and internal path: Helod/Bodies/Naked_Child_south
Tried to load duplicate UnityEngine.Texture2D with path: FilesystemFile [C:\Program Files (x86)\Steam\steamapps\common\RimWorld\Mods\HelodRace-Main\Textures\Helod\Bodies\Naked_Female_east.psd], Length 12273496 and internal path: Helod/Bodies/Naked_Female_east
Tried to load duplicate UnityEngine.Texture2D with path: FilesystemFile [C:\Program Files (x86)\Steam\steamapps\common\RimWorld\Mods\HelodRace-Main\Textures\Helod\Bodies\Naked_Female_north.psd], Length 11639899 and internal path: Helod/Bodies/Naked_Female_north
Tried to load duplicate UnityEngine.Texture2D with path: FilesystemFile [C:\Program Files (x86)\Steam\steamapps\common\RimWorld\Mods\HelodRace-Main\Textures\Helod\Bodies\Naked_Female_south.psd], Length 12147713 and internal path: Helod/Bodies/Naked_Female_south
Tried to load duplicate UnityEngine.Texture2D with path: FilesystemFile [C:\Program Files (x86)\Steam\steamapps\common\RimWorld\Mods\HelodRace-Main\Textures\Helod\Hair\헤롤드 헤어_east.psd], Length 8518682 and internal path: Helod/Hair/헤롤드 헤어_east
Tried to load duplicate UnityEngine.Texture2D with path: FilesystemFile [C:\Program Files (x86)\Steam\steamapps\common\RimWorld\Mods\HelodRace-Main\Textures\Helod\Tails\HelodTail_Baby_east.psd], Length 66566 and internal path: Helod/Tails/HelodTail_Baby_east
Tried to load duplicate UnityEngine.Texture2D with path: FilesystemFile [C:\Program Files (x86)\Steam\steamapps\common\RimWorld\Mods\HelodRace-Main\Textures\Helod\Tails\HelodTail_Baby_north.psd], Length 138604 and internal path: Helod/Tails/HelodTail_Baby_north
Tried to load duplicate UnityEngine.Texture2D with path: FilesystemFile [C:\Program Files (x86)\Steam\steamapps\common\RimWorld\Mods\HelodRace-Main\Textures\Helod\Tails\HelodTail_Baby_south.psd], Length 133706 and internal path: Helod/Tails/HelodTail_Baby_south
Tried to load duplicate UnityEngine.Texture2D with path: FilesystemFile [C:\Program Files (x86)\Steam\steamapps\common\RimWorld\Mods\HelodRace-Main\Textures\Helod\Tails\HelodTail_Child_east.psd], Length 307461 and internal path: Helod/Tails/HelodTail_Child_east
Tried to load duplicate UnityEngine.Texture2D with path: FilesystemFile [C:\Program Files (x86)\Steam\steamapps\common\RimWorld\Mods\HelodRace-Main\Textures\Helod\Tails\HelodTail_Child_north.psd], Length 248350 and internal path: Helod/Tails/HelodTail_Child_north
Tried to load duplicate UnityEngine.Texture2D with path: FilesystemFile [C:\Program Files (x86)\Steam\steamapps\common\RimWorld\Mods\HelodRace-Main\Textures\Helod\Tails\HelodTail_Child_south.psd], Length 218174 and internal path: Helod/Tails/HelodTail_Child_south
Tried to load duplicate UnityEngine.Texture2D with path: FilesystemFile [C:\Program Files (x86)\Steam\steamapps\common\RimWorld\Mods\HelodRace-Main\Textures\Helod\Tails\HelodTail_east.psd], Length 172600 and internal path: Helod/Tails/HelodTail_east
Tried to load duplicate UnityEngine.Texture2D with path: FilesystemFile [C:\Program Files (x86)\Steam\steamapps\common\RimWorld\Mods\HelodRace-Main\Textures\Helod\Tails\HelodTail_north.psd], Length 167307 and internal path: Helod/Tails/HelodTail_north
Tried to load duplicate UnityEngine.Texture2D with path: FilesystemFile [C:\Program Files (x86)\Steam\steamapps\common\RimWorld\Mods\HelodRace-Main\Textures\Helod\Tails\HelodTail_south.psd], Length 144266 and internal path: Helod/Tails/HelodTail_south
Tried to load duplicate UnityEngine.Texture2D with path: FilesystemFile [C:\Program Files (x86)\Steam\steamapps\common\RimWorld\Mods\HelodRace-Main\Textures\Helod\Ears\Left\Ear1Left_east.psd], Length 250880 and internal path: Helod/Ears/Left/Ear1Left_east
Tried to load duplicate UnityEngine.Texture2D with path: FilesystemFile [C:\Program Files (x86)\Steam\steamapps\common\RimWorld\Mods\HelodRace-Main\Textures\Helod\Ears\Left\Ear1Left_north.psd], Length 177974 and internal path: Helod/Ears/Left/Ear1Left_north
Tried to load duplicate UnityEngine.Texture2D with path: FilesystemFile [C:\Program Files (x86)\Steam\steamapps\common\RimWorld\Mods\HelodRace-Main\Textures\Helod\Ears\Left\Ear1Left_south.psd], Length 249351 and internal path: Helod/Ears/Left/Ear1Left_south
Tried to load duplicate UnityEngine.Texture2D with path: FilesystemFile [C:\Program Files (x86)\Steam\steamapps\common\RimWorld\Mods\HelodRace-Main\Textures\Helod\Ears\Right\Ear1Right_east.psd], Length 200309 and internal path: Helod/Ears/Right/Ear1Right_east
Tried to load duplicate UnityEngine.Texture2D with path: FilesystemFile [C:\Program Files (x86)\Steam\steamapps\common\RimWorld\Mods\HelodRace-Main\Textures\Helod\VanillaApparel\WarMask\WarMask_east.psd], Length 42343 and internal path: Helod/VanillaApparel/WarMask/WarMask_east
Tried to load duplicate UnityEngine.Texture2D with path: FilesystemFile [C:\Program Files (x86)\Steam\steamapps\common\RimWorld\Mods\HelodRace-Main\Textures\Helod\VanillaApparel\WarMask\WarMask_north.psd], Length 44570 and internal path: Helod/VanillaApparel/WarMask/WarMask_north
Tried to load duplicate UnityEngine.Texture2D with path: FilesystemFile [C:\Program Files (x86)\Steam\steamapps\common\RimWorld\Mods\HelodRace-Main\Textures\Helod\VanillaApparel\WarMask\WarMask_south.psd], Length 49701 and internal path: Helod/VanillaApparel/WarMask/WarMask_south
Tried to load duplicate UnityEngine.Texture2D with path: FilesystemFile [C:\Program Files (x86)\Steam\steamapps\common\RimWorld\Mods\HelodRace-Main\Textures\Helod\VanillaApparel\Royalty\BroadshieldPack\BroadshieldPack_east.psd], Length 107860 and internal path: Helod/VanillaApparel/Royalty/BroadshieldPack/BroadshieldPack_east
Tried to load duplicate UnityEngine.Texture2D with path: FilesystemFile [C:\Program Files (x86)\Steam\steamapps\common\RimWorld\Mods\HelodRace-Main\Textures\Helod\VanillaApparel\Royalty\CorsetRoyal\CorsetRoyal_Female_east.psd], Length 34097 and internal path: Helod/VanillaApparel/Royalty/CorsetRoyal/CorsetRoyal_Female_east
Tried to load duplicate UnityEngine.Texture2D with path: FilesystemFile [C:\Program Files (x86)\Steam\steamapps\common\RimWorld\Mods\HelodRace-Main\Textures\Helod\VanillaApparel\Royalty\CorsetRoyal\CorsetRoyal_Female_north.psd], Length 36637 and internal path: Helod/VanillaApparel/Royalty/CorsetRoyal/CorsetRoyal_Female_north
Tried to load duplicate UnityEngine.Texture2D with path: FilesystemFile [C:\Program Files (x86)\Steam\steamapps\common\RimWorld\Mods\HelodRace-Main\Textures\Helod\VanillaApparel\Royalty\CorsetRoyal\CorsetRoyal_Female_south.psd], Length 35355 and internal path: Helod/VanillaApparel/Royalty/CorsetRoyal/CorsetRoyal_Female_south
Tried to load duplicate UnityEngine.Texture2D with path: FilesystemFile [C:\Program Files (x86)\Steam\steamapps\common\RimWorld\Mods\HelodRace-Main\Textures\Helod\VanillaApparel\Royalty\Crown\Crown_east.psd], Length 41419 and internal path: Helod/VanillaApparel/Royalty/Crown/Crown_east
Tried to load duplicate UnityEngine.Texture2D with path: FilesystemFile [C:\Program Files (x86)\Steam\steamapps\common\RimWorld\Mods\HelodRace-Main\Textures\Helod\VanillaApparel\Royalty\Crown\Crown_north.psd], Length 41325 and internal path: Helod/VanillaApparel/Royalty/Crown/Crown_north
Tried to load duplicate UnityEngine.Texture2D with path: FilesystemFile [C:\Program Files (x86)\Steam\steamapps\common\RimWorld\Mods\HelodRace-Main\Textures\Helod\VanillaApparel\Royalty\Crown\Crown_south.psd], Length 40081 and internal path: Helod/VanillaApparel/Royalty/Crown/Crown_south
Tried to load duplicate UnityEngine.Texture2D with path: FilesystemFile [C:\Program Files (x86)\Steam\steamapps\common\RimWorld\Mods\HelodRace-Main\Textures\Helod\VanillaApparel\Royalty\CrownStellic\CrownStellic_east.psd], Length 46723 and internal path: Helod/VanillaApparel/Royalty/CrownStellic/CrownStellic_east
Tried to load duplicate UnityEngine.Texture2D with path: FilesystemFile [C:\Program Files (x86)\Steam\steamapps\common\RimWorld\Mods\HelodRace-Main\Textures\Helod\VanillaApparel\Royalty\CrownStellic\CrownStellic_north.psd], Length 67651 and internal path: Helod/VanillaApparel/Royalty/CrownStellic/CrownStellic_north
Tried to load duplicate UnityEngine.Texture2D with path: FilesystemFile [C:\Program Files (x86)\Steam\steamapps\common\RimWorld\Mods\HelodRace-Main\Textures\Helod\VanillaApparel\Royalty\CrownStellic\CrownStellic_south.psd], Length 62684 and internal path: Helod/VanillaApparel/Royalty/CrownStellic/CrownStellic_south
Could not load Texture2D at 'Weapons/Modular/Ammunition/HD_Ammunition_556M855A1_Ammo' for def 'HD_ModularPart_Ammunition_762M80_Part' in any active mod or in base resources.
MatFrom with null sourceTex.
Could not load Texture2D at 'Weapons/Modular/Ammunition/HD_Ammunition_919M882_Ammo' for def 'HD_ModularPart_Ammunition_919M882_P320_Part' in any active mod or in base resources.
MatFrom with null sourceTex.
Could not load Texture2D at 'Weapons/Modular/Ammunition/HD_Ammunition_556M855A1_Ammo' for def 'HD_Ammunition_556M855A1_Ammo' in any active mod or in base resources.
MatFrom with null sourceTex.
Could not load Texture2D at 'Weapons/Modular/Ammunition/HD_Ammunition_919M882_Ammo' for def 'HD_Ammunition_919M882_Ammo' in any active mod or in base resources.
MatFrom with null sourceTex.
Could not load Texture2D at 'Weapons/Modular/Ammunition/HD_Ammunition_76251M80A1_Ammo' for def 'HD_Ammunition_76251M80A1_Ammo' in any active mod or in base resources.
MatFrom with null sourceTex.
[Helodrace] Standalone race initialized: 9 heads, 41 apparel graphics, 133 operations.
[HD Cigarette] diagnostics enabled. DrawCarriedThing prefix active=True, assembly=C:\Program Files (x86)\Steam\steamapps\common\RimWorld\Mods\HelodRace-Main\Assemblies\Helodrace.dll
Helodrace initialized. Removed quality comp from 39 Helodrace guns.
Unloading 5 Unused Serialized files (Serialized files now loaded: 5)
Unloading 135 unused Assets to reduce memory usage. Loaded Objects now: 29115.
Total: 275.318400 ms (FindLiveObjects: 1.859500 ms CreateObjectMapping: 2.704000 ms MarkObjects: 270.038100 ms  DeleteObjects: 0.716700 ms)

Unloading 3 Unused Serialized files (Serialized files now loaded: 5)
[PhysX] Initialized MultithreadedTaskDispatcher with 12 workers.
UnloadTime: 0.896200 ms
Unloading 2 unused Assets to reduce memory usage. Loaded Objects now: 29139.
Total: 238.434300 ms (FindLiveObjects: 1.230800 ms CreateObjectMapping: 2.122900 ms MarkObjects: 235.020700 ms  DeleteObjects: 0.059700 ms)

Initializing new game with mods:
  - brrainz.harmony
  - Ludeon.RimWorld
  - Ludeon.RimWorld.Royalty
  - Ludeon.RimWorld.Ideology
  - Ludeon.RimWorld.Biotech
  - Ludeon.RimWorld.Anomaly
  - Ludeon.RimWorld.Odyssey
  - BlueBackedFish.Helodrace.Main
Unloading 1 Unused Serialized files (Serialized files now loaded: 5)
Unloading 1 unused Assets to reduce memory usage. Loaded Objects now: 35702.
Total: 271.752400 ms (FindLiveObjects: 2.375600 ms CreateObjectMapping: 2.959800 ms MarkObjects: 266.329000 ms  DeleteObjects: 0.087700 ms)

애들린 tried to wear HD_Apparel_ZaperX26_Device37806 but is not allowed to.
캐서린 tried to wear HD_Apparel_ZaperX26_Device37991 but is not allowed to.
애들린 tried to wear HD_Apparel_ZaperX26_Device38561 but is not allowed to.
노라 tried to wear HD_Apparel_ZaperX26_Device39122 but is not allowed to.
낸시 tried to wear HD_Apparel_ZaperX26_Device39621 but is not allowed to.
"스타" 바로우 tried to wear HD_Apparel_ZaperX26_Device39806 but is not allowed to.
테레사 tried to wear HD_Apparel_ZaperX26_Device40354 but is not allowed to.
콜 tried to wear HD_Apparel_ZaperX26_Device40900 but is not allowed to.
블랙우드 tried to wear HD_Apparel_ZaperX26_Device41404 but is not allowed to.
포터 tried to wear HD_Apparel_ZaperX26_Device41592 but is not allowed to.
캐롤 tried to wear HD_Apparel_ZaperX26_Device42162 but is not allowed to.
브룩 tried to wear HD_Apparel_ZaperX26_Device42709 but is not allowed to.
모리슨 tried to wear HD_Apparel_ZaperX26_Device43200 but is not allowed to.
모리슨 tried to wear HD_Apparel_ZaperX26_Device43375 but is not allowed to.
랜드리 tried to wear HD_Apparel_ZaperX26_Device43931 but is not allowed to.
비토 tried to wear HD_Apparel_ZaperX26_Device44480 but is not allowed to.
Raid audit case 16: count=52, tactical=True, speed=3
Agent method profiler ready: C:\Users\Public\Documents\ESTsoft\CreatorTemp\hd-tactical-analysis\verify-high\profiles
Resolved path returned no nodes, request: ((126, 0, 137) -> (109, 0, 118), OnCell, for 프랭크)
Raid audit sample: {"faction":"HD_HelodCivilHighFaction","actualPopulation":52,"mapFingerprint":"2DCA10EF6A532BA820CA2CFA41B18D21E564655193AC63E429759ED9D0135787","startPhases":"Assemble:4","radioOperators":52,"scenario":16,"population":50,"tactical":true,"speed":3,"TPS":59.908,"FPS":59.858,"moved":52,"alive":52,"warmupTicks":600,"sampleTicks":1200,"phases":"Hold:1,Assemble:3","successfulPlans":4,"planningService":{"pending":1,"slices":479,"completed":4,"discarded":0,"budgetStops":17,"maxSliceMs":9.082},"executionService":{"pending":4,"updates":697,"urgent":0,"budgetStops":3,"maxDelayTicks":3,"oldestDelayTicks":0,"maxUnitMs":52.692},"orderReviews":{"count":3016,"maxDelayTicks":1},"unstartedMoves":"unstarted moves=0 max age=0 ticks reasons=","unstartedMoveDetails":"","passageTraffic":{"waiting":0},"queueMaintenance":{"cleanupPasses":14,"leasePrunePasses":54},"planningWork":{"maxBreachChecks":1,"maxRouteSteps":39,"limitedPlans":0},"failedPlans":"","nativeBytes":1250000,"peakNativeBytes":1250000,"cacheCumulative":{"created":10,"hits":355,"evictions":0,"memoryWaits":0,"peakPending":5,"notifications":36},"cancelledPreparations":0,"peakWaitFrames":3,"pending":0,"blocked":"None:26,OpeningQueue:26","preparationServicePasses":8,"cpuCumulative":"FPS=59.8 TPS=59.9 worst execution/frame=11.505 ms managed heap=551.0 MiB GC=0/0/0\r\n  CPU Planning: n=64 sum=0.8 p50/p95/p99=0.005/0.027/0.206 max=0.206 ms\r\n  CPU Observation: n=481 sum=21.1 p50/p95/p99=0.003/0.212/0.238 max=0.303 ms\r\n  CPU LocalMap: n=40 sum=11.8 p50/p95/p99=0.254/0.401/0.502 max=0.502 ms\r\n  CPU Formation: n=20 sum=1.3 p50/p95/p99=0.064/0.079/0.084 max=0.084 ms\r\n  CPU Orders: n=1612 sum=21.5 p50/p95/p99=0.009/0.013/0.193 max=0.676 ms\r\n  CPU Execution: n=480 sum=110.7 p50/p95/p99=0.039/0.599/2.993 max=11.505 ms\r\n  CPU Navigation: n=1 sum=0.0 p50/p95/p99=0.015/0.015/0.015 max=0.015 ms\r\n  CPU BreachSearch: n=58 sum=0.5 p50/p95/p99=0.004/0.015/0.205 max=0.205 ms\r\n  CPU RouteSearch: n=0 sum=0.0 p50/p95/p99=0.000/0.000/0.000 max=0.000 ms\r\n  CPU OpeningQueue: n=160 sum=29.9 p50/p95/p99=0.234/0.255/0.337 max=0.748 ms\r\n  CPU GameTick: n=1200 sum=3190.7 p50/p95/p99=2.480/3.867/4.765 max=18.772 ms\r\n  CPU ExecutionMaintenance: n=20 sum=1.6 p50/p95/p99=0.078/0.092/0.106 max=0.106 ms\r\n  Goto request/start ticks: n=31 p50/p95/p99=0/1/1 max=1\r\n"}
클라라 tried to wear HD_Apparel_ZaperX26_Device45292 but is not allowed to.
애들러 tried to wear HD_Apparel_ZaperX26_Device45466 but is not allowed to.
샌더스 tried to wear HD_Apparel_ZaperX26_Device46245 but is not allowed to.
백스터 tried to wear HD_Apparel_ZaperX26_Device46802 but is not allowed to.
"콜드아이" 데이비스 tried to wear HD_Apparel_ZaperX26_Device47553 but is not allowed to.
앨리스 tried to wear HD_Apparel_ZaperX26_Device47738 but is not allowed to.
앨리샤 tried to wear HD_Apparel_ZaperX26_Device48325 but is not allowed to.
데이비드 tried to wear HD_Apparel_ZaperX26_Device49111 but is not allowed to.
캘럽 tried to wear HD_Apparel_ZaperX26_Device49629 but is not allowed to.
브라운 tried to wear HD_Apparel_ZaperX26_Device49807 but is not allowed to.
토마스 tried to wear HD_Apparel_ZaperX26_Device50601 but is not allowed to.
버튼 tried to wear HD_Apparel_ZaperX26_Device51153 but is not allowed to.
샌더스 tried to wear HD_Apparel_ZaperX26_Device51664 but is not allowed to.
워커 tried to wear HD_Apparel_ZaperX26_Device51842 but is not allowed to.
테일러 tried to wear HD_Apparel_ZaperX26_Device52409 but is not allowed to.
바로우 tried to wear HD_Apparel_ZaperX26_Device52962 but is not allowed to.
콜만 tried to wear HD_Apparel_ZaperX26_Device53484 but is not allowed to.
바로우 tried to wear HD_Apparel_ZaperX26_Device53669 but is not allowed to.
안드루 tried to wear HD_Apparel_ZaperX26_Device54215 but is not allowed to.
맥케이 tried to wear HD_Apparel_ZaperX26_Device54772 but is not allowed to.
브라이언 tried to wear HD_Apparel_ZaperX26_Device55287 but is not allowed to.
맥케이 tried to wear HD_Apparel_ZaperX26_Device55473 but is not allowed to.
"하운드" 잭슨 tried to wear HD_Apparel_ZaperX26_Device56054 but is not allowed to.
"로스트" 셔만 tried to wear HD_Apparel_ZaperX26_Device56606 but is not allowed to.
피어스 tried to wear HD_Apparel_ZaperX26_Device57124 but is not allowed to.
"하운드" 해리스 tried to wear HD_Apparel_ZaperX26_Device57297 but is not allowed to.
아다 tried to wear HD_Apparel_ZaperX26_Device57865 but is not allowed to.
"부츠" 로즈 tried to wear HD_Apparel_ZaperX26_Device58410 but is not allowed to.
위트만 tried to wear HD_Apparel_ZaperX26_Device58914 but is not allowed to.
버튼 tried to wear HD_Apparel_ZaperX26_Device59315 but is not allowed to.
애들러 tried to wear HD_Apparel_ZaperX26_Device59882 but is not allowed to.
에드워즈 tried to wear HD_Apparel_ZaperX26_Device60660 but is not allowed to.
브라이언 tried to wear HD_Apparel_ZaperX26_Device61160 but is not allowed to.
애비게일 tried to wear HD_Apparel_ZaperX26_Device61337 but is not allowed to.
챔드윙 tried to wear HD_Apparel_ZaperX26_Device61902 but is not allowed to.
"스톰" 테일러 tried to wear HD_Apparel_ZaperX26_Device62456 but is not allowed to.
프레드 tried to wear HD_Apparel_ZaperX26_Device63207 but is not allowed to.
호프만 tried to wear HD_Apparel_ZaperX26_Device63605 but is not allowed to.
디에고 tried to wear HD_Apparel_ZaperX26_Device64391 but is not allowed to.
오드리 tried to wear HD_Apparel_ZaperX26_Device64932 but is not allowed to.
"하운드" 피어스 tried to wear HD_Apparel_ZaperX26_Device65423 but is not allowed to.
브라이언 tried to wear HD_Apparel_ZaperX26_Device65598 but is not allowed to.
제인 tried to wear HD_Apparel_ZaperX26_Device66162 but is not allowed to.
안드루 tried to wear HD_Apparel_ZaperX26_Device66717 but is not allowed to.
캘럽 tried to wear HD_Apparel_ZaperX26_Device67225 but is not allowed to.
스미스 tried to wear HD_Apparel_ZaperX26_Device67413 but is not allowed to.
디에고 tried to wear HD_Apparel_ZaperX26_Device68200 but is not allowed to.
사무엘 tried to wear HD_Apparel_ZaperX26_Device68757 but is not allowed to.
"실버" 달튼 tried to wear HD_Apparel_ZaperX26_Device69260 but is not allowed to.
오드리 tried to wear HD_Apparel_ZaperX26_Device69437 but is not allowed to.
드레이크 tried to wear HD_Apparel_ZaperX26_Device69999 but is not allowed to.
브라이언 tried to wear HD_Apparel_ZaperX26_Device70562 but is not allowed to.
포스터 tried to wear HD_Apparel_ZaperX26_Device71070 but is not allowed to.
백스터 tried to wear HD_Apparel_ZaperX26_Device71488 but is not allowed to.
콜만 tried to wear HD_Apparel_ZaperX26_Device72030 but is not allowed to.
맥케이 tried to wear HD_Apparel_ZaperX26_Device72602 but is not allowed to.
브라운 tried to wear HD_Apparel_ZaperX26_Device73104 but is not allowed to.
포스터 tried to wear HD_Apparel_ZaperX26_Device73293 but is not allowed to.
브라이언 tried to wear HD_Apparel_ZaperX26_Device73850 but is not allowed to.
테일러 tried to wear HD_Apparel_ZaperX26_Device74439 but is not allowed to.
"럭키" 도슨 tried to wear HD_Apparel_ZaperX26_Device74963 but is not allowed to.
디에고 tried to wear HD_Apparel_ZaperX26_Device75139 but is not allowed to.
테일러 tried to wear HD_Apparel_ZaperX26_Device75693 but is not allowed to.
샌더스 tried to wear HD_Apparel_ZaperX26_Device76500 but is not allowed to.
Raid audit case 18: count=208, tactical=True, speed=3
Raid audit sample: {"faction":"HD_HelodCivilHighFaction","actualPopulation":208,"mapFingerprint":"2DCA10EF6A532BA820CA2CFA41B18D21E564655193AC63E429759ED9D0135787","startPhases":"Assemble:16","radioOperators":208,"scenario":18,"population":200,"tactical":true,"speed":3,"TPS":59.692,"FPS":57.553,"moved":208,"alive":208,"warmupTicks":600,"sampleTicks":1200,"phases":"Hold:1,Assemble:15","successfulPlans":16,"planningService":{"pending":1,"slices":2209,"completed":20,"discarded":1,"budgetStops":25,"maxSliceMs":9.082},"executionService":{"pending":16,"updates":3487,"urgent":0,"budgetStops":44,"maxDelayTicks":7,"oldestDelayTicks":0,"maxUnitMs":52.692},"orderReviews":{"count":14971,"maxDelayTicks":1},"unstartedMoves":"unstarted moves=0 max age=0 ticks reasons=","unstartedMoveDetails":"","passageTraffic":{"waiting":0},"queueMaintenance":{"cleanupPasses":28,"leasePrunePasses":109},"planningWork":{"maxBreachChecks":1,"maxRouteSteps":38,"limitedPlans":0},"failedPlans":"","nativeBytes":2500000,"peakNativeBytes":2500000,"cacheCumulative":{"created":20,"hits":1017,"evictions":0,"memoryWaits":0,"peakPending":7,"notifications":57},"cancelledPreparations":0,"peakWaitFrames":4,"pending":0,"blocked":"None:26,OpeningQueue:182","preparationServicePasses":5,"cpuCumulative":"FPS=57.5 TPS=59.7 worst execution/frame=6.035 ms managed heap=569.9 MiB GC=3/3/3\r\n  CPU Planning: n=64 sum=0.7 p50/p95/p99=0.004/0.050/0.157 max=0.157 ms\r\n  CPU Observation: n=1921 sum=114.8 p50/p95/p99=0.002/0.449/0.548 max=1.101 ms\r\n  CPU LocalMap: n=0 sum=0.0 p50/p95/p99=0.000/0.000/0.000 max=0.000 ms\r\n  CPU Formation: n=19 sum=1.6 p50/p95/p99=0.066/0.269/0.269 max=0.269 ms\r\n  CPU Orders: n=7839 sum=74.5 p50/p95/p99=0.009/0.010/0.104 max=0.356 ms\r\n  CPU Execution: n=1920 sum=322.0 p50/p95/p99=0.022/0.592/0.818 max=6.035 ms\r\n  CPU Navigation: n=1 sum=0.0 p50/p95/p99=0.013/0.013/0.013 max=0.013 ms\r\n  CPU BreachSearch: n=58 sum=0.4 p50/p95/p99=0.004/0.014/0.156 max=0.156 ms\r\n  CPU RouteSearch: n=0 sum=0.0 p50/p95/p99=0.000/0.000/0.000 max=0.000 ms\r\n  CPU OpeningQueue: n=637 sum=141.0 p50/p95/p99=0.230/0.262/0.333 max=0.440 ms\r\n  CPU GameTick: n=1200 sum=11102.1 p50/p95/p99=8.476/13.911/17.117 max=19.532 ms\r\n  CPU ExecutionMaintenance: n=20 sum=5.9 p50/p95/p99=0.215/0.425/1.227 max=1.227 ms\r\n  Goto request/start ticks: n=20 p50/p95/p99=0/0/210 max=210\r\n"}
"샤프" 백스터 tried to wear HD_Apparel_ZaperX26_Device78872 but is not allowed to.
에이브 tried to wear HD_Apparel_ZaperX26_Device79276 but is not allowed to.
"실버" 애덤스 tried to wear HD_Apparel_ZaperX26_Device80279 but is not allowed to.
"샤프" 블랙우드 tried to wear HD_Apparel_ZaperX26_Device80838 but is not allowed to.
"벅" 웰스 tried to wear HD_Apparel_ZaperX26_Device81358 but is not allowed to.
"로스트" 스미스 tried to wear HD_Apparel_ZaperX26_Device81532 but is not allowed to.
"벅" 드레이크 tried to wear HD_Apparel_ZaperX26_Device82313 but is not allowed to.
에이브 tried to wear HD_Apparel_ZaperX26_Device83105 but is not allowed to.
"스톰" 백스터 tried to wear HD_Apparel_ZaperX26_Device83625 but is not allowed to.
"블루" 스탠튼 tried to wear HD_Apparel_ZaperX26_Device83802 but is not allowed to.
"스톰" 잭슨 tried to wear HD_Apparel_ZaperX26_Device84824 but is not allowed to.
"부츠" 스미스 tried to wear HD_Apparel_ZaperX26_Device85624 but is not allowed to.
"블루" 랜드리 tried to wear HD_Apparel_ZaperX26_Device86365 but is not allowed to.
"피닉스" 애덤스 tried to wear HD_Apparel_ZaperX26_Device86541 but is not allowed to.
"캐머" 테일러 tried to wear HD_Apparel_ZaperX26_Device87571 but is not allowed to.
Could not get new name (first rule pack: HD_NamerPersonHelod)
"실버" 엘리엇 tried to wear HD_Apparel_ZaperX26_Device88594 but is not allowed to.
"더스티" 애들러 tried to wear HD_Apparel_ZaperX26_Device89113 but is not allowed to.
"블루" 워커 tried to wear HD_Apparel_ZaperX26_Device89298 but is not allowed to.
"스타" 셔만 tried to wear HD_Apparel_ZaperX26_Device90079 but is not allowed to.
"피닉스" 헌터 tried to wear HD_Apparel_ZaperX26_Device90636 but is not allowed to.
"더스티" 랜드리 tried to wear HD_Apparel_ZaperX26_Device91139 but is not allowed to.
"스타" 맥케이 tried to wear HD_Apparel_ZaperX26_Device91313 but is not allowed to.
"로스트" 포터 tried to wear HD_Apparel_ZaperX26_Device91880 but is not allowed to.
"벅" 위트만 tried to wear HD_Apparel_ZaperX26_Device92644 but is not allowed to.
"피닉스" 버튼 tried to wear HD_Apparel_ZaperX26_Device93149 but is not allowed to.
"더스티" 케인 tried to wear HD_Apparel_ZaperX26_Device93323 but is not allowed to.
"벅" 파커 tried to wear HD_Apparel_ZaperX26_Device94333 but is not allowed to.
"더스티" 챔드윙 tried to wear HD_Apparel_ZaperX26_Device95333 but is not allowed to.
"콜드아이" 스미스 tried to wear HD_Apparel_ZaperX26_Device96070 but is not allowed to.
"캐머" 브라운 tried to wear HD_Apparel_ZaperX26_Device96477 but is not allowed to.
Could not get new name (first rule pack: HD_NamerPersonHelod)
"로스트" 데이비스 tried to wear HD_Apparel_ZaperX26_Device97256 but is not allowed to.
"더스티" 잭슨 tried to wear HD_Apparel_ZaperX26_Device97810 but is not allowed to.
"벅" 모리슨 tried to wear HD_Apparel_ZaperX26_Device98299 but is not allowed to.
"벅" 브랜드 tried to wear HD_Apparel_ZaperX26_Device98476 but is not allowed to.
"콜드아이" 포드 tried to wear HD_Apparel_ZaperX26_Device99282 but is not allowed to.
"피닉스" 콜만 tried to wear HD_Apparel_ZaperX26_Device99842 but is not allowed to.
"더스티" 터너 tried to wear HD_Apparel_ZaperX26_Device100569 but is not allowed to.
"캐머" 플레처 tried to wear HD_Apparel_ZaperX26_Device100743 but is not allowed to.
"콜드아이" 샌더스 tried to wear HD_Apparel_ZaperX26_Device101505 but is not allowed to.
"캐머" 엘리엇 tried to wear HD_Apparel_ZaperX26_Device102294 but is not allowed to.
"블루" 브라운 tried to wear HD_Apparel_ZaperX26_Device103039 but is not allowed to.
"럭키" 워커 tried to wear HD_Apparel_ZaperX26_Device103215 but is not allowed to.
"하운드" 로슨 tried to wear HD_Apparel_ZaperX26_Device103987 but is not allowed to.
"럭키" 테일러 tried to wear HD_Apparel_ZaperX26_Device104540 but is not allowed to.
"피닉스" 호프만 tried to wear HD_Apparel_ZaperX26_Device105061 but is not allowed to.
"럭키" 달튼 tried to wear HD_Apparel_ZaperX26_Device105235 but is not allowed to.
"더스티" 케일 tried to wear HD_Apparel_ZaperX26_Device106036 but is not allowed to.
"더스티" 피어스 tried to wear HD_Apparel_ZaperX26_Device106825 but is not allowed to.
"실버" 콜만 tried to wear HD_Apparel_ZaperX26_Device107334 but is not allowed to.
"부츠" 모리슨 tried to wear HD_Apparel_ZaperX26_Device107518 but is not allowed to.
"스톰" 엘리엇 tried to wear HD_Apparel_ZaperX26_Device108307 but is not allowed to.
Could not get new name (first rule pack: HD_NamerPersonHelod)
"벅" 샌더스 tried to wear HD_Apparel_ZaperX26_Device108883 but is not allowed to.
"스타" 잭슨 tried to wear HD_Apparel_ZaperX26_Device109614 but is not allowed to.
"럭키" 브랜드 tried to wear HD_Apparel_ZaperX26_Device109791 but is not allowed to.
"로스트" 포드 tried to wear HD_Apparel_ZaperX26_Device110604 but is not allowed to.
"럭키" 터너 tried to wear HD_Apparel_ZaperX26_Device111613 but is not allowed to.
"샤프" 크로포드 tried to wear HD_Apparel_ZaperX26_Device112336 but is not allowed to.
"레드" 애덤스 tried to wear HD_Apparel_ZaperX26_Device112513 but is not allowed to.
"블루" 애덤스 tried to wear HD_Apparel_ZaperX26_Device113096 but is not allowed to.
"부츠" 달튼 tried to wear HD_Apparel_ZaperX26_Device113664 but is not allowed to.
"레드" 엘리엇 tried to wear HD_Apparel_ZaperX26_Device114381 but is not allowed to.
"럭키" 애들러 tried to wear HD_Apparel_ZaperX26_Device114791 but is not allowed to.
"부츠" 브룩스 tried to wear HD_Apparel_ZaperX26_Device115360 but is not allowed to.
"피닉스" 랜드리 tried to wear HD_Apparel_ZaperX26_Device116139 but is not allowed to.
Could not get new name (first rule pack: HD_NamerPersonHelod)
"하운드" 도슨 tried to wear HD_Apparel_ZaperX26_Device116861 but is not allowed to.
"콜드아이" 카터 tried to wear HD_Apparel_ZaperX26_Device117050 but is not allowed to.
"하운드" 로슨 tried to wear HD_Apparel_ZaperX26_Device117850 but is not allowed to.
"레드" 모리슨 tried to wear HD_Apparel_ZaperX26_Device119093 but is not allowed to.
"럭키" 피어스 tried to wear HD_Apparel_ZaperX26_Device119811 but is not allowed to.
"콜드아이" 브룩스 tried to wear HD_Apparel_ZaperX26_Device119988 but is not allowed to.
"블루" 데이비스 tried to wear HD_Apparel_ZaperX26_Device120543 but is not allowed to.
"더스티" 웰스 tried to wear HD_Apparel_ZaperX26_Device121358 but is not allowed to.
"벅" 브랜드 tried to wear HD_Apparel_ZaperX26_Device122313 but is not allowed to.
"하운드" 파튼 tried to wear HD_Apparel_ZaperX26_Device122487 but is not allowed to.
"벅" 콜만 tried to wear HD_Apparel_ZaperX26_Device123520 but is not allowed to.
"스톰" 그레이 tried to wear HD_Apparel_ZaperX26_Device124075 but is not allowed to.
"하운드" 헌터 tried to wear HD_Apparel_ZaperX26_Device125038 but is not allowed to.
"벅" 스미스 tried to wear HD_Apparel_ZaperX26_Device125212 but is not allowed to.
"부츠" 워커 tried to wear HD_Apparel_ZaperX26_Device126008 but is not allowed to.
"캐머" 테일러 tried to wear HD_Apparel_ZaperX26_Device126561 but is not allowed to.
"피닉스" 터너 tried to wear HD_Apparel_ZaperX26_Device127306 but is not allowed to.
"벅" 포드 tried to wear HD_Apparel_ZaperX26_Device127483 but is not allowed to.
"벅" 데이비스 tried to wear HD_Apparel_ZaperX26_Device128066 but is not allowed to.
"부츠" 스미스 tried to wear HD_Apparel_ZaperX26_Device128625 but is not allowed to.
"블루" 브룩스 tried to wear HD_Apparel_ZaperX26_Device129141 but is not allowed to.
"피닉스" 로슨 tried to wear HD_Apparel_ZaperX26_Device129318 but is not allowed to.
"스타" 포터 tried to wear HD_Apparel_ZaperX26_Device130117 but is not allowed to.
"샤프" 랜드리 tried to wear HD_Apparel_ZaperX26_Device130681 but is not allowed to.
"더스티" 잭슨 tried to wear HD_Apparel_ZaperX26_Device131626 but is not allowed to.
"벅" 콜만 tried to wear HD_Apparel_ZaperX26_Device131811 but is not allowed to.
"캐머" 스미스 tried to wear HD_Apparel_ZaperX26_Device132353 but is not allowed to.
"실버" 파튼 tried to wear HD_Apparel_ZaperX26_Device132909 but is not allowed to.
Could not get new name (first rule pack: HD_NamerPersonHelod)
모리슨 tried to wear HD_Apparel_ZaperX26_Device133417 but is not allowed to.
"피닉스" 케일 tried to wear HD_Apparel_ZaperX26_Device133822 but is not allowed to.
"하운드" 도슨 tried to wear HD_Apparel_ZaperX26_Device134621 but is not allowed to.
"럭키" 드레이크 tried to wear HD_Apparel_ZaperX26_Device135189 but is not allowed to.
"레드" 위트만 tried to wear HD_Apparel_ZaperX26_Device135933 but is not allowed to.
"벅" 브라운 tried to wear HD_Apparel_ZaperX26_Device136339 but is not allowed to.
"스타" 그레이 tried to wear HD_Apparel_ZaperX26_Device137146 but is not allowed to.
"더스티" 웨스트 tried to wear HD_Apparel_ZaperX26_Device137721 but is not allowed to.
"콜드아이" 부스 tried to wear HD_Apparel_ZaperX26_Device138471 but is not allowed to.
"하운드" 플레처 tried to wear HD_Apparel_ZaperX26_Device138645 but is not allowed to.
"럭키" 샌더스 tried to wear HD_Apparel_ZaperX26_Device139444 but is not allowed to.
"벅" 셔만 tried to wear HD_Apparel_ZaperX26_Device140001 but is not allowed to.
"피닉스" 헌터 tried to wear HD_Apparel_ZaperX26_Device140760 but is not allowed to.
"럭키" 랜드리 tried to wear HD_Apparel_ZaperX26_Device140934 but is not allowed to.
"스타" 워커 tried to wear HD_Apparel_ZaperX26_Device142217 but is not allowed to.
"벅" 웰스 tried to wear HD_Apparel_ZaperX26_Device142765 but is not allowed to.
"레드" 로즈 tried to wear HD_Apparel_ZaperX26_Device143256 but is not allowed to.
"럭키" 웰스 tried to wear HD_Apparel_ZaperX26_Device143430 but is not allowed to.
"레드" 피어스 tried to wear HD_Apparel_ZaperX26_Device144218 but is not allowed to.
"스톰" 베넷 tried to wear HD_Apparel_ZaperX26_Device145695 but is not allowed to.
"스타" 애들러 tried to wear HD_Apparel_ZaperX26_Device146197 but is not allowed to.
"캐머" 플레처 tried to wear HD_Apparel_ZaperX26_Device146374 but is not allowed to.
"로스트" 하퍼 tried to wear HD_Apparel_ZaperX26_Device147140 but is not allowed to.
"벅" 호프만 tried to wear HD_Apparel_ZaperX26_Device147696 but is not allowed to.
"럭키" 맥케이 tried to wear HD_Apparel_ZaperX26_Device148211 but is not allowed to.
"샤프" 호프만 tried to wear HD_Apparel_ZaperX26_Device148388 but is not allowed to.
"더스티" 샌더스 tried to wear HD_Apparel_ZaperX26_Device149387 but is not allowed to.
"스톰" 웨스트 tried to wear HD_Apparel_ZaperX26_Device149943 but is not allowed to.
"벅" 도슨 tried to wear HD_Apparel_ZaperX26_Device150432 but is not allowed to.
"스톰" 브룩스 tried to wear HD_Apparel_ZaperX26_Device150621 but is not allowed to.
"스타" 레이노즈 tried to wear HD_Apparel_ZaperX26_Device151190 but is not allowed to.
"하운드" 터너 tried to wear HD_Apparel_ZaperX26_Device151735 but is not allowed to.
Raid audit case 19: count=403, tactical=True, speed=3
Memory Statistics:
[ALLOC_TEMP_TLS] TLS Allocator
  StackAllocators : 
    [ALLOC_TEMP_MAIN]
      Peak usage frame count: [0-1.0 KB]: 3543 frames, [1.0 KB-2.0 KB]: 4 frames, [2.0 KB-4.0 KB]: 4308 frames, [4.0 KB-8.0 KB]: 50 frames, [8.0 KB-16.0 KB]: 38 frames, [64.0 KB-128.0 KB]: 2 frames, [128.0 KB-256.0 KB]: 1 frames, [2.0 MB-4.0 MB]: 3 frames, [4.0 MB-8.0 MB]: 1 frames
      Initial Block Size 4.0 MB
      Current Block Size 4.1 MB
      Peak Allocated Bytes 4.1 MB
      Overflow Count 1
    [ALLOC_TEMP_Loading.AsyncRead]
      Initial Block Size 64.0 KB
      Current Block Size 120.0 KB
      Peak Allocated Bytes 117.2 KB
      Overflow Count 0
    [ALLOC_TEMP_Loading.PreloadManager]
      Initial Block Size 256.0 KB
      Current Block Size 256.0 KB
      Peak Allocated Bytes 3.8 KB
      Overflow Count 8
    [ALLOC_TEMP_Background Job.Worker 8]
      Initial Block Size 32.0 KB
      Current Block Size 32.0 KB
      Peak Allocated Bytes 54 B
      Overflow Count 0
    [ALLOC_TEMP_Job.Worker 6]
      Initial Block Size 256.0 KB
      Current Block Size 256.0 KB
      Peak Allocated Bytes 160 B
      Overflow Count 0
    [ALLOC_TEMP_Job.Worker 0]
      Initial Block Size 256.0 KB
      Current Block Size 256.0 KB
      Peak Allocated Bytes 176 B
      Overflow Count 0
    [ALLOC_TEMP_Background Job.Worker 10]
      Initial Block Size 32.0 KB
      Current Block Size 32.0 KB
      Peak Allocated Bytes 54 B
      Overflow Count 0
    [ALLOC_TEMP_Background Job.Worker 9]
      Initial Block Size 32.0 KB
      Current Block Size 32.0 KB
      Peak Allocated Bytes 54 B
      Overflow Count 0
    [ALLOC_TEMP_Job.Worker 5]
      Initial Block Size 256.0 KB
      Current Block Size 256.0 KB
      Peak Allocated Bytes 176 B
      Overflow Count 0
    [ALLOC_TEMP_Background Job.Worker 14]
      Initial Block Size 32.0 KB
      Current Block Size 32.0 KB
      Peak Allocated Bytes 54 B
      Overflow Count 0
    [ALLOC_TEMP_Background Job.Worker 6]
      Initial Block Size 32.0 KB
      Current Block Size 32.0 KB
      Peak Allocated Bytes 54 B
      Overflow Count 0
    [ALLOC_TEMP_Job.Worker 4]
      Initial Block Size 256.0 KB
      Current Block Size 256.0 KB
      Peak Allocated Bytes 176 B
      Overflow Count 0
    [ALLOC_TEMP_Job.Worker 3]
      Initial Block Size 256.0 KB
      Current Block Size 256.0 KB
      Peak Allocated Bytes 160 B
      Overflow Count 0
    [ALLOC_TEMP_Background Job.Worker 12]
      Initial Block Size 32.0 KB
      Current Block Size 32.0 KB
      Peak Allocated Bytes 54 B
      Overflow Count 0
    [ALLOC_TEMP_EnlightenWorker] x 6
      Initial Block Size 64.0 KB
      Current Block Size 64.0 KB
      Peak Allocated Bytes 54 B
      Overflow Count 0
    [ALLOC_TEMP_Background Job.Worker 15]
      Initial Block Size 32.0 KB
      Current Block Size 32.0 KB
      Peak Allocated Bytes 54 B
      Overflow Count 0
    [ALLOC_TEMP_Background Job.Worker 1]
      Initial Block Size 32.0 KB
      Current Block Size 32.0 KB
      Peak Allocated Bytes 54 B
      Overflow Count 0
    [ALLOC_TEMP_Background Job.Worker 2]
      Initial Block Size 32.0 KB
      Current Block Size 32.0 KB
      Peak Allocated Bytes 54 B
      Overflow Count 0
    [ALLOC_TEMP_Background Job.Worker 7]
      Initial Block Size 32.0 KB
      Current Block Size 32.0 KB
      Peak Allocated Bytes 54 B
      Overflow Count 0
    [ALLOC_TEMP_UnityGfxDeviceWorker]
      Initial Block Size 256.0 KB
      Current Block Size 256.0 KB
      Peak Allocated Bytes 10.3 KB
      Overflow Count 0
    [ALLOC_TEMP_AssetGarbageCollectorHelper] x 11
      Initial Block Size 64.0 KB
      Current Block Size 64.0 KB
      Peak Allocated Bytes 138 B
      Overflow Count 0
    [ALLOC_TEMP_Background Job.Worker 5]
      Initial Block Size 32.0 KB
      Current Block Size 32.0 KB
      Peak Allocated Bytes 54 B
      Overflow Count 0
    [ALLOC_TEMP_Job.Worker 9]
      Initial Block Size 256.0 KB
      Current Block Size 256.0 KB
      Peak Allocated Bytes 160 B
      Overflow Count 0
    [ALLOC_TEMP_Background Job.Worker 13]
      Initial Block Size 32.0 KB
      Current Block Size 32.0 KB
      Peak Allocated Bytes 54 B
      Overflow Count 0
    [ALLOC_TEMP_Job.Worker 8]
      Initial Block Size 256.0 KB
      Current Block Size 256.0 KB
      Peak Allocated Bytes 176 B
      Overflow Count 0
    [ALLOC_TEMP_Job.Worker 7]
      Initial Block Size 256.0 KB
      Current Block Size 256.0 KB
      Peak Allocated Bytes 160 B
      Overflow Count 0
    [ALLOC_TEMP_Job.Worker 1]
      Initial Block Size 256.0 KB
      Current Block Size 256.0 KB
      Peak Allocated Bytes 507 B
      Overflow Count 0
    [ALLOC_TEMP_Job.Worker 2]
      Initial Block Size 256.0 KB
      Current Block Size 256.0 KB
      Peak Allocated Bytes 480 B
      Overflow Count 0
    [ALLOC_TEMP_Background Job.Worker 3]
      Initial Block Size 32.0 KB
      Current Block Size 32.0 KB
      Peak Allocated Bytes 54 B
      Overflow Count 0
    [ALLOC_TEMP_Background Job.Worker 11]
      Initial Block Size 32.0 KB
      Current Block Size 32.0 KB
      Peak Allocated Bytes 54 B
      Overflow Count 0
    [ALLOC_TEMP_Job.Worker 10]
      Initial Block Size 256.0 KB
      Current Block Size 256.0 KB
      Peak Allocated Bytes 144 B
      Overflow Count 0
    [ALLOC_TEMP_Background Job.Worker 0]
      Initial Block Size 32.0 KB
      Current Block Size 32.0 KB
      Peak Allocated Bytes 54 B
      Overflow Count 0
    [ALLOC_TEMP_Background Job.Worker 4]
      Initial Block Size 32.0 KB
      Current Block Size 32.0 KB
      Peak Allocated Bytes 54 B
      Overflow Count 0
    [ALLOC_TEMP_BatchDeleteObjects]
      Initial Block Size 64.0 KB
      Current Block Size 64.0 KB
      Peak Allocated Bytes 54 B
      Overflow Count 0
[ALLOC_DEFAULT] Dual Thread Allocator
  Peak main deferred allocation count 42598
    [ALLOC_BUCKET]
      Large Block size 4.0 MB
      Used Block count 1
      Peak Allocated bytes 4.0 MB
      Failed Allocations. Bucket layout:
        16B: 4 Subsections = 4096 buckets. Failed count: 45652
        32B: 34 Subsections = 17408 buckets. Failed count: 95842
        48B: 49 Subsections = 16725 buckets. Failed count: 129530
        64B: 40 Subsections = 10240 buckets. Failed count: 39012
        80B: 85 Subsections = 17408 buckets. Failed count: 37693
        96B: 28 Subsections = 4778 buckets. Failed count: 45354
        112B: 10 Subsections = 1462 buckets. Failed count: 13477
        128B: 6 Subsections = 768 buckets. Failed count: 17699
    [ALLOC_DEFAULT_MAIN]
      Peak usage frame count: [16.0 MB-32.0 MB]: 999 frames, [32.0 MB-64.0 MB]: 1 frames, [128.0 MB-256.0 MB]: 6950 frames
      Requested Block Size 16.0 MB
      Peak Block count 15
      Peak Allocated memory 244.3 MB
      Peak Large allocation bytes 31.2 MB
    [ALLOC_DEFAULT_THREAD]
      Peak usage frame count: [8.0 MB-16.0 MB]: 1108 frames, [16.0 MB-32.0 MB]: 22 frames, [32.0 MB-64.0 MB]: 2423 frames, [64.0 MB-128.0 MB]: 4397 frames
      Requested Block Size 16.0 MB
      Peak Block count 6
      Peak Allocated memory 79.5 MB
      Peak Large allocation bytes 10.0 MB
[ALLOC_TEMP_JOB_1_FRAME]
  Initial Block Size 2.0 MB
  Used Block Count 0
  Overflow Count (too large) 0
  Overflow Count (full) 0
[ALLOC_TEMP_JOB_2_FRAMES]
  Initial Block Size 2.0 MB
  Used Block Count 0
  Overflow Count (too large) 0
  Overflow Count (full) 0
[ALLOC_TEMP_JOB_4_FRAMES (JobTemp)]
  Initial Block Size 2.0 MB
  Used Block Count 1
  Overflow Count (too large) 0
  Overflow Count (full) 0
[ALLOC_TEMP_JOB_ASYNC (Background)]
  Initial Block Size 1.0 MB
  Used Block Count 1
  Overflow Count (too large) 0
  Overflow Count (full) 0
[ALLOC_GFX] Dual Thread Allocator
  Peak main deferred allocation count 44
    [ALLOC_BUCKET]
      Large Block size 4.0 MB
      Used Block count 1
      Peak Allocated bytes 4.0 MB
      Failed Allocations. Bucket layout:
        16B: 4 Subsections = 4096 buckets. Failed count: 45652
        32B: 34 Subsections = 17408 buckets. Failed count: 95842
        48B: 49 Subsections = 16725 buckets. Failed count: 129530
        64B: 40 Subsections = 10240 buckets. Failed count: 39012
        80B: 85 Subsections = 17408 buckets. Failed count: 37693
        96B: 28 Subsections = 4778 buckets. Failed count: 45354
        112B: 10 Subsections = 1462 buckets. Failed count: 13477
        128B: 6 Subsections = 768 buckets. Failed count: 17699
    [ALLOC_GFX_MAIN]
      Peak usage frame count: [64.0 KB-128.0 KB]: 1 frames, [2.0 MB-4.0 MB]: 3551 frames, [32.0 MB-64.0 MB]: 4397 frames, [256.0 MB-0.50 GB]: 1 frames
      Requested Block Size 16.0 MB
      Peak Block count 4
      Peak Allocated memory 387.1 MB
      Peak Large allocation bytes 383.6 MB
    [ALLOC_GFX_THREAD]
      Peak usage frame count: [0-1.0 KB]: 1002 frames, [1.0 KB-2.0 KB]: 2551 frames, [8.0 KB-16.0 KB]: 1 frames, [32.0 KB-64.0 KB]: 4396 frames
      Requested Block Size 16.0 MB
      Peak Block count 1
      Peak Allocated memory 58.6 KB
      Peak Large allocation bytes 0 B
[ALLOC_CACHEOBJECTS] Dual Thread Allocator
  Peak main deferred allocation count 109
    [ALLOC_BUCKET]
      Large Block size 4.0 MB
      Used Block count 1
      Peak Allocated bytes 4.0 MB
      Failed Allocations. Bucket layout:
        16B: 4 Subsections = 4096 buckets. Failed count: 45652
        32B: 34 Subsections = 17408 buckets. Failed count: 95842
        48B: 49 Subsections = 16725 buckets. Failed count: 129530
        64B: 40 Subsections = 10240 buckets. Failed count: 39012
        80B: 85 Subsections = 17408 buckets. Failed count: 37693
        96B: 28 Subsections = 4778 buckets. Failed count: 45354
        112B: 10 Subsections = 1462 buckets. Failed count: 13477
        128B: 6 Subsections = 768 buckets. Failed count: 17699
    [ALLOC_CACHEOBJECTS_MAIN]
      Peak usage frame count: [4.0 MB-8.0 MB]: 1 frames, [8.0 MB-16.0 MB]: 999 frames, [16.0 MB-32.0 MB]: 6950 frames
      Requested Block Size 4.0 MB
      Peak Block count 5
      Peak Allocated memory 17.2 MB
      Peak Large allocation bytes 0 B
    [ALLOC_CACHEOBJECTS_THREAD]
      Peak usage frame count: [4.0 KB-8.0 KB]: 999 frames, [32.0 KB-64.0 KB]: 1 frames, [64.0 KB-128.0 KB]: 6948 frames, [256.0 KB-0.5 MB]: 1 frames, [0.5 MB-1.0 MB]: 1 frames
      Requested Block Size 4.0 MB
      Peak Block count 1
      Peak Allocated memory 0.6 MB
      Peak Large allocation bytes 0 B
[ALLOC_TYPETREE] Dual Thread Allocator
  Peak main deferred allocation count 0
    [ALLOC_BUCKET]
      Large Block size 4.0 MB
      Used Block count 1
      Peak Allocated bytes 4.0 MB
      Failed Allocations. Bucket layout:
        16B: 4 Subsections = 4096 buckets. Failed count: 45652
        32B: 34 Subsections = 17408 buckets. Failed count: 95842
        48B: 49 Subsections = 16725 buckets. Failed count: 129530
        64B: 40 Subsections = 10240 buckets. Failed count: 39012
        80B: 85 Subsections = 17408 buckets. Failed count: 37693
        96B: 28 Subsections = 4778 buckets. Failed count: 45354
        112B: 10 Subsections = 1462 buckets. Failed count: 13477
        128B: 6 Subsections = 768 buckets. Failed count: 17699
    [ALLOC_TYPETREE_MAIN]
      Peak usage frame count: [4.0 KB-8.0 KB]: 1 frames, [8.0 KB-16.0 KB]: 999 frames, [32.0 KB-64.0 KB]: 6950 frames
      Requested Block Size 2.0 MB
      Peak Block count 1
      Peak Allocated memory 49.8 KB
      Peak Large allocation bytes 0 B
    [ALLOC_TYPETREE_THREAD]
      Peak usage frame count: [0-1.0 KB]: 7950 frames
      Requested Block Size 2.0 MB
      Peak Block count 0
      Peak Allocated memory 0 B
      Peak Large allocation bytes 0 B
