Mono path[0] = 'C:/Program Files (x86)/Steam/steamapps/common/RimWorld/RimWorldWin64_Data/Managed'
Mono config path = 'C:/Program Files (x86)/Steam/steamapps/common/RimWorld/MonoBleedingEdge/etc'
[PhysX] Initialized MultithreadedTaskDispatcher with 12 workers.
Initialize engine version: 2022.3.35f1 (011206c7a712)
[Subsystems] Discovering subsystems at path C:/Program Files (x86)/Steam/steamapps/common/RimWorld/RimWorldWin64_Data/UnitySubsystems
GfxDevice: creating device client; threaded=1; jobified=0
Direct3D:
    Version:  Direct3D 11.0 [level 11.1]
    Renderer: NVIDIA GeForce RTX 3070 (ID=0x2484)
    Vendor:   NVIDIA
    VRAM:     8018 MB
    Driver:   32.0.15.9579
Begin MonoManager ReloadAssembly
- Loaded All Assemblies, in  0.147 seconds
- Finished resetting the current domain, in  0.001 seconds
<RI> Initializing input.
<RI> Input initialized.
<RI> Initialized touch support.
[PhysX] Initialized MultithreadedTaskDispatcher with 12 workers.
UnloadTime: 0.867500 ms
Command line arguments: -quicktest -savedatafolder=C:\Users\Public\Documents\ESTsoft\CreatorTemp\hd-tactical-analysis\lifecycle-low -hdRaidMovementAudit=C:\Users\Public\Documents\ESTsoft\CreatorTemp\hd-tactical-analysis\lifecycle-low\measurements.ndjson -hdRaidMovementAuditCases=16,18,19,15 -hdRaidMovementAuditSeed=hd-perf-20261007 -hdRaidMovementAuditLow=true -hdRaidMovementAuditWarmup=600 -hdRaidMovementAuditSample=1200 -hdRaidMovementAuditFunctionalDisabled=true -hdRaidSpawnAuditDisabled=true -hdMethodProfile=C:\Users\Public\Documents\ESTsoft\CreatorTemp\hd-tactical-analysis\lifecycle-low\profiles -hdMethodProfileCpu=true -hdMethodProfileAuto=true -hdMethodProfilePreset=coarse -hdMethodProfileTargets=Helodrace.MapComponent_RaidTacticalExecution::SafeSupportThrowFrom;Helodrace.MapComponent_RaidTacticalExecution::CancelPendingCharge;Helodrace.MapComponent_RaidTacticalExecution::IsAssaultRaider;Helodrace.MapComponent_RaidTacticalExecution::IsDefendingRaider;Helodrace.MapComponent_RaidTacticalExecution::IsTacticalRaider;Helodrace.MapComponent_RaidTacticalExecution::KeepSapperEscortTogether;Helodrace.MapComponent_RaidTacticalExecution::TryAssistSapperWithSledgehammer;Helodrace.MapComponent_RaidTacticalExecution::TryExitSecuredObjective;Helodrace.MapComponent_RaidTacticalExecution::Advance;Helodrace.MapComponent_RaidTacticalExecution::BreachOpened;Helodrace.MapComponent_RaidTacticalExecution::FinishBreachAttempt;Helodrace.MapComponent_RaidTacticalExecution::EntryPawns;Helodrace.MapComponent_RaidTacticalExecution::PastBreach;Helodrace.MapComponent_RaidTacticalExecution::BackWallDistance;Helodrace.MapComponent_RaidTacticalExecution::EntryCover;Helodrace.MapComponent_RaidTacticalExecution::AfterSupport;Helodrace.MapComponent_RaidTacticalExecution::EntryMembersNear;Helodrace.MapComponent_RaidTacticalExecution::IssueFlank;Helodrace.MapComponent_RaidTacticalExecution::FaceStackSector;Helodrace.MapComponent_RaidTacticalExecution::TryCounterPsychicLance;Helodrace.MapComponent_RaidTacticalExecution::UsingZaper;Helodrace.MapComponent_RaidTacticalExecution::IsTaserOperation;Helodrace.MapComponent_RaidTacticalExecution::TryRequestExternalSupport;Helodrace.MapComponent_RaidTacticalExecution::WaitingForExternalSupport;Helodrace.MapComponent_RaidTacticalExecution::PlannedBreachCell;Helodrace.MapComponent_RaidTacticalExecution::TryStartSledgehammerBreach;Helodrace.MapComponent_RaidTacticalExecution::IssueChargeWithdrawal;Helodrace.MapComponent_RaidTacticalExecution::EntryGrenadeTargets;Helodrace.MapComponent_RaidTacticalExecution::EntrySmokeTargets;Helodrace.MapComponent_RaidTacticalExecution::IsSupportGrenade;Helodrace.MapComponent_RaidTacticalExecution::NextRoomTargets;Helodrace.MapComponent_RaidTacticalExecution::ActivateNextRoomPlan;Helodrace.MapComponent_RaidTacticalExecution::NearbyDoorState;Helodrace.MapComponent_RaidTacticalExecution::TryCounterClosingDoor;Helodrace.MapComponent_RaidTacticalExecution::DoorStateScore;Helodrace.MapComponent_RaidTacticalExecution::IgnoreOwnScreeningSmoke;Helodrace.MapComponent_RaidTacticalExecution::ApproachScreen;Helodrace.MapComponent_RaidTacticalExecution::CoverScreenTeam;Helodrace.MapComponent_RaidTacticalExecution::CommitSmokeAdvance;Helodrace.MapComponent_RaidTacticalExecution::RememberBreachTools;Helodrace.MapComponent_RaidTacticalExecution::PruneBreachTools;Helodrace.MapComponent_RaidTacticalExecution::BreachToolsFor;Helodrace.MapComponent_RaidTacticalExecution::RequestCasualtyReevaluation;Helodrace.MapComponent_RaidTacticalExecution::ResetLostBreacher;Helodrace.MapComponent_RaidTacticalExecution::ResetLostSupport;Helodrace.MapComponent_RaidTacticalExecution::ReplaceLostEntryTeam;Helodrace.MapComponent_RaidTacticalExecution::IsOpeningSensor;Helodrace.MapComponent_RaidTacticalExecution::RefreshContacts;Helodrace.MapComponent_RaidTacticalExecution::ContactGuardFor;Helodrace.MapComponent_RaidTacticalExecution::ApproachAssignments;Helodrace.MapComponent_RaidTacticalExecution::ApplyContactGuard;Helodrace.MapComponent_RaidTacticalExecution::ReleaseContactGuards;Helodrace.MapComponent_RaidTacticalExecution::ResumeReleasedGuardApproach;Helodrace.MapComponent_RaidTacticalExecution::HoldInvalidPlan;Helodrace.MapComponent_RaidTacticalExecution::ContactRooms -logFile C:\Users\Public\Documents\ESTsoft\CreatorTemp\hd-tactical-analysis\lifecycle-low\Player.log -screen-width 800 -screen-height 600 -screen-fullscreen 0
RimWorld 1.6.4871 rev591
Save data folder overridden to C:\Users\Public\Documents\ESTsoft\CreatorTemp\hd-tactical-analysis\lifecycle-low
Mod Helodrace - Combat Extended dependency (BlueBackedFish.Helodrace.Main) needs to have <downloadUrl> and/or <steamWorkshopUrl> specified.
Mod Helodrace - Facial Animation dependency (Nals.FacialAnimation) needs to have <downloadUrl> and/or <steamWorkshopUrl> specified.
Mod Helodrace - Facial Animation dependency (BlueBackedFish.Helodrace.Main) needs to have <downloadUrl> and/or <steamWorkshopUrl> specified.
Mod Helodrace - Lobos Arsenal dependency (bluebackedfish.helodrace.main) needs to have <downloadUrl> and/or <steamWorkshopUrl> specified.
Mod Helodrace - Lobos Arsenal dependency (smashphil.vehicleframework) needs to have <downloadUrl> and/or <steamWorkshopUrl> specified.
Mod Kilo's RJW retexture dependency (rim.job.world) needs to have <downloadUrl> and/or <steamWorkshopUrl> specified.
Mod RJW-SexSlaveCraft dependency (rim.job.world) needs to have <downloadUrl> and/or <steamWorkshopUrl> specified.
Mod RJW-SexSlaveCraft dependency (brrainz.harmony) needs to have <downloadUrl> and/or <steamWorkshopUrl> specified.
Mod Mechanoid Milk dependency (brrainz.harmony) needs to have <downloadUrl> and/or <steamWorkshopUrl> specified.
Mod RimTalk+The Forbbiden One dependency (rim.job.world) needs to have <downloadUrl> and/or <steamWorkshopUrl> specified.
Mod Maidnoid CE Patch dependency (silversol.consti) needs to have <downloadUrl> and/or <steamWorkshopUrl> specified.
Mod Maidnoid CE Patch dependency (CETeam.CombatExtended) needs to have <downloadUrl> and/or <steamWorkshopUrl> specified.
Mod RimThunder - Westline Green (CE Edition) dependency (CETeam.CombatExtended) needs to have <downloadUrl> and/or <steamWorkshopUrl> specified.
Mod RimThunder - Westline Green (CE Edition) dependency (SmashPhil.VehicleFramework) needs to have <downloadUrl> and/or <steamWorkshopUrl> specified.
Mod Wood's Muzzle Flash for Cinders of the Embergarden has a dependency (issaczhuang.muzzleflash) with empty display name.
Mod Wood's Muzzle Flash for Cinders of the Embergarden dependency (issaczhuang.muzzleflash) needs to have <downloadUrl> and/or <steamWorkshopUrl> specified.
Mod Wood's Muzzle Flash for Cinders of the Embergarden has a dependency (BreadMo.Cinders) with empty display name.
Mod Wood's Muzzle Flash for Cinders of the Embergarden dependency (BreadMo.Cinders) needs to have <downloadUrl> and/or <steamWorkshopUrl> specified.
Mod korossa CE patch dependency (gyun.0.6.3.1) needs to have <downloadUrl> and/or <steamWorkshopUrl> specified.
Fallback handler could not load library C:/Program Files (x86)/Steam/steamapps/common/RimWorld/RimWorldWin64_Data/MonoBleedingEdge/data-000001CA0E0FAE10.dll
Fallback handler could not load library C:/Program Files (x86)/Steam/steamapps/common/RimWorld/RimWorldWin64_Data/MonoBleedingEdge/data-000001CA0E2F6DF0.dll
Helodrace Mod loaded.
Tried to load duplicate UnityEngine.Texture2D with path: FilesystemFile [C:\Program Files (x86)\Steam\steamapps\common\RimWorld\Mods\HelodRace-Main\Textures\Helod\Bodies\Naked_Baby_east.psd], Length 285496 and internal path: Helod/Bodies/Naked_Baby_east
Tried to load duplicate UnityEngine.Texture2D with path: FilesystemFile [C:\Program Files (x86)\Steam\steamapps\common\RimWorld\Mods\HelodRace-Main\Textures\Helod\Bodies\Naked_Baby_north.psd], Length 226210 and internal path: Helod/Bodies/Naked_Baby_north
Tried to load duplicate UnityEngine.Texture2D with path: FilesystemFile [C:\Program Files (x86)\Steam\steamapps\common\RimWorld\Mods\HelodRace-Main\Textures\Helod\Bodies\Naked_Baby_south.psd], Length 294172 and internal path: Helod/Bodies/Naked_Baby_south
Tried to load duplicate UnityEngine.Texture2D with path: FilesystemFile [C:\Program Files (x86)\Steam\steamapps\common\RimWorld\Mods\HelodRace-Main\Textures\Helod\Bodies\Naked_Child_east.psd], Length 665302 and internal path: Helod/Bodies/Naked_Child_east
Tried to load duplicate UnityEngine.Texture2D with path: FilesystemFile [C:\Program Files (x86)\Steam\steamapps\common\RimWorld\Mods\HelodRace-Main\Textures\Helod\Bodies\Naked_Child_north.psd], Length 748750 and internal path: Helod/Bodies/Naked_Child_north
Tried to load duplicate UnityEngine.Texture2D with path: FilesystemFile [C:\Program Files (x86)\Steam\steamapps\common\RimWorld\Mods\HelodRace-Main\Textures\Helod\Bodies\Naked_Child_south.psd], Length 570863 and internal path: Helod/Bodies/Naked_Child_south
Tried to load duplicate UnityEngine.Texture2D with path: FilesystemFile [C:\Program Files (x86)\Steam\steamapps\common\RimWorld\Mods\HelodRace-Main\Textures\Helod\Bodies\Naked_Female_east.psd], Length 12273496 and internal path: Helod/Bodies/Naked_Female_east
Tried to load duplicate UnityEngine.Texture2D with path: FilesystemFile [C:\Program Files (x86)\Steam\steamapps\common\RimWorld\Mods\HelodRace-Main\Textures\Helod\Bodies\Naked_Female_north.psd], Length 11639899 and internal path: Helod/Bodies/Naked_Female_north
Tried to load duplicate UnityEngine.Texture2D with path: FilesystemFile [C:\Program Files (x86)\Steam\steamapps\common\RimWorld\Mods\HelodRace-Main\Textures\Helod\Bodies\Naked_Female_south.psd], Length 12147713 and internal path: Helod/Bodies/Naked_Female_south
Tried to load duplicate UnityEngine.Texture2D with path: FilesystemFile [C:\Program Files (x86)\Steam\steamapps\common\RimWorld\Mods\HelodRace-Main\Textures\Helod\Hair\헤롤드 헤어_east.psd], Length 8518682 and internal path: Helod/Hair/헤롤드 헤어_east
Tried to load duplicate UnityEngine.Texture2D with path: FilesystemFile [C:\Program Files (x86)\Steam\steamapps\common\RimWorld\Mods\HelodRace-Main\Textures\Helod\Tails\HelodTail_Baby_east.psd], Length 66566 and internal path: Helod/Tails/HelodTail_Baby_east
Tried to load duplicate UnityEngine.Texture2D with path: FilesystemFile [C:\Program Files (x86)\Steam\steamapps\common\RimWorld\Mods\HelodRace-Main\Textures\Helod\Tails\HelodTail_Baby_north.psd], Length 138604 and internal path: Helod/Tails/HelodTail_Baby_north
Tried to load duplicate UnityEngine.Texture2D with path: FilesystemFile [C:\Program Files (x86)\Steam\steamapps\common\RimWorld\Mods\HelodRace-Main\Textures\Helod\Tails\HelodTail_Baby_south.psd], Length 133706 and internal path: Helod/Tails/HelodTail_Baby_south
Tried to load duplicate UnityEngine.Texture2D with path: FilesystemFile [C:\Program Files (x86)\Steam\steamapps\common\RimWorld\Mods\HelodRace-Main\Textures\Helod\Tails\HelodTail_Child_east.psd], Length 307461 and internal path: Helod/Tails/HelodTail_Child_east
Tried to load duplicate UnityEngine.Texture2D with path: FilesystemFile [C:\Program Files (x86)\Steam\steamapps\common\RimWorld\Mods\HelodRace-Main\Textures\Helod\Tails\HelodTail_Child_north.psd], Length 248350 and internal path: Helod/Tails/HelodTail_Child_north
Tried to load duplicate UnityEngine.Texture2D with path: FilesystemFile [C:\Program Files (x86)\Steam\steamapps\common\RimWorld\Mods\HelodRace-Main\Textures\Helod\Tails\HelodTail_Child_south.psd], Length 218174 and internal path: Helod/Tails/HelodTail_Child_south
Tried to load duplicate UnityEngine.Texture2D with path: FilesystemFile [C:\Program Files (x86)\Steam\steamapps\common\RimWorld\Mods\HelodRace-Main\Textures\Helod\Tails\HelodTail_east.psd], Length 172600 and internal path: Helod/Tails/HelodTail_east
Tried to load duplicate UnityEngine.Texture2D with path: FilesystemFile [C:\Program Files (x86)\Steam\steamapps\common\RimWorld\Mods\HelodRace-Main\Textures\Helod\Tails\HelodTail_north.psd], Length 167307 and internal path: Helod/Tails/HelodTail_north
Tried to load duplicate UnityEngine.Texture2D with path: FilesystemFile [C:\Program Files (x86)\Steam\steamapps\common\RimWorld\Mods\HelodRace-Main\Textures\Helod\Tails\HelodTail_south.psd], Length 144266 and internal path: Helod/Tails/HelodTail_south
Tried to load duplicate UnityEngine.Texture2D with path: FilesystemFile [C:\Program Files (x86)\Steam\steamapps\common\RimWorld\Mods\HelodRace-Main\Textures\Helod\Ears\Left\Ear1Left_east.psd], Length 250880 and internal path: Helod/Ears/Left/Ear1Left_east
Tried to load duplicate UnityEngine.Texture2D with path: FilesystemFile [C:\Program Files (x86)\Steam\steamapps\common\RimWorld\Mods\HelodRace-Main\Textures\Helod\Ears\Left\Ear1Left_north.psd], Length 177974 and internal path: Helod/Ears/Left/Ear1Left_north
Tried to load duplicate UnityEngine.Texture2D with path: FilesystemFile [C:\Program Files (x86)\Steam\steamapps\common\RimWorld\Mods\HelodRace-Main\Textures\Helod\Ears\Left\Ear1Left_south.psd], Length 249351 and internal path: Helod/Ears/Left/Ear1Left_south
Tried to load duplicate UnityEngine.Texture2D with path: FilesystemFile [C:\Program Files (x86)\Steam\steamapps\common\RimWorld\Mods\HelodRace-Main\Textures\Helod\Ears\Right\Ear1Right_east.psd], Length 200309 and internal path: Helod/Ears/Right/Ear1Right_east
Tried to load duplicate UnityEngine.Texture2D with path: FilesystemFile [C:\Program Files (x86)\Steam\steamapps\common\RimWorld\Mods\HelodRace-Main\Textures\Helod\VanillaApparel\WarMask\WarMask_east.psd], Length 42343 and internal path: Helod/VanillaApparel/WarMask/WarMask_east
Tried to load duplicate UnityEngine.Texture2D with path: FilesystemFile [C:\Program Files (x86)\Steam\steamapps\common\RimWorld\Mods\HelodRace-Main\Textures\Helod\VanillaApparel\WarMask\WarMask_north.psd], Length 44570 and internal path: Helod/VanillaApparel/WarMask/WarMask_north
Tried to load duplicate UnityEngine.Texture2D with path: FilesystemFile [C:\Program Files (x86)\Steam\steamapps\common\RimWorld\Mods\HelodRace-Main\Textures\Helod\VanillaApparel\WarMask\WarMask_south.psd], Length 49701 and internal path: Helod/VanillaApparel/WarMask/WarMask_south
Tried to load duplicate UnityEngine.Texture2D with path: FilesystemFile [C:\Program Files (x86)\Steam\steamapps\common\RimWorld\Mods\HelodRace-Main\Textures\Helod\VanillaApparel\Royalty\BroadshieldPack\BroadshieldPack_east.psd], Length 107860 and internal path: Helod/VanillaApparel/Royalty/BroadshieldPack/BroadshieldPack_east
Tried to load duplicate UnityEngine.Texture2D with path: FilesystemFile [C:\Program Files (x86)\Steam\steamapps\common\RimWorld\Mods\HelodRace-Main\Textures\Helod\VanillaApparel\Royalty\CorsetRoyal\CorsetRoyal_Female_east.psd], Length 34097 and internal path: Helod/VanillaApparel/Royalty/CorsetRoyal/CorsetRoyal_Female_east
Tried to load duplicate UnityEngine.Texture2D with path: FilesystemFile [C:\Program Files (x86)\Steam\steamapps\common\RimWorld\Mods\HelodRace-Main\Textures\Helod\VanillaApparel\Royalty\CorsetRoyal\CorsetRoyal_Female_north.psd], Length 36637 and internal path: Helod/VanillaApparel/Royalty/CorsetRoyal/CorsetRoyal_Female_north
Tried to load duplicate UnityEngine.Texture2D with path: FilesystemFile [C:\Program Files (x86)\Steam\steamapps\common\RimWorld\Mods\HelodRace-Main\Textures\Helod\VanillaApparel\Royalty\CorsetRoyal\CorsetRoyal_Female_south.psd], Length 35355 and internal path: Helod/VanillaApparel/Royalty/CorsetRoyal/CorsetRoyal_Female_south
Tried to load duplicate UnityEngine.Texture2D with path: FilesystemFile [C:\Program Files (x86)\Steam\steamapps\common\RimWorld\Mods\HelodRace-Main\Textures\Helod\VanillaApparel\Royalty\Crown\Crown_east.psd], Length 41419 and internal path: Helod/VanillaApparel/Royalty/Crown/Crown_east
Tried to load duplicate UnityEngine.Texture2D with path: FilesystemFile [C:\Program Files (x86)\Steam\steamapps\common\RimWorld\Mods\HelodRace-Main\Textures\Helod\VanillaApparel\Royalty\Crown\Crown_north.psd], Length 41325 and internal path: Helod/VanillaApparel/Royalty/Crown/Crown_north
Tried to load duplicate UnityEngine.Texture2D with path: FilesystemFile [C:\Program Files (x86)\Steam\steamapps\common\RimWorld\Mods\HelodRace-Main\Textures\Helod\VanillaApparel\Royalty\Crown\Crown_south.psd], Length 40081 and internal path: Helod/VanillaApparel/Royalty/Crown/Crown_south
Tried to load duplicate UnityEngine.Texture2D with path: FilesystemFile [C:\Program Files (x86)\Steam\steamapps\common\RimWorld\Mods\HelodRace-Main\Textures\Helod\VanillaApparel\Royalty\CrownStellic\CrownStellic_east.psd], Length 46723 and internal path: Helod/VanillaApparel/Royalty/CrownStellic/CrownStellic_east
Tried to load duplicate UnityEngine.Texture2D with path: FilesystemFile [C:\Program Files (x86)\Steam\steamapps\common\RimWorld\Mods\HelodRace-Main\Textures\Helod\VanillaApparel\Royalty\CrownStellic\CrownStellic_north.psd], Length 67651 and internal path: Helod/VanillaApparel/Royalty/CrownStellic/CrownStellic_north
Tried to load duplicate UnityEngine.Texture2D with path: FilesystemFile [C:\Program Files (x86)\Steam\steamapps\common\RimWorld\Mods\HelodRace-Main\Textures\Helod\VanillaApparel\Royalty\CrownStellic\CrownStellic_south.psd], Length 62684 and internal path: Helod/VanillaApparel/Royalty/CrownStellic/CrownStellic_south
Could not load Texture2D at 'Weapons/Modular/Ammunition/HD_Ammunition_556M855A1_Ammo' for def 'HD_ModularPart_Ammunition_762M80_Part' in any active mod or in base resources.
MatFrom with null sourceTex.
Could not load Texture2D at 'Weapons/Modular/Ammunition/HD_Ammunition_919M882_Ammo' for def 'HD_ModularPart_Ammunition_919M882_P320_Part' in any active mod or in base resources.
MatFrom with null sourceTex.
Could not load Texture2D at 'Weapons/Modular/Ammunition/HD_Ammunition_556M855A1_Ammo' for def 'HD_Ammunition_556M855A1_Ammo' in any active mod or in base resources.
MatFrom with null sourceTex.
Could not load Texture2D at 'Weapons/Modular/Ammunition/HD_Ammunition_919M882_Ammo' for def 'HD_Ammunition_919M882_Ammo' in any active mod or in base resources.
MatFrom with null sourceTex.
Could not load Texture2D at 'Weapons/Modular/Ammunition/HD_Ammunition_76251M80A1_Ammo' for def 'HD_Ammunition_76251M80A1_Ammo' in any active mod or in base resources.
MatFrom with null sourceTex.
[Helodrace] Standalone race initialized: 9 heads, 41 apparel graphics, 133 operations.
[HD Cigarette] diagnostics enabled. DrawCarriedThing prefix active=True, assembly=C:\Program Files (x86)\Steam\steamapps\common\RimWorld\Mods\HelodRace-Main\Assemblies\Helodrace.dll
Helodrace initialized. Removed quality comp from 39 Helodrace guns.
Unloading 5 Unused Serialized files (Serialized files now loaded: 5)
Unloading 135 unused Assets to reduce memory usage. Loaded Objects now: 29115.
Total: 239.571300 ms (FindLiveObjects: 2.067900 ms CreateObjectMapping: 3.001700 ms MarkObjects: 233.896100 ms  DeleteObjects: 0.605200 ms)

Unloading 3 Unused Serialized files (Serialized files now loaded: 5)
[PhysX] Initialized MultithreadedTaskDispatcher with 12 workers.
UnloadTime: 0.799800 ms
Unloading 2 unused Assets to reduce memory usage. Loaded Objects now: 29139.
Total: 247.133500 ms (FindLiveObjects: 1.362600 ms CreateObjectMapping: 2.342000 ms MarkObjects: 243.341600 ms  DeleteObjects: 0.086800 ms)

Initializing new game with mods:
  - brrainz.harmony
  - Ludeon.RimWorld
  - Ludeon.RimWorld.Royalty
  - Ludeon.RimWorld.Ideology
  - Ludeon.RimWorld.Biotech
  - Ludeon.RimWorld.Anomaly
  - Ludeon.RimWorld.Odyssey
  - BlueBackedFish.Helodrace.Main
Unloading 1 Unused Serialized files (Serialized files now loaded: 5)
Unloading 1 unused Assets to reduce memory usage. Loaded Objects now: 35707.
Total: 232.899200 ms (FindLiveObjects: 2.298500 ms CreateObjectMapping: 2.777000 ms MarkObjects: 227.743300 ms  DeleteObjects: 0.080100 ms)

Raid audit case 16: count=50, tactical=True, speed=3
Agent method profiler ready: C:\Users\Public\Documents\ESTsoft\CreatorTemp\hd-tactical-analysis\lifecycle-low\profiles
Raid audit sample: {"faction":"HD_HelodCivilLowFaction","actualPopulation":50,"mapFingerprint":"2DCA10EF6A532BA820CA2CFA41B18D21E564655193AC63E429759ED9D0135787","startPhases":"Assemble:5","radioOperators":0,"scenario":16,"population":50,"tactical":true,"speed":3,"TPS":178.515,"FPS":59.207,"moved":50,"alive":50,"warmupTicks":600,"sampleTicks":1200,"phases":"EntryWait:1,Assemble:4","successfulPlans":5,"planningService":{"pending":0,"slices":485,"completed":5,"discarded":0,"budgetStops":18,"maxSliceMs":9.170},"executionService":{"pending":5,"updates":872,"urgent":0,"budgetStops":0,"maxDelayTicks":0,"oldestDelayTicks":0,"maxUnitMs":51.709},"orderReviews":{"count":2901,"maxDelayTicks":0},"unstartedMoves":"unstarted moves=0 max age=0 ticks reasons=","unstartedMoveDetails":"","passageTraffic":{"waiting":0},"queueMaintenance":{"cleanupPasses":13,"leasePrunePasses":48},"planningWork":{"maxBreachChecks":1,"maxRouteSteps":39,"limitedPlans":0},"failedPlans":"","nativeBytes":500000,"peakNativeBytes":500000,"cacheCumulative":{"created":4,"hits":235,"evictions":0,"memoryWaits":0,"peakPending":1,"notifications":13},"cancelledPreparations":0,"peakWaitFrames":1,"pending":0,"blocked":"None:11,OpeningQueue:39","preparationServicePasses":4,"cpuCumulative":"FPS=59.2 TPS=178.9 worst execution/frame=9.944 ms managed heap=513.4 MiB GC=1/1/1\r\n  CPU Planning: n=0 sum=0.0 p50/p95/p99=0.000/0.000/0.000 max=0.000 ms\r\n  CPU Observation: n=600 sum=18.9 p50/p95/p99=0.001/0.161/0.218 max=1.326 ms\r\n  CPU LocalMap: n=38 sum=13.2 p50/p95/p99=0.282/0.460/1.351 max=1.351 ms\r\n  CPU Formation: n=43 sum=3.2 p50/p95/p99=0.064/0.072/0.473 max=0.473 ms\r\n  CPU Orders: n=1616 sum=22.0 p50/p95/p99=0.010/0.014/0.199 max=0.266 ms\r\n  CPU Execution: n=600 sum=125.0 p50/p95/p99=0.066/0.766/1.686 max=9.944 ms\r\n  CPU Navigation: n=0 sum=0.0 p50/p95/p99=0.000/0.000/0.000 max=0.000 ms\r\n  CPU BreachSearch: n=0 sum=0.0 p50/p95/p99=0.000/0.000/0.000 max=0.000 ms\r\n  CPU RouteSearch: n=0 sum=0.0 p50/p95/p99=0.000/0.000/0.000 max=0.000 ms\r\n  CPU OpeningQueue: n=198 sum=34.6 p50/p95/p99=0.226/0.255/0.311 max=0.315 ms\r\n  CPU GameTick: n=1200 sum=2551.9 p50/p95/p99=1.972/3.471/4.610 max=19.757 ms\r\n  CPU ExecutionMaintenance: n=20 sum=2.4 p50/p95/p99=0.117/0.154/0.155 max=0.155 ms\r\n  Goto request/start ticks: n=23 p50/p95/p99=0/30/410 max=410\r\n"}
Could not get new name (first rule pack: HD_NamerPersonHelod)
Raid audit case 18: count=200, tactical=True, speed=3
Raid audit sample: {"faction":"HD_HelodCivilLowFaction","actualPopulation":200,"mapFingerprint":"2DCA10EF6A532BA820CA2CFA41B18D21E564655193AC63E429759ED9D0135787","startPhases":"Assemble:5,NoState:14","radioOperators":0,"scenario":18,"population":200,"tactical":true,"speed":3,"TPS":115.296,"FPS":19.551,"moved":200,"alive":200,"warmupTicks":600,"sampleTicks":1200,"phases":"Assemble:17,Breach:1,Support:1","successfulPlans":19,"planningService":{"pending":0,"slices":2377,"completed":24,"discarded":0,"budgetStops":28,"maxSliceMs":9.170},"executionService":{"pending":19,"updates":4198,"urgent":0,"budgetStops":45,"maxDelayTicks":7,"oldestDelayTicks":0,"maxUnitMs":51.709},"orderReviews":{"count":14447,"maxDelayTicks":1},"unstartedMoves":"unstarted moves=3 max age=319 ticks reasons=None:3","unstartedMoveDetails":"40411:Approach#6 pos=(99, 0, 109) goal=(99, 0, 106) leg=Move/(99, 0, 106) job=HD_RaidPrepareGrenade/(102, 0, 108) block=None age=29 pathGeneration=5 independent=False rejectedStep=(-1000, -1000, -1000)@-1 goalAllowed=True;38768:Approach#6 pos=(119, 0, 110) goal=(119, 0, 112) leg=Move/(119, 0, 112) job=HD_SledgehammerBreach/Thing_Wall38497 block=None age=319 pathGeneration=6 independent=False rejectedStep=(-1000, -1000, -1000)@-1 goalAllowed=True;38777:Approach#6 pos=(119, 0, 111) goal=(119, 0, 113) leg=Move/(119, 0, 113) job=HD_RaidObserveOpening/(119, 0, 111) block=None age=310 pathGeneration=6 independent=False rejectedStep=(-1000, -1000, -1000)@-1 goalAllowed=True","passageTraffic":{"waiting":0},"queueMaintenance":{"cleanupPasses":24,"leasePrunePasses":90},"planningWork":{"maxBreachChecks":1,"maxRouteSteps":64,"limitedPlans":0},"failedPlans":"","nativeBytes":875000,"peakNativeBytes":875000,"cacheCumulative":{"created":7,"hits":920,"evictions":0,"memoryWaits":0,"peakPending":1,"notifications":17},"cancelledPreparations":0,"peakWaitFrames":1,"pending":0,"blocked":"OpeningQueue:187,None:13","preparationServicePasses":2,"cpuCumulative":"FPS=19.5 TPS=115.4 worst execution/frame=18.236 ms managed heap=529.6 MiB GC=2/2/2\r\n  CPU Planning: n=0 sum=0.0 p50/p95/p99=0.000/0.000/0.000 max=0.000 ms\r\n  CPU Observation: n=2268 sum=129.0 p50/p95/p99=0.001/0.346/0.476 max=0.696 ms\r\n  CPU LocalMap: n=0 sum=0.0 p50/p95/p99=0.000/0.000/0.000 max=0.000 ms\r\n  CPU Formation: n=104 sum=9.9 p50/p95/p99=0.061/0.248/0.291 max=0.363 ms\r\n  CPU Orders: n=7036 sum=155.7 p50/p95/p99=0.010/0.014/0.019 max=0.900 ms\r\n  CPU Execution: n=2268 sum=480.8 p50/p95/p99=0.019/0.538/2.042 max=4.783 ms\r\n  CPU Navigation: n=0 sum=0.0 p50/p95/p99=0.000/0.000/0.000 max=0.000 ms\r\n  CPU BreachSearch: n=0 sum=0.0 p50/p95/p99=0.000/0.000/0.000 max=0.000 ms\r\n  CPU RouteSearch: n=0 sum=0.0 p50/p95/p99=0.000/0.000/0.000 max=0.000 ms\r\n  CPU OpeningQueue: n=700 sum=180.5 p50/p95/p99=0.230/0.400/1.991 max=3.303 ms\r\n  CPU GameTick: n=1203 sum=9320.5 p50/p95/p99=7.337/11.578/14.094 max=28.275 ms\r\n  CPU ExecutionMaintenance: n=20 sum=9.6 p50/p95/p99=0.387/0.597/1.810 max=1.810 ms\r\n  Goto request/start ticks: n=346 p50/p95/p99=0/0/0 max=480\r\n"}
Could not get new name (first rule pack: HD_NamerPersonHelod)
Could not get new name (first rule pack: HD_NamerPersonHelod)
Could not get new name (first rule pack: HD_NamerPersonHelod)
Could not get new name (first rule pack: HD_NamerPersonHelod)
Could not get new name (first rule pack: HD_NamerPersonHelod)
Could not get new name (first rule pack: HD_NamerPersonHelod)
Could not get new name (first rule pack: HD_NamerPersonHelod)
Could not get new name (first rule pack: HD_NamerPersonHelod)
Could not get new name (first rule pack: HD_NamerPersonHelod)
Could not get new name (first rule pack: HD_NamerPersonHelod)
Could not get new name (first rule pack: HD_NamerPersonHelod)
Could not get new name (first rule pack: HD_NamerPersonHelod)
Could not get new name (first rule pack: HD_NamerPersonHelod)
Could not get new name (first rule pack: HD_NamerPersonHelod)
Could not get new name (first rule pack: HD_NamerPersonHelod)
Could not get new name (first rule pack: HD_NamerPersonHelod)
Could not get new name (first rule pack: HD_NamerPersonHelod)
Could not get new name (first rule pack: HD_NamerPersonHelod)
Could not get new name (first rule pack: HD_NamerPersonHelod)
Could not get new name (first rule pack: HD_NamerPersonHelod)
Could not get new name (first rule pack: HD_NamerPersonHelod)
Could not get new name (first rule pack: HD_NamerPersonHelod)
Could not get new name (first rule pack: HD_NamerPersonHelod)
Could not get new name (first rule pack: HD_NamerPersonHelod)
Could not get new name (first rule pack: HD_NamerPersonHelod)
Could not get new name (first rule pack: HD_NamerPersonHelod)
Could not get new name (first rule pack: HD_NamerPersonHelod)
Could not get new name (first rule pack: HD_NamerPersonHelod)
Could not get new name (first rule pack: HD_NamerPersonHelod)
Could not get new name (first rule pack: HD_NamerPersonHelod)
Could not get new name (first rule pack: HD_NamerPersonHelod)
Could not get new name (first rule pack: HD_NamerPersonHelod)
Could not get new name (first rule pack: HD_NamerPersonHelod)
Could not get new name (first rule pack: HD_NamerPersonHelod)
Could not get new name (first rule pack: HD_NamerPersonHelod)
Could not get new name (first rule pack: HD_NamerPersonHelod)
Could not get new name (first rule pack: HD_NamerPersonHelod)
Could not get new name (first rule pack: HD_NamerPersonHelod)
Could not get new name (first rule pack: HD_NamerPersonHelod)
Could not get new name (first rule pack: HD_NamerPersonHelod)
Could not get new name (first rule pack: HD_NamerPersonHelod)
Could not get new name (first rule pack: HD_NamerPersonHelod)
Could not get new name (first rule pack: HD_NamerPersonHelod)
Could not get new name (first rule pack: HD_NamerPersonHelod)
Could not get new name (first rule pack: HD_NamerPersonHelod)
Could not get new name (first rule pack: HD_NamerPersonHelod)
Could not get new name (first rule pack: HD_NamerPersonHelod)
Could not get new name (first rule pack: HD_NamerPersonHelod)
Could not get new name (first rule pack: HD_NamerPersonHelod)
Raid audit case 19: count=400, tactical=True, speed=3
Raid audit sample: {"faction":"HD_HelodCivilLowFaction","actualPopulation":400,"mapFingerprint":"2DCA10EF6A532BA820CA2CFA41B18D21E564655193AC63E429759ED9D0135787","startPhases":"Assemble:37","radioOperators":0,"scenario":19,"population":400,"tactical":true,"speed":3,"TPS":48.912,"FPS":15.815,"moved":396,"alive":400,"warmupTicks":600,"sampleTicks":1200,"phases":"Assemble:36,EntryWait:1","successfulPlans":37,"planningService":{"pending":0,"slices":6003,"completed":61,"discarded":0,"budgetStops":50,"maxSliceMs":9.170},"executionService":{"pending":37,"updates":10561,"urgent":0,"budgetStops":244,"maxDelayTicks":16,"oldestDelayTicks":0,"maxUnitMs":51.709},"orderReviews":{"count":37334,"maxDelayTicks":1},"unstartedMoves":"unstarted moves=0 max age=0 ticks reasons=","unstartedMoveDetails":"","passageTraffic":{"waiting":0},"queueMaintenance":{"cleanupPasses":37,"leasePrunePasses":139},"planningWork":{"maxBreachChecks":1,"maxRouteSteps":39,"limitedPlans":0},"failedPlans":"","nativeBytes":1375000,"peakNativeBytes":1375000,"cacheCumulative":{"created":11,"hits":2025,"evictions":0,"memoryWaits":0,"peakPending":1,"notifications":40},"cancelledPreparations":0,"peakWaitFrames":1,"pending":0,"blocked":"OpeningQueue:389,None:11","preparationServicePasses":2,"cpuCumulative":"FPS=15.8 TPS=48.9 worst execution/frame=8.566 ms managed heap=536.8 MiB GC=4/4/4\r\n  CPU Planning: n=0 sum=0.0 p50/p95/p99=0.000/0.000/0.000 max=0.000 ms\r\n  CPU Observation: n=4437 sum=321.7 p50/p95/p99=0.001/0.607/0.789 max=1.526 ms\r\n  CPU LocalMap: n=41 sum=12.9 p50/p95/p99=0.285/0.410/0.431 max=0.431 ms\r\n  CPU Formation: n=46 sum=3.5 p50/p95/p99=0.065/0.104/0.240 max=0.240 ms\r\n  CPU Orders: n=15512 sum=161.3 p50/p95/p99=0.010/0.012/0.016 max=0.374 ms\r\n  CPU Execution: n=4437 sum=818.7 p50/p95/p99=0.047/0.746/1.121 max=6.132 ms\r\n  CPU Navigation: n=0 sum=0.0 p50/p95/p99=0.000/0.000/0.000 max=0.000 ms\r\n  CPU BreachSearch: n=0 sum=0.0 p50/p95/p99=0.000/0.000/0.000 max=0.000 ms\r\n  CPU RouteSearch: n=0 sum=0.0 p50/p95/p99=0.000/0.000/0.000 max=0.000 ms\r\n  CPU OpeningQueue: n=1469 sum=336.5 p50/p95/p99=0.223/0.298/0.463 max=3.349 ms\r\n  CPU GameTick: n=1200 sum=21787.8 p50/p95/p99=16.964/27.578/33.262 max=44.185 ms\r\n  CPU ExecutionMaintenance: n=20 sum=17.2 p50/p95/p99=0.784/1.197/1.522 max=1.522 ms\r\n  Goto request/start ticks: n=61 p50/p95/p99=0/0/55 max=55\r\n"}
Raid audit case 15: count=0, tactical=True, speed=3
Raid audit sample: {"faction":"HD_HelodCivilLowFaction","actualPopulation":0,"mapFingerprint":"2DCA10EF6A532BA820CA2CFA41B18D21E564655193AC63E429759ED9D0135787","startPhases":"","radioOperators":0,"scenario":15,"population":0,"tactical":true,"speed":3,"TPS":179.552,"FPS":59.851,"moved":0,"alive":0,"warmupTicks":600,"sampleTicks":1200,"phases":"","successfulPlans":0,"planningService":{"pending":0,"slices":6003,"completed":61,"discarded":0,"budgetStops":50,"maxSliceMs":9.170},"executionService":{"pending":0,"updates":10753,"urgent":0,"budgetStops":244,"maxDelayTicks":16,"oldestDelayTicks":0,"maxUnitMs":51.709},"orderReviews":{"count":37734,"maxDelayTicks":1},"unstartedMoves":"unstarted moves=0 max age=0 ticks reasons=","unstartedMoveDetails":"","passageTraffic":{"waiting":0},"queueMaintenance":{"cleanupPasses":37,"leasePrunePasses":139},"planningWork":{"maxBreachChecks":0,"maxRouteSteps":0,"limitedPlans":0},"failedPlans":"","nativeBytes":1375000,"peakNativeBytes":1375000,"cacheCumulative":{"created":11,"hits":2025,"evictions":0,"memoryWaits":0,"peakPending":1,"notifications":40},"cancelledPreparations":0,"peakWaitFrames":1,"pending":0,"blocked":"","preparationServicePasses":0,"cpuCumulative":"FPS=59.8 TPS=179.9 worst execution/frame=0.000 ms managed heap=596.7 MiB GC=0/0/0\r\n  CPU Planning: n=0 sum=0.0 p50/p95/p99=0.000/0.000/0.000 max=0.000 ms\r\n  CPU Observation: n=0 sum=0.0 p50/p95/p99=0.000/0.000/0.000 max=0.000 ms\r\n  CPU LocalMap: n=0 sum=0.0 p50/p95/p99=0.000/0.000/0.000 max=0.000 ms\r\n  CPU Formation: n=0 sum=0.0 p50/p95/p99=0.000/0.000/0.000 max=0.000 ms\r\n  CPU Orders: n=0 sum=0.0 p50/p95/p99=0.000/0.000/0.000 max=0.000 ms\r\n  CPU Execution: n=0 sum=0.0 p50/p95/p99=0.000/0.000/0.000 max=0.000 ms\r\n  CPU Navigation: n=0 sum=0.0 p50/p95/p99=0.000/0.000/0.000 max=0.000 ms\r\n  CPU BreachSearch: n=0 sum=0.0 p50/p95/p99=0.000/0.000/0.000 max=0.000 ms\r\n  CPU RouteSearch: n=0 sum=0.0 p50/p95/p99=0.000/0.000/0.000 max=0.000 ms\r\n  CPU OpeningQueue: n=0 sum=0.0 p50/p95/p99=0.000/0.000/0.000 max=0.000 ms\r\n  CPU GameTick: n=1200 sum=1651.0 p50/p95/p99=1.406/1.980/2.375 max=4.519 ms\r\n  CPU ExecutionMaintenance: n=20 sum=0.4 p50/p95/p99=0.018/0.023/0.023 max=0.023 ms\r\n  Goto request/start ticks: n=0 p50/p95/p99=0/0/0 max=0\r\n"}
Memory Statistics:
[ALLOC_TEMP_TLS] TLS Allocator
  StackAllocators : 
    [ALLOC_TEMP_MAIN]
      Peak usage frame count: [0-1.0 KB]: 3592 frames, [1.0 KB-2.0 KB]: 3 frames, [2.0 KB-4.0 KB]: 2070 frames, [4.0 KB-8.0 KB]: 1 frames, [8.0 KB-16.0 KB]: 1 frames, [64.0 KB-128.0 KB]: 5 frames, [128.0 KB-256.0 KB]: 1 frames, [2.0 MB-4.0 MB]: 3 frames, [4.0 MB-8.0 MB]: 1 frames
      Initial Block Size 4.0 MB
      Current Block Size 4.1 MB
      Peak Allocated Bytes 4.1 MB
      Overflow Count 1
    [ALLOC_TEMP_Loading.AsyncRead]
      Initial Block Size 64.0 KB
      Current Block Size 120.0 KB
      Peak Allocated Bytes 117.2 KB
      Overflow Count 0
    [ALLOC_TEMP_Loading.PreloadManager]
      Initial Block Size 256.0 KB
      Current Block Size 256.0 KB
      Peak Allocated Bytes 3.8 KB
      Overflow Count 8
    [ALLOC_TEMP_Background Job.Worker 8]
      Initial Block Size 32.0 KB
      Current Block Size 32.0 KB
      Peak Allocated Bytes 54 B
      Overflow Count 0
    [ALLOC_TEMP_Job.Worker 6]
      Initial Block Size 256.0 KB
      Current Block Size 256.0 KB
      Peak Allocated Bytes 176 B
      Overflow Count 0
    [ALLOC_TEMP_Job.Worker 0]
      Initial Block Size 256.0 KB
      Current Block Size 256.0 KB
      Peak Allocated Bytes 160 B
      Overflow Count 0
    [ALLOC_TEMP_Background Job.Worker 10]
      Initial Block Size 32.0 KB
      Current Block Size 32.0 KB
      Peak Allocated Bytes 54 B
      Overflow Count 0
    [ALLOC_TEMP_Background Job.Worker 9]
      Initial Block Size 32.0 KB
      Current Block Size 32.0 KB
      Peak Allocated Bytes 54 B
      Overflow Count 0
    [ALLOC_TEMP_Job.Worker 5]
      Initial Block Size 256.0 KB
      Current Block Size 256.0 KB
      Peak Allocated Bytes 176 B
      Overflow Count 0
    [ALLOC_TEMP_Background Job.Worker 14]
      Initial Block Size 32.0 KB
      Current Block Size 32.0 KB
      Peak Allocated Bytes 54 B
      Overflow Count 0
    [ALLOC_TEMP_Background Job.Worker 6]
      Initial Block Size 32.0 KB
      Current Block Size 32.0 KB
      Peak Allocated Bytes 54 B
      Overflow Count 0
    [ALLOC_TEMP_Job.Worker 4]
      Initial Block Size 256.0 KB
      Current Block Size 256.0 KB
      Peak Allocated Bytes 176 B
      Overflow Count 0
    [ALLOC_TEMP_Job.Worker 3]
      Initial Block Size 256.0 KB
      Current Block Size 256.0 KB
      Peak Allocated Bytes 176 B
      Overflow Count 0
    [ALLOC_TEMP_Background Job.Worker 12]
      Initial Block Size 32.0 KB
      Current Block Size 32.0 KB
      Peak Allocated Bytes 54 B
      Overflow Count 0
    [ALLOC_TEMP_EnlightenWorker] x 6
      Initial Block Size 64.0 KB
      Current Block Size 64.0 KB
      Peak Allocated Bytes 54 B
      Overflow Count 0
    [ALLOC_TEMP_Background Job.Worker 15]
      Initial Block Size 32.0 KB
      Current Block Size 32.0 KB
      Peak Allocated Bytes 54 B
      Overflow Count 0
    [ALLOC_TEMP_Background Job.Worker 1]
      Initial Block Size 32.0 KB
      Current Block Size 32.0 KB
      Peak Allocated Bytes 54 B
      Overflow Count 0
    [ALLOC_TEMP_Background Job.Worker 2]
      Initial Block Size 32.0 KB
      Current Block Size 32.0 KB
      Peak Allocated Bytes 54 B
      Overflow Count 0
    [ALLOC_TEMP_Background Job.Worker 7]
      Initial Block Size 32.0 KB
      Current Block Size 32.0 KB
      Peak Allocated Bytes 54 B
      Overflow Count 0
    [ALLOC_TEMP_UnityGfxDeviceWorker]
      Initial Block Size 256.0 KB
      Current Block Size 256.0 KB
      Peak Allocated Bytes 10.3 KB
      Overflow Count 0
    [ALLOC_TEMP_AssetGarbageCollectorHelper] x 11
      Initial Block Size 64.0 KB
      Current Block Size 64.0 KB
      Peak Allocated Bytes 138 B
      Overflow Count 0
    [ALLOC_TEMP_Background Job.Worker 5]
      Initial Block Size 32.0 KB
      Current Block Size 32.0 KB
      Peak Allocated Bytes 54 B
      Overflow Count 0
    [ALLOC_TEMP_Job.Worker 9]
      Initial Block Size 256.0 KB
      Current Block Size 256.0 KB
      Peak Allocated Bytes 160 B
      Overflow Count 0
    [ALLOC_TEMP_Background Job.Worker 13]
      Initial Block Size 32.0 KB
      Current Block Size 32.0 KB
      Peak Allocated Bytes 54 B
      Overflow Count 0
    [ALLOC_TEMP_Job.Worker 8]
      Initial Block Size 256.0 KB
      Current Block Size 256.0 KB
      Peak Allocated Bytes 176 B
      Overflow Count 0
    [ALLOC_TEMP_Job.Worker 7]
      Initial Block Size 256.0 KB
      Current Block Size 256.0 KB
      Peak Allocated Bytes 160 B
      Overflow Count 0
    [ALLOC_TEMP_Job.Worker 1]
      Initial Block Size 256.0 KB
      Current Block Size 256.0 KB
      Peak Allocated Bytes 507 B
      Overflow Count 0
    [ALLOC_TEMP_Job.Worker 2]
      Initial Block Size 256.0 KB
      Current Block Size 256.0 KB
      Peak Allocated Bytes 288 B
      Overflow Count 0
    [ALLOC_TEMP_Background Job.Worker 3]
      Initial Block Size 32.0 KB
      Current Block Size 32.0 KB
      Peak Allocated Bytes 54 B
      Overflow Count 0
    [ALLOC_TEMP_Background Job.Worker 11]
      Initial Block Size 32.0 KB
      Current Block Size 32.0 KB
      Peak Allocated Bytes 54 B
      Overflow Count 0
    [ALLOC_TEMP_Job.Worker 10]
      Initial Block Size 256.0 KB
      Current Block Size 256.0 KB
      Peak Allocated Bytes 176 B
      Overflow Count 0
    [ALLOC_TEMP_Background Job.Worker 0]
      Initial Block Size 32.0 KB
      Current Block Size 32.0 KB
      Peak Allocated Bytes 54 B
      Overflow Count 0
    [ALLOC_TEMP_Background Job.Worker 4]
      Initial Block Size 32.0 KB
      Current Block Size 32.0 KB
      Peak Allocated Bytes 54 B
      Overflow Count 0
    [ALLOC_TEMP_BatchDeleteObjects]
      Initial Block Size 64.0 KB
      Current Block Size 64.0 KB
      Peak Allocated Bytes 54 B
      Overflow Count 0
[ALLOC_DEFAULT] Dual Thread Allocator
  Peak main deferred allocation count 30418
    [ALLOC_BUCKET]
      Large Block size 4.0 MB
      Used Block count 1
      Peak Allocated bytes 4.0 MB
      Failed Allocations. Bucket layout:
        16B: 4 Subsections = 4096 buckets. Failed count: 40459
        32B: 34 Subsections = 17408 buckets. Failed count: 90861
        48B: 49 Subsections = 16725 buckets. Failed count: 125869
        64B: 40 Subsections = 10240 buckets. Failed count: 37519
        80B: 85 Subsections = 17408 buckets. Failed count: 35116
        96B: 28 Subsections = 4778 buckets. Failed count: 44895
        112B: 10 Subsections = 1462 buckets. Failed count: 12478
        128B: 6 Subsections = 768 buckets. Failed count: 17566
    [ALLOC_DEFAULT_MAIN]
      Peak usage frame count: [16.0 MB-32.0 MB]: 992 frames, [32.0 MB-64.0 MB]: 1 frames, [128.0 MB-256.0 MB]: 4684 frames
      Requested Block Size 16.0 MB
      Peak Block count 15
      Peak Allocated memory 246.5 MB
      Peak Large allocation bytes 31.2 MB
    [ALLOC_DEFAULT_THREAD]
      Peak usage frame count: [8.0 MB-16.0 MB]: 1097 frames, [16.0 MB-32.0 MB]: 22 frames, [32.0 MB-64.0 MB]: 2482 frames, [64.0 MB-128.0 MB]: 2076 frames
      Requested Block Size 16.0 MB
      Peak Block count 6
      Peak Allocated memory 79.6 MB
      Peak Large allocation bytes 10.0 MB
[ALLOC_TEMP_JOB_1_FRAME]
  Initial Block Size 2.0 MB
  Used Block Count 0
  Overflow Count (too large) 0
  Overflow Count (full) 0
[ALLOC_TEMP_JOB_2_FRAMES]
  Initial Block Size 2.0 MB
  Used Block Count 0
  Overflow Count (too large) 0
  Overflow Count (full) 0
[ALLOC_TEMP_JOB_4_FRAMES (JobTemp)]
  Initial Block Size 2.0 MB
  Used Block Count 1
  Overflow Count (too large) 0
  Overflow Count (full) 0
[ALLOC_TEMP_JOB_ASYNC (Background)]
  Initial Block Size 1.0 MB
  Used Block Count 1
  Overflow Count (too large) 0
  Overflow Count (full) 0
[ALLOC_GFX] Dual Thread Allocator
  Peak main deferred allocation count 44
    [ALLOC_BUCKET]
      Large Block size 4.0 MB
      Used Block count 1
      Peak Allocated bytes 4.0 MB
      Failed Allocations. Bucket layout:
        16B: 4 Subsections = 4096 buckets. Failed count: 40459
        32B: 34 Subsections = 17408 buckets. Failed count: 90861
        48B: 49 Subsections = 16725 buckets. Failed count: 125869
        64B: 40 Subsections = 10240 buckets. Failed count: 37519
        80B: 85 Subsections = 17408 buckets. Failed count: 35116
        96B: 28 Subsections = 4778 buckets. Failed count: 44895
        112B: 10 Subsections = 1462 buckets. Failed count: 12478
        128B: 6 Subsections = 768 buckets. Failed count: 17566
    [ALLOC_GFX_MAIN]
      Peak usage frame count: [64.0 KB-128.0 KB]: 1 frames, [2.0 MB-4.0 MB]: 3599 frames, [32.0 MB-64.0 MB]: 2076 frames, [256.0 MB-0.50 GB]: 1 frames
      Requested Block Size 16.0 MB
      Peak Block count 4
      Peak Allocated memory 387.1 MB
      Peak Large allocation bytes 383.6 MB
    [ALLOC_GFX_THREAD]
      Peak usage frame count: [0-1.0 KB]: 995 frames, [1.0 KB-2.0 KB]: 2606 frames, [8.0 KB-16.0 KB]: 1 frames, [32.0 KB-64.0 KB]: 2075 frames
      Requested Block Size 16.0 MB
      Peak Block count 1
      Peak Allocated memory 42.9 KB
      Peak Large allocation bytes 0 B
[ALLOC_CACHEOBJECTS] Dual Thread Allocator
  Peak main deferred allocation count 109
    [ALLOC_BUCKET]
      Large Block size 4.0 MB
      Used Block count 1
      Peak Allocated bytes 4.0 MB
      Failed Allocations. Bucket layout:
        16B: 4 Subsections = 4096 buckets. Failed count: 40459
        32B: 34 Subsections = 17408 buckets. Failed count: 90861
        48B: 49 Subsections = 16725 buckets. Failed count: 125869
        64B: 40 Subsections = 10240 buckets. Failed count: 37519
        80B: 85 Subsections = 17408 buckets. Failed count: 35116
        96B: 28 Subsections = 4778 buckets. Failed count: 44895
        112B: 10 Subsections = 1462 buckets. Failed count: 12478
        128B: 6 Subsections = 768 buckets. Failed count: 17566
    [ALLOC_CACHEOBJECTS_MAIN]
      Peak usage frame count: [4.0 MB-8.0 MB]: 1 frames, [8.0 MB-16.0 MB]: 992 frames, [16.0 MB-32.0 MB]: 4684 frames
      Requested Block Size 4.0 MB
      Peak Block count 5
      Peak Allocated memory 17.2 MB
      Peak Large allocation bytes 0 B
    [ALLOC_CACHEOBJECTS_THREAD]
      Peak usage frame count: [4.0 KB-8.0 KB]: 992 frames, [32.0 KB-64.0 KB]: 1 frames, [64.0 KB-128.0 KB]: 4682 frames, [256.0 KB-0.5 MB]: 1 frames, [0.5 MB-1.0 MB]: 1 frames
      Requested Block Size 4.0 MB
      Peak Block count 1
      Peak Allocated memory 0.6 MB
      Peak Large allocation bytes 0 B
[ALLOC_TYPETREE] Dual Thread Allocator
  Peak main deferred allocation count 0
    [ALLOC_BUCKET]
      Large Block size 4.0 MB
      Used Block count 1
      Peak Allocated bytes 4.0 MB
      Failed Allocations. Bucket layout:
        16B: 4 Subsections = 4096 buckets. Failed count: 40459
        32B: 34 Subsections = 17408 buckets. Failed count: 90861
        48B: 49 Subsections = 16725 buckets. Failed count: 125869
        64B: 40 Subsections = 10240 buckets. Failed count: 37519
        80B: 85 Subsections = 17408 buckets. Failed count: 35116
        96B: 28 Subsections = 4778 buckets. Failed count: 44895
        112B: 10 Subsections = 1462 buckets. Failed count: 12478
        128B: 6 Subsections = 768 buckets. Failed count: 17566
    [ALLOC_TYPETREE_MAIN]
      Peak usage frame count: [4.0 KB-8.0 KB]: 1 frames, [8.0 KB-16.0 KB]: 992 frames, [32.0 KB-64.0 KB]: 4684 frames
      Requested Block Size 2.0 MB
      Peak Block count 1
      Peak Allocated memory 49.8 KB
      Peak Large allocation bytes 0 B
    [ALLOC_TYPETREE_THREAD]
      Peak usage frame count: [0-1.0 KB]: 5677 frames
      Requested Block Size 2.0 MB
      Peak Block count 0
      Peak Allocated memory 0 B
      Peak Large allocation bytes 0 B
