Mono path[0] = 'C:/Program Files (x86)/Steam/steamapps/common/RimWorld/RimWorldWin64_Data/Managed'
Mono config path = 'C:/Program Files (x86)/Steam/steamapps/common/RimWorld/MonoBleedingEdge/etc'
[PhysX] Initialized MultithreadedTaskDispatcher with 12 workers.
Initialize engine version: 2022.3.35f1 (011206c7a712)
[Subsystems] Discovering subsystems at path C:/Program Files (x86)/Steam/steamapps/common/RimWorld/RimWorldWin64_Data/UnitySubsystems
GfxDevice: creating device client; threaded=1; jobified=0
Direct3D:
    Version:  Direct3D 11.0 [level 11.1]
    Renderer: NVIDIA GeForce RTX 3070 (ID=0x2484)
    Vendor:   NVIDIA
    VRAM:     8018 MB
    Driver:   32.0.15.9579
Begin MonoManager ReloadAssembly
- Loaded All Assemblies, in  0.144 seconds
- Finished resetting the current domain, in  0.001 seconds
<RI> Initializing input.
<RI> Input initialized.
<RI> Initialized touch support.
[PhysX] Initialized MultithreadedTaskDispatcher with 12 workers.
UnloadTime: 1.144500 ms
Command line arguments: -quicktest -savedatafolder=C:\Users\Public\Documents\ESTsoft\CreatorTemp\hd-tactical-analysis\movement-low -hdRaidMovementAudit=C:\Users\Public\Documents\ESTsoft\CreatorTemp\hd-tactical-analysis\movement-low\measurements.ndjson -hdRaidMovementAuditCases=16,18,19,15 -hdRaidMovementAuditSeed=hd-perf-20261007 -hdRaidMovementAuditLow=true -hdRaidMovementAuditWarmup=600 -hdRaidMovementAuditSample=1200 -hdRaidMovementAuditFunctionalDisabled=true -hdRaidSpawnAuditDisabled=true -hdMethodProfile=C:\Users\Public\Documents\ESTsoft\CreatorTemp\hd-tactical-analysis\movement-low\profiles -hdMethodProfileCpu=true -hdMethodProfileAuto=true -hdMethodProfilePreset=coarse -hdMethodProfileTargets=Helodrace.MapComponent_RaidTacticalExecution::RunScheduledUnit;Helodrace.MapComponent_RaidTacticalExecution::FollowNodes;Helodrace.MapComponent_RaidTacticalExecution::TryNodeMoveDestination;Helodrace.MapComponent_RaidTacticalExecution::ConnectionFor;Helodrace.MapComponent_RaidTacticalExecution::ApproachConnection;Helodrace.MapComponent_RaidTacticalExecution::KnownIndoorJoin;Helodrace.MapComponent_RaidTacticalExecution::AllowsNodeStep;Helodrace.MapComponent_RaidTacticalExecution::ResolvePersonalJoin;Helodrace.MapComponent_RaidTacticalExecution::TryGoto;Helodrace.MapComponent_RaidTacticalExecution::HoldPosition;Helodrace.MapComponent_RaidTacticalExecution::MaintainStack;Helodrace.MapComponent_RaidTacticalExecution::Assemble;Helodrace.MapComponent_RaidTacticalExecution::RetargetBlockedStackMembersCore;Helodrace.MapComponent_RaidTacticalExecution::FollowBreachCrossing;Helodrace.MapComponent_RaidTacticalExecution::FindBreachClearanceCell;Helodrace.MapComponent_RaidTacticalExecution::BreachClearanceCells;Helodrace.MapComponent_RaidTacticalExecution::RedirectExteriorIngress;Helodrace.MapComponent_RaidTacticalExecution::UpdateIngressYield;Helodrace.MapComponent_RaidTacticalExecution::IngressMouthOccupied;Helodrace.MapComponent_RaidTacticalExecution::CanEnterPassage;Helodrace.MapComponent_RaidTacticalExecution::InteriorIngressCells;Helodrace.MapComponent_RaidTacticalExecution::ObserveExteriorIngressPosition;Helodrace.MapComponent_RaidTacticalExecution::MaintainEntryCohesion;Helodrace.MapComponent_RaidTacticalExecution::IssueRoomSecurity;Helodrace.MapComponent_RaidTacticalExecution::IssueAssault;Helodrace.MapComponent_RaidTacticalExecution::AllReady;Helodrace.MapComponent_RaidTacticalExecution::AtStagingPosition;Helodrace.MapComponent_RaidTacticalExecution::WaitForSharedOpeningCore;Helodrace.MapComponent_RaidTacticalExecution::LiveMembers;Helodrace.MapComponent_RaidTacticalExecution::FormationOccupied;Helodrace.MapComponent_RaidTacticalExecution::FormationClaims;Helodrace.MapComponent_RaidTacticalExecution::TryStartBreach;Helodrace.MapComponent_RaidTacticalExecution::TryStartSupport;Helodrace.MapComponent_RaidTacticalExecution::GrenadeTargetSafe;Helodrace.MapComponent_RaidTacticalOrders::For;Helodrace.MapComponent_RaidTacticalOrders::Get;Helodrace.MapComponent_RaidTacticalOrders::Set;Helodrace.MapComponent_RaidTacticalOrders::Resolve;Helodrace.MapComponent_RaidTacticalOrders::Allowed;Helodrace.MapComponent_RaidTacticalOrders::MovingOrder;Helodrace.MapComponent_RaidTacticalOrders::Move;Helodrace.MapComponent_RaidTacticalOrders::Wait;Helodrace.JobGiver_RaidTacticalOrder::TryGiveJob;Helodrace.JobGiver_RaidTacticalFight::TryFindShootingPosition;Helodrace.CqbLocalTopology::Neighbors;Helodrace.CqbLocalTopology::Distances;Helodrace.CqbLocalTopology::Path;Helodrace.CqbLocalTopology::NeighborTargets;Helodrace.CqbLocalTopology::SameAs;Helodrace.RaidBreachTraversal::OpeningAvailable;Helodrace.RaidBreachTraversal::IsClearance;Helodrace.RaidBreachTraversal::AdmissionLimit;Helodrace.RaidBreachTraversal::PlacementDepthAllowed;Helodrace.RaidBreachTraversal::PlacementScore;Helodrace.RaidBreachTraversal::CanUsePortal;Helodrace.RaidBreachTraversal::AllowsCommittedIngressStep;Helodrace.RaidBreachTraversal::Advance;Helodrace.RaidCqbLocalMap::RefreshMeasured;Helodrace.RaidCqbLocalMap::Path;Helodrace.RaidTacticalIndices::Assignment;Helodrace.RaidTacticalIndices::Node;Helodrace.RaidTacticalIndices::InvalidateNodes -logFile C:\Users\Public\Documents\ESTsoft\CreatorTemp\hd-tactical-analysis\movement-low\Player.log -screen-width 800 -screen-height 600 -screen-fullscreen 0
RimWorld 1.6.4871 rev591
Save data folder overridden to C:\Users\Public\Documents\ESTsoft\CreatorTemp\hd-tactical-analysis\movement-low
Mod Helodrace - Combat Extended dependency (BlueBackedFish.Helodrace.Main) needs to have <downloadUrl> and/or <steamWorkshopUrl> specified.
Mod Helodrace - Facial Animation dependency (Nals.FacialAnimation) needs to have <downloadUrl> and/or <steamWorkshopUrl> specified.
Mod Helodrace - Facial Animation dependency (BlueBackedFish.Helodrace.Main) needs to have <downloadUrl> and/or <steamWorkshopUrl> specified.
Mod Helodrace - Lobos Arsenal dependency (bluebackedfish.helodrace.main) needs to have <downloadUrl> and/or <steamWorkshopUrl> specified.
Mod Helodrace - Lobos Arsenal dependency (smashphil.vehicleframework) needs to have <downloadUrl> and/or <steamWorkshopUrl> specified.
Mod Kilo's RJW retexture dependency (rim.job.world) needs to have <downloadUrl> and/or <steamWorkshopUrl> specified.
Mod RJW-SexSlaveCraft dependency (rim.job.world) needs to have <downloadUrl> and/or <steamWorkshopUrl> specified.
Mod RJW-SexSlaveCraft dependency (brrainz.harmony) needs to have <downloadUrl> and/or <steamWorkshopUrl> specified.
Mod Mechanoid Milk dependency (brrainz.harmony) needs to have <downloadUrl> and/or <steamWorkshopUrl> specified.
Mod RimTalk+The Forbbiden One dependency (rim.job.world) needs to have <downloadUrl> and/or <steamWorkshopUrl> specified.
Mod Maidnoid CE Patch dependency (silversol.consti) needs to have <downloadUrl> and/or <steamWorkshopUrl> specified.
Mod Maidnoid CE Patch dependency (CETeam.CombatExtended) needs to have <downloadUrl> and/or <steamWorkshopUrl> specified.
Mod RimThunder - Westline Green (CE Edition) dependency (CETeam.CombatExtended) needs to have <downloadUrl> and/or <steamWorkshopUrl> specified.
Mod RimThunder - Westline Green (CE Edition) dependency (SmashPhil.VehicleFramework) needs to have <downloadUrl> and/or <steamWorkshopUrl> specified.
Mod Wood's Muzzle Flash for Cinders of the Embergarden has a dependency (issaczhuang.muzzleflash) with empty display name.
Mod Wood's Muzzle Flash for Cinders of the Embergarden dependency (issaczhuang.muzzleflash) needs to have <downloadUrl> and/or <steamWorkshopUrl> specified.
Mod Wood's Muzzle Flash for Cinders of the Embergarden has a dependency (BreadMo.Cinders) with empty display name.
Mod Wood's Muzzle Flash for Cinders of the Embergarden dependency (BreadMo.Cinders) needs to have <downloadUrl> and/or <steamWorkshopUrl> specified.
Mod korossa CE patch dependency (gyun.0.6.3.1) needs to have <downloadUrl> and/or <steamWorkshopUrl> specified.
Fallback handler could not load library C:/Program Files (x86)/Steam/steamapps/common/RimWorld/RimWorldWin64_Data/MonoBleedingEdge/data-000002041CDE6A10.dll
Fallback handler could not load library C:/Program Files (x86)/Steam/steamapps/common/RimWorld/RimWorldWin64_Data/MonoBleedingEdge/data-000002041D1FC1B0.dll
Helodrace Mod loaded.
Tried to load duplicate UnityEngine.Texture2D with path: FilesystemFile [C:\Program Files (x86)\Steam\steamapps\common\RimWorld\Mods\HelodRace-Main\Textures\Helod\Bodies\Naked_Baby_east.psd], Length 285496 and internal path: Helod/Bodies/Naked_Baby_east
Tried to load duplicate UnityEngine.Texture2D with path: FilesystemFile [C:\Program Files (x86)\Steam\steamapps\common\RimWorld\Mods\HelodRace-Main\Textures\Helod\Bodies\Naked_Baby_north.psd], Length 226210 and internal path: Helod/Bodies/Naked_Baby_north
Tried to load duplicate UnityEngine.Texture2D with path: FilesystemFile [C:\Program Files (x86)\Steam\steamapps\common\RimWorld\Mods\HelodRace-Main\Textures\Helod\Bodies\Naked_Baby_south.psd], Length 294172 and internal path: Helod/Bodies/Naked_Baby_south
Tried to load duplicate UnityEngine.Texture2D with path: FilesystemFile [C:\Program Files (x86)\Steam\steamapps\common\RimWorld\Mods\HelodRace-Main\Textures\Helod\Bodies\Naked_Child_east.psd], Length 665302 and internal path: Helod/Bodies/Naked_Child_east
Tried to load duplicate UnityEngine.Texture2D with path: FilesystemFile [C:\Program Files (x86)\Steam\steamapps\common\RimWorld\Mods\HelodRace-Main\Textures\Helod\Bodies\Naked_Child_north.psd], Length 748750 and internal path: Helod/Bodies/Naked_Child_north
Tried to load duplicate UnityEngine.Texture2D with path: FilesystemFile [C:\Program Files (x86)\Steam\steamapps\common\RimWorld\Mods\HelodRace-Main\Textures\Helod\Bodies\Naked_Child_south.psd], Length 570863 and internal path: Helod/Bodies/Naked_Child_south
Tried to load duplicate UnityEngine.Texture2D with path: FilesystemFile [C:\Program Files (x86)\Steam\steamapps\common\RimWorld\Mods\HelodRace-Main\Textures\Helod\Bodies\Naked_Female_east.psd], Length 12273496 and internal path: Helod/Bodies/Naked_Female_east
Tried to load duplicate UnityEngine.Texture2D with path: FilesystemFile [C:\Program Files (x86)\Steam\steamapps\common\RimWorld\Mods\HelodRace-Main\Textures\Helod\Bodies\Naked_Female_north.psd], Length 11639899 and internal path: Helod/Bodies/Naked_Female_north
Tried to load duplicate UnityEngine.Texture2D with path: FilesystemFile [C:\Program Files (x86)\Steam\steamapps\common\RimWorld\Mods\HelodRace-Main\Textures\Helod\Bodies\Naked_Female_south.psd], Length 12147713 and internal path: Helod/Bodies/Naked_Female_south
Tried to load duplicate UnityEngine.Texture2D with path: FilesystemFile [C:\Program Files (x86)\Steam\steamapps\common\RimWorld\Mods\HelodRace-Main\Textures\Helod\Hair\헤롤드 헤어_east.psd], Length 8518682 and internal path: Helod/Hair/헤롤드 헤어_east
Tried to load duplicate UnityEngine.Texture2D with path: FilesystemFile [C:\Program Files (x86)\Steam\steamapps\common\RimWorld\Mods\HelodRace-Main\Textures\Helod\Tails\HelodTail_Baby_east.psd], Length 66566 and internal path: Helod/Tails/HelodTail_Baby_east
Tried to load duplicate UnityEngine.Texture2D with path: FilesystemFile [C:\Program Files (x86)\Steam\steamapps\common\RimWorld\Mods\HelodRace-Main\Textures\Helod\Tails\HelodTail_Baby_north.psd], Length 138604 and internal path: Helod/Tails/HelodTail_Baby_north
Tried to load duplicate UnityEngine.Texture2D with path: FilesystemFile [C:\Program Files (x86)\Steam\steamapps\common\RimWorld\Mods\HelodRace-Main\Textures\Helod\Tails\HelodTail_Baby_south.psd], Length 133706 and internal path: Helod/Tails/HelodTail_Baby_south
Tried to load duplicate UnityEngine.Texture2D with path: FilesystemFile [C:\Program Files (x86)\Steam\steamapps\common\RimWorld\Mods\HelodRace-Main\Textures\Helod\Tails\HelodTail_Child_east.psd], Length 307461 and internal path: Helod/Tails/HelodTail_Child_east
Tried to load duplicate UnityEngine.Texture2D with path: FilesystemFile [C:\Program Files (x86)\Steam\steamapps\common\RimWorld\Mods\HelodRace-Main\Textures\Helod\Tails\HelodTail_Child_north.psd], Length 248350 and internal path: Helod/Tails/HelodTail_Child_north
Tried to load duplicate UnityEngine.Texture2D with path: FilesystemFile [C:\Program Files (x86)\Steam\steamapps\common\RimWorld\Mods\HelodRace-Main\Textures\Helod\Tails\HelodTail_Child_south.psd], Length 218174 and internal path: Helod/Tails/HelodTail_Child_south
Tried to load duplicate UnityEngine.Texture2D with path: FilesystemFile [C:\Program Files (x86)\Steam\steamapps\common\RimWorld\Mods\HelodRace-Main\Textures\Helod\Tails\HelodTail_east.psd], Length 172600 and internal path: Helod/Tails/HelodTail_east
Tried to load duplicate UnityEngine.Texture2D with path: FilesystemFile [C:\Program Files (x86)\Steam\steamapps\common\RimWorld\Mods\HelodRace-Main\Textures\Helod\Tails\HelodTail_north.psd], Length 167307 and internal path: Helod/Tails/HelodTail_north
Tried to load duplicate UnityEngine.Texture2D with path: FilesystemFile [C:\Program Files (x86)\Steam\steamapps\common\RimWorld\Mods\HelodRace-Main\Textures\Helod\Tails\HelodTail_south.psd], Length 144266 and internal path: Helod/Tails/HelodTail_south
Tried to load duplicate UnityEngine.Texture2D with path: FilesystemFile [C:\Program Files (x86)\Steam\steamapps\common\RimWorld\Mods\HelodRace-Main\Textures\Helod\Ears\Left\Ear1Left_east.psd], Length 250880 and internal path: Helod/Ears/Left/Ear1Left_east
Tried to load duplicate UnityEngine.Texture2D with path: FilesystemFile [C:\Program Files (x86)\Steam\steamapps\common\RimWorld\Mods\HelodRace-Main\Textures\Helod\Ears\Left\Ear1Left_north.psd], Length 177974 and internal path: Helod/Ears/Left/Ear1Left_north
Tried to load duplicate UnityEngine.Texture2D with path: FilesystemFile [C:\Program Files (x86)\Steam\steamapps\common\RimWorld\Mods\HelodRace-Main\Textures\Helod\Ears\Left\Ear1Left_south.psd], Length 249351 and internal path: Helod/Ears/Left/Ear1Left_south
Tried to load duplicate UnityEngine.Texture2D with path: FilesystemFile [C:\Program Files (x86)\Steam\steamapps\common\RimWorld\Mods\HelodRace-Main\Textures\Helod\Ears\Right\Ear1Right_east.psd], Length 200309 and internal path: Helod/Ears/Right/Ear1Right_east
Tried to load duplicate UnityEngine.Texture2D with path: FilesystemFile [C:\Program Files (x86)\Steam\steamapps\common\RimWorld\Mods\HelodRace-Main\Textures\Helod\VanillaApparel\WarMask\WarMask_east.psd], Length 42343 and internal path: Helod/VanillaApparel/WarMask/WarMask_east
Tried to load duplicate UnityEngine.Texture2D with path: FilesystemFile [C:\Program Files (x86)\Steam\steamapps\common\RimWorld\Mods\HelodRace-Main\Textures\Helod\VanillaApparel\WarMask\WarMask_north.psd], Length 44570 and internal path: Helod/VanillaApparel/WarMask/WarMask_north
Tried to load duplicate UnityEngine.Texture2D with path: FilesystemFile [C:\Program Files (x86)\Steam\steamapps\common\RimWorld\Mods\HelodRace-Main\Textures\Helod\VanillaApparel\WarMask\WarMask_south.psd], Length 49701 and internal path: Helod/VanillaApparel/WarMask/WarMask_south
Tried to load duplicate UnityEngine.Texture2D with path: FilesystemFile [C:\Program Files (x86)\Steam\steamapps\common\RimWorld\Mods\HelodRace-Main\Textures\Helod\VanillaApparel\Royalty\BroadshieldPack\BroadshieldPack_east.psd], Length 107860 and internal path: Helod/VanillaApparel/Royalty/BroadshieldPack/BroadshieldPack_east
Tried to load duplicate UnityEngine.Texture2D with path: FilesystemFile [C:\Program Files (x86)\Steam\steamapps\common\RimWorld\Mods\HelodRace-Main\Textures\Helod\VanillaApparel\Royalty\CorsetRoyal\CorsetRoyal_Female_east.psd], Length 34097 and internal path: Helod/VanillaApparel/Royalty/CorsetRoyal/CorsetRoyal_Female_east
Tried to load duplicate UnityEngine.Texture2D with path: FilesystemFile [C:\Program Files (x86)\Steam\steamapps\common\RimWorld\Mods\HelodRace-Main\Textures\Helod\VanillaApparel\Royalty\CorsetRoyal\CorsetRoyal_Female_north.psd], Length 36637 and internal path: Helod/VanillaApparel/Royalty/CorsetRoyal/CorsetRoyal_Female_north
Tried to load duplicate UnityEngine.Texture2D with path: FilesystemFile [C:\Program Files (x86)\Steam\steamapps\common\RimWorld\Mods\HelodRace-Main\Textures\Helod\VanillaApparel\Royalty\CorsetRoyal\CorsetRoyal_Female_south.psd], Length 35355 and internal path: Helod/VanillaApparel/Royalty/CorsetRoyal/CorsetRoyal_Female_south
Tried to load duplicate UnityEngine.Texture2D with path: FilesystemFile [C:\Program Files (x86)\Steam\steamapps\common\RimWorld\Mods\HelodRace-Main\Textures\Helod\VanillaApparel\Royalty\Crown\Crown_east.psd], Length 41419 and internal path: Helod/VanillaApparel/Royalty/Crown/Crown_east
Tried to load duplicate UnityEngine.Texture2D with path: FilesystemFile [C:\Program Files (x86)\Steam\steamapps\common\RimWorld\Mods\HelodRace-Main\Textures\Helod\VanillaApparel\Royalty\Crown\Crown_north.psd], Length 41325 and internal path: Helod/VanillaApparel/Royalty/Crown/Crown_north
Tried to load duplicate UnityEngine.Texture2D with path: FilesystemFile [C:\Program Files (x86)\Steam\steamapps\common\RimWorld\Mods\HelodRace-Main\Textures\Helod\VanillaApparel\Royalty\Crown\Crown_south.psd], Length 40081 and internal path: Helod/VanillaApparel/Royalty/Crown/Crown_south
Tried to load duplicate UnityEngine.Texture2D with path: FilesystemFile [C:\Program Files (x86)\Steam\steamapps\common\RimWorld\Mods\HelodRace-Main\Textures\Helod\VanillaApparel\Royalty\CrownStellic\CrownStellic_east.psd], Length 46723 and internal path: Helod/VanillaApparel/Royalty/CrownStellic/CrownStellic_east
Tried to load duplicate UnityEngine.Texture2D with path: FilesystemFile [C:\Program Files (x86)\Steam\steamapps\common\RimWorld\Mods\HelodRace-Main\Textures\Helod\VanillaApparel\Royalty\CrownStellic\CrownStellic_north.psd], Length 67651 and internal path: Helod/VanillaApparel/Royalty/CrownStellic/CrownStellic_north
Tried to load duplicate UnityEngine.Texture2D with path: FilesystemFile [C:\Program Files (x86)\Steam\steamapps\common\RimWorld\Mods\HelodRace-Main\Textures\Helod\VanillaApparel\Royalty\CrownStellic\CrownStellic_south.psd], Length 62684 and internal path: Helod/VanillaApparel/Royalty/CrownStellic/CrownStellic_south
Could not load Texture2D at 'Weapons/Modular/Ammunition/HD_Ammunition_556M855A1_Ammo' for def 'HD_ModularPart_Ammunition_762M80_Part' in any active mod or in base resources.
MatFrom with null sourceTex.
Could not load Texture2D at 'Weapons/Modular/Ammunition/HD_Ammunition_919M882_Ammo' for def 'HD_ModularPart_Ammunition_919M882_P320_Part' in any active mod or in base resources.
MatFrom with null sourceTex.
Could not load Texture2D at 'Weapons/Modular/Ammunition/HD_Ammunition_556M855A1_Ammo' for def 'HD_Ammunition_556M855A1_Ammo' in any active mod or in base resources.
MatFrom with null sourceTex.
Could not load Texture2D at 'Weapons/Modular/Ammunition/HD_Ammunition_919M882_Ammo' for def 'HD_Ammunition_919M882_Ammo' in any active mod or in base resources.
MatFrom with null sourceTex.
Could not load Texture2D at 'Weapons/Modular/Ammunition/HD_Ammunition_76251M80A1_Ammo' for def 'HD_Ammunition_76251M80A1_Ammo' in any active mod or in base resources.
MatFrom with null sourceTex.
[Helodrace] Standalone race initialized: 9 heads, 41 apparel graphics, 133 operations.
[HD Cigarette] diagnostics enabled. DrawCarriedThing prefix active=True, assembly=C:\Program Files (x86)\Steam\steamapps\common\RimWorld\Mods\HelodRace-Main\Assemblies\Helodrace.dll
Helodrace initialized. Removed quality comp from 39 Helodrace guns.
Unloading 5 Unused Serialized files (Serialized files now loaded: 5)
Unloading 135 unused Assets to reduce memory usage. Loaded Objects now: 29115.
Total: 285.830700 ms (FindLiveObjects: 2.183400 ms CreateObjectMapping: 3.641200 ms MarkObjects: 279.558800 ms  DeleteObjects: 0.447000 ms)

Unloading 3 Unused Serialized files (Serialized files now loaded: 5)
[PhysX] Initialized MultithreadedTaskDispatcher with 12 workers.
UnloadTime: 1.232500 ms
Unloading 2 unused Assets to reduce memory usage. Loaded Objects now: 29139.
Total: 277.768600 ms (FindLiveObjects: 1.292700 ms CreateObjectMapping: 2.279700 ms MarkObjects: 274.075900 ms  DeleteObjects: 0.119700 ms)

Direct3D: detected that using refresh rate causes time drift. Will stop trusting refresh rate until the game window is moved.
Direct3D: detected that vsync is broken (it does not limit frame rate properly). Delta time will now be calculated using cpu-side time stampling until the game window is moved.
Initializing new game with mods:
  - brrainz.harmony
  - Ludeon.RimWorld
  - Ludeon.RimWorld.Royalty
  - Ludeon.RimWorld.Ideology
  - Ludeon.RimWorld.Biotech
  - Ludeon.RimWorld.Anomaly
  - Ludeon.RimWorld.Odyssey
  - BlueBackedFish.Helodrace.Main
Unloading 1 Unused Serialized files (Serialized files now loaded: 5)
Unloading 1 unused Assets to reduce memory usage. Loaded Objects now: 35705.
Total: 238.627000 ms (FindLiveObjects: 2.426800 ms CreateObjectMapping: 3.006300 ms MarkObjects: 233.116500 ms  DeleteObjects: 0.077300 ms)

Raid audit case 16: count=50, tactical=True, speed=3
Agent method profiler ready: C:\Users\Public\Documents\ESTsoft\CreatorTemp\hd-tactical-analysis\movement-low\profiles
Raid audit sample: {"faction":"HD_HelodCivilLowFaction","actualPopulation":50,"mapFingerprint":"2DCA10EF6A532BA820CA2CFA41B18D21E564655193AC63E429759ED9D0135787","startPhases":"Assemble:5","radioOperators":0,"scenario":16,"population":50,"tactical":true,"speed":3,"TPS":133.032,"FPS":59.261,"moved":50,"alive":50,"warmupTicks":600,"sampleTicks":1200,"phases":"CrossBreach:1,Assemble:4","successfulPlans":5,"planningService":{"pending":0,"slices":485,"completed":5,"discarded":0,"budgetStops":18,"maxSliceMs":12.964},"executionService":{"pending":5,"updates":871,"urgent":0,"budgetStops":0,"maxDelayTicks":0,"oldestDelayTicks":0,"maxUnitMs":80.354},"orderReviews":{"count":2899,"maxDelayTicks":1},"unstartedMoves":"unstarted moves=5 max age=143 ticks reasons=OpeningWait:5","unstartedMoveDetails":"38249:Breach#6 pos=(98, 0, 100) goal=(101, 0, 105) leg=Hold/(98, 0, 100) job=Wait_Combat/null block=OpeningWait age=83 pathGeneration=6 independent=False rejectedStep=(-1000, -1000, -1000)@-1 goalAllowed=True;38259:Breach#9 pos=(99, 0, 99) goal=(101, 0, 106) leg=Hold/(99, 0, 99) job=Wait_Combat/null block=OpeningWait age=137 pathGeneration=9 independent=False rejectedStep=(-1000, -1000, -1000)@-1 goalAllowed=True;38267:Breach#6 pos=(98, 0, 99) goal=(101, 0, 107) leg=Hold/(98, 0, 99) job=Wait_Combat/null block=OpeningWait age=101 pathGeneration=6 independent=False rejectedStep=(-1000, -1000, -1000)@-1 goalAllowed=True;38275:Breach#6 pos=(97, 0, 101) goal=(101, 0, 108) leg=Hold/(97, 0, 101) job=Wait_Combat/null block=OpeningWait age=143 pathGeneration=6 independent=False rejectedStep=(-1000, -1000, -1000)@-1 goalAllowed=True;38284:Breach#6 pos=(98, 0, 103) goal=(101, 0, 109) leg=Hold/(98, 0, 103) job=Wait_Combat/null block=OpeningWait age=97 pathGeneration=6 independent=False rejectedStep=(-1000, -1000, -1000)@-1 goalAllowed=True","passageTraffic":{"waiting":5},"queueMaintenance":{"cleanupPasses":14,"leasePrunePasses":54},"planningWork":{"maxBreachChecks":1,"maxRouteSteps":40,"limitedPlans":0},"failedPlans":"","nativeBytes":750000,"peakNativeBytes":750000,"cacheCumulative":{"created":6,"hits":277,"evictions":0,"memoryWaits":0,"peakPending":2,"notifications":21},"cancelledPreparations":0,"peakWaitFrames":1,"pending":0,"blocked":"None:6,OpeningWait:5,OpeningQueue:39","preparationServicePasses":4,"cpuCumulative":"FPS=59.2 TPS=133.2 worst execution/frame=15.435 ms managed heap=539.3 MiB GC=0/0/0\r\n  CPU Planning: n=0 sum=0.0 p50/p95/p99=0.000/0.000/0.000 max=0.000 ms\r\n  CPU Observation: n=613 sum=30.2 p50/p95/p99=0.001/0.222/0.286 max=4.556 ms\r\n  CPU LocalMap: n=53 sum=13.5 p50/p95/p99=0.271/0.389/1.428 max=1.428 ms\r\n  CPU Formation: n=58 sum=4.3 p50/p95/p99=0.076/0.084/0.093 max=0.093 ms\r\n  CPU Orders: n=1706 sum=30.1 p50/p95/p99=0.009/0.016/0.178 max=4.811 ms\r\n  CPU Execution: n=601 sum=155.2 p50/p95/p99=0.116/0.798/1.842 max=15.150 ms\r\n  CPU Navigation: n=0 sum=0.0 p50/p95/p99=0.000/0.000/0.000 max=0.000 ms\r\n  CPU BreachSearch: n=0 sum=0.0 p50/p95/p99=0.000/0.000/0.000 max=0.000 ms\r\n  CPU RouteSearch: n=0 sum=0.0 p50/p95/p99=0.000/0.000/0.000 max=0.000 ms\r\n  CPU OpeningQueue: n=213 sum=34.5 p50/p95/p99=0.218/0.250/0.313 max=0.392 ms\r\n  CPU GameTick: n=1201 sum=3057.4 p50/p95/p99=2.328/3.904/6.499 max=20.499 ms\r\n  CPU ExecutionMaintenance: n=20 sum=2.0 p50/p95/p99=0.083/0.132/0.328 max=0.328 ms\r\n  Goto request/start ticks: n=18 p50/p95/p99=2/372/372 max=372\r\n"}
Could not get new name (first rule pack: HD_NamerPersonHelod)
Raid audit case 18: count=200, tactical=True, speed=3
Raid audit sample: {"faction":"HD_HelodCivilLowFaction","actualPopulation":200,"mapFingerprint":"2DCA10EF6A532BA820CA2CFA41B18D21E564655193AC63E429759ED9D0135787","startPhases":"Assemble:19","radioOperators":0,"scenario":18,"population":200,"tactical":true,"speed":3,"TPS":63.794,"FPS":44.210,"moved":200,"alive":200,"warmupTicks":600,"sampleTicks":1200,"phases":"Assemble:18,Complete:1","successfulPlans":18,"planningService":{"pending":0,"slices":2420,"completed":25,"discarded":0,"budgetStops":24,"maxSliceMs":12.964},"executionService":{"pending":19,"updates":4170,"urgent":0,"budgetStops":70,"maxDelayTicks":8,"oldestDelayTicks":0,"maxUnitMs":80.354},"orderReviews":{"count":14314,"maxDelayTicks":1},"unstartedMoves":"unstarted moves=0 max age=0 ticks reasons=","unstartedMoveDetails":"","passageTraffic":{"waiting":0},"queueMaintenance":{"cleanupPasses":28,"leasePrunePasses":108},"planningWork":{"maxBreachChecks":1,"maxRouteSteps":43,"limitedPlans":1},"failedPlans":"Breach search allowance exhausted; keep position and retry later. | No wall breach: 48 nearby structures, 48 with tools, 0 exterior routes. Search allowance exhausted.","nativeBytes":2250000,"peakNativeBytes":2250000,"cacheCumulative":{"created":18,"hits":1073,"evictions":0,"memoryWaits":0,"peakPending":8,"notifications":50},"cancelledPreparations":0,"peakWaitFrames":4,"pending":0,"blocked":"OpeningQueue:178,None:22","preparationServicePasses":7,"cpuCumulative":"FPS=44.2 TPS=63.8 worst execution/frame=5.690 ms managed heap=535.0 MiB GC=5/5/5\r\n  CPU Planning: n=56 sum=1.9 p50/p95/p99=0.002/0.164/1.204 max=1.204 ms\r\n  CPU Observation: n=2294 sum=147.7 p50/p95/p99=0.001/0.512/0.673 max=1.752 ms\r\n  CPU LocalMap: n=0 sum=0.0 p50/p95/p99=0.000/0.000/0.000 max=0.000 ms\r\n  CPU Formation: n=56 sum=4.6 p50/p95/p99=0.077/0.114/0.320 max=0.320 ms\r\n  CPU Orders: n=7668 sum=83.6 p50/p95/p99=0.010/0.016/0.112 max=1.037 ms\r\n  CPU Execution: n=2282 sum=391.9 p50/p95/p99=0.020/0.716/0.999 max=4.137 ms\r\n  CPU Navigation: n=1 sum=0.0 p50/p95/p99=0.016/0.016/0.016 max=0.016 ms\r\n  CPU BreachSearch: n=50 sum=0.5 p50/p95/p99=0.002/0.006/0.222 max=0.222 ms\r\n  CPU RouteSearch: n=0 sum=0.0 p50/p95/p99=0.000/0.000/0.000 max=0.000 ms\r\n  CPU OpeningQueue: n=772 sum=169.3 p50/p95/p99=0.229/0.319/0.426 max=1.357 ms\r\n  CPU GameTick: n=1202 sum=11786.4 p50/p95/p99=9.149/14.546/17.889 max=26.448 ms\r\n  CPU ExecutionMaintenance: n=20 sum=5.5 p50/p95/p99=0.244/0.306/0.674 max=0.674 ms\r\n  Goto request/start ticks: n=22 p50/p95/p99=0/149/431 max=431\r\n"}
Could not get new name (first rule pack: HD_NamerPersonHelod)
Could not get new name (first rule pack: HD_NamerPersonHelod)
Could not get new name (first rule pack: HD_NamerPersonHelod)
Could not get new name (first rule pack: HD_NamerPersonHelod)
Could not get new name (first rule pack: HD_NamerPersonHelod)
Could not get new name (first rule pack: HD_NamerPersonHelod)
Could not get new name (first rule pack: HD_NamerPersonHelod)
Could not get new name (first rule pack: HD_NamerPersonHelod)
Could not get new name (first rule pack: HD_NamerPersonHelod)
Could not get new name (first rule pack: HD_NamerPersonHelod)
Could not get new name (first rule pack: HD_NamerPersonHelod)
Could not get new name (first rule pack: HD_NamerPersonHelod)
Could not get new name (first rule pack: HD_NamerPersonHelod)
Could not get new name (first rule pack: HD_NamerPersonHelod)
Could not get new name (first rule pack: HD_NamerPersonHelod)
Could not get new name (first rule pack: HD_NamerPersonHelod)
Could not get new name (first rule pack: HD_NamerPersonHelod)
Could not get new name (first rule pack: HD_NamerPersonHelod)
Could not get new name (first rule pack: HD_NamerPersonHelod)
Could not get new name (first rule pack: HD_NamerPersonHelod)
Could not get new name (first rule pack: HD_NamerPersonHelod)
Could not get new name (first rule pack: HD_NamerPersonHelod)
Could not get new name (first rule pack: HD_NamerPersonHelod)
Could not get new name (first rule pack: HD_NamerPersonHelod)
Could not get new name (first rule pack: HD_NamerPersonHelod)
Could not get new name (first rule pack: HD_NamerPersonHelod)
Could not get new name (first rule pack: HD_NamerPersonHelod)
Could not get new name (first rule pack: HD_NamerPersonHelod)
Could not get new name (first rule pack: HD_NamerPersonHelod)
Could not get new name (first rule pack: HD_NamerPersonHelod)
Could not get new name (first rule pack: HD_NamerPersonHelod)
Could not get new name (first rule pack: HD_NamerPersonHelod)
Could not get new name (first rule pack: HD_NamerPersonHelod)
Could not get new name (first rule pack: HD_NamerPersonHelod)
Could not get new name (first rule pack: HD_NamerPersonHelod)
Could not get new name (first rule pack: HD_NamerPersonHelod)
Raid audit case 19: count=400, tactical=True, speed=3
Raid audit sample: {"faction":"HD_HelodCivilLowFaction","actualPopulation":400,"mapFingerprint":"2DCA10EF6A532BA820CA2CFA41B18D21E564655193AC63E429759ED9D0135787","startPhases":"Assemble:37","radioOperators":0,"scenario":19,"population":400,"tactical":true,"speed":3,"TPS":35.766,"FPS":14.128,"moved":398,"alive":400,"warmupTicks":600,"sampleTicks":1200,"phases":"Assemble:36,CrossBreach:1","successfulPlans":37,"planningService":{"pending":0,"slices":6040,"completed":62,"discarded":0,"budgetStops":49,"maxSliceMs":12.964},"executionService":{"pending":37,"updates":10498,"urgent":0,"budgetStops":299,"maxDelayTicks":24,"oldestDelayTicks":0,"maxUnitMs":80.354},"orderReviews":{"count":37386,"maxDelayTicks":1},"unstartedMoves":"unstarted moves=3 max age=28 ticks reasons=OpeningWait:3","unstartedMoveDetails":"43169:Breach#6 pos=(99, 0, 101) goal=(101, 0, 110) leg=Hold/(99, 0, 101) job=Wait_Combat/null block=OpeningWait age=28 pathGeneration=6 independent=False rejectedStep=(-1000, -1000, -1000)@-1 goalAllowed=True;43099:Breach#5 pos=(98, 0, 103) goal=(101, 0, 101) leg=Hold/(98, 0, 103) job=Wait_Combat/null block=OpeningWait age=10 pathGeneration=5 independent=False rejectedStep=(-1000, -1000, -1000)@-1 goalAllowed=True;43130:Breach#8 pos=(99, 0, 105) goal=(101, 0, 107) leg=Hold/(99, 0, 105) job=Wait_Combat/null block=OpeningWait age=15 pathGeneration=8 independent=False rejectedStep=(-1000, -1000, -1000)@-1 goalAllowed=True","passageTraffic":{"waiting":8},"queueMaintenance":{"cleanupPasses":42,"leasePrunePasses":162},"planningWork":{"maxBreachChecks":1,"maxRouteSteps":40,"limitedPlans":0},"failedPlans":"","nativeBytes":3000000,"peakNativeBytes":3000000,"cacheCumulative":{"created":24,"hits":2125,"evictions":0,"memoryWaits":0,"peakPending":8,"notifications":70},"cancelledPreparations":0,"peakWaitFrames":4,"pending":0,"blocked":"OpeningQueue:389,OpeningWait:3,None:8","preparationServicePasses":5,"cpuCumulative":"FPS=14.1 TPS=35.8 worst execution/frame=11.694 ms managed heap=551.0 MiB GC=8/8/8\r\n  CPU Planning: n=0 sum=0.0 p50/p95/p99=0.000/0.000/0.000 max=0.000 ms\r\n  CPU Observation: n=4428 sum=389.8 p50/p95/p99=0.000/0.754/0.976 max=3.683 ms\r\n  CPU LocalMap: n=42 sum=12.5 p50/p95/p99=0.275/0.393/0.723 max=0.723 ms\r\n  CPU Formation: n=47 sum=4.2 p50/p95/p99=0.079/0.209/0.257 max=0.257 ms\r\n  CPU Orders: n=15562 sum=146.2 p50/p95/p99=0.009/0.012/0.029 max=0.814 ms\r\n  CPU Execution: n=4426 sum=864.1 p50/p95/p99=0.046/0.931/1.336 max=10.219 ms\r\n  CPU Navigation: n=0 sum=0.0 p50/p95/p99=0.000/0.000/0.000 max=0.000 ms\r\n  CPU BreachSearch: n=0 sum=0.0 p50/p95/p99=0.000/0.000/0.000 max=0.000 ms\r\n  CPU RouteSearch: n=0 sum=0.0 p50/p95/p99=0.000/0.000/0.000 max=0.000 ms\r\n  CPU OpeningQueue: n=1478 sum=321.5 p50/p95/p99=0.219/0.274/0.433 max=0.674 ms\r\n  CPU GameTick: n=1200 sum=26394.2 p50/p95/p99=20.867/31.525/37.351 max=50.508 ms\r\n  CPU ExecutionMaintenance: n=20 sum=10.4 p50/p95/p99=0.444/0.871/1.070 max=1.070 ms\r\n  Goto request/start ticks: n=11 p50/p95/p99=1/40/40 max=40\r\n"}
Raid audit case 15: count=0, tactical=True, speed=3
Raid audit sample: {"faction":"HD_HelodCivilLowFaction","actualPopulation":0,"mapFingerprint":"2DCA10EF6A532BA820CA2CFA41B18D21E564655193AC63E429759ED9D0135787","startPhases":"","radioOperators":0,"scenario":15,"population":0,"tactical":true,"speed":3,"TPS":134.610,"FPS":59.740,"moved":0,"alive":0,"warmupTicks":600,"sampleTicks":1200,"phases":"","successfulPlans":0,"planningService":{"pending":0,"slices":6040,"completed":62,"discarded":0,"budgetStops":49,"maxSliceMs":12.964},"executionService":{"pending":0,"updates":10703,"urgent":0,"budgetStops":299,"maxDelayTicks":24,"oldestDelayTicks":0,"maxUnitMs":80.354},"orderReviews":{"count":37786,"maxDelayTicks":1},"unstartedMoves":"unstarted moves=0 max age=0 ticks reasons=","unstartedMoveDetails":"","passageTraffic":{"waiting":0},"queueMaintenance":{"cleanupPasses":42,"leasePrunePasses":162},"planningWork":{"maxBreachChecks":0,"maxRouteSteps":0,"limitedPlans":0},"failedPlans":"","nativeBytes":3000000,"peakNativeBytes":3000000,"cacheCumulative":{"created":24,"hits":2125,"evictions":0,"memoryWaits":0,"peakPending":8,"notifications":70},"cancelledPreparations":0,"peakWaitFrames":4,"pending":0,"blocked":"","preparationServicePasses":0,"cpuCumulative":"FPS=59.7 TPS=134.8 worst execution/frame=0.000 ms managed heap=549.3 MiB GC=2/2/2\r\n  CPU Planning: n=0 sum=0.0 p50/p95/p99=0.000/0.000/0.000 max=0.000 ms\r\n  CPU Observation: n=0 sum=0.0 p50/p95/p99=0.000/0.000/0.000 max=0.000 ms\r\n  CPU LocalMap: n=0 sum=0.0 p50/p95/p99=0.000/0.000/0.000 max=0.000 ms\r\n  CPU Formation: n=0 sum=0.0 p50/p95/p99=0.000/0.000/0.000 max=0.000 ms\r\n  CPU Orders: n=0 sum=0.0 p50/p95/p99=0.000/0.000/0.000 max=0.000 ms\r\n  CPU Execution: n=0 sum=0.0 p50/p95/p99=0.000/0.000/0.000 max=0.000 ms\r\n  CPU Navigation: n=0 sum=0.0 p50/p95/p99=0.000/0.000/0.000 max=0.000 ms\r\n  CPU BreachSearch: n=0 sum=0.0 p50/p95/p99=0.000/0.000/0.000 max=0.000 ms\r\n  CPU RouteSearch: n=0 sum=0.0 p50/p95/p99=0.000/0.000/0.000 max=0.000 ms\r\n  CPU OpeningQueue: n=0 sum=0.0 p50/p95/p99=0.000/0.000/0.000 max=0.000 ms\r\n  CPU GameTick: n=1201 sum=1826.7 p50/p95/p99=1.494/2.345/2.765 max=3.855 ms\r\n  CPU ExecutionMaintenance: n=20 sum=0.4 p50/p95/p99=0.018/0.023/0.031 max=0.031 ms\r\n  Goto request/start ticks: n=0 p50/p95/p99=0/0/0 max=0\r\n"}
Memory Statistics:
[ALLOC_TEMP_TLS] TLS Allocator
  StackAllocators : 
    [ALLOC_TEMP_MAIN]
      Peak usage frame count: [0-1.0 KB]: 3652 frames, [1.0 KB-2.0 KB]: 3 frames, [2.0 KB-4.0 KB]: 3707 frames, [4.0 KB-8.0 KB]: 696 frames, [8.0 KB-16.0 KB]: 1 frames, [64.0 KB-128.0 KB]: 5 frames, [128.0 KB-256.0 KB]: 1 frames, [2.0 MB-4.0 MB]: 3 frames, [4.0 MB-8.0 MB]: 1 frames
      Initial Block Size 4.0 MB
      Current Block Size 4.1 MB
      Peak Allocated Bytes 4.1 MB
      Overflow Count 1
    [ALLOC_TEMP_Loading.AsyncRead]
      Initial Block Size 64.0 KB
      Current Block Size 120.0 KB
      Peak Allocated Bytes 117.2 KB
      Overflow Count 0
    [ALLOC_TEMP_Loading.PreloadManager]
      Initial Block Size 256.0 KB
      Current Block Size 256.0 KB
      Peak Allocated Bytes 3.8 KB
      Overflow Count 8
    [ALLOC_TEMP_Background Job.Worker 8]
      Initial Block Size 32.0 KB
      Current Block Size 32.0 KB
      Peak Allocated Bytes 54 B
      Overflow Count 0
    [ALLOC_TEMP_Job.Worker 6]
      Initial Block Size 256.0 KB
      Current Block Size 256.0 KB
      Peak Allocated Bytes 160 B
      Overflow Count 0
    [ALLOC_TEMP_Job.Worker 0]
      Initial Block Size 256.0 KB
      Current Block Size 256.0 KB
      Peak Allocated Bytes 160 B
      Overflow Count 0
    [ALLOC_TEMP_Background Job.Worker 10]
      Initial Block Size 32.0 KB
      Current Block Size 32.0 KB
      Peak Allocated Bytes 54 B
      Overflow Count 0
    [ALLOC_TEMP_Background Job.Worker 9]
      Initial Block Size 32.0 KB
      Current Block Size 32.0 KB
      Peak Allocated Bytes 54 B
      Overflow Count 0
    [ALLOC_TEMP_Job.Worker 5]
      Initial Block Size 256.0 KB
      Current Block Size 256.0 KB
      Peak Allocated Bytes 176 B
      Overflow Count 0
    [ALLOC_TEMP_Background Job.Worker 14]
      Initial Block Size 32.0 KB
      Current Block Size 32.0 KB
      Peak Allocated Bytes 54 B
      Overflow Count 0
    [ALLOC_TEMP_Background Job.Worker 6]
      Initial Block Size 32.0 KB
      Current Block Size 32.0 KB
      Peak Allocated Bytes 54 B
      Overflow Count 0
    [ALLOC_TEMP_Job.Worker 4]
      Initial Block Size 256.0 KB
      Current Block Size 256.0 KB
      Peak Allocated Bytes 176 B
      Overflow Count 0
    [ALLOC_TEMP_Job.Worker 3]
      Initial Block Size 256.0 KB
      Current Block Size 256.0 KB
      Peak Allocated Bytes 160 B
      Overflow Count 0
    [ALLOC_TEMP_Background Job.Worker 12]
      Initial Block Size 32.0 KB
      Current Block Size 32.0 KB
      Peak Allocated Bytes 54 B
      Overflow Count 0
    [ALLOC_TEMP_EnlightenWorker] x 6
      Initial Block Size 64.0 KB
      Current Block Size 64.0 KB
      Peak Allocated Bytes 54 B
      Overflow Count 0
    [ALLOC_TEMP_Background Job.Worker 15]
      Initial Block Size 32.0 KB
      Current Block Size 32.0 KB
      Peak Allocated Bytes 54 B
      Overflow Count 0
    [ALLOC_TEMP_Background Job.Worker 1]
      Initial Block Size 32.0 KB
      Current Block Size 32.0 KB
      Peak Allocated Bytes 54 B
      Overflow Count 0
    [ALLOC_TEMP_Background Job.Worker 2]
      Initial Block Size 32.0 KB
      Current Block Size 32.0 KB
      Peak Allocated Bytes 54 B
      Overflow Count 0
    [ALLOC_TEMP_Background Job.Worker 7]
      Initial Block Size 32.0 KB
      Current Block Size 32.0 KB
      Peak Allocated Bytes 54 B
      Overflow Count 0
    [ALLOC_TEMP_UnityGfxDeviceWorker]
      Initial Block Size 256.0 KB
      Current Block Size 256.0 KB
      Peak Allocated Bytes 10.3 KB
      Overflow Count 0
    [ALLOC_TEMP_AssetGarbageCollectorHelper] x 11
      Initial Block Size 64.0 KB
      Current Block Size 64.0 KB
      Peak Allocated Bytes 138 B
      Overflow Count 0
    [ALLOC_TEMP_Background Job.Worker 5]
      Initial Block Size 32.0 KB
      Current Block Size 32.0 KB
      Peak Allocated Bytes 54 B
      Overflow Count 0
    [ALLOC_TEMP_Job.Worker 9]
      Initial Block Size 256.0 KB
      Current Block Size 256.0 KB
      Peak Allocated Bytes 160 B
      Overflow Count 0
    [ALLOC_TEMP_Background Job.Worker 13]
      Initial Block Size 32.0 KB
      Current Block Size 32.0 KB
      Peak Allocated Bytes 54 B
      Overflow Count 0
    [ALLOC_TEMP_Job.Worker 8]
      Initial Block Size 256.0 KB
      Current Block Size 256.0 KB
      Peak Allocated Bytes 160 B
      Overflow Count 0
    [ALLOC_TEMP_Job.Worker 7]
      Initial Block Size 256.0 KB
      Current Block Size 256.0 KB
      Peak Allocated Bytes 144 B
      Overflow Count 0
    [ALLOC_TEMP_Job.Worker 1]
      Initial Block Size 256.0 KB
      Current Block Size 256.0 KB
      Peak Allocated Bytes 507 B
      Overflow Count 0
    [ALLOC_TEMP_Job.Worker 2]
      Initial Block Size 256.0 KB
      Current Block Size 256.0 KB
      Peak Allocated Bytes 288 B
      Overflow Count 0
    [ALLOC_TEMP_Background Job.Worker 3]
      Initial Block Size 32.0 KB
      Current Block Size 32.0 KB
      Peak Allocated Bytes 54 B
      Overflow Count 0
    [ALLOC_TEMP_Background Job.Worker 11]
      Initial Block Size 32.0 KB
      Current Block Size 32.0 KB
      Peak Allocated Bytes 54 B
      Overflow Count 0
    [ALLOC_TEMP_Job.Worker 10]
      Initial Block Size 256.0 KB
      Current Block Size 256.0 KB
      Peak Allocated Bytes 144 B
      Overflow Count 0
    [ALLOC_TEMP_Background Job.Worker 0]
      Initial Block Size 32.0 KB
      Current Block Size 32.0 KB
      Peak Allocated Bytes 54 B
      Overflow Count 0
    [ALLOC_TEMP_Background Job.Worker 4]
      Initial Block Size 32.0 KB
      Current Block Size 32.0 KB
      Peak Allocated Bytes 54 B
      Overflow Count 0
    [ALLOC_TEMP_BatchDeleteObjects]
      Initial Block Size 64.0 KB
      Current Block Size 64.0 KB
      Peak Allocated Bytes 54 B
      Overflow Count 0
[ALLOC_DEFAULT] Dual Thread Allocator
  Peak main deferred allocation count 42596
    [ALLOC_BUCKET]
      Large Block size 4.0 MB
      Used Block count 1
      Peak Allocated bytes 4.0 MB
      Failed Allocations. Bucket layout:
        16B: 4 Subsections = 4096 buckets. Failed count: 58859
        32B: 34 Subsections = 17408 buckets. Failed count: 100025
        48B: 49 Subsections = 16725 buckets. Failed count: 163715
        64B: 40 Subsections = 10240 buckets. Failed count: 53806
        80B: 85 Subsections = 17408 buckets. Failed count: 41545
        96B: 28 Subsections = 4778 buckets. Failed count: 46060
        112B: 10 Subsections = 1462 buckets. Failed count: 18366
        128B: 6 Subsections = 768 buckets. Failed count: 17681
    [ALLOC_DEFAULT_MAIN]
      Peak usage frame count: [16.0 MB-32.0 MB]: 998 frames, [32.0 MB-64.0 MB]: 1 frames, [128.0 MB-256.0 MB]: 5165 frames, [256.0 MB-0.50 GB]: 1905 frames
      Requested Block Size 16.0 MB
      Peak Block count 16
      Peak Allocated memory 272.7 MB
      Peak Large allocation bytes 31.2 MB
    [ALLOC_DEFAULT_THREAD]
      Peak usage frame count: [8.0 MB-16.0 MB]: 1102 frames, [16.0 MB-32.0 MB]: 26 frames, [32.0 MB-64.0 MB]: 2533 frames, [64.0 MB-128.0 MB]: 4408 frames
      Requested Block Size 16.0 MB
      Peak Block count 6
      Peak Allocated memory 80.5 MB
      Peak Large allocation bytes 10.0 MB
[ALLOC_TEMP_JOB_1_FRAME]
  Initial Block Size 2.0 MB
  Used Block Count 0
  Overflow Count (too large) 0
  Overflow Count (full) 0
[ALLOC_TEMP_JOB_2_FRAMES]
  Initial Block Size 2.0 MB
  Used Block Count 0
  Overflow Count (too large) 0
  Overflow Count (full) 0
[ALLOC_TEMP_JOB_4_FRAMES (JobTemp)]
  Initial Block Size 2.0 MB
  Used Block Count 1
  Overflow Count (too large) 0
  Overflow Count (full) 0
[ALLOC_TEMP_JOB_ASYNC (Background)]
  Initial Block Size 1.0 MB
  Used Block Count 1
  Overflow Count (too large) 0
  Overflow Count (full) 0
[ALLOC_GFX] Dual Thread Allocator
  Peak main deferred allocation count 32
    [ALLOC_BUCKET]
      Large Block size 4.0 MB
      Used Block count 1
      Peak Allocated bytes 4.0 MB
      Failed Allocations. Bucket layout:
        16B: 4 Subsections = 4096 buckets. Failed count: 58859
        32B: 34 Subsections = 17408 buckets. Failed count: 100025
        48B: 49 Subsections = 16725 buckets. Failed count: 163715
        64B: 40 Subsections = 10240 buckets. Failed count: 53806
        80B: 85 Subsections = 17408 buckets. Failed count: 41545
        96B: 28 Subsections = 4778 buckets. Failed count: 46060
        112B: 10 Subsections = 1462 buckets. Failed count: 18366
        128B: 6 Subsections = 768 buckets. Failed count: 17681
    [ALLOC_GFX_MAIN]
      Peak usage frame count: [64.0 KB-128.0 KB]: 1 frames, [2.0 MB-4.0 MB]: 3659 frames, [32.0 MB-64.0 MB]: 4408 frames, [256.0 MB-0.50 GB]: 1 frames
      Requested Block Size 16.0 MB
      Peak Block count 4
      Peak Allocated memory 387.1 MB
      Peak Large allocation bytes 383.6 MB
    [ALLOC_GFX_THREAD]
      Peak usage frame count: [0-1.0 KB]: 1001 frames, [1.0 KB-2.0 KB]: 2660 frames, [8.0 KB-16.0 KB]: 1 frames, [32.0 KB-64.0 KB]: 2502 frames, [64.0 KB-128.0 KB]: 1905 frames
      Requested Block Size 16.0 MB
      Peak Block count 1
      Peak Allocated memory 91.1 KB
      Peak Large allocation bytes 0 B
[ALLOC_CACHEOBJECTS] Dual Thread Allocator
  Peak main deferred allocation count 109
    [ALLOC_BUCKET]
      Large Block size 4.0 MB
      Used Block count 1
      Peak Allocated bytes 4.0 MB
      Failed Allocations. Bucket layout:
        16B: 4 Subsections = 4096 buckets. Failed count: 58859
        32B: 34 Subsections = 17408 buckets. Failed count: 100025
        48B: 49 Subsections = 16725 buckets. Failed count: 163715
        64B: 40 Subsections = 10240 buckets. Failed count: 53806
        80B: 85 Subsections = 17408 buckets. Failed count: 41545
        96B: 28 Subsections = 4778 buckets. Failed count: 46060
        112B: 10 Subsections = 1462 buckets. Failed count: 18366
        128B: 6 Subsections = 768 buckets. Failed count: 17681
    [ALLOC_CACHEOBJECTS_MAIN]
      Peak usage frame count: [4.0 MB-8.0 MB]: 1 frames, [8.0 MB-16.0 MB]: 998 frames, [16.0 MB-32.0 MB]: 7070 frames
      Requested Block Size 4.0 MB
      Peak Block count 5
      Peak Allocated memory 17.2 MB
      Peak Large allocation bytes 0 B
    [ALLOC_CACHEOBJECTS_THREAD]
      Peak usage frame count: [4.0 KB-8.0 KB]: 998 frames, [32.0 KB-64.0 KB]: 1 frames, [64.0 KB-128.0 KB]: 7068 frames, [256.0 KB-0.5 MB]: 1 frames, [0.5 MB-1.0 MB]: 1 frames
      Requested Block Size 4.0 MB
      Peak Block count 1
      Peak Allocated memory 0.6 MB
      Peak Large allocation bytes 0 B
[ALLOC_TYPETREE] Dual Thread Allocator
  Peak main deferred allocation count 0
    [ALLOC_BUCKET]
      Large Block size 4.0 MB
      Used Block count 1
      Peak Allocated bytes 4.0 MB
      Failed Allocations. Bucket layout:
        16B: 4 Subsections = 4096 buckets. Failed count: 58859
        32B: 34 Subsections = 17408 buckets. Failed count: 100025
        48B: 49 Subsections = 16725 buckets. Failed count: 163715
        64B: 40 Subsections = 10240 buckets. Failed count: 53806
        80B: 85 Subsections = 17408 buckets. Failed count: 41545
        96B: 28 Subsections = 4778 buckets. Failed count: 46060
        112B: 10 Subsections = 1462 buckets. Failed count: 18366
        128B: 6 Subsections = 768 buckets. Failed count: 17681
    [ALLOC_TYPETREE_MAIN]
      Peak usage frame count: [4.0 KB-8.0 KB]: 1 frames, [8.0 KB-16.0 KB]: 998 frames, [32.0 KB-64.0 KB]: 7070 frames
      Requested Block Size 2.0 MB
      Peak Block count 1
      Peak Allocated memory 49.8 KB
      Peak Large allocation bytes 0 B
    [ALLOC_TYPETREE_THREAD]
      Peak usage frame count: [0-1.0 KB]: 8069 frames
      Requested Block Size 2.0 MB
      Peak Block count 0
      Peak Allocated memory 0 B
      Peak Large allocation bytes 0 B
