Mono path[0] = 'C:/Program Files (x86)/Steam/steamapps/common/RimWorld/RimWorldWin64_Data/Managed'
Mono config path = 'C:/Program Files (x86)/Steam/steamapps/common/RimWorld/MonoBleedingEdge/etc'
[PhysX] Initialized MultithreadedTaskDispatcher with 12 workers.
Initialize engine version: 2022.3.35f1 (011206c7a712)
[Subsystems] Discovering subsystems at path C:/Program Files (x86)/Steam/steamapps/common/RimWorld/RimWorldWin64_Data/UnitySubsystems
GfxDevice: creating device client; threaded=1; jobified=0
Direct3D:
    Version:  Direct3D 11.0 [level 11.1]
    Renderer: NVIDIA GeForce RTX 3070 (ID=0x2484)
    Vendor:   NVIDIA
    VRAM:     8018 MB
    Driver:   32.0.15.9579
Begin MonoManager ReloadAssembly
- Loaded All Assemblies, in  0.140 seconds
- Finished resetting the current domain, in  0.001 seconds
<RI> Initializing input.
<RI> Input initialized.
<RI> Initialized touch support.
[PhysX] Initialized MultithreadedTaskDispatcher with 12 workers.
UnloadTime: 1.122700 ms
Command line arguments: -quicktest -savedatafolder=C:\Users\Public\Documents\ESTsoft\CreatorTemp\hd-tactical-analysis\unprofiled-low-control -hdRaidMovementAudit=C:\Users\Public\Documents\ESTsoft\CreatorTemp\hd-tactical-analysis\unprofiled-low-control\measurements.ndjson -hdRaidMovementAuditCases=19,15 -hdRaidMovementAuditSeed=hd-perf-20261007 -hdRaidMovementAuditLow=true -hdRaidMovementAuditWarmup=600 -hdRaidMovementAuditSample=1200 -hdRaidMovementAuditFunctionalDisabled=true -hdRaidSpawnAuditDisabled=true -hdMethodProfileDisabled=true -hdMethodProfileCpu=true -hdMethodProfileAuto=true -hdMethodProfilePreset=coarse -hdMethodProfileTargetsDisabled=true -logFile C:\Users\Public\Documents\ESTsoft\CreatorTemp\hd-tactical-analysis\unprofiled-low-control\Player.log -screen-width 800 -screen-height 600 -screen-fullscreen 0
RimWorld 1.6.4871 rev591
Save data folder overridden to C:\Users\Public\Documents\ESTsoft\CreatorTemp\hd-tactical-analysis\unprofiled-low-control
Mod Helodrace - Combat Extended dependency (BlueBackedFish.Helodrace.Main) needs to have <downloadUrl> and/or <steamWorkshopUrl> specified.
Mod Helodrace - Facial Animation dependency (Nals.FacialAnimation) needs to have <downloadUrl> and/or <steamWorkshopUrl> specified.
Mod Helodrace - Facial Animation dependency (BlueBackedFish.Helodrace.Main) needs to have <downloadUrl> and/or <steamWorkshopUrl> specified.
Mod Helodrace - Lobos Arsenal dependency (bluebackedfish.helodrace.main) needs to have <downloadUrl> and/or <steamWorkshopUrl> specified.
Mod Helodrace - Lobos Arsenal dependency (smashphil.vehicleframework) needs to have <downloadUrl> and/or <steamWorkshopUrl> specified.
Mod Kilo's RJW retexture dependency (rim.job.world) needs to have <downloadUrl> and/or <steamWorkshopUrl> specified.
Mod RJW-SexSlaveCraft dependency (rim.job.world) needs to have <downloadUrl> and/or <steamWorkshopUrl> specified.
Mod RJW-SexSlaveCraft dependency (brrainz.harmony) needs to have <downloadUrl> and/or <steamWorkshopUrl> specified.
Mod Mechanoid Milk dependency (brrainz.harmony) needs to have <downloadUrl> and/or <steamWorkshopUrl> specified.
Mod RimTalk+The Forbbiden One dependency (rim.job.world) needs to have <downloadUrl> and/or <steamWorkshopUrl> specified.
Mod Maidnoid CE Patch dependency (silversol.consti) needs to have <downloadUrl> and/or <steamWorkshopUrl> specified.
Mod Maidnoid CE Patch dependency (CETeam.CombatExtended) needs to have <downloadUrl> and/or <steamWorkshopUrl> specified.
Mod RimThunder - Westline Green (CE Edition) dependency (CETeam.CombatExtended) needs to have <downloadUrl> and/or <steamWorkshopUrl> specified.
Mod RimThunder - Westline Green (CE Edition) dependency (SmashPhil.VehicleFramework) needs to have <downloadUrl> and/or <steamWorkshopUrl> specified.
Mod Wood's Muzzle Flash for Cinders of the Embergarden has a dependency (issaczhuang.muzzleflash) with empty display name.
Mod Wood's Muzzle Flash for Cinders of the Embergarden dependency (issaczhuang.muzzleflash) needs to have <downloadUrl> and/or <steamWorkshopUrl> specified.
Mod Wood's Muzzle Flash for Cinders of the Embergarden has a dependency (BreadMo.Cinders) with empty display name.
Mod Wood's Muzzle Flash for Cinders of the Embergarden dependency (BreadMo.Cinders) needs to have <downloadUrl> and/or <steamWorkshopUrl> specified.
Mod korossa CE patch dependency (gyun.0.6.3.1) needs to have <downloadUrl> and/or <steamWorkshopUrl> specified.
Fallback handler could not load library C:/Program Files (x86)/Steam/steamapps/common/RimWorld/RimWorldWin64_Data/MonoBleedingEdge/data-0000020509A53040.dll
Fallback handler could not load library C:/Program Files (x86)/Steam/steamapps/common/RimWorld/RimWorldWin64_Data/MonoBleedingEdge/data-000002050F990120.dll
Helodrace Mod loaded.
Tried to load duplicate UnityEngine.Texture2D with path: FilesystemFile [C:\Program Files (x86)\Steam\steamapps\common\RimWorld\Mods\HelodRace-Main\Textures\Helod\Bodies\Naked_Baby_east.psd], Length 285496 and internal path: Helod/Bodies/Naked_Baby_east
Tried to load duplicate UnityEngine.Texture2D with path: FilesystemFile [C:\Program Files (x86)\Steam\steamapps\common\RimWorld\Mods\HelodRace-Main\Textures\Helod\Bodies\Naked_Baby_north.psd], Length 226210 and internal path: Helod/Bodies/Naked_Baby_north
Tried to load duplicate UnityEngine.Texture2D with path: FilesystemFile [C:\Program Files (x86)\Steam\steamapps\common\RimWorld\Mods\HelodRace-Main\Textures\Helod\Bodies\Naked_Baby_south.psd], Length 294172 and internal path: Helod/Bodies/Naked_Baby_south
Tried to load duplicate UnityEngine.Texture2D with path: FilesystemFile [C:\Program Files (x86)\Steam\steamapps\common\RimWorld\Mods\HelodRace-Main\Textures\Helod\Bodies\Naked_Child_east.psd], Length 665302 and internal path: Helod/Bodies/Naked_Child_east
Tried to load duplicate UnityEngine.Texture2D with path: FilesystemFile [C:\Program Files (x86)\Steam\steamapps\common\RimWorld\Mods\HelodRace-Main\Textures\Helod\Bodies\Naked_Child_north.psd], Length 748750 and internal path: Helod/Bodies/Naked_Child_north
Tried to load duplicate UnityEngine.Texture2D with path: FilesystemFile [C:\Program Files (x86)\Steam\steamapps\common\RimWorld\Mods\HelodRace-Main\Textures\Helod\Bodies\Naked_Child_south.psd], Length 570863 and internal path: Helod/Bodies/Naked_Child_south
Tried to load duplicate UnityEngine.Texture2D with path: FilesystemFile [C:\Program Files (x86)\Steam\steamapps\common\RimWorld\Mods\HelodRace-Main\Textures\Helod\Bodies\Naked_Female_east.psd], Length 12273496 and internal path: Helod/Bodies/Naked_Female_east
Tried to load duplicate UnityEngine.Texture2D with path: FilesystemFile [C:\Program Files (x86)\Steam\steamapps\common\RimWorld\Mods\HelodRace-Main\Textures\Helod\Bodies\Naked_Female_north.psd], Length 11639899 and internal path: Helod/Bodies/Naked_Female_north
Tried to load duplicate UnityEngine.Texture2D with path: FilesystemFile [C:\Program Files (x86)\Steam\steamapps\common\RimWorld\Mods\HelodRace-Main\Textures\Helod\Bodies\Naked_Female_south.psd], Length 12147713 and internal path: Helod/Bodies/Naked_Female_south
Tried to load duplicate UnityEngine.Texture2D with path: FilesystemFile [C:\Program Files (x86)\Steam\steamapps\common\RimWorld\Mods\HelodRace-Main\Textures\Helod\Hair\헤롤드 헤어_east.psd], Length 8518682 and internal path: Helod/Hair/헤롤드 헤어_east
Tried to load duplicate UnityEngine.Texture2D with path: FilesystemFile [C:\Program Files (x86)\Steam\steamapps\common\RimWorld\Mods\HelodRace-Main\Textures\Helod\Tails\HelodTail_Baby_east.psd], Length 66566 and internal path: Helod/Tails/HelodTail_Baby_east
Tried to load duplicate UnityEngine.Texture2D with path: FilesystemFile [C:\Program Files (x86)\Steam\steamapps\common\RimWorld\Mods\HelodRace-Main\Textures\Helod\Tails\HelodTail_Baby_north.psd], Length 138604 and internal path: Helod/Tails/HelodTail_Baby_north
Tried to load duplicate UnityEngine.Texture2D with path: FilesystemFile [C:\Program Files (x86)\Steam\steamapps\common\RimWorld\Mods\HelodRace-Main\Textures\Helod\Tails\HelodTail_Baby_south.psd], Length 133706 and internal path: Helod/Tails/HelodTail_Baby_south
Tried to load duplicate UnityEngine.Texture2D with path: FilesystemFile [C:\Program Files (x86)\Steam\steamapps\common\RimWorld\Mods\HelodRace-Main\Textures\Helod\Tails\HelodTail_Child_east.psd], Length 307461 and internal path: Helod/Tails/HelodTail_Child_east
Tried to load duplicate UnityEngine.Texture2D with path: FilesystemFile [C:\Program Files (x86)\Steam\steamapps\common\RimWorld\Mods\HelodRace-Main\Textures\Helod\Tails\HelodTail_Child_north.psd], Length 248350 and internal path: Helod/Tails/HelodTail_Child_north
Tried to load duplicate UnityEngine.Texture2D with path: FilesystemFile [C:\Program Files (x86)\Steam\steamapps\common\RimWorld\Mods\HelodRace-Main\Textures\Helod\Tails\HelodTail_Child_south.psd], Length 218174 and internal path: Helod/Tails/HelodTail_Child_south
Tried to load duplicate UnityEngine.Texture2D with path: FilesystemFile [C:\Program Files (x86)\Steam\steamapps\common\RimWorld\Mods\HelodRace-Main\Textures\Helod\Tails\HelodTail_east.psd], Length 172600 and internal path: Helod/Tails/HelodTail_east
Tried to load duplicate UnityEngine.Texture2D with path: FilesystemFile [C:\Program Files (x86)\Steam\steamapps\common\RimWorld\Mods\HelodRace-Main\Textures\Helod\Tails\HelodTail_north.psd], Length 167307 and internal path: Helod/Tails/HelodTail_north
Tried to load duplicate UnityEngine.Texture2D with path: FilesystemFile [C:\Program Files (x86)\Steam\steamapps\common\RimWorld\Mods\HelodRace-Main\Textures\Helod\Tails\HelodTail_south.psd], Length 144266 and internal path: Helod/Tails/HelodTail_south
Tried to load duplicate UnityEngine.Texture2D with path: FilesystemFile [C:\Program Files (x86)\Steam\steamapps\common\RimWorld\Mods\HelodRace-Main\Textures\Helod\Ears\Left\Ear1Left_east.psd], Length 250880 and internal path: Helod/Ears/Left/Ear1Left_east
Tried to load duplicate UnityEngine.Texture2D with path: FilesystemFile [C:\Program Files (x86)\Steam\steamapps\common\RimWorld\Mods\HelodRace-Main\Textures\Helod\Ears\Left\Ear1Left_north.psd], Length 177974 and internal path: Helod/Ears/Left/Ear1Left_north
Tried to load duplicate UnityEngine.Texture2D with path: FilesystemFile [C:\Program Files (x86)\Steam\steamapps\common\RimWorld\Mods\HelodRace-Main\Textures\Helod\Ears\Left\Ear1Left_south.psd], Length 249351 and internal path: Helod/Ears/Left/Ear1Left_south
Tried to load duplicate UnityEngine.Texture2D with path: FilesystemFile [C:\Program Files (x86)\Steam\steamapps\common\RimWorld\Mods\HelodRace-Main\Textures\Helod\Ears\Right\Ear1Right_east.psd], Length 200309 and internal path: Helod/Ears/Right/Ear1Right_east
Tried to load duplicate UnityEngine.Texture2D with path: FilesystemFile [C:\Program Files (x86)\Steam\steamapps\common\RimWorld\Mods\HelodRace-Main\Textures\Helod\VanillaApparel\WarMask\WarMask_east.psd], Length 42343 and internal path: Helod/VanillaApparel/WarMask/WarMask_east
Tried to load duplicate UnityEngine.Texture2D with path: FilesystemFile [C:\Program Files (x86)\Steam\steamapps\common\RimWorld\Mods\HelodRace-Main\Textures\Helod\VanillaApparel\WarMask\WarMask_north.psd], Length 44570 and internal path: Helod/VanillaApparel/WarMask/WarMask_north
Tried to load duplicate UnityEngine.Texture2D with path: FilesystemFile [C:\Program Files (x86)\Steam\steamapps\common\RimWorld\Mods\HelodRace-Main\Textures\Helod\VanillaApparel\WarMask\WarMask_south.psd], Length 49701 and internal path: Helod/VanillaApparel/WarMask/WarMask_south
Tried to load duplicate UnityEngine.Texture2D with path: FilesystemFile [C:\Program Files (x86)\Steam\steamapps\common\RimWorld\Mods\HelodRace-Main\Textures\Helod\VanillaApparel\Royalty\BroadshieldPack\BroadshieldPack_east.psd], Length 107860 and internal path: Helod/VanillaApparel/Royalty/BroadshieldPack/BroadshieldPack_east
Tried to load duplicate UnityEngine.Texture2D with path: FilesystemFile [C:\Program Files (x86)\Steam\steamapps\common\RimWorld\Mods\HelodRace-Main\Textures\Helod\VanillaApparel\Royalty\CorsetRoyal\CorsetRoyal_Female_east.psd], Length 34097 and internal path: Helod/VanillaApparel/Royalty/CorsetRoyal/CorsetRoyal_Female_east
Tried to load duplicate UnityEngine.Texture2D with path: FilesystemFile [C:\Program Files (x86)\Steam\steamapps\common\RimWorld\Mods\HelodRace-Main\Textures\Helod\VanillaApparel\Royalty\CorsetRoyal\CorsetRoyal_Female_north.psd], Length 36637 and internal path: Helod/VanillaApparel/Royalty/CorsetRoyal/CorsetRoyal_Female_north
Tried to load duplicate UnityEngine.Texture2D with path: FilesystemFile [C:\Program Files (x86)\Steam\steamapps\common\RimWorld\Mods\HelodRace-Main\Textures\Helod\VanillaApparel\Royalty\CorsetRoyal\CorsetRoyal_Female_south.psd], Length 35355 and internal path: Helod/VanillaApparel/Royalty/CorsetRoyal/CorsetRoyal_Female_south
Tried to load duplicate UnityEngine.Texture2D with path: FilesystemFile [C:\Program Files (x86)\Steam\steamapps\common\RimWorld\Mods\HelodRace-Main\Textures\Helod\VanillaApparel\Royalty\Crown\Crown_east.psd], Length 41419 and internal path: Helod/VanillaApparel/Royalty/Crown/Crown_east
Tried to load duplicate UnityEngine.Texture2D with path: FilesystemFile [C:\Program Files (x86)\Steam\steamapps\common\RimWorld\Mods\HelodRace-Main\Textures\Helod\VanillaApparel\Royalty\Crown\Crown_north.psd], Length 41325 and internal path: Helod/VanillaApparel/Royalty/Crown/Crown_north
Tried to load duplicate UnityEngine.Texture2D with path: FilesystemFile [C:\Program Files (x86)\Steam\steamapps\common\RimWorld\Mods\HelodRace-Main\Textures\Helod\VanillaApparel\Royalty\Crown\Crown_south.psd], Length 40081 and internal path: Helod/VanillaApparel/Royalty/Crown/Crown_south
Tried to load duplicate UnityEngine.Texture2D with path: FilesystemFile [C:\Program Files (x86)\Steam\steamapps\common\RimWorld\Mods\HelodRace-Main\Textures\Helod\VanillaApparel\Royalty\CrownStellic\CrownStellic_east.psd], Length 46723 and internal path: Helod/VanillaApparel/Royalty/CrownStellic/CrownStellic_east
Tried to load duplicate UnityEngine.Texture2D with path: FilesystemFile [C:\Program Files (x86)\Steam\steamapps\common\RimWorld\Mods\HelodRace-Main\Textures\Helod\VanillaApparel\Royalty\CrownStellic\CrownStellic_north.psd], Length 67651 and internal path: Helod/VanillaApparel/Royalty/CrownStellic/CrownStellic_north
Tried to load duplicate UnityEngine.Texture2D with path: FilesystemFile [C:\Program Files (x86)\Steam\steamapps\common\RimWorld\Mods\HelodRace-Main\Textures\Helod\VanillaApparel\Royalty\CrownStellic\CrownStellic_south.psd], Length 62684 and internal path: Helod/VanillaApparel/Royalty/CrownStellic/CrownStellic_south
Could not load Texture2D at 'Weapons/Modular/Ammunition/HD_Ammunition_556M855A1_Ammo' for def 'HD_ModularPart_Ammunition_762M80_Part' in any active mod or in base resources.
MatFrom with null sourceTex.
Could not load Texture2D at 'Weapons/Modular/Ammunition/HD_Ammunition_919M882_Ammo' for def 'HD_ModularPart_Ammunition_919M882_P320_Part' in any active mod or in base resources.
MatFrom with null sourceTex.
Could not load Texture2D at 'Weapons/Modular/Ammunition/HD_Ammunition_556M855A1_Ammo' for def 'HD_Ammunition_556M855A1_Ammo' in any active mod or in base resources.
MatFrom with null sourceTex.
Could not load Texture2D at 'Weapons/Modular/Ammunition/HD_Ammunition_919M882_Ammo' for def 'HD_Ammunition_919M882_Ammo' in any active mod or in base resources.
MatFrom with null sourceTex.
Could not load Texture2D at 'Weapons/Modular/Ammunition/HD_Ammunition_76251M80A1_Ammo' for def 'HD_Ammunition_76251M80A1_Ammo' in any active mod or in base resources.
MatFrom with null sourceTex.
[Helodrace] Standalone race initialized: 9 heads, 41 apparel graphics, 133 operations.
[HD Cigarette] diagnostics enabled. DrawCarriedThing prefix active=True, assembly=C:\Program Files (x86)\Steam\steamapps\common\RimWorld\Mods\HelodRace-Main\Assemblies\Helodrace.dll
Helodrace initialized. Removed quality comp from 39 Helodrace guns.
Unloading 5 Unused Serialized files (Serialized files now loaded: 5)
Unloading 135 unused Assets to reduce memory usage. Loaded Objects now: 29115.
Total: 239.879900 ms (FindLiveObjects: 1.285200 ms CreateObjectMapping: 2.190900 ms MarkObjects: 235.957000 ms  DeleteObjects: 0.446500 ms)

Unloading 3 Unused Serialized files (Serialized files now loaded: 5)
[PhysX] Initialized MultithreadedTaskDispatcher with 12 workers.
UnloadTime: 0.837500 ms
Unloading 2 unused Assets to reduce memory usage. Loaded Objects now: 29139.
Total: 246.330500 ms (FindLiveObjects: 1.509900 ms CreateObjectMapping: 2.509500 ms MarkObjects: 242.250700 ms  DeleteObjects: 0.060000 ms)

Initializing new game with mods:
  - brrainz.harmony
  - Ludeon.RimWorld
  - Ludeon.RimWorld.Royalty
  - Ludeon.RimWorld.Ideology
  - Ludeon.RimWorld.Biotech
  - Ludeon.RimWorld.Anomaly
  - Ludeon.RimWorld.Odyssey
  - BlueBackedFish.Helodrace.Main
Unloading 1 Unused Serialized files (Serialized files now loaded: 5)
Unloading 1 unused Assets to reduce memory usage. Loaded Objects now: 35715.
Total: 244.266200 ms (FindLiveObjects: 2.309500 ms CreateObjectMapping: 2.752200 ms MarkObjects: 239.103500 ms  DeleteObjects: 0.100700 ms)

Could not get new name (first rule pack: HD_NamerPersonHelod)
Could not get new name (first rule pack: HD_NamerPersonHelod)
Could not get new name (first rule pack: HD_NamerPersonHelod)
Raid audit case 19: count=400, tactical=True, speed=3
Raid audit sample: {"faction":"HD_HelodCivilLowFaction","actualPopulation":400,"mapFingerprint":"2DCA10EF6A532BA820CA2CFA41B18D21E564655193AC63E429759ED9D0135787","startPhases":"Assemble:37","radioOperators":0,"scenario":19,"population":400,"tactical":true,"speed":3,"TPS":51.539,"FPS":15.934,"moved":393,"alive":400,"warmupTicks":600,"sampleTicks":1200,"phases":"Assemble:36,EntryWait:1","successfulPlans":37,"planningService":{"pending":0,"slices":3631,"completed":37,"discarded":0,"budgetStops":36,"maxSliceMs":10.696},"executionService":{"pending":37,"updates":6198,"urgent":0,"budgetStops":214,"maxDelayTicks":27,"oldestDelayTicks":0,"maxUnitMs":63.251},"orderReviews":{"count":23104,"maxDelayTicks":1},"unstartedMoves":"unstarted moves=0 max age=0 ticks reasons=","unstartedMoveDetails":"","passageTraffic":{"waiting":0},"queueMaintenance":{"cleanupPasses":11,"leasePrunePasses":43},"planningWork":{"maxBreachChecks":1,"maxRouteSteps":41,"limitedPlans":0},"failedPlans":"","nativeBytes":500000,"peakNativeBytes":500000,"cacheCumulative":{"created":4,"hits":1038,"evictions":0,"memoryWaits":0,"peakPending":1,"notifications":14},"cancelledPreparations":0,"peakWaitFrames":1,"pending":0,"blocked":"OpeningQueue:389,None:11","preparationServicePasses":4,"cpuCumulative":"FPS=15.9 TPS=51.5 worst execution/frame=14.318 ms managed heap=512.5 MiB GC=5/5/5\r\n  CPU Planning: n=0 sum=0.0 p50/p95/p99=0.000/0.000/0.000 max=0.000 ms\r\n  CPU Observation: n=4375 sum=311.4 p50/p95/p99=0.000/0.551/0.870 max=1.940 ms\r\n  CPU LocalMap: n=56 sum=17.6 p50/p95/p99=0.254/0.397/1.711 max=1.711 ms\r\n  CPU Formation: n=61 sum=6.3 p50/p95/p99=0.071/0.204/0.275 max=0.275 ms\r\n  CPU Orders: n=15159 sum=208.1 p50/p95/p99=0.009/0.011/0.015 max=13.785 ms\r\n  CPU Execution: n=4375 sum=834.9 p50/p95/p99=0.018/0.787/1.200 max=14.091 ms\r\n  CPU Navigation: n=0 sum=0.0 p50/p95/p99=0.000/0.000/0.000 max=0.000 ms\r\n  CPU BreachSearch: n=0 sum=0.0 p50/p95/p99=0.000/0.000/0.000 max=0.000 ms\r\n  CPU RouteSearch: n=0 sum=0.0 p50/p95/p99=0.000/0.000/0.000 max=0.000 ms\r\n  CPU OpeningQueue: n=1441 sum=338.8 p50/p95/p99=0.190/0.346/1.875 max=13.993 ms\r\n  CPU GameTick: n=1200 sum=20483.3 p50/p95/p99=15.827/25.996/32.489 max=43.135 ms\r\n  CPU ExecutionMaintenance: n=20 sum=8.7 p50/p95/p99=0.386/0.544/1.113 max=1.113 ms\r\n  Goto request/start ticks: n=293 p50/p95/p99=0/0/35 max=406\r\n"}
Raid audit case 15: count=0, tactical=True, speed=3
Raid audit sample: {"faction":"HD_HelodCivilLowFaction","actualPopulation":0,"mapFingerprint":"2DCA10EF6A532BA820CA2CFA41B18D21E564655193AC63E429759ED9D0135787","startPhases":"","radioOperators":0,"scenario":15,"population":0,"tactical":true,"speed":3,"TPS":180.026,"FPS":59.959,"moved":0,"alive":0,"warmupTicks":600,"sampleTicks":1200,"phases":"","successfulPlans":0,"planningService":{"pending":0,"slices":3631,"completed":37,"discarded":0,"budgetStops":36,"maxSliceMs":10.696},"executionService":{"pending":0,"updates":6413,"urgent":0,"budgetStops":214,"maxDelayTicks":27,"oldestDelayTicks":0,"maxUnitMs":63.251},"orderReviews":{"count":23504,"maxDelayTicks":1},"unstartedMoves":"unstarted moves=0 max age=0 ticks reasons=","unstartedMoveDetails":"","passageTraffic":{"waiting":0},"queueMaintenance":{"cleanupPasses":11,"leasePrunePasses":43},"planningWork":{"maxBreachChecks":0,"maxRouteSteps":0,"limitedPlans":0},"failedPlans":"","nativeBytes":500000,"peakNativeBytes":500000,"cacheCumulative":{"created":4,"hits":1038,"evictions":0,"memoryWaits":0,"peakPending":1,"notifications":14},"cancelledPreparations":0,"peakWaitFrames":1,"pending":0,"blocked":"","preparationServicePasses":0,"cpuCumulative":"FPS=59.9 TPS=180.4 worst execution/frame=0.000 ms managed heap=534.8 MiB GC=1/1/1\r\n  CPU Planning: n=0 sum=0.0 p50/p95/p99=0.000/0.000/0.000 max=0.000 ms\r\n  CPU Observation: n=0 sum=0.0 p50/p95/p99=0.000/0.000/0.000 max=0.000 ms\r\n  CPU LocalMap: n=0 sum=0.0 p50/p95/p99=0.000/0.000/0.000 max=0.000 ms\r\n  CPU Formation: n=0 sum=0.0 p50/p95/p99=0.000/0.000/0.000 max=0.000 ms\r\n  CPU Orders: n=0 sum=0.0 p50/p95/p99=0.000/0.000/0.000 max=0.000 ms\r\n  CPU Execution: n=0 sum=0.0 p50/p95/p99=0.000/0.000/0.000 max=0.000 ms\r\n  CPU Navigation: n=0 sum=0.0 p50/p95/p99=0.000/0.000/0.000 max=0.000 ms\r\n  CPU BreachSearch: n=0 sum=0.0 p50/p95/p99=0.000/0.000/0.000 max=0.000 ms\r\n  CPU RouteSearch: n=0 sum=0.0 p50/p95/p99=0.000/0.000/0.000 max=0.000 ms\r\n  CPU OpeningQueue: n=0 sum=0.0 p50/p95/p99=0.000/0.000/0.000 max=0.000 ms\r\n  CPU GameTick: n=1201 sum=843.5 p50/p95/p99=0.697/1.136/1.366 max=1.798 ms\r\n  CPU ExecutionMaintenance: n=20 sum=0.4 p50/p95/p99=0.018/0.025/0.025 max=0.025 ms\r\n  Goto request/start ticks: n=0 p50/p95/p99=0/0/0 max=0\r\n"}
Memory Statistics:
[ALLOC_TEMP_TLS] TLS Allocator
  StackAllocators : 
    [ALLOC_TEMP_MAIN]
      Peak usage frame count: [0-1.0 KB]: 3604 frames, [1.0 KB-2.0 KB]: 3 frames, [2.0 KB-4.0 KB]: 1146 frames, [4.0 KB-8.0 KB]: 10 frames, [8.0 KB-16.0 KB]: 1 frames, [64.0 KB-128.0 KB]: 3 frames, [128.0 KB-256.0 KB]: 1 frames, [2.0 MB-4.0 MB]: 3 frames, [4.0 MB-8.0 MB]: 1 frames
      Initial Block Size 4.0 MB
      Current Block Size 4.1 MB
      Peak Allocated Bytes 4.1 MB
      Overflow Count 1
    [ALLOC_TEMP_Loading.AsyncRead]
      Initial Block Size 64.0 KB
      Current Block Size 120.0 KB
      Peak Allocated Bytes 117.2 KB
      Overflow Count 0
    [ALLOC_TEMP_Loading.PreloadManager]
      Initial Block Size 256.0 KB
      Current Block Size 256.0 KB
      Peak Allocated Bytes 3.8 KB
      Overflow Count 8
    [ALLOC_TEMP_Background Job.Worker 8]
      Initial Block Size 32.0 KB
      Current Block Size 32.0 KB
      Peak Allocated Bytes 54 B
      Overflow Count 0
    [ALLOC_TEMP_Job.Worker 6]
      Initial Block Size 256.0 KB
      Current Block Size 256.0 KB
      Peak Allocated Bytes 176 B
      Overflow Count 0
    [ALLOC_TEMP_Job.Worker 0]
      Initial Block Size 256.0 KB
      Current Block Size 256.0 KB
      Peak Allocated Bytes 176 B
      Overflow Count 0
    [ALLOC_TEMP_Background Job.Worker 10]
      Initial Block Size 32.0 KB
      Current Block Size 32.0 KB
      Peak Allocated Bytes 54 B
      Overflow Count 0
    [ALLOC_TEMP_Background Job.Worker 9]
      Initial Block Size 32.0 KB
      Current Block Size 32.0 KB
      Peak Allocated Bytes 54 B
      Overflow Count 0
    [ALLOC_TEMP_Job.Worker 5]
      Initial Block Size 256.0 KB
      Current Block Size 256.0 KB
      Peak Allocated Bytes 176 B
      Overflow Count 0
    [ALLOC_TEMP_Background Job.Worker 14]
      Initial Block Size 32.0 KB
      Current Block Size 32.0 KB
      Peak Allocated Bytes 54 B
      Overflow Count 0
    [ALLOC_TEMP_Background Job.Worker 6]
      Initial Block Size 32.0 KB
      Current Block Size 32.0 KB
      Peak Allocated Bytes 54 B
      Overflow Count 0
    [ALLOC_TEMP_Job.Worker 4]
      Initial Block Size 256.0 KB
      Current Block Size 256.0 KB
      Peak Allocated Bytes 176 B
      Overflow Count 0
    [ALLOC_TEMP_Job.Worker 3]
      Initial Block Size 256.0 KB
      Current Block Size 256.0 KB
      Peak Allocated Bytes 160 B
      Overflow Count 0
    [ALLOC_TEMP_Background Job.Worker 12]
      Initial Block Size 32.0 KB
      Current Block Size 32.0 KB
      Peak Allocated Bytes 54 B
      Overflow Count 0
    [ALLOC_TEMP_EnlightenWorker] x 6
      Initial Block Size 64.0 KB
      Current Block Size 64.0 KB
      Peak Allocated Bytes 54 B
      Overflow Count 0
    [ALLOC_TEMP_Background Job.Worker 15]
      Initial Block Size 32.0 KB
      Current Block Size 32.0 KB
      Peak Allocated Bytes 54 B
      Overflow Count 0
    [ALLOC_TEMP_Background Job.Worker 1]
      Initial Block Size 32.0 KB
      Current Block Size 32.0 KB
      Peak Allocated Bytes 54 B
      Overflow Count 0
    [ALLOC_TEMP_Background Job.Worker 2]
      Initial Block Size 32.0 KB
      Current Block Size 32.0 KB
      Peak Allocated Bytes 54 B
      Overflow Count 0
    [ALLOC_TEMP_Background Job.Worker 7]
      Initial Block Size 32.0 KB
      Current Block Size 32.0 KB
      Peak Allocated Bytes 54 B
      Overflow Count 0
    [ALLOC_TEMP_UnityGfxDeviceWorker]
      Initial Block Size 256.0 KB
      Current Block Size 256.0 KB
      Peak Allocated Bytes 10.3 KB
      Overflow Count 0
    [ALLOC_TEMP_AssetGarbageCollectorHelper] x 11
      Initial Block Size 64.0 KB
      Current Block Size 64.0 KB
      Peak Allocated Bytes 138 B
      Overflow Count 0
    [ALLOC_TEMP_Background Job.Worker 5]
      Initial Block Size 32.0 KB
      Current Block Size 32.0 KB
      Peak Allocated Bytes 54 B
      Overflow Count 0
    [ALLOC_TEMP_Job.Worker 9]
      Initial Block Size 256.0 KB
      Current Block Size 256.0 KB
      Peak Allocated Bytes 160 B
      Overflow Count 0
    [ALLOC_TEMP_Background Job.Worker 13]
      Initial Block Size 32.0 KB
      Current Block Size 32.0 KB
      Peak Allocated Bytes 54 B
      Overflow Count 0
    [ALLOC_TEMP_Job.Worker 8]
      Initial Block Size 256.0 KB
      Current Block Size 256.0 KB
      Peak Allocated Bytes 160 B
      Overflow Count 0
    [ALLOC_TEMP_Job.Worker 7]
      Initial Block Size 256.0 KB
      Current Block Size 256.0 KB
      Peak Allocated Bytes 160 B
      Overflow Count 0
    [ALLOC_TEMP_Job.Worker 1]
      Initial Block Size 256.0 KB
      Current Block Size 256.0 KB
      Peak Allocated Bytes 507 B
      Overflow Count 0
    [ALLOC_TEMP_Job.Worker 2]
      Initial Block Size 256.0 KB
      Current Block Size 256.0 KB
      Peak Allocated Bytes 480 B
      Overflow Count 0
    [ALLOC_TEMP_Background Job.Worker 3]
      Initial Block Size 32.0 KB
      Current Block Size 32.0 KB
      Peak Allocated Bytes 54 B
      Overflow Count 0
    [ALLOC_TEMP_Background Job.Worker 11]
      Initial Block Size 32.0 KB
      Current Block Size 32.0 KB
      Peak Allocated Bytes 54 B
      Overflow Count 0
    [ALLOC_TEMP_Job.Worker 10]
      Initial Block Size 256.0 KB
      Current Block Size 256.0 KB
      Peak Allocated Bytes 160 B
      Overflow Count 0
    [ALLOC_TEMP_Background Job.Worker 0]
      Initial Block Size 32.0 KB
      Current Block Size 32.0 KB
      Peak Allocated Bytes 54 B
      Overflow Count 0
    [ALLOC_TEMP_Background Job.Worker 4]
      Initial Block Size 32.0 KB
      Current Block Size 32.0 KB
      Peak Allocated Bytes 54 B
      Overflow Count 0
    [ALLOC_TEMP_BatchDeleteObjects]
      Initial Block Size 64.0 KB
      Current Block Size 64.0 KB
      Peak Allocated Bytes 54 B
      Overflow Count 0
[ALLOC_DEFAULT] Dual Thread Allocator
  Peak main deferred allocation count 30417
    [ALLOC_BUCKET]
      Large Block size 4.0 MB
      Used Block count 1
      Peak Allocated bytes 4.0 MB
      Failed Allocations. Bucket layout:
        16B: 4 Subsections = 4096 buckets. Failed count: 38822
        32B: 34 Subsections = 17408 buckets. Failed count: 88818
        48B: 49 Subsections = 16725 buckets. Failed count: 132768
        64B: 40 Subsections = 10240 buckets. Failed count: 40283
        80B: 85 Subsections = 17408 buckets. Failed count: 34731
        96B: 28 Subsections = 4778 buckets. Failed count: 45796
        112B: 10 Subsections = 1462 buckets. Failed count: 12791
        128B: 6 Subsections = 768 buckets. Failed count: 17600
    [ALLOC_DEFAULT_MAIN]
      Peak usage frame count: [16.0 MB-32.0 MB]: 997 frames, [32.0 MB-64.0 MB]: 1 frames, [128.0 MB-256.0 MB]: 3774 frames
      Requested Block Size 16.0 MB
      Peak Block count 15
      Peak Allocated memory 245.7 MB
      Peak Large allocation bytes 31.2 MB
    [ALLOC_DEFAULT_THREAD]
      Peak usage frame count: [8.0 MB-16.0 MB]: 1088 frames, [16.0 MB-32.0 MB]: 22 frames, [32.0 MB-64.0 MB]: 2503 frames, [64.0 MB-128.0 MB]: 1159 frames
      Requested Block Size 16.0 MB
      Peak Block count 6
      Peak Allocated memory 79.6 MB
      Peak Large allocation bytes 10.0 MB
[ALLOC_TEMP_JOB_1_FRAME]
  Initial Block Size 2.0 MB
  Used Block Count 0
  Overflow Count (too large) 0
  Overflow Count (full) 0
[ALLOC_TEMP_JOB_2_FRAMES]
  Initial Block Size 2.0 MB
  Used Block Count 0
  Overflow Count (too large) 0
  Overflow Count (full) 0
[ALLOC_TEMP_JOB_4_FRAMES (JobTemp)]
  Initial Block Size 2.0 MB
  Used Block Count 1
  Overflow Count (too large) 0
  Overflow Count (full) 0
[ALLOC_TEMP_JOB_ASYNC (Background)]
  Initial Block Size 1.0 MB
  Used Block Count 1
  Overflow Count (too large) 0
  Overflow Count (full) 0
[ALLOC_GFX] Dual Thread Allocator
  Peak main deferred allocation count 30
    [ALLOC_BUCKET]
      Large Block size 4.0 MB
      Used Block count 1
      Peak Allocated bytes 4.0 MB
      Failed Allocations. Bucket layout:
        16B: 4 Subsections = 4096 buckets. Failed count: 38822
        32B: 34 Subsections = 17408 buckets. Failed count: 88818
        48B: 49 Subsections = 16725 buckets. Failed count: 132768
        64B: 40 Subsections = 10240 buckets. Failed count: 40283
        80B: 85 Subsections = 17408 buckets. Failed count: 34731
        96B: 28 Subsections = 4778 buckets. Failed count: 45796
        112B: 10 Subsections = 1462 buckets. Failed count: 12791
        128B: 6 Subsections = 768 buckets. Failed count: 17600
    [ALLOC_GFX_MAIN]
      Peak usage frame count: [64.0 KB-128.0 KB]: 1 frames, [2.0 MB-4.0 MB]: 3611 frames, [32.0 MB-64.0 MB]: 1159 frames, [256.0 MB-0.50 GB]: 1 frames
      Requested Block Size 16.0 MB
      Peak Block count 4
      Peak Allocated memory 387.1 MB
      Peak Large allocation bytes 383.6 MB
    [ALLOC_GFX_THREAD]
      Peak usage frame count: [0-1.0 KB]: 1000 frames, [1.0 KB-2.0 KB]: 2613 frames, [8.0 KB-16.0 KB]: 1 frames, [32.0 KB-64.0 KB]: 1158 frames
      Requested Block Size 16.0 MB
      Peak Block count 1
      Peak Allocated memory 49.3 KB
      Peak Large allocation bytes 0 B
[ALLOC_CACHEOBJECTS] Dual Thread Allocator
  Peak main deferred allocation count 109
    [ALLOC_BUCKET]
      Large Block size 4.0 MB
      Used Block count 1
      Peak Allocated bytes 4.0 MB
      Failed Allocations. Bucket layout:
        16B: 4 Subsections = 4096 buckets. Failed count: 38822
        32B: 34 Subsections = 17408 buckets. Failed count: 88818
        48B: 49 Subsections = 16725 buckets. Failed count: 132768
        64B: 40 Subsections = 10240 buckets. Failed count: 40283
        80B: 85 Subsections = 17408 buckets. Failed count: 34731
        96B: 28 Subsections = 4778 buckets. Failed count: 45796
        112B: 10 Subsections = 1462 buckets. Failed count: 12791
        128B: 6 Subsections = 768 buckets. Failed count: 17600
    [ALLOC_CACHEOBJECTS_MAIN]
      Peak usage frame count: [4.0 MB-8.0 MB]: 1 frames, [8.0 MB-16.0 MB]: 997 frames, [16.0 MB-32.0 MB]: 3774 frames
      Requested Block Size 4.0 MB
      Peak Block count 5
      Peak Allocated memory 17.2 MB
      Peak Large allocation bytes 0 B
    [ALLOC_CACHEOBJECTS_THREAD]
      Peak usage frame count: [4.0 KB-8.0 KB]: 997 frames, [32.0 KB-64.0 KB]: 1 frames, [64.0 KB-128.0 KB]: 3772 frames, [256.0 KB-0.5 MB]: 1 frames, [0.5 MB-1.0 MB]: 1 frames
      Requested Block Size 4.0 MB
      Peak Block count 1
      Peak Allocated memory 0.6 MB
      Peak Large allocation bytes 0 B
[ALLOC_TYPETREE] Dual Thread Allocator
  Peak main deferred allocation count 0
    [ALLOC_BUCKET]
      Large Block size 4.0 MB
      Used Block count 1
      Peak Allocated bytes 4.0 MB
      Failed Allocations. Bucket layout:
        16B: 4 Subsections = 4096 buckets. Failed count: 38822
        32B: 34 Subsections = 17408 buckets. Failed count: 88818
        48B: 49 Subsections = 16725 buckets. Failed count: 132768
        64B: 40 Subsections = 10240 buckets. Failed count: 40283
        80B: 85 Subsections = 17408 buckets. Failed count: 34731
        96B: 28 Subsections = 4778 buckets. Failed count: 45796
        112B: 10 Subsections = 1462 buckets. Failed count: 12791
        128B: 6 Subsections = 768 buckets. Failed count: 17600
    [ALLOC_TYPETREE_MAIN]
      Peak usage frame count: [4.0 KB-8.0 KB]: 1 frames, [8.0 KB-16.0 KB]: 997 frames, [32.0 KB-64.0 KB]: 3774 frames
      Requested Block Size 2.0 MB
      Peak Block count 1
      Peak Allocated memory 49.8 KB
      Peak Large allocation bytes 0 B
    [ALLOC_TYPETREE_THREAD]
      Peak usage frame count: [0-1.0 KB]: 4772 frames
      Requested Block Size 2.0 MB
      Peak Block count 0
      Peak Allocated memory 0 B
      Peak Large allocation bytes 0 B
